{
  "output": "/mnt/data/annulus_review/results/independent_180.json",
  "status": "PASS",
  "digits": 180,
  "rows": 16384,
  "elapsed_scalar_seconds": 2.1083656729999802,
  "maxima": {
    "E0_obs": [
      56,
      "3.27082169185998174858189459"
    ],
    "E8_obs": [
      56,
      "1.46231410388433711339293388"
    ],
    "E8_prod": [
      56,
      "1.46231410388433711339293388"
    ],
    "I8_obs": [
      56,
      "1.46231846704339112602989851"
    ],
    "A8_obs": [
      2527,
      "3.16205828983567008234642179"
    ]
  }
}
