{
  "linux": {
    "retained_E80": "FAIL",
    "maxima": {
      "E0": {
        "slot": 11656,
        "complex": "3.615574167803243325028480",
        "component": "3.204017532932254842062099"
      },
      "E8": {
        "slot": 11656,
        "complex": "9.620372723674504334796714",
        "component": "9.146473633649420508964480"
      },
      "I8": {
        "slot": 11656,
        "complex": "9.622622110411762700684751",
        "component": "9.148366607222537303915364"
      },
      "A8": {
        "slot": 11143,
        "complex": "4.919961543156630423685817",
        "component": "4.567109173312563309153592"
      }
    },
    "slots_above_T": {
      "E0": {
        "complex": 0,
        "component": 0
      },
      "E8": {
        "complex": 10465,
        "component": 9686
      },
      "I8": {
        "complex": 10463,
        "component": 9690
      },
      "A8": {
        "complex": 0,
        "component": 0
      }
    }
  },
  "windows": {
    "retained_E80": "FAIL",
    "maxima": {
      "E0": {
        "slot": 8523,
        "complex": "3.386002771727932445214341",
        "component": "3.369070509870264831657993"
      },
      "E8": {
        "slot": 5091,
        "complex": "9.099822280632876746791661",
        "component": "9.065305174086772224089227"
      },
      "I8": {
        "slot": 5091,
        "complex": "9.099897291207779645928588",
        "component": "9.065627201616558162454917"
      },
      "A8": {
        "slot": 15050,
        "complex": "8.353225768464578977134735",
        "component": "8.303554602237414717020761"
      }
    },
    "slots_above_T": {
      "E0": {
        "complex": 0,
        "component": 0
      },
      "E8": {
        "complex": 10286,
        "component": 9510
      },
      "I8": {
        "complex": 10296,
        "component": 9505
      },
      "A8": {
        "complex": 0,
        "component": 0
      }
    }
  }
}
