{
  "scope": "local byte and declared-record consistency, not authenticated remote execution",
  "checked_at_utc": "2026-09-08T04:24:53.837625+00:00",
  "archive_bytes": 13743164,
  "archive_sha256": "c30b6e84a53712792cfda4ec17da7b434ee745aebad3949916a90fa6d528a0b1",
  "input_manifest_sha256": "6cbd05178b788ead26ea12c1032c6fa8f22cad77e65488886a8d1b8f74fbbcdc",
  "regular_members": 310,
  "manifest_payloads": 309,
  "CRC": "PASS",
  "payload_hashes": "PASS",
  "git_blob_hashes_checked": 170,
  "input_source_commit": "03f37b6ec7b8d6d87ff68d15d2843c3aa9ac6a9b",
  "task_evidence_commit": "695a951a7379d355cf9d167cd14c9a17d9d25199",
  "openfhe_pin": "df495ba2e91739a6dc8f1de254fc5a41155ce504",
  "checksums": {
    "EXPERIMENT_FILE_SHA256.txt": 15,
    "COMPILE_FILE_SHA256.txt": 9
  },
  "five_evidence_hashes": {
    "program-start.json": "34ec8316c3a30919fc25f24a8203042bab35f1e77586173d501d2344c41743ec",
    "program-end.json": "86c1d2c597d504cec8f6bdd141e3a76c5adc661428a6fe6ebc7541b0beae5fb1",
    "raw.tsv": "b0d17e0c2c819b1b59921fd7f8020a5265ae6c70e3b5fa87152a63abfbe4b5fd",
    "stdout.txt": "a79645e7bee8d860c2dfc8f75551ceac80822082f60e43dd61ccc65c46a241f4",
    "stderr.txt": "e3b0c44298fc1c149afbf4c8996fb92427ae41e4649b934ca495991b7852b855"
  },
  "source_process_binding": "PASS_WITH_PACKET_PROVENANCE_ASSUMPTION",
  "process_elapsed_seconds": 33.852879,
  "pure_multiplication_timing": false,
  "run_id": 34184869227,
  "job_id": 101931070901,
  "recorded_openfhe_cache_hit": true,
  "binary_available_for_rebuild_or_execution": false,
  "run_attempt": 1,
  "not_attested": [
    "commit tree membership beyond supplied blob/origin mapping",
    "cache binary derivation from pristine source",
    "global absence of past/future tag recreation",
    "runner authenticity",
    "observer numerical proof"
  ]
}
