{
  "scope": "post-author scalar checks; online pinned source inspected separately; no PRNG sampling",
  "new_absolute_condition_gain_min": "0.4415919196522603771778561446504787243831865846778562551421924231575083117068452238169292913217735982",
  "new_absolute_condition_gain_max": "0.4726083029868174801750381623018177461463595040006549776706068992928232068313096588988897586505777400",
  "relative_condition_number_for_power256_nonzero_x": 256,
  "unpaired_comparison_limit": "new run samples different keys/noise; measured bit gain is not an exact matched-noise causal effect",
  "gaussian_support_scalar_consequence": {
    "pin": "df495ba2e91739a6dc8f1de254fc5a41155ce504",
    "official_source_location": "EXTERNAL_REFERENCE_NOTES.md S1/S2",
    "successful_inversion_support_abs": 39,
    "support_rounding_margin": "38 < 3.18*12 <= sigma*M <= 3.20*12.01 < 39 under supplied sigma3.19F",
    "aggregate_coefficient_bound": 1282983,
    "root_Q_bits": 620,
    "conditional_encoded_norm_bound": "2^164",
    "conditional_no_wrap_integer_inequality": true,
    "fresh_old_diagnostic_only": "requires the actual m norm asserted by that diagnostic source and actual successful record",
    "annulus_sample_m_bound_recorded": false,
    "new_annulus_lift_certified": false,
    "all_circuit_lifts_certified": false,
    "parameter_security_certified": false
  },
  "S116_complex_upper_bound_from_retained_component_receipts": {
    "linux": {
      "component_value": "2.5905123324714E-26",
      "upper_bound": "3.663537674075814182231593468495685891123891588595294454140520597775008215657843969192969268768901507E-26",
      "upper_bound_over_T": "0.04428945285321175865468345646306849690090571660243118306132165721854561096233463455318179849394625147",
      "full_slot_raw_independently_replayed": false
    },
    "windows": {
      "component_value": "3.4805603371614E-26",
      "upper_bound": "4.922255633471524291757254692980999363102154890422557428293164508412811647824620738894961005130467770E-26",
      "upper_bound_over_T": "0.05950641926047288235284462601089731805187257307877499239232351990453122557573355409145927107924892881",
      "full_slot_raw_independently_replayed": false
    }
  },
  "new_encrypted_runs": 0
}
process_exit=0
