{
  "scope": "post-freeze synthetic receiver regression; no new ciphertexts",
  "target": "historical",
  "target_relative_path": "after-first-pass/coordination/comprehensive-reassessment-20260908/pro/checks/replay_annulus125.py",
  "target_sha256": "88e3d36235271a011b06a4141bedeee935ca32d35eb9827da5918e93ddc7e77f",
  "unchanged_helper_sha256": "bf556bee7860d1d9bc7075aa11c03cb1e80e643ebe445cefd9cf155bc4b3d391",
  "original_raw_sha256": "b0d17e0c2c819b1b59921fd7f8020a5265ae6c70e3b5fa87152a63abfbe4b5fd",
  "real_record_positive_PASS": true,
  "mutants_are_not_actual_evidence": true,
  "mutant_tests": {
    "inconsistent_terminal_producer": {
      "accepted": true,
      "returned_status": "PASS",
      "synthetic_bytes_sha256": "1360f633c44ff3bf9f4725a113a4d478133e90b9ea388f3aaa68906d39145c03"
    },
    "missing_final_LF": {
      "accepted": true,
      "returned_status": "PASS",
      "synthetic_bytes_sha256": "9a4b187fabd36a5273dab2b590a5a54db5184f9ce2402862546469ce1442006f"
    },
    "CRLF": {
      "accepted": true,
      "returned_status": "PASS",
      "synthetic_bytes_sha256": "2a11675d63e8175c3483d507aa7fa7c75c20a83803dc0956edf5bc9ca4af22d7"
    }
  },
  "new_encrypted_runs": 0,
  "additional_exact_domain_check": {
    "distinct_input_squared_moduli": 16384,
    "implies_distinct_ideal_outputs": true,
    "reason": "positive |x|^2 all distinct; |x^256|=(|x|^2)^128 is strictly increasing"
  },
  "status": "EXPECTED_RED_HISTORICAL_FALSE_ACCEPT"
}
process_exit=1 (expected 1)
