2026-09-01T20:26:20.0603351Z Current runner version: '2.337.0'
2026-09-01T20:26:20.0623382Z ##[group]Runner Image Provisioner
2026-09-01T20:26:20.0624031Z Hosted Compute Agent
2026-09-01T20:26:20.0624525Z Version: 20260819.586
2026-09-01T20:26:20.0624950Z Commit: 3cc4a88dfa507ef76119ad1bb3eccc6378bb2b76
2026-09-01T20:26:20.0625449Z Build Date: 2026-08-18T23:20:18Z
2026-09-01T20:26:20.0625897Z Worker ID: {8add5bac-9050-401a-99c4-50708a618d33}
2026-09-01T20:26:20.0626405Z Azure Region: centralus
2026-09-01T20:26:20.0626784Z ##[endgroup]
2026-09-01T20:26:20.0627694Z ##[group]Operating System
2026-09-01T20:26:20.0628104Z Microsoft Windows Server 2022
2026-09-01T20:26:20.0628529Z 10.0.20348
2026-09-01T20:26:20.0628962Z Datacenter
2026-09-01T20:26:20.0629400Z ##[endgroup]
2026-09-01T20:26:20.0629827Z ##[group]Runner Image
2026-09-01T20:26:20.0630256Z Image: windows-2022
2026-09-01T20:26:20.0630702Z Version: 20260824.284.2
2026-09-01T20:26:20.0632085Z Included Software: https://github.com/actions/runner-images/blob/win22/20260824.284/images/windows/Windows2022-Readme.md
2026-09-01T20:26:20.0633515Z Image Release: https://github.com/actions/runner-images/releases/tag/win22%2F20260824.284
2026-09-01T20:26:20.0634269Z ##[endgroup]
2026-09-01T20:26:20.0635225Z ##[group]GITHUB_TOKEN Permissions
2026-09-01T20:26:20.0637318Z Contents: read
2026-09-01T20:26:20.0637778Z Metadata: read
2026-09-01T20:26:20.0638212Z ##[endgroup]
2026-09-01T20:26:20.0640293Z Secret source: Actions
2026-09-01T20:26:20.0641189Z Prepare workflow directory
2026-09-01T20:26:20.1002354Z Prepare all required actions
2026-09-01T20:26:20.1043233Z Getting action download info
2026-09-01T20:26:20.3445074Z Download action repository 'msys2/setup-msys2@v2' (SHA:66cd2cce69caa17b53920067426061ca1de3a884)
2026-09-01T20:26:20.8909277Z Complete job name: windows-mingw64
2026-09-01T20:26:23.3135721Z ##[group]Run git config --global core.autocrlf false
2026-09-01T20:26:23.3137332Z [36;1mgit config --global core.autocrlf false[0m
2026-09-01T20:26:23.3138620Z [36;1mgit config --global core.eol lf[0m
2026-09-01T20:26:23.3140399Z [36;1mNew-Item -ItemType Directory -Path $env:WINDOWS_ROOT | Out-Null[0m
2026-09-01T20:26:23.3141752Z [36;1m[0m
2026-09-01T20:26:23.3142518Z [36;1mgit init $env:PROJECT_SOURCE[0m
2026-09-01T20:26:23.3144068Z [36;1mgit -C $env:PROJECT_SOURCE remote add origin https://github.com/leemaple/20231788..git[0m
2026-09-01T20:26:23.3145894Z [36;1mgit -C $env:PROJECT_SOURCE fetch --depth 1 origin $env:GITHUB_SHA[0m
2026-09-01T20:26:23.3147409Z [36;1mgit -C $env:PROJECT_SOURCE checkout --detach FETCH_HEAD[0m
2026-09-01T20:26:23.3148904Z [36;1m$projectActual = git -C $env:PROJECT_SOURCE rev-parse HEAD[0m
2026-09-01T20:26:23.3150226Z [36;1mif ($projectActual -ne $env:GITHUB_SHA) {[0m
2026-09-01T20:26:23.3151647Z [36;1m  throw "Project checkout mismatch: $projectActual"[0m
2026-09-01T20:26:23.3152718Z [36;1m}[0m
2026-09-01T20:26:23.3153442Z [36;1m[0m
2026-09-01T20:26:23.3154171Z [36;1mgit init $env:OPENFHE_SOURCE[0m
2026-09-01T20:26:23.3155784Z [36;1mgit -C $env:OPENFHE_SOURCE remote add origin https://github.com/openfheorg/openfhe-development.git[0m
2026-09-01T20:26:23.3157738Z [36;1mgit -C $env:OPENFHE_SOURCE fetch --depth 1 origin $env:OPENFHE_COMMIT[0m
2026-09-01T20:26:23.3159310Z [36;1mgit -C $env:OPENFHE_SOURCE checkout --detach FETCH_HEAD[0m
2026-09-01T20:26:23.3160838Z [36;1mgit -C $env:OPENFHE_SOURCE submodule update --init --recursive --depth 1[0m
2026-09-01T20:26:23.3162124Z [36;1m[0m
2026-09-01T20:26:23.3163135Z [36;1m$projectStatus = @(git -C $env:PROJECT_SOURCE status --porcelain)[0m
2026-09-01T20:26:23.3164447Z [36;1mif ($projectStatus.Count -ne 0) {[0m
2026-09-01T20:26:23.3165723Z [36;1m  throw "Project checkout is dirty: $($projectStatus -join '; ')"[0m
2026-09-01T20:26:23.3166977Z [36;1m}[0m
2026-09-01T20:26:23.3168016Z [36;1m$openfheStatus = @(git -C $env:OPENFHE_SOURCE status --porcelain)[0m
2026-09-01T20:26:23.3169325Z [36;1mif ($openfheStatus.Count -ne 0) {[0m
2026-09-01T20:26:23.3172030Z [36;1m  throw "OpenFHE checkout is dirty: $($openfheStatus -join '; ')"[0m
2026-09-01T20:26:23.3173650Z [36;1m}[0m
2026-09-01T20:26:33.6219096Z shell: C:\Program Files\PowerShell\7\pwsh.EXE -command ". '{0}'"
2026-09-01T20:26:33.6219745Z env:
2026-09-01T20:26:33.6220169Z   OPENFHE_COMMIT: df495ba2e91739a6dc8f1de254fc5a41155ce504
2026-09-01T20:26:33.6220574Z   OPENFHE_PREFIX: C:\openfhe-2023-1788\openfhe-install
2026-09-01T20:26:33.6220888Z   WINDOWS_ROOT: C:\openfhe-2023-1788
2026-09-01T20:26:33.6221202Z   PROJECT_SOURCE: C:\openfhe-2023-1788\cleanroom
2026-09-01T20:26:33.6221507Z   OPENFHE_SOURCE: C:\openfhe-2023-1788\openfhe-src
2026-09-01T20:26:33.6221861Z   OPENFHE_BUILD: C:\openfhe-2023-1788\openfhe-build-33555298067-1
2026-09-01T20:26:33.6222237Z   PROJECT_BUILD: C:\openfhe-2023-1788\project-build-33555298067-1
2026-09-01T20:26:33.6222544Z ##[endgroup]
2026-09-01T20:26:37.1359321Z Initialized empty Git repository in C:/openfhe-2023-1788/cleanroom/.git/
2026-09-01T20:26:39.5946475Z From https://github.com/leemaple/20231788.
2026-09-01T20:26:39.5947089Z  * branch            791f634c7e29c9a4b9e465d7a092e94eb429a7ab -> FETCH_HEAD
2026-09-01T20:26:39.8799185Z HEAD is now at 791f634 feat: reject insufficient Relin2 active basis
2026-09-01T20:26:39.9542726Z Initialized empty Git repository in C:/openfhe-2023-1788/openfhe-src/.git/
2026-09-01T20:26:41.4116159Z From https://github.com/openfheorg/openfhe-development
2026-09-01T20:26:41.4116967Z  * branch            df495ba2e91739a6dc8f1de254fc5a41155ce504 -> FETCH_HEAD
2026-09-01T20:26:44.3306253Z HEAD is now at df495ba Merge pull request #1130 from openfheorg/dev
2026-09-01T20:26:46.6491507Z Submodule 'third-party/cereal' (https://github.com/openfheorg/cereal.git) registered for path 'third-party/cereal'
2026-09-01T20:26:46.6505858Z Submodule 'third-party/google-benchmark' (https://github.com/google/benchmark.git) registered for path 'third-party/google-benchmark'
2026-09-01T20:26:46.6517247Z Submodule 'third-party/google-test' (https://github.com/google/googletest.git) registered for path 'third-party/google-test'
2026-09-01T20:26:46.6549703Z Submodule 'third-party/gperftools' (https://github.com/gperftools/gperftools.git) registered for path 'third-party/gperftools'
2026-09-01T20:26:46.7216436Z Cloning into 'C:/openfhe-2023-1788/openfhe-src/third-party/cereal'...
2026-09-01T20:26:47.8151257Z Cloning into 'C:/openfhe-2023-1788/openfhe-src/third-party/google-benchmark'...
2026-09-01T20:26:49.0352876Z Cloning into 'C:/openfhe-2023-1788/openfhe-src/third-party/google-test'...
2026-09-01T20:26:50.2081156Z Cloning into 'C:/openfhe-2023-1788/openfhe-src/third-party/gperftools'...
2026-09-01T20:26:52.5388229Z Submodule path 'third-party/cereal': checked out '984e3f194862b17916536b5fade40cba6e47a6fe'
2026-09-01T20:26:53.9269647Z From https://github.com/google/benchmark
2026-09-01T20:26:53.9270104Z  * branch            eddb0241389718a23a42db6af5f0164b6e0139af -> FETCH_HEAD
2026-09-01T20:26:55.4934923Z Submodule path 'third-party/google-benchmark': checked out 'eddb0241389718a23a42db6af5f0164b6e0139af'
2026-09-01T20:26:56.5927952Z From https://github.com/google/googletest
2026-09-01T20:26:56.5928454Z  * branch            52eb8108c5bdec04579160ae17225d66034bd723 -> FETCH_HEAD
2026-09-01T20:26:58.8994086Z Submodule path 'third-party/google-test': checked out '52eb8108c5bdec04579160ae17225d66034bd723'
2026-09-01T20:27:00.2011280Z From https://github.com/gperftools/gperftools
2026-09-01T20:27:00.2011928Z  * branch            83edb60836d87cf1b406e8846b9059c03031e8f5 -> FETCH_HEAD
2026-09-01T20:27:04.2792116Z Submodule path 'third-party/gperftools': checked out '83edb60836d87cf1b406e8846b9059c03031e8f5'
2026-09-01T20:27:04.4757911Z ##[group]Run msys2/setup-msys2@v2
2026-09-01T20:27:04.4758320Z with:
2026-09-01T20:27:04.4758514Z   msystem: MINGW64
2026-09-01T20:27:04.4758730Z   update: true
2026-09-01T20:27:04.4758948Z   cache: false
2026-09-01T20:27:04.4759224Z   install: git make mingw-w64-x86_64-boost mingw-w64-x86_64-cmake mingw-w64-x86_64-gcc
2026-09-01T20:27:04.4760152Z   path-type: minimal
2026-09-01T20:27:04.4760350Z   release: true
2026-09-01T20:27:04.4760541Z   platform-check-severity: fatal
2026-09-01T20:27:04.4760811Z env:
2026-09-01T20:27:04.4761027Z   OPENFHE_COMMIT: df495ba2e91739a6dc8f1de254fc5a41155ce504
2026-09-01T20:27:04.4761350Z   OPENFHE_PREFIX: C:\openfhe-2023-1788\openfhe-install
2026-09-01T20:27:04.4761634Z   WINDOWS_ROOT: C:\openfhe-2023-1788
2026-09-01T20:27:04.4761889Z   PROJECT_SOURCE: C:\openfhe-2023-1788\cleanroom
2026-09-01T20:27:04.4762181Z   OPENFHE_SOURCE: C:\openfhe-2023-1788\openfhe-src
2026-09-01T20:27:04.4762580Z   OPENFHE_BUILD: C:\openfhe-2023-1788\openfhe-build-33555298067-1
2026-09-01T20:27:04.4762952Z   PROJECT_BUILD: C:\openfhe-2023-1788\project-build-33555298067-1
2026-09-01T20:27:04.4763228Z ##[endgroup]
2026-09-01T20:27:04.6571726Z ##[group]Downloading MSYS2...
2026-09-01T20:27:05.4460532Z ##[endgroup]
2026-09-01T20:27:05.4460928Z ##[group]Extracting MSYS2...
2026-09-01T20:27:05.4470913Z [command]C:\hostedtoolcache\windows\msys2-installer\0.0.20260611\x64\base.exe -y
2026-09-01T20:27:05.8172806Z 
2026-09-01T20:27:05.8175350Z 7-Zip SFX 25.01 ZS v1.5.7 R4 (x64) : Copyright (c) 1999-2025 Igor Pavlov, 2016-2026 Tino Reichardt, 2022-2026 Sergey G. Brester : 2026-01-10
2026-09-01T20:27:05.8176124Z 
2026-09-01T20:27:05.8176478Z Extracting archive: C:\hostedtoolcache\windows\msys2-installer\0.0.20260611\x64\base.exe
2026-09-01T20:27:05.8177215Z --
2026-09-01T20:27:05.8177739Z Path = C:\hostedtoolcache\windows\msys2-installer\0.0.20260611\x64\base.exe
2026-09-01T20:27:05.8178240Z Type = 7z
2026-09-01T20:27:05.8178399Z 
2026-09-01T20:27:06.0066868Z   0%
2026-09-01T20:27:06.0067231Z     
2026-09-01T20:27:06.2093842Z   3% 2037 - msys64\usr\lib\terminfo\64\d211
2026-09-01T20:27:06.2094162Z                                            
2026-09-01T20:27:06.4130826Z   4% 4256 - msys64\usr\lib\terminfo\78\xterm+sm+1006
2026-09-01T20:27:06.4131288Z                                                     
2026-09-01T20:27:06.7254646Z  12% 6070 - msys64\usr\share\locale\da\LC_MESSAGES\findutils.mo
2026-09-01T20:27:06.7255127Z                                                                
2026-09-01T20:27:06.9283184Z  28% 6774 - msys64\usr\share\locale\tr\LC_MESSAGES\gnupg2.mo
2026-09-01T20:27:06.9283683Z                                                             
2026-09-01T20:27:07.1317742Z  33% 8705 - msys64\usr\share\man\man3\libssh2_publickey_list_fetch.3.gz
2026-09-01T20:27:07.1318344Z                                                                        
2026-09-01T20:27:07.3349295Z  43% 10319 - msys64\usr\share\perl5\core_perl\Unicode\Collate\Locale\he.pl
2026-09-01T20:27:07.3349794Z                                                                           
2026-09-01T20:27:07.5323163Z  47% 12303 - msys64\usr\share\terminfo\6c\linux-koi8
2026-09-01T20:27:07.5323528Z                                                     
2026-09-01T20:27:07.7431474Z  48% 14427 - msys64\usr\share\zoneinfo\Iceland
2026-09-01T20:27:07.7432269Z                                               
2026-09-01T20:27:07.9909429Z  50% 16084 - msys64\usr\bin\b2sum.exe
2026-09-01T20:27:07.9909966Z                                      
2026-09-01T20:27:08.1886075Z  62% 16310 - msys64\usr\bin\msys-menuw6.dll
2026-09-01T20:27:08.1886664Z                                            
2026-09-01T20:27:08.2342383Z  91% 16531 - msys64\usr\lib\perl5\core_perl\auto\Encode\KR\KR.dll
2026-09-01T20:27:08.2343085Z                                                                  
2026-09-01T20:27:08.2343717Z Everything is Ok
2026-09-01T20:27:08.2365246Z ##[endgroup]
2026-09-01T20:27:08.2367988Z ##[group]Disable Key Refresh...
2026-09-01T20:27:08.2385323Z ##[endgroup]
2026-09-01T20:27:08.2400037Z ##[group]Starting MSYS2 for the first time...
2026-09-01T20:27:08.2988806Z [command]C:\Windows\system32\cmd.exe /D /S /C D:\a\_temp\setup-msys2\msys2.cmd -c "'uname' '-a'"
2026-09-01T20:27:08.5824932Z [1;32mMSYS2 is starting for the first time. Executing the initial setup.[1;0m
2026-09-01T20:27:08.5825611Z Copying skeleton files.
2026-09-01T20:27:08.5826012Z These files are for the users to personalise their msys2 experience.
2026-09-01T20:27:08.5826457Z 
2026-09-01T20:27:08.5826651Z They will never be overwritten nor automatically updated.
2026-09-01T20:27:08.5826898Z 
2026-09-01T20:27:08.5827094Z './.bashrc' -> '/home/runneradmin/.bashrc'
2026-09-01T20:27:08.5827574Z './.bash_profile' -> '/home/runneradmin/.bash_profile'
2026-09-01T20:27:08.5828016Z './.profile' -> '/home/runneradmin/.profile'
2026-09-01T20:27:08.6282448Z 'C:\Windows\system32\drivers\etc\hosts' -> '/etc/hosts'
2026-09-01T20:27:08.6684726Z 'C:\Windows\system32\drivers\etc\protocol' -> '/etc/protocols'
2026-09-01T20:27:08.7041653Z 'C:\Windows\system32\drivers\etc\services' -> '/etc/services'
2026-09-01T20:27:08.7396170Z 'C:\Windows\system32\drivers\etc\networks' -> '/etc/networks'
2026-09-01T20:27:08.8952888Z gpg: /etc/pacman.d/gnupg/trustdb.gpg: trustdb created
2026-09-01T20:27:08.9003633Z gpg: no ultimately trusted keys found
2026-09-01T20:27:09.1010042Z gpg: starting migration from earlier GnuPG versions
2026-09-01T20:27:09.1434971Z gpg: porting secret keys from '/etc/pacman.d/gnupg/secring.gpg' to gpg-agent
2026-09-01T20:27:09.1437125Z gpg: migration succeeded
2026-09-01T20:27:09.1592724Z ==> Generating pacman master key. This may take some time.
2026-09-01T20:27:09.1723766Z gpg: Generating pacman keyring master key...
2026-09-01T20:27:11.4620781Z gpg: directory '/etc/pacman.d/gnupg/openpgp-revocs.d' created
2026-09-01T20:27:11.4795683Z gpg: revocation certificate stored as '/etc/pacman.d/gnupg/openpgp-revocs.d/69231E1D8439217C0EDC8051736D0FCEBEE5605C.rev'
2026-09-01T20:27:11.4797296Z gpg: Done
2026-09-01T20:27:11.4926534Z ==> Updating trust database...
2026-09-01T20:27:11.5181291Z gpg: marginals needed: 3  completes needed: 1  trust model: pgp
2026-09-01T20:27:11.5181836Z gpg: depth: 0  valid:   1  signed:   0  trust: 0-, 0q, 0n, 0m, 0f, 1u
2026-09-01T20:27:11.6061558Z ==> Appending keys from msys2.gpg...
2026-09-01T20:27:11.9843385Z ==> Locally signing trusted keys in keyring...
2026-09-01T20:27:12.4297809Z   -> Locally signed 5 keys.
2026-09-01T20:27:12.4400846Z ==> Importing owner trust values...
2026-09-01T20:27:12.4530197Z gpg: setting ownertrust to 4
2026-09-01T20:27:12.4530554Z gpg: setting ownertrust to 4
2026-09-01T20:27:12.4530819Z gpg: setting ownertrust to 4
2026-09-01T20:27:12.4531055Z gpg: setting ownertrust to 4
2026-09-01T20:27:12.4531303Z gpg: setting ownertrust to 4
2026-09-01T20:27:12.4709302Z ==> Disabling revoked keys in keyring...
2026-09-01T20:27:12.6471611Z   -> Disabled 4 keys.
2026-09-01T20:27:12.6579564Z ==> Updating trust database...
2026-09-01T20:27:12.6831820Z gpg: marginals needed: 3  completes needed: 1  trust model: pgp
2026-09-01T20:27:12.6847476Z gpg: depth: 0  valid:   1  signed:   5  trust: 0-, 0q, 0n, 0m, 0f, 1u
2026-09-01T20:27:12.6862231Z gpg: depth: 1  valid:   5  signed:   6  trust: 0-, 0q, 0n, 5m, 0f, 0u
2026-09-01T20:27:12.6869851Z gpg: depth: 2  valid:   3  signed:   2  trust: 3-, 0q, 0n, 0m, 0f, 0u
2026-09-01T20:27:12.7134285Z pacman-key (pacman) 6.1.0
2026-09-01T20:27:12.7134831Z Copyright (c) 2010-2024 Pacman Development Team <pacman-dev@lists.archlinux.org>.
2026-09-01T20:27:12.7135182Z 
2026-09-01T20:27:12.7245055Z This is free software; see the source for copying conditions.
2026-09-01T20:27:12.7245550Z There is NO WARRANTY, to the extent permitted by law.
2026-09-01T20:27:12.8722366Z [1;32mInitial setup complete. MSYS2 is now ready to use.[1;0m
2026-09-01T20:27:12.8830091Z MINGW64_NT-10.0-20348 runnervm0js1w 3.6.9-01d6c708.x86_64 2026-05-24 10:45 UTC x86_64 Msys
2026-09-01T20:27:12.8870648Z ##[endgroup]
2026-09-01T20:27:12.8872108Z ##[group]Disable CheckSpace...
2026-09-01T20:27:12.9559591Z [command]C:\Windows\system32\cmd.exe /D /S /C D:\a\_temp\setup-msys2\msys2.cmd -c "'sed' '-i' 's/^CheckSpace/#CheckSpace/g' '/etc/pacman.conf'"
2026-09-01T20:27:13.0991502Z ##[endgroup]
2026-09-01T20:27:13.0992441Z ##[group]Updating packages...
2026-09-01T20:27:13.1638261Z [command]C:\Windows\system32\cmd.exe /D /S /C D:\a\_temp\setup-msys2\msys2.cmd -c "'pacman' '--noconfirm' '-Syuu' '--overwrite' '*'"
2026-09-01T20:27:13.7546468Z :: Synchronizing package databases...
2026-09-01T20:27:15.8881299Z  clangarm64 downloading...
2026-09-01T20:27:15.8881718Z  mingw32 downloading...
2026-09-01T20:27:15.8882073Z  mingw64 downloading...
2026-09-01T20:27:15.8882339Z  ucrt64 downloading...
2026-09-01T20:27:15.8882614Z  clang64 downloading...
2026-09-01T20:27:15.8882872Z  msys downloading...
2026-09-01T20:27:16.2720561Z :: Starting core system upgrade...
2026-09-01T20:27:16.4837697Z warning: terminate other MSYS2 programs before proceeding
2026-09-01T20:27:16.4838190Z resolving dependencies...
2026-09-01T20:27:16.4838533Z looking for conflicting packages...
2026-09-01T20:27:16.4898271Z 
2026-09-01T20:27:16.4898647Z Packages (1) msys2-runtime-3.6.10-3
2026-09-01T20:27:16.4898920Z 
2026-09-01T20:27:16.4899106Z Total Download Size:    1.97 MiB
2026-09-01T20:27:16.4899397Z Total Installed Size:   6.33 MiB
2026-09-01T20:27:16.4899694Z Net Upgrade Size:      -0.20 MiB
2026-09-01T20:27:16.4899914Z 
2026-09-01T20:27:16.4900160Z :: Proceed with installation? [Y/n] 
2026-09-01T20:27:16.4900497Z :: Retrieving packages...
2026-09-01T20:27:18.1124617Z  msys2-runtime-3.6.10-3-x86_64 downloading...
2026-09-01T20:27:18.1125176Z checking keyring...
2026-09-01T20:27:18.1628510Z checking package integrity...
2026-09-01T20:27:18.3098155Z loading package files...
2026-09-01T20:27:18.3122098Z checking for file conflicts...
2026-09-01T20:27:18.3135852Z :: Processing package changes...
2026-09-01T20:27:18.3136345Z upgrading msys2-runtime...
2026-09-01T20:27:18.3990245Z :: To complete this update all MSYS2 processes including this terminal will be closed. Confirm to proceed [Y/n] 
2026-09-01T20:27:18.6289017Z ##[endgroup]
2026-09-01T20:27:18.6289443Z ##[group]Killing remaining tasks...
2026-09-01T20:27:18.6982418Z [command]C:\Windows\system32\taskkill.exe /F /FI "MODULES eq msys-2.0.dll"
2026-09-01T20:27:18.9275303Z 
2026-09-01T20:27:18.9276064Z INFO: No tasks running with the specified criteria.
2026-09-01T20:27:18.9304040Z ##[endgroup]
2026-09-01T20:27:18.9304453Z ##[group]Final system upgrade...
2026-09-01T20:27:19.0071872Z [command]C:\Windows\system32\cmd.exe /D /S /C D:\a\_temp\setup-msys2\msys2.cmd -c "'pacman' '--noconfirm' '-Syuu' '--overwrite' '*'"
2026-09-01T20:27:19.5350620Z :: Synchronizing package databases...
2026-09-01T20:27:20.4489065Z  clangarm64 downloading...
2026-09-01T20:27:20.4489360Z  mingw32 downloading...
2026-09-01T20:27:20.4489584Z  mingw64 downloading...
2026-09-01T20:27:20.4489790Z  ucrt64 downloading...
2026-09-01T20:27:20.4489980Z  clang64 downloading...
2026-09-01T20:27:20.4490167Z  msys downloading...
2026-09-01T20:27:20.8292741Z :: Starting core system upgrade...
2026-09-01T20:27:21.0170837Z  there is nothing to do
2026-09-01T20:27:21.0171553Z :: Starting full system upgrade...
2026-09-01T20:27:21.0786513Z resolving dependencies...
2026-09-01T20:27:21.0827840Z looking for conflicting packages...
2026-09-01T20:27:21.0905038Z 
2026-09-01T20:27:21.0906861Z Packages (31) bash-completion-2.18.0-1  bsdtar-3.8.9-1  ca-certificates-20260816-1  curl-8.21.0-1  findutils-4.11.0-2  gawk-5.4.1-1  gcc-libs-15.3.0-1  gnupg-2.4.9-3  libcurl-8.21.0-1  libexpat-2.8.3-1  libffi-3.8.0-1  libgnutls-3.8.13-2  libhogweed-4.0-1  libnettle-4.0-1  libnghttp2-1.70.0-1  libnghttp3-1.18.0-1  libngtcp2-1.25.0-1  libopenssl-3.6.4-1  libp11-kit-0.26.5-1  libpsl-0.23.2-1  libsqlite-3.53.4-1  msys2-keyring-1~20260814-1  nano-9.2-1  nettle-4.0-1  openssl-3.6.4-1  p11-kit-0.26.5-1  pacman-contrib-1.10.6-2  perl-5.42.3-1  pinentry-1.3.3-1  tzcode-2026c-1  wget-1.25.0-2
2026-09-01T20:27:21.0908194Z 
2026-09-01T20:27:21.0908297Z Total Download Size:    27.05 MiB
2026-09-01T20:27:21.0908571Z Total Installed Size:  108.42 MiB
2026-09-01T20:27:21.0908890Z Net Upgrade Size:       -1.02 MiB
2026-09-01T20:27:21.0909842Z 
2026-09-01T20:27:21.0910104Z :: Proceed with installation? [Y/n] 
2026-09-01T20:27:21.0910381Z :: Retrieving packages...
2026-09-01T20:27:26.4336289Z  perl-5.42.3-1-x86_64 downloading...
2026-09-01T20:27:26.4336791Z  pacman-contrib-1.10.6-2-x86_64 downloading...
2026-09-01T20:27:26.4337153Z  gnupg-2.4.9-3-x86_64 downloading...
2026-09-01T20:27:26.4337482Z  libopenssl-3.6.4-1-x86_64 downloading...
2026-09-01T20:27:26.4337771Z  gawk-5.4.1-1-x86_64 downloading...
2026-09-01T20:27:26.4338193Z  libgnutls-3.8.13-2-x86_64 downloading...
2026-09-01T20:27:26.4338524Z  gcc-libs-15.3.0-1-x86_64 downloading...
2026-09-01T20:27:26.4338831Z  curl-8.21.0-1-x86_64 downloading...
2026-09-01T20:27:26.4339142Z  wget-1.25.0-2-x86_64 downloading...
2026-09-01T20:27:26.4339404Z  libsqlite-3.53.4-1-x86_64 downloading...
2026-09-01T20:27:26.4339715Z  nano-9.2-1-x86_64 downloading...
2026-09-01T20:27:26.4340033Z  openssl-3.6.4-1-x86_64 downloading...
2026-09-01T20:27:26.4340339Z  findutils-4.11.0-2-x86_64 downloading...
2026-09-01T20:27:26.4340621Z  p11-kit-0.26.5-1-x86_64 downloading...
2026-09-01T20:27:26.4340868Z  ca-certificates-20260816-1-any downloading...
2026-09-01T20:27:26.4341155Z  libcurl-8.21.0-1-x86_64 downloading...
2026-09-01T20:27:26.4341384Z  bsdtar-3.8.9-1-x86_64 downloading...
2026-09-01T20:27:26.4341587Z  tzcode-2026c-1-x86_64 downloading...
2026-09-01T20:27:26.4341835Z  libp11-kit-0.26.5-1-x86_64 downloading...
2026-09-01T20:27:26.4342136Z  bash-completion-2.18.0-1-any downloading...
2026-09-01T20:27:26.4342496Z  libhogweed-4.0-1-x86_64 downloading...
2026-09-01T20:27:26.4342853Z  libngtcp2-1.25.0-1-x86_64 downloading...
2026-09-01T20:27:26.4343094Z  libnettle-4.0-1-x86_64 downloading...
2026-09-01T20:27:26.4343383Z  nettle-4.0-1-x86_64 downloading...
2026-09-01T20:27:26.4343607Z  libpsl-0.23.2-1-x86_64 downloading...
2026-09-01T20:27:26.4343830Z  libnghttp3-1.18.0-1-x86_64 downloading...
2026-09-01T20:27:26.4344066Z  libnghttp2-1.70.0-1-x86_64 downloading...
2026-09-01T20:27:26.4344393Z  libexpat-2.8.3-1-x86_64 downloading...
2026-09-01T20:27:26.4344696Z  pinentry-1.3.3-1-x86_64 downloading...
2026-09-01T20:27:26.4344961Z  msys2-keyring-1~20260814-1-any downloading...
2026-09-01T20:27:26.4345218Z  libffi-3.8.0-1-x86_64 downloading...
2026-09-01T20:27:26.4345441Z checking keyring...
2026-09-01T20:27:26.4863517Z checking package integrity...
2026-09-01T20:27:30.5661601Z loading package files...
2026-09-01T20:27:30.6304039Z checking for file conflicts...
2026-09-01T20:27:30.6631209Z :: Running pre-transaction hooks...
2026-09-01T20:27:30.6631714Z (1/1) Removing old entries from the info directory file...
2026-09-01T20:27:30.7786463Z :: Processing package changes...
2026-09-01T20:27:30.7786898Z upgrading bash-completion...
2026-09-01T20:27:31.2442286Z upgrading gcc-libs...
2026-09-01T20:27:31.2571382Z upgrading libexpat...
2026-09-01T20:27:31.2599254Z upgrading libopenssl...
2026-09-01T20:27:31.2805763Z upgrading bsdtar...
2026-09-01T20:27:31.2866477Z upgrading openssl...
2026-09-01T20:27:31.3545585Z upgrading findutils...
2026-09-01T20:27:31.3943656Z upgrading libffi...
2026-09-01T20:27:31.4001939Z upgrading libp11-kit...
2026-09-01T20:27:31.4057495Z upgrading p11-kit...
2026-09-01T20:27:31.4827364Z upgrading ca-certificates...
2026-09-01T20:27:31.9538467Z upgrading libnghttp3...
2026-09-01T20:27:31.9576613Z upgrading libngtcp2...
2026-09-01T20:27:31.9625482Z upgrading libnghttp2...
2026-09-01T20:27:31.9663104Z upgrading libpsl...
2026-09-01T20:27:31.9714789Z upgrading libcurl...
2026-09-01T20:27:31.9758565Z upgrading curl...
2026-09-01T20:27:32.2032608Z upgrading gawk...
2026-09-01T20:27:32.2581054Z upgrading libhogweed...
2026-09-01T20:27:32.2610927Z upgrading libnettle...
2026-09-01T20:27:32.2644406Z upgrading libgnutls...
2026-09-01T20:27:32.2934986Z upgrading libsqlite...
2026-09-01T20:27:32.3005385Z upgrading nettle...
2026-09-01T20:27:32.3050655Z upgrading pinentry...
2026-09-01T20:27:32.3087392Z upgrading gnupg...
2026-09-01T20:27:36.7829506Z ==> Appending keys from msys2.gpg...
2026-09-01T20:27:37.1518723Z ==> Updating trust database...
2026-09-01T20:27:37.1655420Z gpg: no need for a trustdb check
2026-09-01T20:27:37.2361585Z upgrading msys2-keyring...
2026-09-01T20:27:37.5345277Z ==> Appending keys from msys2.gpg...
2026-09-01T20:27:38.0435651Z ==> Updating trust database...
2026-09-01T20:27:38.0574650Z gpg: next trustdb check due at 2027-02-10
2026-09-01T20:27:38.1271251Z upgrading nano...
2026-09-01T20:27:38.1897696Z upgrading pacman-contrib...
2026-09-01T20:27:38.2429342Z New optional dependencies for pacman-contrib
2026-09-01T20:27:38.2429910Z     perl: for pacsearch [installed]
2026-09-01T20:27:38.2430332Z     vim: default diff program for pacdiff
2026-09-01T20:27:38.2430741Z upgrading perl...
2026-09-01T20:27:39.2832811Z upgrading tzcode...
2026-09-01T20:27:40.2771024Z upgrading wget...
2026-09-01T20:27:40.3407870Z :: Running post-transaction hooks...
2026-09-01T20:27:40.3408241Z (1/1) Updating the info directory file...
2026-09-01T20:27:41.7327988Z ##[endgroup]
2026-09-01T20:27:41.7332368Z ##[group]Installing additional packages through pacman...
2026-09-01T20:27:41.8181215Z [command]C:\Windows\system32\cmd.exe /D /S /C D:\a\_temp\setup-msys2\msys2.cmd -c "'pacman' '--noconfirm' '-S' '--needed' '--overwrite' '*' 'git' 'make' 'mingw-w64-x86_64-boost' 'mingw-w64-x86_64-cmake' 'mingw-w64-x86_64-gcc'"
2026-09-01T20:27:42.5116039Z resolving dependencies...
2026-09-01T20:27:42.5197625Z looking for conflicting packages...
2026-09-01T20:27:42.5281472Z 
2026-09-01T20:27:42.5289643Z Packages (89) heimdal-7.8.0-5  heimdal-libs-7.8.0-5  libcbor-0.14.0-2  libedit-20240808_3.1-1  libfido2-1.17.0-1  mingw-w64-x86_64-binutils-2.47-3  mingw-w64-x86_64-boost-libs-1.91.0-3  mingw-w64-x86_64-brotli-1.2.0-1  mingw-w64-x86_64-bzip2-1.0.8-4  mingw-w64-x86_64-c-ares-1.34.8-1  mingw-w64-x86_64-ca-certificates-20260816-1  mingw-w64-x86_64-cppdap-1.65.r11.g6464cd7-1  mingw-w64-x86_64-crt-14.0.0.r302.gd7f3c5201-1  mingw-w64-x86_64-curl-8.21.0-2  mingw-w64-x86_64-expat-2.8.3-1  mingw-w64-x86_64-gcc-libs-16.2.0-3  mingw-w64-x86_64-gettext-runtime-1.0-1  mingw-w64-x86_64-gmp-6.3.0-2  mingw-w64-x86_64-gnutls-3.8.13-3  mingw-w64-x86_64-headers-14.0.0.r302.gd7f3c5201-1  mingw-w64-x86_64-icu-78.3-4  mingw-w64-x86_64-isl-0.28-1  mingw-w64-x86_64-jsoncpp-1.9.8-1  mingw-w64-x86_64-libarchive-3.8.9-5  mingw-w64-x86_64-libb2-0.98.1-3  mingw-w64-x86_64-libffi-3.8.0-1  mingw-w64-x86_64-libiconv-1.19-1  mingw-w64-x86_64-libidn2-2.3.8-4  mingw-w64-x86_64-libpsl-0.21.5-3  mingw-w64-x86_64-libssh2-1.11.1-2  mingw-w64-x86_64-libtasn1-4.21.0-1  mingw-w64-x86_64-libunistring-1.4.2-1  mingw-w64-x86_64-libuv-1.52.1-1  mingw-w64-x86_64-libwinpthread-14.0.0.r302.gd7f3c5201-1  mingw-w64-x86_64-lz4-1.10.0-1  mingw-w64-x86_64-mpc-1.4.1-1  mingw-w64-x86_64-mpfr-4.2.2-3  mingw-w64-x86_64-nettle-4.0-1  mingw-w64-x86_64-nghttp2-1.70.0-1  mingw-w64-x86_64-nghttp3-1.18.0-1  mingw-w64-x86_64-ngtcp2-1.25.0-1  mingw-w64-x86_64-ninja-1.13.2-1  mingw-w64-x86_64-openssl-3.6.4-1  mingw-w64-x86_64-p11-kit-0.26.5-1  mingw-w64-x86_64-pcre2-10.47-1  mingw-w64-x86_64-pkgconf-1~3.0.5-1  mingw-w64-x86_64-rhash-1.4.6-1  mingw-w64-x86_64-tzdata-2026c-1  mingw-w64-x86_64-windows-default-manifest-20260815-1  mingw-w64-x86_64-wineditline-2.208-1  mingw-w64-x86_64-winpthreads-14.0.0.r302.gd7f3c5201-1  mingw-w64-x86_64-xz-5.8.3-1  mingw-w64-x86_64-zlib-1.3.2-2  mingw-w64-x86_64-zstd-1.5.7-2  openssh-10.5p1-2  perl-Authen-SASL-2.2000-1  perl-Clone-0.50-2  perl-Convert-BinHex-1.125-2  perl-Encode-Locale-1.05-2  perl-Error-0.17030-1  perl-File-Listing-6.16-1  perl-HTML-Parser-3.85-1  perl-HTML-Tagset-3.24-1  perl-HTTP-Cookies-6.12-1  perl-HTTP-Daemon-6.17-1  perl-HTTP-Date-6.08-1  perl-HTTP-Message-7.04-1  perl-HTTP-Negotiate-6.01-3  perl-IO-HTML-1.004-2  perl-IO-Socket-SSL-2.099-1  perl-IO-Stringy-2.113-3  perl-LWP-MediaTypes-6.04-2  perl-MIME-tools-5.517-1  perl-MailTools-2.22-1  perl-Net-HTTP-6.24-1  perl-Net-SMTP-SSL-1.04-2  perl-Net-SSLeay-1.96-1  perl-TermReadKey-2.38-8  perl-TimeDate-2.35-1  perl-Try-Tiny-0.32-1  perl-URI-5.36-1  perl-WWW-RobotRules-6.03-1  perl-http-cookiejar-0.014-1  perl-libwww-6.83-2  git-2.55.0-1  make-4.4.1-3  mingw-w64-x86_64-boost-1.91.0-3  mingw-w64-x86_64-cmake-4.4.2-2  mingw-w64-x86_64-gcc-16.2.0-3
2026-09-01T20:27:42.5296197Z 
2026-09-01T20:27:42.5296349Z Total Download Size:    154.18 MiB
2026-09-01T20:27:42.5296686Z Total Installed Size:  1023.08 MiB
2026-09-01T20:27:42.5296908Z 
2026-09-01T20:27:42.5297079Z :: Proceed with installation? [Y/n] 
2026-09-01T20:27:42.5297359Z :: Retrieving packages...
2026-09-01T20:27:53.1443249Z  mingw-w64-x86_64-gcc-16.2.0-3-any downloading...
2026-09-01T20:27:53.1443723Z  mingw-w64-x86_64-icu-78.3-4-any downloading...
2026-09-01T20:27:53.1444071Z  mingw-w64-x86_64-boost-1.91.0-3-any downloading...
2026-09-01T20:27:53.1444451Z  mingw-w64-x86_64-cmake-4.4.2-2-any downloading...
2026-09-01T20:27:53.1444820Z  mingw-w64-x86_64-openssl-3.6.4-1-any downloading...
2026-09-01T20:27:53.1445218Z  git-2.55.0-1-x86_64 downloading...
2026-09-01T20:27:53.1445615Z  mingw-w64-x86_64-headers-14.0.0.r302.gd7f3c5201-1-any downloading...
2026-09-01T20:27:53.1446024Z  mingw-w64-x86_64-binutils-2.47-3-any downloading...
2026-09-01T20:27:53.1446423Z  mingw-w64-x86_64-crt-14.0.0.r302.gd7f3c5201-1-any downloading...
2026-09-01T20:27:53.1446811Z  mingw-w64-x86_64-boost-libs-1.91.0-3-any downloading...
2026-09-01T20:27:53.1447197Z  mingw-w64-x86_64-gnutls-3.8.13-3-any downloading...
2026-09-01T20:27:53.1447554Z  mingw-w64-x86_64-libarchive-3.8.9-5-any downloading...
2026-09-01T20:27:53.1447937Z  mingw-w64-x86_64-curl-8.21.0-2-any downloading...
2026-09-01T20:27:53.1448271Z  mingw-w64-x86_64-isl-0.28-1-any downloading...
2026-09-01T20:27:53.1448603Z  mingw-w64-x86_64-pcre2-10.47-1-any downloading...
2026-09-01T20:27:53.1448889Z  openssh-10.5p1-2-x86_64 downloading...
2026-09-01T20:27:53.1449172Z  mingw-w64-x86_64-gcc-libs-16.2.0-3-any downloading...
2026-09-01T20:27:53.1449530Z  mingw-w64-x86_64-libunistring-1.4.2-1-any downloading...
2026-09-01T20:27:53.1449876Z  heimdal-libs-7.8.0-5-x86_64 downloading...
2026-09-01T20:27:53.1450159Z  mingw-w64-x86_64-libiconv-1.19-1-any downloading...
2026-09-01T20:27:53.1450480Z  mingw-w64-x86_64-zstd-1.5.7-2-any downloading...
2026-09-01T20:27:53.1450787Z  mingw-w64-x86_64-p11-kit-0.26.5-1-any downloading...
2026-09-01T20:27:53.1451223Z  mingw-w64-x86_64-gmp-6.3.0-2-any downloading...
2026-09-01T20:27:53.1451486Z  mingw-w64-x86_64-nettle-4.0-1-any downloading...
2026-09-01T20:27:53.1451723Z  heimdal-7.8.0-5-x86_64 downloading...
2026-09-01T20:27:53.1451960Z  mingw-w64-x86_64-mpfr-4.2.2-3-any downloading...
2026-09-01T20:27:53.1452255Z  mingw-w64-x86_64-cppdap-1.65.r11.g6464cd7-1-any downloading...
2026-09-01T20:27:53.1452583Z  make-4.4.1-3-x86_64 downloading...
2026-09-01T20:27:53.1452806Z  mingw-w64-x86_64-xz-5.8.3-1-any downloading...
2026-09-01T20:27:53.1453054Z  mingw-w64-x86_64-brotli-1.2.0-1-any downloading...
2026-09-01T20:27:53.1453336Z  mingw-w64-x86_64-gettext-runtime-1.0-1-any downloading...
2026-09-01T20:27:53.1453653Z  mingw-w64-x86_64-ca-certificates-20260816-1-any downloading...
2026-09-01T20:27:53.1453960Z  mingw-w64-x86_64-c-ares-1.34.8-1-any downloading...
2026-09-01T20:27:53.1454229Z  mingw-w64-x86_64-libssh2-1.11.1-2-any downloading...
2026-09-01T20:27:53.1454589Z  mingw-w64-x86_64-ngtcp2-1.25.0-1-any downloading...
2026-09-01T20:27:53.1454929Z  mingw-w64-x86_64-rhash-1.4.6-1-any downloading...
2026-09-01T20:27:53.1455284Z  perl-Net-SSLeay-1.96-1-x86_64 downloading...
2026-09-01T20:27:53.1455591Z  mingw-w64-x86_64-tzdata-2026c-1-any downloading...
2026-09-01T20:27:53.1456177Z  mingw-w64-x86_64-libuv-1.52.1-1-any downloading...
2026-09-01T20:27:53.1456529Z  mingw-w64-x86_64-jsoncpp-1.9.8-1-any downloading...
2026-09-01T20:27:53.1456907Z  mingw-w64-x86_64-nghttp2-1.70.0-1-any downloading...
2026-09-01T20:27:53.1457240Z  mingw-w64-x86_64-libtasn1-4.21.0-1-any downloading...
2026-09-01T20:27:53.1457572Z  mingw-w64-x86_64-expat-2.8.3-1-any downloading...
2026-09-01T20:27:53.1458037Z  mingw-w64-x86_64-ninja-1.13.2-1-any downloading...
2026-09-01T20:27:53.1458358Z  perl-MIME-tools-5.517-1-any downloading...
2026-09-01T20:27:53.1458726Z  mingw-w64-x86_64-libidn2-2.3.8-4-any downloading...
2026-09-01T20:27:53.1459040Z  mingw-w64-x86_64-lz4-1.10.0-1-any downloading...
2026-09-01T20:27:53.1459358Z  perl-IO-Socket-SSL-2.099-1-any downloading...
2026-09-01T20:27:53.1459732Z  mingw-w64-x86_64-pkgconf-1~3.0.5-1-any downloading...
2026-09-01T20:27:53.1460087Z  mingw-w64-x86_64-nghttp3-1.18.0-1-any downloading...
2026-09-01T20:27:53.1460445Z  mingw-w64-x86_64-mpc-1.4.1-1-any downloading...
2026-09-01T20:27:53.1460778Z  perl-libwww-6.83-2-any downloading...
2026-09-01T20:27:53.1461097Z  mingw-w64-x86_64-zlib-1.3.2-2-any downloading...
2026-09-01T20:27:53.1461484Z  perl-URI-5.36-1-any downloading...
2026-09-01T20:27:53.1461801Z  mingw-w64-x86_64-libpsl-0.21.5-3-any downloading...
2026-09-01T20:27:53.1462347Z  mingw-w64-x86_64-bzip2-1.0.8-4-any downloading...
2026-09-01T20:27:53.1462745Z  libedit-20240808_3.1-1-x86_64 downloading...
2026-09-01T20:27:53.1463104Z  libfido2-1.17.0-1-x86_64 downloading...
2026-09-01T20:27:53.1463476Z  perl-HTML-Parser-3.85-1-x86_64 downloading...
2026-09-01T20:27:53.1463834Z  perl-HTTP-Message-7.04-1-any downloading...
2026-09-01T20:27:53.1464122Z  perl-TimeDate-2.35-1-any downloading...
2026-09-01T20:27:53.1464471Z  mingw-w64-x86_64-wineditline-2.208-1-any downloading...
2026-09-01T20:27:53.1464812Z  perl-MailTools-2.22-1-any downloading...
2026-09-01T20:27:53.1465131Z  mingw-w64-x86_64-libffi-3.8.0-1-any downloading...
2026-09-01T20:27:53.1465418Z  perl-IO-Stringy-2.113-3-any downloading...
2026-09-01T20:27:53.1465749Z  mingw-w64-x86_64-winpthreads-14.0.0.r302.gd7f3c5201-1-any downloading...
2026-09-01T20:27:53.1466158Z  perl-Authen-SASL-2.2000-1-any downloading...
2026-09-01T20:27:53.1466487Z  mingw-w64-x86_64-libwinpthread-14.0.0.r302.gd7f3c5201-1-any downloading...
2026-09-01T20:27:53.1466865Z  perl-Convert-BinHex-1.125-2-any downloading...
2026-09-01T20:27:53.1467137Z  mingw-w64-x86_64-libb2-0.98.1-3-any downloading...
2026-09-01T20:27:53.1467376Z  libcbor-0.14.0-2-x86_64 downloading...
2026-09-01T20:27:53.1467621Z  perl-HTTP-Cookies-6.12-1-any downloading...
2026-09-01T20:27:53.1467866Z  perl-Net-HTTP-6.24-1-any downloading...
2026-09-01T20:27:53.1468103Z  perl-Error-0.17030-1-any downloading...
2026-09-01T20:27:53.1468333Z  perl-TermReadKey-2.38-8-x86_64 downloading...
2026-09-01T20:27:53.1468570Z  perl-HTTP-Daemon-6.17-1-any downloading...
2026-09-01T20:27:53.1468847Z  perl-LWP-MediaTypes-6.04-2-any downloading...
2026-09-01T20:27:53.1469103Z  perl-Try-Tiny-0.32-1-any downloading...
2026-09-01T20:27:53.1469333Z  perl-Clone-0.50-2-x86_64 downloading...
2026-09-01T20:27:53.1469552Z  perl-IO-HTML-1.004-2-any downloading...
2026-09-01T20:27:53.1470060Z  perl-WWW-RobotRules-6.03-1-any downloading...
2026-09-01T20:27:53.1470382Z  perl-http-cookiejar-0.014-1-any downloading...
2026-09-01T20:27:53.1470676Z  perl-HTTP-Negotiate-6.01-3-any downloading...
2026-09-01T20:27:53.1470984Z  perl-Encode-Locale-1.05-2-any downloading...
2026-09-01T20:27:53.1471293Z  perl-HTML-Tagset-3.24-1-any downloading...
2026-09-01T20:27:53.1471591Z  perl-File-Listing-6.16-1-any downloading...
2026-09-01T20:27:53.1471913Z  perl-HTTP-Date-6.08-1-any downloading...
2026-09-01T20:27:53.1472184Z  perl-Net-SMTP-SSL-1.04-2-any downloading...
2026-09-01T20:27:53.1472561Z  mingw-w64-x86_64-windows-default-manifest-20260815-1-any downloading...
2026-09-01T20:27:53.1472952Z checking keyring...
2026-09-01T20:27:53.2030767Z checking package integrity...
2026-09-01T20:27:59.5896149Z ##[error]The operation was canceled.
2026-09-01T20:27:59.6044323Z Cleaning up orphan processes
2026-09-01T20:27:59.6209935Z Terminate orphan process: pid (6936) (bash)
