linux-gcc	Record clean-room run provenance	﻿2026-09-07T10:21:07.0337172Z ##[group]Run test "$(git rev-parse HEAD)" = "$GITHUB_SHA"
linux-gcc	Record clean-room run provenance	2026-09-07T10:21:07.0337640Z ^[[36;1mtest "$(git rev-parse HEAD)" = "$GITHUB_SHA"^[[0m
linux-gcc	Record clean-room run provenance	2026-09-07T10:21:07.0338023Z ^[[36;1mtest -z "$(git status --porcelain)"^[[0m
linux-gcc	Record clean-room run provenance	2026-09-07T10:21:07.0338652Z ^[[36;1mprintf 'PROJECT_SOURCE_COMMIT=%s GITHUB_RUN_ID=%s GITHUB_RUN_ATTEMPT=%s\n' "$GITHUB_SHA" "$GITHUB_RUN_ID" "$GITHUB_RUN_ATTEMPT"^[[0m
linux-gcc	Record clean-room run provenance	2026-09-07T10:21:07.0376522Z shell: /usr/bin/bash -e {0}
linux-gcc	Record clean-room run provenance	2026-09-07T10:21:07.0376975Z env:
linux-gcc	Record clean-room run provenance	2026-09-07T10:21:07.0377289Z   OPENFHE_COMMIT: df495ba2e91739a6dc8f1de254fc5a41155ce504
linux-gcc	Record clean-room run provenance	2026-09-07T10:21:07.0377778Z   OPENFHE_PREFIX: /home/runner/work/20231788./20231788./.ci/openfhe-install
linux-gcc	Record clean-room run provenance	2026-09-07T10:21:07.0378260Z   pythonLocation: /opt/hostedtoolcache/Python/3.12.14/x64
linux-gcc	Record clean-room run provenance	2026-09-07T10:21:07.0378728Z   PKG_CONFIG_PATH: /opt/hostedtoolcache/Python/3.12.14/x64/lib/pkgconfig
linux-gcc	Record clean-room run provenance	2026-09-07T10:21:07.0379186Z   Python_ROOT_DIR: /opt/hostedtoolcache/Python/3.12.14/x64
linux-gcc	Record clean-room run provenance	2026-09-07T10:21:07.0379597Z   Python2_ROOT_DIR: /opt/hostedtoolcache/Python/3.12.14/x64
linux-gcc	Record clean-room run provenance	2026-09-07T10:21:07.0380056Z   Python3_ROOT_DIR: /opt/hostedtoolcache/Python/3.12.14/x64
linux-gcc	Record clean-room run provenance	2026-09-07T10:21:07.0380475Z   LD_LIBRARY_PATH: /opt/hostedtoolcache/Python/3.12.14/x64/lib
linux-gcc	Record clean-room run provenance	2026-09-07T10:21:07.0380847Z ##[endgroup]
linux-gcc	Record clean-room run provenance	2026-09-07T10:21:07.2690973Z PROJECT_SOURCE_COMMIT=a448b787399b43b6024d82c170add403969b493c GITHUB_RUN_ID=34110943783 GITHUB_RUN_ATTEMPT=1
linux-gcc	Run focused first-Mult2 precision contract	2026-09-07T10:23:14.7369211Z 100% tests passed, 0 tests failed out of 1
linux-gcc	Run focused first-Mult2 precision contract	2026-09-07T10:23:14.7369565Z Total Test time (real) =   0.24 sec
linux-gcc	Run focused Pair Add and Sub inputs to first Mult2	2026-09-07T10:23:15.0003711Z 100% tests passed, 0 tests failed out of 2
linux-gcc	Run focused Pair Add and Sub inputs to first Mult2	2026-09-07T10:23:15.0004037Z Total Test time (real) =   0.21 sec
linux-gcc	Run legacy 57-test checkpoint	2026-09-07T10:23:16.5756846Z 100% tests passed, 0 tests failed out of 57
linux-gcc	Run legacy 57-test checkpoint	2026-09-07T10:23:16.5757180Z Total Test time (real) =   1.55 sec
linux-gcc	Run focused production lossless client I/O contract	2026-09-07T10:24:11.8967100Z 100% tests passed, 0 tests failed out of 1
linux-gcc	Run focused production lossless client I/O contract	2026-09-07T10:24:11.8967630Z Total Test time (real) =   0.21 sec
linux-gcc	Run focused repeated-Mult2 and h128 contracts	2026-09-07T10:24:13.2581255Z 100% tests passed, 0 tests failed out of 2
linux-gcc	Run focused repeated-Mult2 and h128 contracts	2026-09-07T10:24:13.2581778Z Total Test time (real) =   1.35 sec
linux-gcc	Run complete 60-test three-track suite	2026-09-07T10:24:16.1960425Z 100% tests passed, 0 tests failed out of 60
linux-gcc	Run complete 60-test three-track suite	2026-09-07T10:24:16.1960748Z Total Test time (real) =   2.91 sec
linux-gcc	Run S100 encoding inspection contract once	2026-09-07T10:25:11.3700805Z 100% tests passed, 0 tests failed out of 1
linux-gcc	Run S100 encoding inspection contract once	2026-09-07T10:25:11.3706775Z Total Test time (real) =   0.10 sec
linux-gcc	Run S100 fresh-error diagnostic once	2026-09-07T10:25:54.9643294Z 100% tests passed, 0 tests failed out of 1
linux-gcc	Run S100 fresh-error diagnostic once	2026-09-07T10:25:54.9645177Z Total Test time (real) =  43.58 sec
