2026-09-01T21:17:03.1924381Z Current runner version: '2.337.0'
2026-09-01T21:17:03.1947652Z ##[group]Runner Image Provisioner
2026-09-01T21:17:03.1948433Z Hosted Compute Agent
2026-09-01T21:17:03.1948904Z Version: 20260819.586
2026-09-01T21:17:03.1949776Z Commit: 3cc4a88dfa507ef76119ad1bb3eccc6378bb2b76
2026-09-01T21:17:03.1950450Z Build Date: 2026-08-18T23:20:18Z
2026-09-01T21:17:03.1951074Z Worker ID: {3f565d82-3ba7-43e5-a13a-f74b8f5fe09e}
2026-09-01T21:17:03.1951696Z Azure Region: westus3
2026-09-01T21:17:03.1952157Z ##[endgroup]
2026-09-01T21:17:03.1954203Z ##[group]Operating System
2026-09-01T21:17:03.1954751Z Microsoft Windows Server 2022
2026-09-01T21:17:03.1955277Z 10.0.20348
2026-09-01T21:17:03.1955710Z Datacenter
2026-09-01T21:17:03.1956136Z ##[endgroup]
2026-09-01T21:17:03.1956613Z ##[group]Runner Image
2026-09-01T21:17:03.1957195Z Image: windows-2022
2026-09-01T21:17:03.1957658Z Version: 20260824.284.2
2026-09-01T21:17:03.1958989Z Included Software: https://github.com/actions/runner-images/blob/win22/20260824.284/images/windows/Windows2022-Readme.md
2026-09-01T21:17:03.1960409Z Image Release: https://github.com/actions/runner-images/releases/tag/win22%2F20260824.284
2026-09-01T21:17:03.1961230Z ##[endgroup]
2026-09-01T21:17:03.1962149Z ##[group]GITHUB_TOKEN Permissions
2026-09-01T21:17:03.1964101Z Contents: read
2026-09-01T21:17:03.1964590Z Metadata: read
2026-09-01T21:17:03.1965058Z ##[endgroup]
2026-09-01T21:17:03.1966883Z Secret source: Actions
2026-09-01T21:17:03.1967872Z Prepare workflow directory
2026-09-01T21:17:03.2426785Z Prepare all required actions
2026-09-01T21:17:03.2473662Z Getting action download info
2026-09-01T21:17:03.5887516Z Download action repository 'msys2/setup-msys2@v2' (SHA:66cd2cce69caa17b53920067426061ca1de3a884)
2026-09-01T21:17:04.1444641Z Complete job name: windows-mingw64
2026-09-01T21:17:04.2733633Z ##[group]Run git config --global core.autocrlf false
2026-09-01T21:17:04.2734690Z [36;1mgit config --global core.autocrlf false[0m
2026-09-01T21:17:04.2735370Z [36;1mgit config --global core.eol lf[0m
2026-09-01T21:17:04.2736131Z [36;1mNew-Item -ItemType Directory -Path $env:WINDOWS_ROOT | Out-Null[0m
2026-09-01T21:17:04.2736825Z [36;1m[0m
2026-09-01T21:17:04.2737263Z [36;1mgit init $env:PROJECT_SOURCE[0m
2026-09-01T21:17:04.2738065Z [36;1mgit -C $env:PROJECT_SOURCE remote add origin https://github.com/leemaple/20231788..git[0m
2026-09-01T21:17:04.2739038Z [36;1mgit -C $env:PROJECT_SOURCE fetch --depth 1 origin $env:GITHUB_SHA[0m
2026-09-01T21:17:04.2739846Z [36;1mgit -C $env:PROJECT_SOURCE checkout --detach FETCH_HEAD[0m
2026-09-01T21:17:04.2740643Z [36;1m$projectActual = git -C $env:PROJECT_SOURCE rev-parse HEAD[0m
2026-09-01T21:17:04.2741409Z [36;1mif ($projectActual -ne $env:GITHUB_SHA) {[0m
2026-09-01T21:17:04.2742179Z [36;1m  throw "Project checkout mismatch: $projectActual"[0m
2026-09-01T21:17:04.2742812Z [36;1m}[0m
2026-09-01T21:17:04.2743206Z [36;1m[0m
2026-09-01T21:17:04.2743631Z [36;1mgit init $env:OPENFHE_SOURCE[0m
2026-09-01T21:17:04.2744528Z [36;1mgit -C $env:OPENFHE_SOURCE remote add origin https://github.com/openfheorg/openfhe-development.git[0m
2026-09-01T21:17:04.2745581Z [36;1mgit -C $env:OPENFHE_SOURCE fetch --depth 1 origin $env:OPENFHE_COMMIT[0m
2026-09-01T21:17:04.2746418Z [36;1mgit -C $env:OPENFHE_SOURCE checkout --detach FETCH_HEAD[0m
2026-09-01T21:17:04.2747278Z [36;1mgit -C $env:OPENFHE_SOURCE submodule update --init --recursive --depth 1[0m
2026-09-01T21:17:04.2747997Z [36;1m[0m
2026-09-01T21:17:04.2748570Z [36;1m$projectStatus = @(git -C $env:PROJECT_SOURCE status --porcelain)[0m
2026-09-01T21:17:04.2749296Z [36;1mif ($projectStatus.Count -ne 0) {[0m
2026-09-01T21:17:04.2750006Z [36;1m  throw "Project checkout is dirty: $($projectStatus -join '; ')"[0m
2026-09-01T21:17:04.2750704Z [36;1m}[0m
2026-09-01T21:17:04.2751253Z [36;1m$openfheStatus = @(git -C $env:OPENFHE_SOURCE status --porcelain)[0m
2026-09-01T21:17:04.2752004Z [36;1mif ($openfheStatus.Count -ne 0) {[0m
2026-09-01T21:17:04.2754486Z [36;1m  throw "OpenFHE checkout is dirty: $($openfheStatus -join '; ')"[0m
2026-09-01T21:17:04.2755192Z [36;1m}[0m
2026-09-01T21:17:04.4813181Z shell: C:\Program Files\PowerShell\7\pwsh.EXE -command ". '{0}'"
2026-09-01T21:17:04.4814194Z env:
2026-09-01T21:17:04.4814683Z   OPENFHE_COMMIT: df495ba2e91739a6dc8f1de254fc5a41155ce504
2026-09-01T21:17:04.4815340Z   OPENFHE_PREFIX: C:\openfhe-2023-1788\openfhe-install
2026-09-01T21:17:04.4815952Z   WINDOWS_ROOT: C:\openfhe-2023-1788
2026-09-01T21:17:04.4816473Z   PROJECT_SOURCE: C:\openfhe-2023-1788\cleanroom
2026-09-01T21:17:04.4817032Z   OPENFHE_SOURCE: C:\openfhe-2023-1788\openfhe-src
2026-09-01T21:17:04.4817696Z   OPENFHE_BUILD: C:\openfhe-2023-1788\openfhe-build-33560196603-1
2026-09-01T21:17:04.4818447Z   PROJECT_BUILD: C:\openfhe-2023-1788\project-build-33560196603-1
2026-09-01T21:17:04.4819046Z ##[endgroup]
2026-09-01T21:17:05.4133565Z Initialized empty Git repository in C:/openfhe-2023-1788/cleanroom/.git/
2026-09-01T21:17:07.3540781Z From https://github.com/leemaple/20231788.
2026-09-01T21:17:07.3542066Z  * branch            e976626ebabf0aa40858ee97c830611e9c47c5f6 -> FETCH_HEAD
2026-09-01T21:17:07.5308270Z HEAD is now at e976626 test: fix Relin2 snapshot format type
2026-09-01T21:17:07.6105739Z Initialized empty Git repository in C:/openfhe-2023-1788/openfhe-src/.git/
2026-09-01T21:17:08.8798250Z From https://github.com/openfheorg/openfhe-development
2026-09-01T21:17:08.8799283Z  * branch            df495ba2e91739a6dc8f1de254fc5a41155ce504 -> FETCH_HEAD
2026-09-01T21:17:09.6060891Z HEAD is now at df495ba Merge pull request #1130 from openfheorg/dev
2026-09-01T21:17:11.1334916Z Submodule 'third-party/cereal' (https://github.com/openfheorg/cereal.git) registered for path 'third-party/cereal'
2026-09-01T21:17:11.1350288Z Submodule 'third-party/google-benchmark' (https://github.com/google/benchmark.git) registered for path 'third-party/google-benchmark'
2026-09-01T21:17:11.1365569Z Submodule 'third-party/google-test' (https://github.com/google/googletest.git) registered for path 'third-party/google-test'
2026-09-01T21:17:11.1457331Z Submodule 'third-party/gperftools' (https://github.com/gperftools/gperftools.git) registered for path 'third-party/gperftools'
2026-09-01T21:17:11.1945700Z Cloning into 'C:/openfhe-2023-1788/openfhe-src/third-party/cereal'...
2026-09-01T21:17:12.1171120Z Cloning into 'C:/openfhe-2023-1788/openfhe-src/third-party/google-benchmark'...
2026-09-01T21:17:13.3530255Z Cloning into 'C:/openfhe-2023-1788/openfhe-src/third-party/google-test'...
2026-09-01T21:17:14.2609900Z Cloning into 'C:/openfhe-2023-1788/openfhe-src/third-party/gperftools'...
2026-09-01T21:17:15.6492556Z Submodule path 'third-party/cereal': checked out '984e3f194862b17916536b5fade40cba6e47a6fe'
2026-09-01T21:17:18.1229890Z From https://github.com/google/benchmark
2026-09-01T21:17:18.1230981Z  * branch            eddb0241389718a23a42db6af5f0164b6e0139af -> FETCH_HEAD
2026-09-01T21:17:18.5392137Z Submodule path 'third-party/google-benchmark': checked out 'eddb0241389718a23a42db6af5f0164b6e0139af'
2026-09-01T21:17:20.1043445Z From https://github.com/google/googletest
2026-09-01T21:17:20.1044402Z  * branch            52eb8108c5bdec04579160ae17225d66034bd723 -> FETCH_HEAD
2026-09-01T21:17:20.6561083Z Submodule path 'third-party/google-test': checked out '52eb8108c5bdec04579160ae17225d66034bd723'
2026-09-01T21:17:22.4104255Z From https://github.com/gperftools/gperftools
2026-09-01T21:17:22.4106130Z  * branch            83edb60836d87cf1b406e8846b9059c03031e8f5 -> FETCH_HEAD
2026-09-01T21:17:23.5998339Z Submodule path 'third-party/gperftools': checked out '83edb60836d87cf1b406e8846b9059c03031e8f5'
2026-09-01T21:17:23.9174410Z ##[group]Run msys2/setup-msys2@v2
2026-09-01T21:17:23.9174961Z with:
2026-09-01T21:17:23.9175215Z   msystem: MINGW64
2026-09-01T21:17:23.9175516Z   update: true
2026-09-01T21:17:23.9175836Z   cache: false
2026-09-01T21:17:23.9176230Z   install: git make mingw-w64-x86_64-boost mingw-w64-x86_64-cmake mingw-w64-x86_64-gcc
2026-09-01T21:17:23.9177514Z   path-type: minimal
2026-09-01T21:17:23.9177782Z   release: true
2026-09-01T21:17:23.9178045Z   platform-check-severity: fatal
2026-09-01T21:17:23.9178354Z env:
2026-09-01T21:17:23.9178649Z   OPENFHE_COMMIT: df495ba2e91739a6dc8f1de254fc5a41155ce504
2026-09-01T21:17:23.9179054Z   OPENFHE_PREFIX: C:\openfhe-2023-1788\openfhe-install
2026-09-01T21:17:23.9179396Z   WINDOWS_ROOT: C:\openfhe-2023-1788
2026-09-01T21:17:23.9180013Z   PROJECT_SOURCE: C:\openfhe-2023-1788\cleanroom
2026-09-01T21:17:23.9180435Z   OPENFHE_SOURCE: C:\openfhe-2023-1788\openfhe-src
2026-09-01T21:17:23.9180893Z   OPENFHE_BUILD: C:\openfhe-2023-1788\openfhe-build-33560196603-1
2026-09-01T21:17:23.9181376Z   PROJECT_BUILD: C:\openfhe-2023-1788\project-build-33560196603-1
2026-09-01T21:17:23.9181726Z ##[endgroup]
2026-09-01T21:17:24.0828667Z ##[group]Downloading MSYS2...
2026-09-01T21:17:24.7812070Z ##[endgroup]
2026-09-01T21:17:24.7812769Z ##[group]Extracting MSYS2...
2026-09-01T21:17:24.7824545Z [command]C:\hostedtoolcache\windows\msys2-installer\0.0.20260611\x64\base.exe -y
2026-09-01T21:17:25.1027356Z 
2026-09-01T21:17:25.1028628Z 7-Zip SFX 25.01 ZS v1.5.7 R4 (x64) : Copyright (c) 1999-2025 Igor Pavlov, 2016-2026 Tino Reichardt, 2022-2026 Sergey G. Brester : 2026-01-10
2026-09-01T21:17:25.1029440Z 
2026-09-01T21:17:25.1029814Z Extracting archive: C:\hostedtoolcache\windows\msys2-installer\0.0.20260611\x64\base.exe
2026-09-01T21:17:25.1030231Z --
2026-09-01T21:17:25.1030589Z Path = C:\hostedtoolcache\windows\msys2-installer\0.0.20260611\x64\base.exe
2026-09-01T21:17:25.1031009Z Type = 7z
2026-09-01T21:17:25.1031141Z 
2026-09-01T21:17:25.2918931Z   0%
2026-09-01T21:17:25.2919515Z     
2026-09-01T21:17:25.4951312Z   3% 1525 - msys64\usr\lib\terminfo\61\aaa-18-rv
2026-09-01T21:17:25.4951847Z                                                 
2026-09-01T21:17:25.6983189Z   4% 3122 - msys64\usr\lib\terminfo\70\pc-coherent
2026-09-01T21:17:25.6983870Z                                                   
2026-09-01T21:17:25.9014559Z   5% 4643 - msys64\usr\share\bash-completion\completions\gmplayer
2026-09-01T21:17:26.1045533Z                                                                  
2026-09-01T21:17:26.1046482Z  10% 6018 - msys64\usr\share\locale\bg\LC_TIME\coreutils.mo
2026-09-01T21:17:26.1047218Z                                                            
2026-09-01T21:17:26.3077429Z  27% 6730 - msys64\usr\share\locale\sr\LC_MESSAGES\util-linux.mo
2026-09-01T21:17:26.3078118Z                                                                 
2026-09-01T21:17:26.5112756Z  33% 8057 - msys64\usr\share\man\man3\CURLOPT_SSH_KEYDATA.3.gz
2026-09-01T21:17:26.5113343Z                                                               
2026-09-01T21:17:26.7144349Z  36% 9580 - msys64\usr\share\misc\magic.mgc
2026-09-01T21:17:26.7144951Z                                            
2026-09-01T21:17:26.9172931Z  44% 10641 - msys64\usr\share\perl5\core_perl\unicore\lib\Lb\CJ.pl
2026-09-01T21:17:26.9173853Z                                                                   
2026-09-01T21:17:27.1204938Z  47% 12018 - msys64\usr\share\terminfo\68\h100bw
2026-09-01T21:17:27.1206003Z                                                 
2026-09-01T21:17:27.4070345Z  47% 13370 - msys64\usr\share\terminfo\76\vt100+fnkeys
2026-09-01T21:17:27.4071047Z                                                       
2026-09-01T21:17:27.6099255Z  47% 13449 - msys64\usr\share\terminfo\76\vt52
2026-09-01T21:17:27.6099940Z                                               
2026-09-01T21:17:27.8150830Z  48% 14937 - msys64\usr\share\zoneinfo\posix\Europe\Bratislava
2026-09-01T21:17:27.8153547Z                                                               
2026-09-01T21:17:28.0211740Z  50% 16093 - msys64\usr\bin\bunzip2.exe
2026-09-01T21:17:28.0212621Z                                        
2026-09-01T21:17:28.2212250Z  68% 16326 - msys64\usr\bin\msys-psl-5.dll
2026-09-01T21:17:28.2212963Z                                           
2026-09-01T21:17:28.3917248Z  91% 16511 - msys64\usr\lib\gnupg\scdaemon.exe
2026-09-01T21:17:28.3918045Z                                               
2026-09-01T21:17:28.3918742Z Everything is Ok
2026-09-01T21:17:28.3945252Z ##[endgroup]
2026-09-01T21:17:28.3947325Z ##[group]Disable Key Refresh...
2026-09-01T21:17:28.3966214Z ##[endgroup]
2026-09-01T21:17:28.4580417Z ##[group]Starting MSYS2 for the first time...
2026-09-01T21:17:28.5393735Z [command]C:\Windows\system32\cmd.exe /D /S /C D:\a\_temp\setup-msys2\msys2.cmd -c "'uname' '-a'"
2026-09-01T21:17:28.6498313Z [1;32mMSYS2 is starting for the first time. Executing the initial setup.[1;0m
2026-09-01T21:17:28.6798705Z Copying skeleton files.
2026-09-01T21:17:28.6799389Z These files are for the users to personalise their msys2 experience.
2026-09-01T21:17:28.6799788Z 
2026-09-01T21:17:28.6799993Z They will never be overwritten nor automatically updated.
2026-09-01T21:17:28.6800360Z 
2026-09-01T21:17:28.7189327Z './.bashrc' -> '/home/runneradmin/.bashrc'
2026-09-01T21:17:28.7329967Z './.bash_profile' -> '/home/runneradmin/.bash_profile'
2026-09-01T21:17:28.7469808Z './.profile' -> '/home/runneradmin/.profile'
2026-09-01T21:17:28.8088773Z 'C:\Windows\system32\drivers\etc\hosts' -> '/etc/hosts'
2026-09-01T21:17:28.8549014Z 'C:\Windows\system32\drivers\etc\protocol' -> '/etc/protocols'
2026-09-01T21:17:28.8957126Z 'C:\Windows\system32\drivers\etc\services' -> '/etc/services'
2026-09-01T21:17:28.9360139Z 'C:\Windows\system32\drivers\etc\networks' -> '/etc/networks'
2026-09-01T21:17:29.1132407Z gpg: /etc/pacman.d/gnupg/trustdb.gpg: trustdb created
2026-09-01T21:17:29.1188561Z gpg: no ultimately trusted keys found
2026-09-01T21:17:29.3563692Z gpg: starting migration from earlier GnuPG versions
2026-09-01T21:17:29.4063407Z gpg: porting secret keys from '/etc/pacman.d/gnupg/secring.gpg' to gpg-agent
2026-09-01T21:17:29.4064256Z gpg: migration succeeded
2026-09-01T21:17:29.4254202Z ==> Generating pacman master key. This may take some time.
2026-09-01T21:17:29.4409675Z gpg: Generating pacman keyring master key...
2026-09-01T21:17:31.0677096Z gpg: directory '/etc/pacman.d/gnupg/openpgp-revocs.d' created
2026-09-01T21:17:31.0930481Z gpg: revocation certificate stored as '/etc/pacman.d/gnupg/openpgp-revocs.d/8045DA47A94DBFC55A911E931C0E7C6C5E0FC1B8.rev'
2026-09-01T21:17:31.0931312Z gpg: Done
2026-09-01T21:17:31.1088101Z ==> Updating trust database...
2026-09-01T21:17:31.1615206Z gpg: marginals needed: 3  completes needed: 1  trust model: pgp
2026-09-01T21:17:31.1615816Z gpg: depth: 0  valid:   1  signed:   0  trust: 0-, 0q, 0n, 0m, 0f, 1u
2026-09-01T21:17:31.2699493Z ==> Appending keys from msys2.gpg...
2026-09-01T21:17:31.7373300Z ==> Locally signing trusted keys in keyring...
2026-09-01T21:17:32.2200970Z   -> Locally signed 5 keys.
2026-09-01T21:17:32.2328415Z ==> Importing owner trust values...
2026-09-01T21:17:32.2489285Z gpg: setting ownertrust to 4
2026-09-01T21:17:32.2489980Z gpg: setting ownertrust to 4
2026-09-01T21:17:32.2490354Z gpg: setting ownertrust to 4
2026-09-01T21:17:32.2490696Z gpg: setting ownertrust to 4
2026-09-01T21:17:32.2491040Z gpg: setting ownertrust to 4
2026-09-01T21:17:32.2716508Z ==> Disabling revoked keys in keyring...
2026-09-01T21:17:32.5307529Z   -> Disabled 4 keys.
2026-09-01T21:17:32.5434271Z ==> Updating trust database...
2026-09-01T21:17:32.5748661Z gpg: marginals needed: 3  completes needed: 1  trust model: pgp
2026-09-01T21:17:32.5768589Z gpg: depth: 0  valid:   1  signed:   5  trust: 0-, 0q, 0n, 0m, 0f, 1u
2026-09-01T21:17:32.5788990Z gpg: depth: 1  valid:   5  signed:   6  trust: 0-, 0q, 0n, 5m, 0f, 0u
2026-09-01T21:17:32.5799410Z gpg: depth: 2  valid:   3  signed:   2  trust: 3-, 0q, 0n, 0m, 0f, 0u
2026-09-01T21:17:32.6111366Z pacman-key (pacman) 6.1.0
2026-09-01T21:17:32.6112135Z Copyright (c) 2010-2024 Pacman Development Team <pacman-dev@lists.archlinux.org>.
2026-09-01T21:17:32.6112653Z 
2026-09-01T21:17:32.6240202Z This is free software; see the source for copying conditions.
2026-09-01T21:17:32.6242418Z There is NO WARRANTY, to the extent permitted by law.
2026-09-01T21:17:32.8003388Z [1;32mInitial setup complete. MSYS2 is now ready to use.[1;0m
2026-09-01T21:17:32.8131407Z MINGW64_NT-10.0-20348 runnervm0js1w 3.6.9-01d6c708.x86_64 2026-05-24 10:45 UTC x86_64 Msys
2026-09-01T21:17:32.8177076Z ##[endgroup]
2026-09-01T21:17:32.8177910Z ##[group]Disable CheckSpace...
2026-09-01T21:17:32.8897374Z [command]C:\Windows\system32\cmd.exe /D /S /C D:\a\_temp\setup-msys2\msys2.cmd -c "'sed' '-i' 's/^CheckSpace/#CheckSpace/g' '/etc/pacman.conf'"
2026-09-01T21:17:33.0697625Z ##[endgroup]
2026-09-01T21:17:33.0698401Z ##[group]Updating packages...
2026-09-01T21:17:33.1332512Z [command]C:\Windows\system32\cmd.exe /D /S /C D:\a\_temp\setup-msys2\msys2.cmd -c "'pacman' '--noconfirm' '-Syuu' '--overwrite' '*'"
2026-09-01T21:17:33.8212572Z :: Synchronizing package databases...
2026-09-01T21:17:35.0817620Z  clangarm64 downloading...
2026-09-01T21:17:35.0818756Z  mingw32 downloading...
2026-09-01T21:17:35.0819186Z  mingw64 downloading...
2026-09-01T21:17:35.0819736Z  ucrt64 downloading...
2026-09-01T21:17:35.0820031Z  clang64 downloading...
2026-09-01T21:17:35.0820296Z  msys downloading...
2026-09-01T21:17:35.6809714Z :: Starting core system upgrade...
2026-09-01T21:17:35.9162599Z warning: terminate other MSYS2 programs before proceeding
2026-09-01T21:17:35.9163068Z resolving dependencies...
2026-09-01T21:17:35.9163444Z looking for conflicting packages...
2026-09-01T21:17:35.9236604Z 
2026-09-01T21:17:35.9237193Z Packages (1) msys2-runtime-3.6.10-3
2026-09-01T21:17:35.9237579Z 
2026-09-01T21:17:35.9237821Z Total Download Size:    1.97 MiB
2026-09-01T21:17:35.9238311Z Total Installed Size:   6.33 MiB
2026-09-01T21:17:35.9238742Z Net Upgrade Size:      -0.20 MiB
2026-09-01T21:17:35.9238988Z 
2026-09-01T21:17:35.9239475Z :: Proceed with installation? [Y/n] 
2026-09-01T21:17:35.9239824Z :: Retrieving packages...
2026-09-01T21:17:37.1338434Z  msys2-runtime-3.6.10-3-x86_64 downloading...
2026-09-01T21:17:37.1338874Z checking keyring...
2026-09-01T21:17:37.1934746Z checking package integrity...
2026-09-01T21:17:37.3719371Z loading package files...
2026-09-01T21:17:37.3748606Z checking for file conflicts...
2026-09-01T21:17:37.3766299Z :: Processing package changes...
2026-09-01T21:17:37.3767222Z upgrading msys2-runtime...
2026-09-01T21:17:37.4862254Z :: To complete this update all MSYS2 processes including this terminal will be closed. Confirm to proceed [Y/n] 
2026-09-01T21:17:37.7616707Z ##[endgroup]
2026-09-01T21:17:37.7617397Z ##[group]Killing remaining tasks...
2026-09-01T21:17:37.8279699Z [command]C:\Windows\system32\taskkill.exe /F /FI "MODULES eq msys-2.0.dll"
2026-09-01T21:17:37.9928116Z 
2026-09-01T21:17:37.9929223Z INFO: No tasks running with the specified criteria.
2026-09-01T21:17:37.9961675Z ##[endgroup]
2026-09-01T21:17:37.9962295Z ##[group]Final system upgrade...
2026-09-01T21:17:38.0852237Z [command]C:\Windows\system32\cmd.exe /D /S /C D:\a\_temp\setup-msys2\msys2.cmd -c "'pacman' '--noconfirm' '-Syuu' '--overwrite' '*'"
2026-09-01T21:17:38.6931462Z :: Synchronizing package databases...
2026-09-01T21:17:39.6930213Z  clangarm64 downloading...
2026-09-01T21:17:39.6930713Z  mingw32 downloading...
2026-09-01T21:17:39.6931046Z  mingw64 downloading...
2026-09-01T21:17:39.6931482Z  ucrt64 downloading...
2026-09-01T21:17:39.6931782Z  clang64 downloading...
2026-09-01T21:17:39.6932074Z  msys downloading...
2026-09-01T21:17:40.1230477Z :: Starting core system upgrade...
2026-09-01T21:17:40.3625042Z  there is nothing to do
2026-09-01T21:17:40.3625645Z :: Starting full system upgrade...
2026-09-01T21:17:40.4221025Z resolving dependencies...
2026-09-01T21:17:40.4269266Z looking for conflicting packages...
2026-09-01T21:17:40.4377437Z 
2026-09-01T21:17:40.4380606Z Packages (31) bash-completion-2.18.0-1  bsdtar-3.8.9-1  ca-certificates-20260816-1  curl-8.21.0-1  findutils-4.11.0-2  gawk-5.4.1-1  gcc-libs-15.3.0-1  gnupg-2.4.9-3  libcurl-8.21.0-1  libexpat-2.8.3-1  libffi-3.8.0-1  libgnutls-3.8.13-2  libhogweed-4.0-1  libnettle-4.0-1  libnghttp2-1.70.0-1  libnghttp3-1.18.0-1  libngtcp2-1.25.0-1  libopenssl-3.6.4-1  libp11-kit-0.26.5-1  libpsl-0.23.2-1  libsqlite-3.53.4-1  msys2-keyring-1~20260814-1  nano-9.2-1  nettle-4.0-1  openssl-3.6.4-1  p11-kit-0.26.5-1  pacman-contrib-1.10.6-2  perl-5.42.3-1  pinentry-1.3.3-1  tzcode-2026c-1  wget-1.25.0-2
2026-09-01T21:17:40.4383992Z 
2026-09-01T21:17:40.4384113Z Total Download Size:    27.05 MiB
2026-09-01T21:17:40.4384444Z Total Installed Size:  108.42 MiB
2026-09-01T21:17:40.4384753Z Net Upgrade Size:       -1.02 MiB
2026-09-01T21:17:40.4384934Z 
2026-09-01T21:17:40.4385404Z :: Proceed with installation? [Y/n] 
2026-09-01T21:17:40.4385884Z :: Retrieving packages...
2026-09-01T21:17:43.3149976Z  perl-5.42.3-1-x86_64 downloading...
2026-09-01T21:17:43.3150549Z  pacman-contrib-1.10.6-2-x86_64 downloading...
2026-09-01T21:17:43.3151125Z  gnupg-2.4.9-3-x86_64 downloading...
2026-09-01T21:17:43.3151442Z  libopenssl-3.6.4-1-x86_64 downloading...
2026-09-01T21:17:43.3151809Z  gawk-5.4.1-1-x86_64 downloading...
2026-09-01T21:17:43.3152121Z  libgnutls-3.8.13-2-x86_64 downloading...
2026-09-01T21:17:43.3152427Z  gcc-libs-15.3.0-1-x86_64 downloading...
2026-09-01T21:17:43.3152727Z  curl-8.21.0-1-x86_64 downloading...
2026-09-01T21:17:43.3153018Z  wget-1.25.0-2-x86_64 downloading...
2026-09-01T21:17:43.3153293Z  libsqlite-3.53.4-1-x86_64 downloading...
2026-09-01T21:17:43.3153608Z  nano-9.2-1-x86_64 downloading...
2026-09-01T21:17:43.3153906Z  openssl-3.6.4-1-x86_64 downloading...
2026-09-01T21:17:43.3154193Z  findutils-4.11.0-2-x86_64 downloading...
2026-09-01T21:17:43.3154555Z  p11-kit-0.26.5-1-x86_64 downloading...
2026-09-01T21:17:43.3154858Z  ca-certificates-20260816-1-any downloading...
2026-09-01T21:17:43.3155190Z  libcurl-8.21.0-1-x86_64 downloading...
2026-09-01T21:17:43.3155484Z  bsdtar-3.8.9-1-x86_64 downloading...
2026-09-01T21:17:43.3155762Z  tzcode-2026c-1-x86_64 downloading...
2026-09-01T21:17:43.3156067Z  libp11-kit-0.26.5-1-x86_64 downloading...
2026-09-01T21:17:43.3156393Z  bash-completion-2.18.0-1-any downloading...
2026-09-01T21:17:43.3156721Z  libhogweed-4.0-1-x86_64 downloading...
2026-09-01T21:17:43.3157020Z  libngtcp2-1.25.0-1-x86_64 downloading...
2026-09-01T21:17:43.3157361Z  libnettle-4.0-1-x86_64 downloading...
2026-09-01T21:17:43.3157735Z  nettle-4.0-1-x86_64 downloading...
2026-09-01T21:17:43.3158138Z  libpsl-0.23.2-1-x86_64 downloading...
2026-09-01T21:17:43.3158444Z  libnghttp3-1.18.0-1-x86_64 downloading...
2026-09-01T21:17:43.3158746Z  libnghttp2-1.70.0-1-x86_64 downloading...
2026-09-01T21:17:43.3159062Z  libexpat-2.8.3-1-x86_64 downloading...
2026-09-01T21:17:43.3159379Z  pinentry-1.3.3-1-x86_64 downloading...
2026-09-01T21:17:43.3159683Z  msys2-keyring-1~20260814-1-any downloading...
2026-09-01T21:17:43.3159993Z  libffi-3.8.0-1-x86_64 downloading...
2026-09-01T21:17:43.3160319Z checking keyring...
2026-09-01T21:17:43.3775666Z checking package integrity...
2026-09-01T21:17:48.1561124Z loading package files...
2026-09-01T21:17:48.2423704Z checking for file conflicts...
2026-09-01T21:17:48.2857370Z :: Running pre-transaction hooks...
2026-09-01T21:17:48.2857857Z (1/1) Removing old entries from the info directory file...
2026-09-01T21:17:48.4321510Z :: Processing package changes...
2026-09-01T21:17:48.4322191Z upgrading bash-completion...
2026-09-01T21:17:49.0604630Z upgrading gcc-libs...
2026-09-01T21:17:49.0762031Z upgrading libexpat...
2026-09-01T21:17:49.0804140Z upgrading libopenssl...
2026-09-01T21:17:49.1048408Z upgrading bsdtar...
2026-09-01T21:17:49.1125818Z upgrading openssl...
2026-09-01T21:17:49.1916792Z upgrading findutils...
2026-09-01T21:17:49.2465261Z upgrading libffi...
2026-09-01T21:17:49.2545957Z upgrading libp11-kit...
2026-09-01T21:17:49.2609895Z upgrading p11-kit...
2026-09-01T21:17:49.3678991Z upgrading ca-certificates...
2026-09-01T21:17:49.9774832Z upgrading libnghttp3...
2026-09-01T21:17:49.9826728Z upgrading libngtcp2...
2026-09-01T21:17:49.9888816Z upgrading libnghttp2...
2026-09-01T21:17:49.9936405Z upgrading libpsl...
2026-09-01T21:17:50.0009327Z upgrading libcurl...
2026-09-01T21:17:50.0067612Z upgrading curl...
2026-09-01T21:17:50.3096434Z upgrading gawk...
2026-09-01T21:17:50.3836217Z upgrading libhogweed...
2026-09-01T21:17:50.3877286Z upgrading libnettle...
2026-09-01T21:17:50.3996923Z upgrading libgnutls...
2026-09-01T21:17:50.4430556Z upgrading libsqlite...
2026-09-01T21:17:50.4579265Z upgrading nettle...
2026-09-01T21:17:50.4646230Z upgrading pinentry...
2026-09-01T21:17:50.4694330Z upgrading gnupg...
2026-09-01T21:17:55.0456956Z ==> Appending keys from msys2.gpg...
2026-09-01T21:17:55.5060493Z ==> Updating trust database...
2026-09-01T21:17:55.5226054Z gpg: no need for a trustdb check
2026-09-01T21:17:55.6074658Z upgrading msys2-keyring...
2026-09-01T21:17:55.9665202Z ==> Appending keys from msys2.gpg...
2026-09-01T21:17:56.4757170Z ==> Updating trust database...
2026-09-01T21:17:56.4919017Z gpg: next trustdb check due at 2027-02-10
2026-09-01T21:17:56.5722771Z upgrading nano...
2026-09-01T21:17:56.6486214Z upgrading pacman-contrib...
2026-09-01T21:17:56.7053401Z New optional dependencies for pacman-contrib
2026-09-01T21:17:56.7053881Z     perl: for pacsearch [installed]
2026-09-01T21:17:56.7054256Z     vim: default diff program for pacdiff
2026-09-01T21:17:56.7054608Z upgrading perl...
2026-09-01T21:17:57.9532363Z upgrading tzcode...
2026-09-01T21:17:59.3061754Z upgrading wget...
2026-09-01T21:17:59.3904955Z :: Running post-transaction hooks...
2026-09-01T21:17:59.3905593Z (1/1) Updating the info directory file...
2026-09-01T21:18:01.1317161Z ##[endgroup]
2026-09-01T21:18:01.1318549Z ##[group]Installing additional packages through pacman...
2026-09-01T21:18:01.1985038Z [command]C:\Windows\system32\cmd.exe /D /S /C D:\a\_temp\setup-msys2\msys2.cmd -c "'pacman' '--noconfirm' '-S' '--needed' '--overwrite' '*' 'git' 'make' 'mingw-w64-x86_64-boost' 'mingw-w64-x86_64-cmake' 'mingw-w64-x86_64-gcc'"
2026-09-01T21:18:02.0602135Z resolving dependencies...
2026-09-01T21:18:02.0720023Z looking for conflicting packages...
2026-09-01T21:18:02.0835413Z 
2026-09-01T21:18:02.0844675Z Packages (89) heimdal-7.8.0-5  heimdal-libs-7.8.0-5  libcbor-0.14.0-2  libedit-20240808_3.1-1  libfido2-1.17.0-1  mingw-w64-x86_64-binutils-2.47-3  mingw-w64-x86_64-boost-libs-1.91.0-3  mingw-w64-x86_64-brotli-1.2.0-1  mingw-w64-x86_64-bzip2-1.0.8-4  mingw-w64-x86_64-c-ares-1.34.8-1  mingw-w64-x86_64-ca-certificates-20260816-1  mingw-w64-x86_64-cppdap-1.65.r11.g6464cd7-1  mingw-w64-x86_64-crt-14.0.0.r302.gd7f3c5201-1  mingw-w64-x86_64-curl-8.21.0-2  mingw-w64-x86_64-expat-2.8.3-1  mingw-w64-x86_64-gcc-libs-16.2.0-3  mingw-w64-x86_64-gettext-runtime-1.0-1  mingw-w64-x86_64-gmp-6.3.0-2  mingw-w64-x86_64-gnutls-3.8.13-3  mingw-w64-x86_64-headers-14.0.0.r302.gd7f3c5201-1  mingw-w64-x86_64-icu-78.3-4  mingw-w64-x86_64-isl-0.28-1  mingw-w64-x86_64-jsoncpp-1.9.8-1  mingw-w64-x86_64-libarchive-3.8.9-5  mingw-w64-x86_64-libb2-0.98.1-3  mingw-w64-x86_64-libffi-3.8.0-1  mingw-w64-x86_64-libiconv-1.19-1  mingw-w64-x86_64-libidn2-2.3.8-4  mingw-w64-x86_64-libpsl-0.21.5-3  mingw-w64-x86_64-libssh2-1.11.1-2  mingw-w64-x86_64-libtasn1-4.21.0-1  mingw-w64-x86_64-libunistring-1.4.2-1  mingw-w64-x86_64-libuv-1.52.1-1  mingw-w64-x86_64-libwinpthread-14.0.0.r302.gd7f3c5201-1  mingw-w64-x86_64-lz4-1.10.0-1  mingw-w64-x86_64-mpc-1.4.1-1  mingw-w64-x86_64-mpfr-4.2.2-3  mingw-w64-x86_64-nettle-4.0-1  mingw-w64-x86_64-nghttp2-1.70.0-1  mingw-w64-x86_64-nghttp3-1.18.0-1  mingw-w64-x86_64-ngtcp2-1.25.0-1  mingw-w64-x86_64-ninja-1.13.2-1  mingw-w64-x86_64-openssl-3.6.4-1  mingw-w64-x86_64-p11-kit-0.26.5-1  mingw-w64-x86_64-pcre2-10.47-1  mingw-w64-x86_64-pkgconf-1~3.0.5-1  mingw-w64-x86_64-rhash-1.4.6-1  mingw-w64-x86_64-tzdata-2026c-1  mingw-w64-x86_64-windows-default-manifest-20260815-1  mingw-w64-x86_64-wineditline-2.208-1  mingw-w64-x86_64-winpthreads-14.0.0.r302.gd7f3c5201-1  mingw-w64-x86_64-xz-5.8.3-1  mingw-w64-x86_64-zlib-1.3.2-2  mingw-w64-x86_64-zstd-1.5.7-2  openssh-10.5p1-2  perl-Authen-SASL-2.2000-1  perl-Clone-0.50-2  perl-Convert-BinHex-1.125-2  perl-Encode-Locale-1.05-2  perl-Error-0.17030-1  perl-File-Listing-6.16-1  perl-HTML-Parser-3.85-1  perl-HTML-Tagset-3.24-1  perl-HTTP-Cookies-6.12-1  perl-HTTP-Daemon-6.17-1  perl-HTTP-Date-6.08-1  perl-HTTP-Message-7.04-1  perl-HTTP-Negotiate-6.01-3  perl-IO-HTML-1.004-2  perl-IO-Socket-SSL-2.099-1  perl-IO-Stringy-2.113-3  perl-LWP-MediaTypes-6.04-2  perl-MIME-tools-5.517-1  perl-MailTools-2.22-1  perl-Net-HTTP-6.24-1  perl-Net-SMTP-SSL-1.04-2  perl-Net-SSLeay-1.96-1  perl-TermReadKey-2.38-8  perl-TimeDate-2.35-1  perl-Try-Tiny-0.32-1  perl-URI-5.36-1  perl-WWW-RobotRules-6.03-1  perl-http-cookiejar-0.014-1  perl-libwww-6.83-2  git-2.55.0-1  make-4.4.1-3  mingw-w64-x86_64-boost-1.91.0-3  mingw-w64-x86_64-cmake-4.4.2-2  mingw-w64-x86_64-gcc-16.2.0-3
2026-09-01T21:18:02.0854251Z 
2026-09-01T21:18:02.0854516Z Total Download Size:    154.18 MiB
2026-09-01T21:18:02.0854984Z Total Installed Size:  1023.08 MiB
2026-09-01T21:18:02.0855308Z 
2026-09-01T21:18:02.0855550Z :: Proceed with installation? [Y/n] 
2026-09-01T21:18:02.0856075Z :: Retrieving packages...
2026-09-01T21:18:24.2191828Z  mingw-w64-x86_64-gcc-16.2.0-3-any downloading...
2026-09-01T21:18:24.2193044Z  mingw-w64-x86_64-icu-78.3-4-any downloading...
2026-09-01T21:18:24.2193596Z  mingw-w64-x86_64-boost-1.91.0-3-any downloading...
2026-09-01T21:18:24.2194196Z  mingw-w64-x86_64-cmake-4.4.2-2-any downloading...
2026-09-01T21:18:24.2194743Z  mingw-w64-x86_64-openssl-3.6.4-1-any downloading...
2026-09-01T21:18:24.2195219Z  git-2.55.0-1-x86_64 downloading...
2026-09-01T21:18:24.2195735Z  mingw-w64-x86_64-headers-14.0.0.r302.gd7f3c5201-1-any downloading...
2026-09-01T21:18:24.2196321Z  mingw-w64-x86_64-binutils-2.47-3-any downloading...
2026-09-01T21:18:24.2196865Z  mingw-w64-x86_64-crt-14.0.0.r302.gd7f3c5201-1-any downloading...
2026-09-01T21:18:24.2197390Z  mingw-w64-x86_64-boost-libs-1.91.0-3-any downloading...
2026-09-01T21:18:24.2197894Z  mingw-w64-x86_64-gnutls-3.8.13-3-any downloading...
2026-09-01T21:18:24.2198536Z  mingw-w64-x86_64-libarchive-3.8.9-5-any downloading...
2026-09-01T21:18:24.2198975Z  mingw-w64-x86_64-curl-8.21.0-2-any downloading...
2026-09-01T21:18:24.2199525Z  mingw-w64-x86_64-isl-0.28-1-any downloading...
2026-09-01T21:18:24.2199991Z  mingw-w64-x86_64-pcre2-10.47-1-any downloading...
2026-09-01T21:18:24.2200536Z  openssh-10.5p1-2-x86_64 downloading...
2026-09-01T21:18:24.2200990Z  mingw-w64-x86_64-gcc-libs-16.2.0-3-any downloading...
2026-09-01T21:18:24.2201350Z  mingw-w64-x86_64-libunistring-1.4.2-1-any downloading...
2026-09-01T21:18:24.2201728Z  heimdal-libs-7.8.0-5-x86_64 downloading...
2026-09-01T21:18:24.2202080Z  mingw-w64-x86_64-libiconv-1.19-1-any downloading...
2026-09-01T21:18:24.2202457Z  mingw-w64-x86_64-zstd-1.5.7-2-any downloading...
2026-09-01T21:18:24.2202802Z  mingw-w64-x86_64-p11-kit-0.26.5-1-any downloading...
2026-09-01T21:18:24.2203143Z  mingw-w64-x86_64-gmp-6.3.0-2-any downloading...
2026-09-01T21:18:24.2203502Z  mingw-w64-x86_64-nettle-4.0-1-any downloading...
2026-09-01T21:18:24.2203825Z  heimdal-7.8.0-5-x86_64 downloading...
2026-09-01T21:18:24.2204215Z  mingw-w64-x86_64-mpfr-4.2.2-3-any downloading...
2026-09-01T21:18:24.2204755Z  mingw-w64-x86_64-cppdap-1.65.r11.g6464cd7-1-any downloading...
2026-09-01T21:18:24.2205245Z  make-4.4.1-3-x86_64 downloading...
2026-09-01T21:18:24.2205689Z  mingw-w64-x86_64-xz-5.8.3-1-any downloading...
2026-09-01T21:18:24.2206173Z  mingw-w64-x86_64-brotli-1.2.0-1-any downloading...
2026-09-01T21:18:24.2206700Z  mingw-w64-x86_64-gettext-runtime-1.0-1-any downloading...
2026-09-01T21:18:24.2207590Z  mingw-w64-x86_64-ca-certificates-20260816-1-any downloading...
2026-09-01T21:18:24.2208160Z  mingw-w64-x86_64-c-ares-1.34.8-1-any downloading...
2026-09-01T21:18:24.2208673Z  mingw-w64-x86_64-libssh2-1.11.1-2-any downloading...
2026-09-01T21:18:24.2209170Z  mingw-w64-x86_64-ngtcp2-1.25.0-1-any downloading...
2026-09-01T21:18:24.2209626Z  mingw-w64-x86_64-rhash-1.4.6-1-any downloading...
2026-09-01T21:18:24.2210331Z  perl-Net-SSLeay-1.96-1-x86_64 downloading...
2026-09-01T21:18:24.2210863Z  mingw-w64-x86_64-tzdata-2026c-1-any downloading...
2026-09-01T21:18:24.2211413Z  mingw-w64-x86_64-libuv-1.52.1-1-any downloading...
2026-09-01T21:18:24.2211932Z  mingw-w64-x86_64-jsoncpp-1.9.8-1-any downloading...
2026-09-01T21:18:24.2212451Z  mingw-w64-x86_64-nghttp2-1.70.0-1-any downloading...
2026-09-01T21:18:24.2213051Z  mingw-w64-x86_64-libtasn1-4.21.0-1-any downloading...
2026-09-01T21:18:24.2213612Z  mingw-w64-x86_64-expat-2.8.3-1-any downloading...
2026-09-01T21:18:24.2214194Z  mingw-w64-x86_64-ninja-1.13.2-1-any downloading...
2026-09-01T21:18:24.2214834Z  perl-MIME-tools-5.517-1-any downloading...
2026-09-01T21:18:24.2215391Z  mingw-w64-x86_64-libidn2-2.3.8-4-any downloading...
2026-09-01T21:18:24.2215869Z  mingw-w64-x86_64-lz4-1.10.0-1-any downloading...
2026-09-01T21:18:24.2216341Z  perl-IO-Socket-SSL-2.099-1-any downloading...
2026-09-01T21:18:24.2216929Z  mingw-w64-x86_64-pkgconf-1~3.0.5-1-any downloading...
2026-09-01T21:18:24.2217333Z  mingw-w64-x86_64-nghttp3-1.18.0-1-any downloading...
2026-09-01T21:18:24.2217757Z  mingw-w64-x86_64-mpc-1.4.1-1-any downloading...
2026-09-01T21:18:24.2218192Z  perl-libwww-6.83-2-any downloading...
2026-09-01T21:18:24.2218641Z  mingw-w64-x86_64-zlib-1.3.2-2-any downloading...
2026-09-01T21:18:24.2219069Z  perl-URI-5.36-1-any downloading...
2026-09-01T21:18:24.2219549Z  mingw-w64-x86_64-libpsl-0.21.5-3-any downloading...
2026-09-01T21:18:24.2220039Z  mingw-w64-x86_64-bzip2-1.0.8-4-any downloading...
2026-09-01T21:18:24.2220579Z  libedit-20240808_3.1-1-x86_64 downloading...
2026-09-01T21:18:24.2220889Z  libfido2-1.17.0-1-x86_64 downloading...
2026-09-01T21:18:24.2221197Z  perl-HTML-Parser-3.85-1-x86_64 downloading...
2026-09-01T21:18:24.2221546Z  perl-HTTP-Message-7.04-1-any downloading...
2026-09-01T21:18:24.2221856Z  perl-TimeDate-2.35-1-any downloading...
2026-09-01T21:18:24.2222193Z  mingw-w64-x86_64-wineditline-2.208-1-any downloading...
2026-09-01T21:18:24.2222550Z  perl-MailTools-2.22-1-any downloading...
2026-09-01T21:18:24.2222889Z  mingw-w64-x86_64-libffi-3.8.0-1-any downloading...
2026-09-01T21:18:24.2223238Z  perl-IO-Stringy-2.113-3-any downloading...
2026-09-01T21:18:24.2223668Z  mingw-w64-x86_64-winpthreads-14.0.0.r302.gd7f3c5201-1-any downloading...
2026-09-01T21:18:24.2224152Z  perl-Authen-SASL-2.2000-1-any downloading...
2026-09-01T21:18:24.2224574Z  mingw-w64-x86_64-libwinpthread-14.0.0.r302.gd7f3c5201-1-any downloading...
2026-09-01T21:18:24.2225000Z  perl-Convert-BinHex-1.125-2-any downloading...
2026-09-01T21:18:24.2225382Z  mingw-w64-x86_64-libb2-0.98.1-3-any downloading...
2026-09-01T21:18:24.2225705Z  libcbor-0.14.0-2-x86_64 downloading...
2026-09-01T21:18:24.2226011Z  perl-HTTP-Cookies-6.12-1-any downloading...
2026-09-01T21:18:24.2226327Z  perl-Net-HTTP-6.24-1-any downloading...
2026-09-01T21:18:24.2226612Z  perl-Error-0.17030-1-any downloading...
2026-09-01T21:18:24.2226950Z  perl-TermReadKey-2.38-8-x86_64 downloading...
2026-09-01T21:18:24.2227273Z  perl-HTTP-Daemon-6.17-1-any downloading...
2026-09-01T21:18:24.2227743Z  perl-LWP-MediaTypes-6.04-2-any downloading...
2026-09-01T21:18:24.2228276Z  perl-Try-Tiny-0.32-1-any downloading...
2026-09-01T21:18:24.2228722Z  perl-Clone-0.50-2-x86_64 downloading...
2026-09-01T21:18:24.2229212Z  perl-IO-HTML-1.004-2-any downloading...
2026-09-01T21:18:24.2229944Z  perl-WWW-RobotRules-6.03-1-any downloading...
2026-09-01T21:18:24.2230331Z  perl-http-cookiejar-0.014-1-any downloading...
2026-09-01T21:18:24.2230707Z  perl-HTTP-Negotiate-6.01-3-any downloading...
2026-09-01T21:18:24.2231246Z  perl-Encode-Locale-1.05-2-any downloading...
2026-09-01T21:18:24.2231576Z  perl-HTML-Tagset-3.24-1-any downloading...
2026-09-01T21:18:24.2232006Z  perl-File-Listing-6.16-1-any downloading...
2026-09-01T21:18:24.2232343Z  perl-HTTP-Date-6.08-1-any downloading...
2026-09-01T21:18:24.2232690Z  perl-Net-SMTP-SSL-1.04-2-any downloading...
2026-09-01T21:18:24.2234166Z  mingw-w64-x86_64-windows-default-manifest-20260815-1-any downloading...
2026-09-01T21:18:24.2234846Z checking keyring...
2026-09-01T21:18:24.2892754Z checking package integrity...
2026-09-01T21:18:39.6640076Z loading package files...
2026-09-01T21:18:40.0927302Z checking for file conflicts...
2026-09-01T21:18:42.0279284Z :: Processing package changes...
2026-09-01T21:18:42.0279763Z installing libedit...
2026-09-01T21:18:42.0515571Z installing heimdal-libs...
2026-09-01T21:18:42.0692357Z installing heimdal...
2026-09-01T21:18:42.5139418Z installing libcbor...
2026-09-01T21:18:42.5165527Z installing libfido2...
2026-09-01T21:18:42.5197878Z installing openssh...
2026-09-01T21:18:42.5524933Z installing perl-Error...
2026-09-01T21:18:42.5585770Z installing perl-Authen-SASL...
2026-09-01T21:18:42.5746141Z installing perl-Encode-Locale...
2026-09-01T21:18:42.5791032Z installing perl-HTTP-Date...
2026-09-01T21:18:42.5838185Z installing perl-File-Listing...
2026-09-01T21:18:42.5889414Z installing perl-HTML-Tagset...
2026-09-01T21:18:42.5936992Z installing perl-Clone...
2026-09-01T21:18:42.5978356Z installing perl-IO-HTML...
2026-09-01T21:18:42.6023359Z installing perl-LWP-MediaTypes...
2026-09-01T21:18:42.6077112Z installing perl-URI...
2026-09-01T21:18:42.6536403Z installing perl-HTTP-Message...
2026-09-01T21:18:42.6699951Z installing perl-HTML-Parser...
2026-09-01T21:18:42.6816139Z installing perl-HTTP-Cookies...
2026-09-01T21:18:42.6883857Z installing perl-HTTP-Daemon...
2026-09-01T21:18:42.6919917Z installing perl-http-cookiejar...
2026-09-01T21:18:42.6971606Z installing perl-HTTP-Negotiate...
2026-09-01T21:18:42.7013099Z installing perl-Net-HTTP...
2026-09-01T21:18:42.7091942Z installing perl-WWW-RobotRules...
2026-09-01T21:18:42.7170232Z installing perl-Try-Tiny...
2026-09-01T21:18:42.7225821Z installing perl-libwww...
2026-09-01T21:18:42.7484569Z Optional dependencies for perl-libwww
2026-09-01T21:18:42.7485279Z     perl-LWP-Protocol-https: for https:// url schemes
2026-09-01T21:18:42.7485924Z installing perl-TimeDate...
2026-09-01T21:18:42.7956895Z installing perl-MailTools...
2026-09-01T21:18:42.8159204Z installing perl-IO-Stringy...
2026-09-01T21:18:42.8262284Z installing perl-Convert-BinHex...
2026-09-01T21:18:42.9838700Z module test... pass.
2026-09-01T21:18:42.9848977Z installing perl-MIME-tools...
2026-09-01T21:18:43.0132164Z installing perl-Net-SSLeay...
2026-09-01T21:18:43.0671729Z installing perl-IO-Socket-SSL...
2026-09-01T21:18:43.0774795Z installing perl-Net-SMTP-SSL...
2026-09-01T21:18:43.0812050Z installing perl-TermReadKey...
2026-09-01T21:18:43.0872968Z installing git...
2026-09-01T21:18:43.5542045Z Optional dependencies for git
2026-09-01T21:18:43.5542763Z     python: various helper scripts
2026-09-01T21:18:43.5543219Z     subversion: git svn
2026-09-01T21:18:43.5543651Z     aspell: spell checking in git gui
2026-09-01T21:18:43.5544126Z installing make...
2026-09-01T21:18:43.5799183Z installing mingw-w64-x86_64-libwinpthread...
2026-09-01T21:18:43.5836893Z installing mingw-w64-x86_64-tzdata...
2026-09-01T21:18:44.7482110Z installing mingw-w64-x86_64-gcc-libs...
2026-09-01T21:18:44.7632841Z installing mingw-w64-x86_64-bzip2...
2026-09-01T21:18:44.7767375Z installing mingw-w64-x86_64-icu...
2026-09-01T21:18:45.1089151Z installing mingw-w64-x86_64-libiconv...
2026-09-01T21:18:45.1286695Z installing mingw-w64-x86_64-gettext-runtime...
2026-09-01T21:18:45.2204525Z installing mingw-w64-x86_64-xz...
2026-09-01T21:18:45.2997610Z installing mingw-w64-x86_64-zstd...
2026-09-01T21:18:45.3168294Z installing mingw-w64-x86_64-zlib...
2026-09-01T21:18:45.3231111Z installing mingw-w64-x86_64-boost-libs...
2026-09-01T21:18:45.3657612Z installing mingw-w64-x86_64-boost...
2026-09-01T21:18:55.8562462Z Optional dependencies for mingw-w64-x86_64-boost
2026-09-01T21:18:55.8562908Z     mingw-w64-x86_64-python: For Boost.Python
2026-09-01T21:18:55.8563413Z     mingw-w64-x86_64-python-numpy: For Boost.Python (NumPy)
2026-09-01T21:18:55.8564049Z installing mingw-w64-x86_64-cppdap...
2026-09-01T21:18:55.8772048Z installing mingw-w64-x86_64-c-ares...
2026-09-01T21:18:56.1009144Z installing mingw-w64-x86_64-brotli...
2026-09-01T21:18:56.1181170Z installing mingw-w64-x86_64-libunistring...
2026-09-01T21:18:56.1550974Z installing mingw-w64-x86_64-libidn2...
2026-09-01T21:18:56.1760408Z installing mingw-w64-x86_64-libpsl...
2026-09-01T21:18:56.1829066Z installing mingw-w64-x86_64-libtasn1...
2026-09-01T21:18:56.2112466Z installing mingw-w64-x86_64-libffi...
2026-09-01T21:18:56.2190629Z installing mingw-w64-x86_64-p11-kit...
2026-09-01T21:18:56.3614888Z installing mingw-w64-x86_64-ca-certificates...
2026-09-01T21:18:56.9605701Z installing mingw-w64-x86_64-openssl...
2026-09-01T21:19:00.9392507Z Optional dependencies for mingw-w64-x86_64-openssl
2026-09-01T21:19:00.9393039Z     mingw-w64-x86_64-ca-certificates [installed]
2026-09-01T21:19:00.9393409Z installing mingw-w64-x86_64-libssh2...
2026-09-01T21:19:01.0314969Z installing mingw-w64-x86_64-nghttp2...
2026-09-01T21:19:01.0440557Z installing mingw-w64-x86_64-gmp...
2026-09-01T21:19:01.0571431Z installing mingw-w64-x86_64-nettle...
2026-09-01T21:19:01.0976940Z installing mingw-w64-x86_64-gnutls...
2026-09-01T21:19:01.7878539Z installing mingw-w64-x86_64-ngtcp2...
2026-09-01T21:19:01.8043892Z installing mingw-w64-x86_64-nghttp3...
2026-09-01T21:19:01.8151493Z installing mingw-w64-x86_64-curl...
2026-09-01T21:19:02.0934513Z installing mingw-w64-x86_64-expat...
2026-09-01T21:19:02.1052570Z installing mingw-w64-x86_64-jsoncpp...
2026-09-01T21:19:02.1192761Z installing mingw-w64-x86_64-libb2...
2026-09-01T21:19:02.1244334Z installing mingw-w64-x86_64-lz4...
2026-09-01T21:19:02.1357312Z installing mingw-w64-x86_64-wineditline...
2026-09-01T21:19:02.1423923Z installing mingw-w64-x86_64-pcre2...
2026-09-01T21:19:02.2709749Z installing mingw-w64-x86_64-libarchive...
2026-09-01T21:19:02.3303997Z installing mingw-w64-x86_64-libuv...
2026-09-01T21:19:02.3467129Z installing mingw-w64-x86_64-ninja...
2026-09-01T21:19:02.3511805Z installing mingw-w64-x86_64-pkgconf...
2026-09-01T21:19:02.3668431Z installing mingw-w64-x86_64-rhash...
2026-09-01T21:19:02.3940898Z installing mingw-w64-x86_64-cmake...
2026-09-01T21:19:05.0270939Z Optional dependencies for mingw-w64-x86_64-cmake
2026-09-01T21:19:05.0271384Z     mingw-w64-x86_64-emacs: for cmake emacs mode
2026-09-01T21:19:05.0271773Z installing mingw-w64-x86_64-binutils...
2026-09-01T21:19:05.2470232Z installing mingw-w64-x86_64-headers...
2026-09-01T21:19:06.2525585Z installing mingw-w64-x86_64-crt...
2026-09-01T21:19:06.7474264Z installing mingw-w64-x86_64-isl...
2026-09-01T21:19:06.8033661Z installing mingw-w64-x86_64-mpfr...
2026-09-01T21:19:06.8212212Z installing mingw-w64-x86_64-mpc...
2026-09-01T21:19:06.8268976Z installing mingw-w64-x86_64-windows-default-manifest...
2026-09-01T21:19:06.8293164Z installing mingw-w64-x86_64-winpthreads...
2026-09-01T21:19:06.8370404Z installing mingw-w64-x86_64-gcc...
2026-09-01T21:19:08.1905238Z :: Running post-transaction hooks...
2026-09-01T21:19:08.1905819Z (1/1) Updating the info directory file...
2026-09-01T21:19:08.8392710Z ##[endgroup]
2026-09-01T21:19:08.8637275Z ##[group]Run cmake --version
2026-09-01T21:19:08.8638041Z [36;1mcmake --version[0m
2026-09-01T21:19:08.8638373Z [36;1mg++ --version[0m
2026-09-01T21:19:08.8643431Z shell: D:\a\_temp\setup-msys2\msys2.CMD {0}
2026-09-01T21:19:08.8643807Z env:
2026-09-01T21:19:08.8644160Z   OPENFHE_COMMIT: df495ba2e91739a6dc8f1de254fc5a41155ce504
2026-09-01T21:19:08.8644593Z   OPENFHE_PREFIX: C:\openfhe-2023-1788\openfhe-install
2026-09-01T21:19:08.8645014Z   WINDOWS_ROOT: C:\openfhe-2023-1788
2026-09-01T21:19:08.8645331Z   PROJECT_SOURCE: C:\openfhe-2023-1788\cleanroom
2026-09-01T21:19:08.8645710Z   OPENFHE_SOURCE: C:\openfhe-2023-1788\openfhe-src
2026-09-01T21:19:08.8646111Z   OPENFHE_BUILD: C:\openfhe-2023-1788\openfhe-build-33560196603-1
2026-09-01T21:19:08.8646555Z   PROJECT_BUILD: C:\openfhe-2023-1788\project-build-33560196603-1
2026-09-01T21:19:08.8647066Z   MSYSTEM: MINGW64
2026-09-01T21:19:08.8647309Z ##[endgroup]
2026-09-01T21:19:09.0675744Z cmake version 4.4.2
2026-09-01T21:19:09.0676322Z 
2026-09-01T21:19:09.0676796Z CMake suite maintained and supported by Kitware (kitware.com/cmake).
2026-09-01T21:19:09.0949954Z g++.exe (Rev3, Built by MSYS2 project) 16.2.0
2026-09-01T21:19:09.0950501Z Copyright (C) 2026 Free Software Foundation, Inc.
2026-09-01T21:19:09.0951248Z This is free software; see the source for copying conditions.  There is NO
2026-09-01T21:19:09.0951847Z warranty; not even for MERCHANTABILITY or FITNESS FOR A PARTICULAR PURPOSE.
2026-09-01T21:19:09.0952167Z 
2026-09-01T21:19:09.1125065Z ##[group]Run source="$(cygpath -u "$OPENFHE_SOURCE")"
2026-09-01T21:19:09.1125584Z [36;1msource="$(cygpath -u "$OPENFHE_SOURCE")"[0m
2026-09-01T21:19:09.1126028Z [36;1mactual="$(git -C "$source" rev-parse HEAD)"[0m
2026-09-01T21:19:09.1126390Z [36;1mtest "$actual" = "$OPENFHE_COMMIT"[0m
2026-09-01T21:19:09.1126815Z [36;1mtest -z "$(git -C "$source" status --porcelain)"[0m
2026-09-01T21:19:09.1127221Z [36;1mgit -C "$source" submodule status --recursive[0m
2026-09-01T21:19:09.1129526Z shell: D:\a\_temp\setup-msys2\msys2.CMD {0}
2026-09-01T21:19:09.1129886Z env:
2026-09-01T21:19:09.1130211Z   OPENFHE_COMMIT: df495ba2e91739a6dc8f1de254fc5a41155ce504
2026-09-01T21:19:09.1130624Z   OPENFHE_PREFIX: C:\openfhe-2023-1788\openfhe-install
2026-09-01T21:19:09.1131007Z   WINDOWS_ROOT: C:\openfhe-2023-1788
2026-09-01T21:19:09.1131341Z   PROJECT_SOURCE: C:\openfhe-2023-1788\cleanroom
2026-09-01T21:19:09.1131717Z   OPENFHE_SOURCE: C:\openfhe-2023-1788\openfhe-src
2026-09-01T21:19:09.1132246Z   OPENFHE_BUILD: C:\openfhe-2023-1788\openfhe-build-33560196603-1
2026-09-01T21:19:09.1132683Z   PROJECT_BUILD: C:\openfhe-2023-1788\project-build-33560196603-1
2026-09-01T21:19:09.1133169Z   MSYSTEM: MINGW64
2026-09-01T21:19:09.1133419Z ##[endgroup]
2026-09-01T21:19:10.3841826Z  984e3f194862b17916536b5fade40cba6e47a6fe third-party/cereal (heads/main)
2026-09-01T21:19:10.5761452Z  eddb0241389718a23a42db6af5f0164b6e0139af third-party/google-benchmark (eddb024)
2026-09-01T21:19:10.6650730Z  52eb8108c5bdec04579160ae17225d66034bd723 third-party/google-test (52eb810)
2026-09-01T21:19:10.7554686Z  83edb60836d87cf1b406e8846b9059c03031e8f5 third-party/gperftools (83edb60)
2026-09-01T21:19:10.7895962Z ##[group]Run prefix="$(cygpath -u "$OPENFHE_PREFIX")"
2026-09-01T21:19:10.7896525Z [36;1mprefix="$(cygpath -u "$OPENFHE_PREFIX")"[0m
2026-09-01T21:19:10.7896886Z [36;1msource="$(cygpath -u "$OPENFHE_SOURCE")"[0m
2026-09-01T21:19:10.7897211Z [36;1mbuild="$(cygpath -u "$OPENFHE_BUILD")"[0m
2026-09-01T21:19:10.7897558Z [36;1mcmake -S "$source" -B "$build" \[0m
2026-09-01T21:19:10.7897873Z [36;1m  -DCMAKE_BUILD_TYPE=Release \[0m
2026-09-01T21:19:10.7898221Z [36;1m  -DCMAKE_INSTALL_PREFIX="$prefix" \[0m
2026-09-01T21:19:10.7898552Z [36;1m  -DBUILD_UNITTESTS=OFF \[0m
2026-09-01T21:19:10.7898846Z [36;1m  -DBUILD_EXAMPLES=OFF \[0m
2026-09-01T21:19:10.7899233Z [36;1m  -DBUILD_BENCHMARKS=OFF \[0m
2026-09-01T21:19:10.7899545Z [36;1m  -DBUILD_EXTRAS=OFF \[0m
2026-09-01T21:19:10.7899849Z [36;1m  -DWITH_OPENMP=ON[0m
2026-09-01T21:19:10.7902081Z shell: D:\a\_temp\setup-msys2\msys2.CMD {0}
2026-09-01T21:19:10.7902381Z env:
2026-09-01T21:19:10.7902796Z   OPENFHE_COMMIT: df495ba2e91739a6dc8f1de254fc5a41155ce504
2026-09-01T21:19:10.7903260Z   OPENFHE_PREFIX: C:\openfhe-2023-1788\openfhe-install
2026-09-01T21:19:10.7903640Z   WINDOWS_ROOT: C:\openfhe-2023-1788
2026-09-01T21:19:10.7903985Z   PROJECT_SOURCE: C:\openfhe-2023-1788\cleanroom
2026-09-01T21:19:10.7904349Z   OPENFHE_SOURCE: C:\openfhe-2023-1788\openfhe-src
2026-09-01T21:19:10.7904752Z   OPENFHE_BUILD: C:\openfhe-2023-1788\openfhe-build-33560196603-1
2026-09-01T21:19:10.7905229Z   PROJECT_BUILD: C:\openfhe-2023-1788\project-build-33560196603-1
2026-09-01T21:19:10.7905610Z   MSYSTEM: MINGW64
2026-09-01T21:19:10.7905873Z ##[endgroup]
2026-09-01T21:19:11.5536684Z -- The C compiler identification is GNU 16.2.0
2026-09-01T21:19:11.8431439Z -- The CXX compiler identification is GNU 16.2.0
2026-09-01T21:19:11.8847017Z -- Detecting C compiler ABI info
2026-09-01T21:19:12.5116865Z -- Detecting C compiler ABI info - done
2026-09-01T21:19:12.5482964Z -- Check for working C compiler: D:/a/_temp/msys64/mingw64/bin/cc.exe - skipped
2026-09-01T21:19:12.5486651Z -- Detecting C compile features
2026-09-01T21:19:12.5491933Z -- Detecting C compile features - done
2026-09-01T21:19:12.5879312Z -- Detecting CXX compiler ABI info
2026-09-01T21:19:13.0029818Z -- Detecting CXX compiler ABI info - done
2026-09-01T21:19:13.0342268Z -- Check for working CXX compiler: D:/a/_temp/msys64/mingw64/bin/c++.exe - skipped
2026-09-01T21:19:13.0346571Z -- Detecting CXX compile features
2026-09-01T21:19:13.0355836Z -- Detecting CXX compile features - done
2026-09-01T21:19:13.0499804Z -- Building in Release mode
2026-09-01T21:19:13.0500854Z -- BUILD_UNITTESTS:    OFF
2026-09-01T21:19:13.0501400Z -- BUILD_EXAMPLES:     OFF
2026-09-01T21:19:13.0501879Z -- BUILD_BENCHMARKS:   OFF
2026-09-01T21:19:13.0502291Z -- BUILD_EXTRAS:       OFF
2026-09-01T21:19:13.0502675Z -- BUILD_STATIC:       OFF
2026-09-01T21:19:13.0503075Z -- BUILD_SHARED:       ON
2026-09-01T21:19:13.0503365Z -- GIT_SUBMOD_AUTO:    ON
2026-09-01T21:19:13.0503698Z -- WITH_BE2:           OFF
2026-09-01T21:19:13.0503972Z -- WITH_BE4:           OFF
2026-09-01T21:19:13.0504468Z -- WITH_NTL:           OFF
2026-09-01T21:19:13.0504898Z -- WITH_TCM:           OFF
2026-09-01T21:19:13.0505162Z -- WITH_OPENMP:        ON
2026-09-01T21:19:13.0505895Z -- NATIVE_SIZE:        64
2026-09-01T21:19:13.0506198Z -- CKKS_M_FACTOR:      1
2026-09-01T21:19:13.0506507Z -- WITH_NATIVEOPT:     OFF
2026-09-01T21:19:13.0506826Z -- WITH_COVTEST:       OFF
2026-09-01T21:19:13.0507130Z -- WITH_NOISE_DEBUG:   OFF
2026-09-01T21:19:13.0507812Z -- WITH_REDUCED_NOISE: OFF
2026-09-01T21:19:13.0508285Z -- USE_MACPORTS:       OFF
2026-09-01T21:19:13.0509022Z ***** INSTALL IS AT C:/openfhe-2023-1788/openfhe-install; to change, run cmake with -DCMAKE_INSTALL_PREFIX=/your/path
2026-09-01T21:19:13.0509624Z -- BUILTIN_INFO_AVAILABLE is defined
2026-09-01T21:19:13.0721757Z -- Architecture is x86_64
2026-09-01T21:19:13.0738279Z -- Looking for sys/types.h
2026-09-01T21:19:13.6079586Z -- Looking for sys/types.h - found
2026-09-01T21:19:13.6080241Z -- Looking for stdint.h
2026-09-01T21:19:13.9986457Z -- Looking for stdint.h - found
2026-09-01T21:19:13.9988055Z -- Looking for stddef.h
2026-09-01T21:19:14.5458445Z -- Looking for stddef.h - found
2026-09-01T21:19:14.5458910Z -- Check size of __int128
2026-09-01T21:19:14.9233737Z -- Check size of __int128 - done
2026-09-01T21:19:14.9236090Z -- Check size of uint64_t
2026-09-01T21:19:15.3020086Z -- Check size of uint64_t - done
2026-09-01T21:19:15.3020686Z -- NATIVEINT is set to 64
2026-09-01T21:19:15.3020958Z -- MATHBACKEND is set to 4
2026-09-01T21:19:15.3021297Z -- MATHBACKEND set to 4. Setting WITH_BE4 to ON
2026-09-01T21:19:16.6887385Z -- Found OpenMP_C: -fopenmp (found version "5.2")
2026-09-01T21:19:17.1736038Z -- Found OpenMP_CXX: -fopenmp (found version "5.2")
2026-09-01T21:19:17.1739704Z -- Found OpenMP: TRUE (found version "5.2")
2026-09-01T21:19:17.1913566Z -- Found Git: D:/a/_temp/msys64/usr/bin/git.exe (found version "2.55.0")
2026-09-01T21:19:17.1914082Z -- Submodule update
2026-09-01T21:19:17.8537519Z Synchronizing submodule url for 'third-party/cereal'
2026-09-01T21:19:17.8842628Z Synchronizing submodule url for 'third-party/google-benchmark'
2026-09-01T21:19:17.9118656Z Synchronizing submodule url for 'third-party/google-test'
2026-09-01T21:19:17.9414797Z Synchronizing submodule url for 'third-party/gperftools'
2026-09-01T21:19:18.5302661Z -- Configuring done (7.5s)
2026-09-01T21:19:19.3235493Z -- Generating done (0.8s)
2026-09-01T21:19:19.3248830Z -- Build files have been written to: C:/openfhe-2023-1788/openfhe-build-33560196603-1
2026-09-01T21:19:19.3533705Z ##[group]Run build="$(cygpath -u "$OPENFHE_BUILD")"
2026-09-01T21:19:19.3534399Z [36;1mbuild="$(cygpath -u "$OPENFHE_BUILD")"[0m
2026-09-01T21:19:19.3534747Z [36;1mcmake --build "$build" --parallel 2[0m
2026-09-01T21:19:19.3535060Z [36;1mcmake --install "$build"[0m
2026-09-01T21:19:19.3537408Z shell: D:\a\_temp\setup-msys2\msys2.CMD {0}
2026-09-01T21:19:19.3537717Z env:
2026-09-01T21:19:19.3538039Z   OPENFHE_COMMIT: df495ba2e91739a6dc8f1de254fc5a41155ce504
2026-09-01T21:19:19.3538477Z   OPENFHE_PREFIX: C:\openfhe-2023-1788\openfhe-install
2026-09-01T21:19:19.3538817Z   WINDOWS_ROOT: C:\openfhe-2023-1788
2026-09-01T21:19:19.3539152Z   PROJECT_SOURCE: C:\openfhe-2023-1788\cleanroom
2026-09-01T21:19:19.3539505Z   OPENFHE_SOURCE: C:\openfhe-2023-1788\openfhe-src
2026-09-01T21:19:19.3539904Z   OPENFHE_BUILD: C:\openfhe-2023-1788\openfhe-build-33560196603-1
2026-09-01T21:19:19.3540327Z   PROJECT_BUILD: C:\openfhe-2023-1788\project-build-33560196603-1
2026-09-01T21:19:19.3540773Z   MSYSTEM: MINGW64
2026-09-01T21:19:19.3541024Z ##[endgroup]
2026-09-01T21:19:19.7783029Z -- Copied demoData files
2026-09-01T21:19:19.8309706Z [  0%] Built target third-party
2026-09-01T21:19:19.9588823Z [  1%] Building CXX object src/core/CMakeFiles/coreobj.dir/lib/lattice/constants-lattice-impl.cpp.obj
2026-09-01T21:19:19.9663219Z [  2%] Building CXX object src/core/CMakeFiles/coreobj.dir/lib/lattice/lattice.cpp.obj
2026-09-01T21:19:20.6736126Z [  3%] Building CXX object src/core/CMakeFiles/coreobj.dir/lib/lattice/stdlatticeparms.cpp.obj
2026-09-01T21:19:21.7134981Z [  4%] Building CXX object src/core/CMakeFiles/coreobj.dir/lib/lattice/trapdoor-dcrtpoly.cpp.obj
2026-09-01T21:19:29.5696782Z [  5%] Building CXX object src/core/CMakeFiles/coreobj.dir/lib/lattice/trapdoor-poly.cpp.obj
2026-09-01T21:19:39.1749995Z [  6%] Building CXX object src/core/CMakeFiles/coreobj.dir/lib/math/chebyshev.cpp.obj
2026-09-01T21:19:39.9512645Z [  6%] Building CXX object src/core/CMakeFiles/coreobj.dir/lib/math/dftransform.cpp.obj
2026-09-01T21:19:40.4168285Z Terminate batch job (Y/N)? 
2026-09-01T21:19:40.4173545Z ^C
2026-09-01T21:19:40.4305370Z ##[error]The operation was canceled.
2026-09-01T21:19:40.4458481Z Cleaning up orphan processes
