2026-08-31T18:35:37.0738322Z Current runner version: '2.336.0'
2026-08-31T18:35:37.0773607Z ##[group]Runner Image Provisioner
2026-08-31T18:35:37.0774977Z Hosted Compute Agent
2026-08-31T18:35:37.0775956Z Version: 20260819.586
2026-08-31T18:35:37.0776871Z Commit: 3cc4a88dfa507ef76119ad1bb3eccc6378bb2b76
2026-08-31T18:35:37.0777879Z Build Date: 2026-08-18T23:20:18Z
2026-08-31T18:35:37.0778747Z Worker ID: {4442a1e8-fccf-4164-a1da-cc1a1aca8925}
2026-08-31T18:35:37.0780181Z Azure Region: eastus
2026-08-31T18:35:37.0780895Z ##[endgroup]
2026-08-31T18:35:37.0782943Z ##[group]Operating System
2026-08-31T18:35:37.0783838Z Microsoft Windows Server 2022
2026-08-31T18:35:37.0784671Z 10.0.20348
2026-08-31T18:35:37.0785370Z Datacenter
2026-08-31T18:35:37.0786078Z ##[endgroup]
2026-08-31T18:35:37.0786804Z ##[group]Runner Image
2026-08-31T18:35:37.0787597Z Image: windows-2022
2026-08-31T18:35:37.0788346Z Version: 20260824.284.2
2026-08-31T18:35:37.0790422Z Included Software: https://github.com/actions/runner-images/blob/win22/20260824.284/images/windows/Windows2022-Readme.md
2026-08-31T18:35:37.0792784Z Image Release: https://github.com/actions/runner-images/releases/tag/win22%2F20260824.284
2026-08-31T18:35:37.0794160Z ##[endgroup]
2026-08-31T18:35:37.0795608Z ##[group]GITHUB_TOKEN Permissions
2026-08-31T18:35:37.0798615Z Contents: read
2026-08-31T18:35:37.0799530Z Metadata: read
2026-08-31T18:35:37.0800395Z ##[endgroup]
2026-08-31T18:35:37.0803173Z Secret source: Actions
2026-08-31T18:35:37.0804930Z Prepare workflow directory
2026-08-31T18:35:37.1316447Z Prepare all required actions
2026-08-31T18:35:37.1367927Z Getting action download info
2026-08-31T18:35:37.2782138Z Download action repository 'msys2/setup-msys2@v2' (SHA:66cd2cce69caa17b53920067426061ca1de3a884)
2026-08-31T18:35:37.4654703Z Complete job name: windows-mingw64
2026-08-31T18:35:37.6021904Z ##[group]Run git config --global core.autocrlf false
2026-08-31T18:35:37.6022860Z [36;1mgit config --global core.autocrlf false[0m
2026-08-31T18:35:37.6023487Z [36;1mgit config --global core.eol lf[0m
2026-08-31T18:35:37.6024581Z [36;1mNew-Item -ItemType Directory -Path $env:WINDOWS_ROOT | Out-Null[0m
2026-08-31T18:35:37.6025341Z [36;1m[0m
2026-08-31T18:35:37.6025734Z [36;1mgit init $env:PROJECT_SOURCE[0m
2026-08-31T18:35:37.6026563Z [36;1mgit -C $env:PROJECT_SOURCE remote add origin https://github.com/leemaple/20231788..git[0m
2026-08-31T18:35:37.6027572Z [36;1mgit -C $env:PROJECT_SOURCE fetch --depth 1 origin $env:GITHUB_SHA[0m
2026-08-31T18:35:37.6028379Z [36;1mgit -C $env:PROJECT_SOURCE checkout --detach FETCH_HEAD[0m
2026-08-31T18:35:37.6029173Z [36;1m$projectActual = git -C $env:PROJECT_SOURCE rev-parse HEAD[0m
2026-08-31T18:35:37.6029915Z [36;1mif ($projectActual -ne $env:GITHUB_SHA) {[0m
2026-08-31T18:35:37.6030643Z [36;1m  throw "Project checkout mismatch: $projectActual"[0m
2026-08-31T18:35:37.6031240Z [36;1m}[0m
2026-08-31T18:35:37.6031621Z [36;1m[0m
2026-08-31T18:35:37.6032007Z [36;1mgit init $env:OPENFHE_SOURCE[0m
2026-08-31T18:35:37.6032909Z [36;1mgit -C $env:OPENFHE_SOURCE remote add origin https://github.com/openfheorg/openfhe-development.git[0m
2026-08-31T18:35:37.6033999Z [36;1mgit -C $env:OPENFHE_SOURCE fetch --depth 1 origin $env:OPENFHE_COMMIT[0m
2026-08-31T18:35:37.6034823Z [36;1mgit -C $env:OPENFHE_SOURCE checkout --detach FETCH_HEAD[0m
2026-08-31T18:35:37.6035666Z [36;1mgit -C $env:OPENFHE_SOURCE submodule update --init --recursive --depth 1[0m
2026-08-31T18:35:37.6036386Z [36;1m[0m
2026-08-31T18:35:37.6036940Z [36;1m$projectStatus = @(git -C $env:PROJECT_SOURCE status --porcelain)[0m
2026-08-31T18:35:37.6037682Z [36;1mif ($projectStatus.Count -ne 0) {[0m
2026-08-31T18:35:37.6038383Z [36;1m  throw "Project checkout is dirty: $($projectStatus -join '; ')"[0m
2026-08-31T18:35:37.6039054Z [36;1m}[0m
2026-08-31T18:35:37.6039600Z [36;1m$openfheStatus = @(git -C $env:OPENFHE_SOURCE status --porcelain)[0m
2026-08-31T18:35:37.6040313Z [36;1mif ($openfheStatus.Count -ne 0) {[0m
2026-08-31T18:35:37.6042601Z [36;1m  throw "OpenFHE checkout is dirty: $($openfheStatus -join '; ')"[0m
2026-08-31T18:35:37.6043319Z [36;1m}[0m
2026-08-31T18:35:37.7996111Z shell: C:\Program Files\PowerShell\7\pwsh.EXE -command ". '{0}'"
2026-08-31T18:35:37.7997224Z env:
2026-08-31T18:35:37.7997818Z   OPENFHE_COMMIT: df495ba2e91739a6dc8f1de254fc5a41155ce504
2026-08-31T18:35:37.7998592Z   OPENFHE_PREFIX: C:\openfhe-2023-1788\openfhe-install
2026-08-31T18:35:37.7999261Z   WINDOWS_ROOT: C:\openfhe-2023-1788
2026-08-31T18:35:37.8000012Z   PROJECT_SOURCE: C:\openfhe-2023-1788\cleanroom
2026-08-31T18:35:37.8000701Z   OPENFHE_SOURCE: C:\openfhe-2023-1788\openfhe-src
2026-08-31T18:35:37.8001520Z   OPENFHE_BUILD: C:\openfhe-2023-1788\openfhe-build-33425868973-1
2026-08-31T18:35:37.8002409Z   PROJECT_BUILD: C:\openfhe-2023-1788\project-build-33425868973-1
2026-08-31T18:35:37.8003107Z ##[endgroup]
2026-08-31T18:35:38.7143401Z Initialized empty Git repository in C:/openfhe-2023-1788/cleanroom/.git/
2026-08-31T18:35:40.7179005Z From https://github.com/leemaple/20231788.
2026-08-31T18:35:40.7179648Z  * branch            f3db12ef9fb0d13df0f779157eed168b8d582ea4 -> FETCH_HEAD
2026-08-31T18:35:40.8828603Z HEAD is now at f3db12e test: add Tensor2 API compile red
2026-08-31T18:35:40.9705322Z Initialized empty Git repository in C:/openfhe-2023-1788/openfhe-src/.git/
2026-08-31T18:35:41.8145412Z From https://github.com/openfheorg/openfhe-development
2026-08-31T18:35:41.8146250Z  * branch            df495ba2e91739a6dc8f1de254fc5a41155ce504 -> FETCH_HEAD
2026-08-31T18:35:42.6108632Z HEAD is now at df495ba Merge pull request #1130 from openfheorg/dev
2026-08-31T18:35:44.0706929Z Submodule 'third-party/cereal' (https://github.com/openfheorg/cereal.git) registered for path 'third-party/cereal'
2026-08-31T18:35:44.0728524Z Submodule 'third-party/google-benchmark' (https://github.com/google/benchmark.git) registered for path 'third-party/google-benchmark'
2026-08-31T18:35:44.0747338Z Submodule 'third-party/google-test' (https://github.com/google/googletest.git) registered for path 'third-party/google-test'
2026-08-31T18:35:44.0794073Z Submodule 'third-party/gperftools' (https://github.com/gperftools/gperftools.git) registered for path 'third-party/gperftools'
2026-08-31T18:35:44.1296709Z Cloning into 'C:/openfhe-2023-1788/openfhe-src/third-party/cereal'...
2026-08-31T18:35:44.5675575Z Cloning into 'C:/openfhe-2023-1788/openfhe-src/third-party/google-benchmark'...
2026-08-31T18:35:45.5675843Z Cloning into 'C:/openfhe-2023-1788/openfhe-src/third-party/google-test'...
2026-08-31T18:35:45.9737999Z Cloning into 'C:/openfhe-2023-1788/openfhe-src/third-party/gperftools'...
2026-08-31T18:35:46.9735664Z Submodule path 'third-party/cereal': checked out '984e3f194862b17916536b5fade40cba6e47a6fe'
2026-08-31T18:35:47.7870902Z From https://github.com/google/benchmark
2026-08-31T18:35:47.7871476Z  * branch            eddb0241389718a23a42db6af5f0164b6e0139af -> FETCH_HEAD
2026-08-31T18:35:48.1664552Z Submodule path 'third-party/google-benchmark': checked out 'eddb0241389718a23a42db6af5f0164b6e0139af'
2026-08-31T18:35:48.9918186Z From https://github.com/google/googletest
2026-08-31T18:35:48.9918962Z  * branch            52eb8108c5bdec04579160ae17225d66034bd723 -> FETCH_HEAD
2026-08-31T18:35:49.5528575Z Submodule path 'third-party/google-test': checked out '52eb8108c5bdec04579160ae17225d66034bd723'
2026-08-31T18:35:50.7237750Z From https://github.com/gperftools/gperftools
2026-08-31T18:35:50.7238456Z  * branch            83edb60836d87cf1b406e8846b9059c03031e8f5 -> FETCH_HEAD
2026-08-31T18:35:52.2212396Z Submodule path 'third-party/gperftools': checked out '83edb60836d87cf1b406e8846b9059c03031e8f5'
2026-08-31T18:35:52.5329106Z ##[group]Run msys2/setup-msys2@v2
2026-08-31T18:35:52.5329454Z with:
2026-08-31T18:35:52.5329645Z   msystem: MINGW64
2026-08-31T18:35:52.5329838Z   update: true
2026-08-31T18:35:52.5330011Z   cache: false
2026-08-31T18:35:52.5330328Z   install: git make mingw-w64-x86_64-boost mingw-w64-x86_64-cmake mingw-w64-x86_64-gcc
2026-08-31T18:35:52.5331608Z   path-type: minimal
2026-08-31T18:35:52.5331812Z   release: true
2026-08-31T18:35:52.5332026Z   platform-check-severity: fatal
2026-08-31T18:35:52.5332264Z env:
2026-08-31T18:35:52.5332500Z   OPENFHE_COMMIT: df495ba2e91739a6dc8f1de254fc5a41155ce504
2026-08-31T18:35:52.5332873Z   OPENFHE_PREFIX: C:\openfhe-2023-1788\openfhe-install
2026-08-31T18:35:52.5333179Z   WINDOWS_ROOT: C:\openfhe-2023-1788
2026-08-31T18:35:52.5333463Z   PROJECT_SOURCE: C:\openfhe-2023-1788\cleanroom
2026-08-31T18:35:52.5333768Z   OPENFHE_SOURCE: C:\openfhe-2023-1788\openfhe-src
2026-08-31T18:35:52.5334174Z   OPENFHE_BUILD: C:\openfhe-2023-1788\openfhe-build-33425868973-1
2026-08-31T18:35:52.5334574Z   PROJECT_BUILD: C:\openfhe-2023-1788\project-build-33425868973-1
2026-08-31T18:35:52.5334892Z ##[endgroup]
2026-08-31T18:35:52.7013706Z ##[group]Downloading MSYS2...
2026-08-31T18:35:53.2046375Z ##[endgroup]
2026-08-31T18:35:53.2046841Z ##[group]Extracting MSYS2...
2026-08-31T18:35:53.2067026Z [command]C:\hostedtoolcache\windows\msys2-installer\0.0.20260611\x64\base.exe -y
2026-08-31T18:35:53.5162397Z 
2026-08-31T18:35:53.5165298Z 7-Zip SFX 25.01 ZS v1.5.7 R4 (x64) : Copyright (c) 1999-2025 Igor Pavlov, 2016-2026 Tino Reichardt, 2022-2026 Sergey G. Brester : 2026-01-10
2026-08-31T18:35:53.5166357Z 
2026-08-31T18:35:53.5167778Z Extracting archive: C:\hostedtoolcache\windows\msys2-installer\0.0.20260611\x64\base.exe
2026-08-31T18:35:53.5168677Z --
2026-08-31T18:35:53.5169221Z Path = C:\hostedtoolcache\windows\msys2-installer\0.0.20260611\x64\base.exe
2026-08-31T18:35:53.5169820Z Type = 7z
2026-08-31T18:35:53.5169988Z 
2026-08-31T18:35:53.7181591Z   0%
2026-08-31T18:35:53.7181946Z     
2026-08-31T18:35:53.9211402Z   2% 1325 - msys64\usr\lib\perl5\core_perl\CORE\time64_config.h
2026-08-31T18:35:53.9211840Z                                                                
2026-08-31T18:35:54.1244975Z   4% 2456 - msys64\usr\lib\terminfo\68\h19us
2026-08-31T18:35:54.1245501Z                                             
2026-08-31T18:35:54.3274341Z   4% 3668 - msys64\usr\lib\terminfo\74\tvi920b-mc-2p
2026-08-31T18:35:54.5310957Z                                                     
2026-08-31T18:35:54.5311654Z   5% 4802 - msys64\usr\share\bash-completion\completions\lvchange
2026-08-31T18:35:54.7340463Z                                                                  
2026-08-31T18:35:54.7340964Z   9% 5900 - msys64\usr\share\info\gnutls-internals.png.gz
2026-08-31T18:35:54.7341340Z                                                          
2026-08-31T18:35:54.9373532Z  22% 6550 - msys64\usr\share\locale\pa\LC_MESSAGES\grep.mo
2026-08-31T18:35:54.9374741Z                                                           
2026-08-31T18:35:55.1402468Z  32% 7338 - msys64\usr\share\man\man1\nproc.1.gz
2026-08-31T18:35:55.1403025Z                                                 
2026-08-31T18:35:55.3434492Z  33% 8518 - msys64\usr\share\man\man3\insch.3x.gz
2026-08-31T18:35:55.3434915Z                                                  
2026-08-31T18:35:55.5465661Z  39% 9611 - msys64\usr\share\nano\ocaml.nanorc
2026-08-31T18:35:55.5466128Z                                               
2026-08-31T18:35:55.7503999Z  44% 10428 - msys64\usr\share\perl5\core_perl\unicore\lib\Ccc\AR.pl
2026-08-31T18:35:55.7504429Z                                                                    
2026-08-31T18:35:55.9534661Z  46% 11360 - msys64\usr\share\terminfo\61\att5420+nl
2026-08-31T18:35:55.9535225Z                                                     
2026-08-31T18:35:56.1564862Z  47% 12596 - msys64\usr\share\terminfo\6e\ntconsole-50-nti
2026-08-31T18:35:56.1567686Z                                                           
2026-08-31T18:35:56.3549923Z  47% 13822 - msys64\usr\share\terminfo\78\xterm+r5+fkeys
2026-08-31T18:35:56.3550416Z                                                         
2026-08-31T18:35:56.5726826Z  48% 14992 - msys64\usr\share\zoneinfo\posix\Europe\Zaporozhye
2026-08-31T18:35:56.5742405Z                                                               
2026-08-31T18:35:56.7764190Z  50% 16074 - msys64\clang64.exe
2026-08-31T18:35:56.7764920Z                                
2026-08-31T18:35:56.9734658Z  62% 16297 - msys64\usr\bin\msys-gnutlsxx-30.dll
2026-08-31T18:35:56.9735461Z                                                 
2026-08-31T18:35:57.1308120Z  85% 16370 - msys64\usr\bin\pinky.exe
2026-08-31T18:35:57.1308664Z                                      
2026-08-31T18:35:57.1310496Z Everything is Ok
2026-08-31T18:35:57.1329996Z ##[endgroup]
2026-08-31T18:35:57.1330801Z ##[group]Disable Key Refresh...
2026-08-31T18:35:57.1347236Z ##[endgroup]
2026-08-31T18:35:57.1367544Z ##[group]Starting MSYS2 for the first time...
2026-08-31T18:35:57.2224607Z [command]C:\Windows\system32\cmd.exe /D /S /C D:\a\_temp\setup-msys2\msys2.cmd -c "'uname' '-a'"
2026-08-31T18:35:57.3358456Z [1;32mMSYS2 is starting for the first time. Executing the initial setup.[1;0m
2026-08-31T18:35:57.3825782Z Copying skeleton files.
2026-08-31T18:35:57.3827694Z These files are for the users to personalise their msys2 experience.
2026-08-31T18:35:57.3828227Z 
2026-08-31T18:35:57.3828839Z They will never be overwritten nor automatically updated.
2026-08-31T18:35:57.3829442Z 
2026-08-31T18:35:57.4311553Z './.bashrc' -> '/home/runneradmin/.bashrc'
2026-08-31T18:35:57.4480476Z './.bash_profile' -> '/home/runneradmin/.bash_profile'
2026-08-31T18:35:57.4643596Z './.profile' -> '/home/runneradmin/.profile'
2026-08-31T18:35:57.5202795Z 'C:\Windows\system32\drivers\etc\hosts' -> '/etc/hosts'
2026-08-31T18:35:57.5733228Z 'C:\Windows\system32\drivers\etc\protocol' -> '/etc/protocols'
2026-08-31T18:35:57.6214320Z 'C:\Windows\system32\drivers\etc\services' -> '/etc/services'
2026-08-31T18:35:57.6717841Z 'C:\Windows\system32\drivers\etc\networks' -> '/etc/networks'
2026-08-31T18:35:57.8453246Z gpg: /etc/pacman.d/gnupg/trustdb.gpg: trustdb created
2026-08-31T18:35:57.8520940Z gpg: no ultimately trusted keys found
2026-08-31T18:35:58.2243102Z gpg: starting migration from earlier GnuPG versions
2026-08-31T18:35:58.4400822Z gpg: porting secret keys from '/etc/pacman.d/gnupg/secring.gpg' to gpg-agent
2026-08-31T18:35:58.4403941Z gpg: migration succeeded
2026-08-31T18:35:58.4596713Z ==> Generating pacman master key. This may take some time.
2026-08-31T18:35:58.4770347Z gpg: Generating pacman keyring master key...
2026-08-31T18:36:00.8693634Z gpg: directory '/etc/pacman.d/gnupg/openpgp-revocs.d' created
2026-08-31T18:36:00.8966040Z gpg: revocation certificate stored as '/etc/pacman.d/gnupg/openpgp-revocs.d/D571F57A5BFE7CE360F599642DC3F89DCFF079FF.rev'
2026-08-31T18:36:00.8966934Z gpg: Done
2026-08-31T18:36:00.9117033Z ==> Updating trust database...
2026-08-31T18:36:00.9452451Z gpg: marginals needed: 3  completes needed: 1  trust model: pgp
2026-08-31T18:36:00.9452936Z gpg: depth: 0  valid:   1  signed:   0  trust: 0-, 0q, 0n, 0m, 0f, 1u
2026-08-31T18:36:01.0645168Z ==> Appending keys from msys2.gpg...
2026-08-31T18:36:01.6739644Z ==> Locally signing trusted keys in keyring...
2026-08-31T18:36:02.1754366Z   -> Locally signed 5 keys.
2026-08-31T18:36:02.1883031Z ==> Importing owner trust values...
2026-08-31T18:36:02.2048175Z gpg: setting ownertrust to 4
2026-08-31T18:36:02.2048626Z gpg: setting ownertrust to 4
2026-08-31T18:36:02.2048891Z gpg: setting ownertrust to 4
2026-08-31T18:36:02.2049122Z gpg: setting ownertrust to 4
2026-08-31T18:36:02.2049354Z gpg: setting ownertrust to 4
2026-08-31T18:36:02.2289515Z ==> Disabling revoked keys in keyring...
2026-08-31T18:36:02.5183869Z   -> Disabled 4 keys.
2026-08-31T18:36:02.5316937Z ==> Updating trust database...
2026-08-31T18:36:02.5666823Z gpg: marginals needed: 3  completes needed: 1  trust model: pgp
2026-08-31T18:36:02.5689432Z gpg: depth: 0  valid:   1  signed:   5  trust: 0-, 0q, 0n, 0m, 0f, 1u
2026-08-31T18:36:02.5714856Z gpg: depth: 1  valid:   5  signed:   6  trust: 0-, 0q, 0n, 5m, 0f, 0u
2026-08-31T18:36:02.5726328Z gpg: depth: 2  valid:   3  signed:   2  trust: 3-, 0q, 0n, 0m, 0f, 0u
2026-08-31T18:36:02.6069678Z pacman-key (pacman) 6.1.0
2026-08-31T18:36:02.6070379Z Copyright (c) 2010-2024 Pacman Development Team <pacman-dev@lists.archlinux.org>.
2026-08-31T18:36:02.6070738Z 
2026-08-31T18:36:02.6212135Z This is free software; see the source for copying conditions.
2026-08-31T18:36:02.6213325Z There is NO WARRANTY, to the extent permitted by law.
2026-08-31T18:36:02.8127082Z [1;32mInitial setup complete. MSYS2 is now ready to use.[1;0m
2026-08-31T18:36:02.8275625Z MINGW64_NT-10.0-20348 runnervm0js1w 3.6.9-01d6c708.x86_64 2026-05-24 10:45 UTC x86_64 Msys
2026-08-31T18:36:02.8318555Z ##[endgroup]
2026-08-31T18:36:02.8319217Z ##[group]Disable CheckSpace...
2026-08-31T18:36:02.8902971Z [command]C:\Windows\system32\cmd.exe /D /S /C D:\a\_temp\setup-msys2\msys2.cmd -c "'sed' '-i' 's/^CheckSpace/#CheckSpace/g' '/etc/pacman.conf'"
2026-08-31T18:36:03.0696340Z ##[endgroup]
2026-08-31T18:36:03.0696866Z ##[group]Updating packages...
2026-08-31T18:36:03.1252190Z [command]C:\Windows\system32\cmd.exe /D /S /C D:\a\_temp\setup-msys2\msys2.cmd -c "'pacman' '--noconfirm' '-Syuu' '--overwrite' '*'"
2026-08-31T18:36:03.7629282Z :: Synchronizing package databases...
2026-08-31T18:36:05.5837971Z  clangarm64 downloading...
2026-08-31T18:36:05.5838500Z  mingw32 downloading...
2026-08-31T18:36:05.5838761Z  mingw64 downloading...
2026-08-31T18:36:05.5838973Z  ucrt64 downloading...
2026-08-31T18:36:05.5839178Z  clang64 downloading...
2026-08-31T18:36:05.5839376Z  msys downloading...
2026-08-31T18:36:06.0352147Z :: Starting core system upgrade...
2026-08-31T18:36:06.2368074Z warning: terminate other MSYS2 programs before proceeding
2026-08-31T18:36:06.2368481Z resolving dependencies...
2026-08-31T18:36:06.2368729Z looking for conflicting packages...
2026-08-31T18:36:06.2449709Z 
2026-08-31T18:36:06.2450129Z Packages (1) msys2-runtime-3.6.10-3
2026-08-31T18:36:06.2450449Z 
2026-08-31T18:36:06.2450592Z Total Download Size:    1.97 MiB
2026-08-31T18:36:06.2451019Z Total Installed Size:   6.33 MiB
2026-08-31T18:36:06.2451413Z Net Upgrade Size:      -0.20 MiB
2026-08-31T18:36:06.2451667Z 
2026-08-31T18:36:06.2451904Z :: Proceed with installation? [Y/n] 
2026-08-31T18:36:06.2452337Z :: Retrieving packages...
2026-08-31T18:36:08.7658936Z  msys2-runtime-3.6.10-3-x86_64 downloading...
2026-08-31T18:36:08.7659306Z checking keyring...
2026-08-31T18:36:08.8210470Z checking package integrity...
2026-08-31T18:36:08.9854994Z loading package files...
2026-08-31T18:36:08.9878554Z checking for file conflicts...
2026-08-31T18:36:08.9898904Z :: Processing package changes...
2026-08-31T18:36:08.9899371Z upgrading msys2-runtime...
2026-08-31T18:36:09.1309688Z :: To complete this update all MSYS2 processes including this terminal will be closed. Confirm to proceed [Y/n] 
2026-08-31T18:36:09.3795914Z ##[endgroup]
2026-08-31T18:36:09.3796377Z ##[group]Killing remaining tasks...
2026-08-31T18:36:09.4371847Z [command]C:\Windows\system32\taskkill.exe /F /FI "MODULES eq msys-2.0.dll"
2026-08-31T18:36:09.5990334Z 
2026-08-31T18:36:09.5992659Z INFO: No tasks running with the specified criteria.
2026-08-31T18:36:09.6021541Z ##[endgroup]
2026-08-31T18:36:09.6021970Z ##[group]Final system upgrade...
2026-08-31T18:36:09.6590453Z [command]C:\Windows\system32\cmd.exe /D /S /C D:\a\_temp\setup-msys2\msys2.cmd -c "'pacman' '--noconfirm' '-Syuu' '--overwrite' '*'"
2026-08-31T18:36:10.2890088Z :: Synchronizing package databases...
2026-08-31T18:36:11.2671143Z  clangarm64 downloading...
2026-08-31T18:36:11.2671595Z  mingw32 downloading...
2026-08-31T18:36:11.2671939Z  mingw64 downloading...
2026-08-31T18:36:11.2672585Z  ucrt64 downloading...
2026-08-31T18:36:11.2672888Z  clang64 downloading...
2026-08-31T18:36:11.2673173Z  msys downloading...
2026-08-31T18:36:11.7075224Z :: Starting core system upgrade...
2026-08-31T18:36:11.8999631Z  there is nothing to do
2026-08-31T18:36:11.9000094Z :: Starting full system upgrade...
2026-08-31T18:36:11.9351273Z resolving dependencies...
2026-08-31T18:36:11.9403292Z looking for conflicting packages...
2026-08-31T18:36:11.9514994Z 
2026-08-31T18:36:11.9518255Z Packages (31) bash-completion-2.18.0-1  bsdtar-3.8.9-1  ca-certificates-20260816-1  curl-8.21.0-1  findutils-4.11.0-2  gawk-5.4.1-1  gcc-libs-15.3.0-1  gnupg-2.4.9-3  libcurl-8.21.0-1  libexpat-2.8.3-1  libffi-3.8.0-1  libgnutls-3.8.13-2  libhogweed-4.0-1  libnettle-4.0-1  libnghttp2-1.70.0-1  libnghttp3-1.18.0-1  libngtcp2-1.25.0-1  libopenssl-3.6.4-1  libp11-kit-0.26.5-1  libpsl-0.23.2-1  libsqlite-3.53.4-1  msys2-keyring-1~20260814-1  nano-9.2-1  nettle-4.0-1  openssl-3.6.4-1  p11-kit-0.26.5-1  pacman-contrib-1.10.6-2  perl-5.42.3-1  pinentry-1.3.3-1  tzcode-2026c-1  wget-1.25.0-2
2026-08-31T18:36:11.9521647Z 
2026-08-31T18:36:11.9521809Z Total Download Size:    27.05 MiB
2026-08-31T18:36:11.9522280Z Total Installed Size:  108.42 MiB
2026-08-31T18:36:11.9522697Z Net Upgrade Size:       -1.02 MiB
2026-08-31T18:36:11.9522955Z 
2026-08-31T18:36:11.9523221Z :: Proceed with installation? [Y/n] 
2026-08-31T18:36:11.9523665Z :: Retrieving packages...
2026-08-31T18:36:15.0149127Z  perl-5.42.3-1-x86_64 downloading...
2026-08-31T18:36:15.0149551Z  pacman-contrib-1.10.6-2-x86_64 downloading...
2026-08-31T18:36:15.0149865Z  gnupg-2.4.9-3-x86_64 downloading...
2026-08-31T18:36:15.0150127Z  libopenssl-3.6.4-1-x86_64 downloading...
2026-08-31T18:36:15.0150394Z  gawk-5.4.1-1-x86_64 downloading...
2026-08-31T18:36:15.0150641Z  libgnutls-3.8.13-2-x86_64 downloading...
2026-08-31T18:36:15.0150909Z  gcc-libs-15.3.0-1-x86_64 downloading...
2026-08-31T18:36:15.0151166Z  curl-8.21.0-1-x86_64 downloading...
2026-08-31T18:36:15.0151435Z  wget-1.25.0-2-x86_64 downloading...
2026-08-31T18:36:15.0151681Z  libsqlite-3.53.4-1-x86_64 downloading...
2026-08-31T18:36:15.0151963Z  nano-9.2-1-x86_64 downloading...
2026-08-31T18:36:15.0152212Z  openssl-3.6.4-1-x86_64 downloading...
2026-08-31T18:36:15.0152473Z  findutils-4.11.0-2-x86_64 downloading...
2026-08-31T18:36:15.0152737Z  p11-kit-0.26.5-1-x86_64 downloading...
2026-08-31T18:36:15.0153027Z  ca-certificates-20260816-1-any downloading...
2026-08-31T18:36:15.0153308Z  libcurl-8.21.0-1-x86_64 downloading...
2026-08-31T18:36:15.0153610Z  bsdtar-3.8.9-1-x86_64 downloading...
2026-08-31T18:36:15.0153854Z  tzcode-2026c-1-x86_64 downloading...
2026-08-31T18:36:15.0154104Z  libp11-kit-0.26.5-1-x86_64 downloading...
2026-08-31T18:36:15.0154384Z  bash-completion-2.18.0-1-any downloading...
2026-08-31T18:36:15.0154671Z  libhogweed-4.0-1-x86_64 downloading...
2026-08-31T18:36:15.0154923Z  libngtcp2-1.25.0-1-x86_64 downloading...
2026-08-31T18:36:15.0155178Z  libnettle-4.0-1-x86_64 downloading...
2026-08-31T18:36:15.0155427Z  nettle-4.0-1-x86_64 downloading...
2026-08-31T18:36:15.0155668Z  libpsl-0.23.2-1-x86_64 downloading...
2026-08-31T18:36:15.0155919Z  libnghttp3-1.18.0-1-x86_64 downloading...
2026-08-31T18:36:15.0156198Z  libnghttp2-1.70.0-1-x86_64 downloading...
2026-08-31T18:36:15.0156457Z  libexpat-2.8.3-1-x86_64 downloading...
2026-08-31T18:36:15.0156719Z  pinentry-1.3.3-1-x86_64 downloading...
2026-08-31T18:36:15.0156988Z  msys2-keyring-1~20260814-1-any downloading...
2026-08-31T18:36:15.0157269Z  libffi-3.8.0-1-x86_64 downloading...
2026-08-31T18:36:15.0157690Z checking keyring...
2026-08-31T18:36:15.0716133Z checking package integrity...
2026-08-31T18:36:19.6511901Z loading package files...
2026-08-31T18:36:19.7270828Z checking for file conflicts...
2026-08-31T18:36:19.7799447Z :: Running pre-transaction hooks...
2026-08-31T18:36:19.7799900Z (1/1) Removing old entries from the info directory file...
2026-08-31T18:36:19.9025056Z :: Processing package changes...
2026-08-31T18:36:19.9025845Z upgrading bash-completion...
2026-08-31T18:36:20.6836481Z upgrading gcc-libs...
2026-08-31T18:36:20.7014539Z upgrading libexpat...
2026-08-31T18:36:20.7058286Z upgrading libopenssl...
2026-08-31T18:36:20.7334000Z upgrading bsdtar...
2026-08-31T18:36:20.7424712Z upgrading openssl...
2026-08-31T18:36:20.8365612Z upgrading findutils...
2026-08-31T18:36:20.9022245Z upgrading libffi...
2026-08-31T18:36:20.9116663Z upgrading libp11-kit...
2026-08-31T18:36:20.9187509Z upgrading p11-kit...
2026-08-31T18:36:21.0504646Z upgrading ca-certificates...
2026-08-31T18:36:21.6014328Z upgrading libnghttp3...
2026-08-31T18:36:21.6070743Z upgrading libngtcp2...
2026-08-31T18:36:21.6145398Z upgrading libnghttp2...
2026-08-31T18:36:21.6227260Z upgrading libpsl...
2026-08-31T18:36:21.6309071Z upgrading libcurl...
2026-08-31T18:36:21.6370319Z upgrading curl...
2026-08-31T18:36:22.0173486Z upgrading gawk...
2026-08-31T18:36:22.1072800Z upgrading libhogweed...
2026-08-31T18:36:22.1115191Z upgrading libnettle...
2026-08-31T18:36:22.1161973Z upgrading libgnutls...
2026-08-31T18:36:22.1615206Z upgrading libsqlite...
2026-08-31T18:36:22.1715015Z upgrading nettle...
2026-08-31T18:36:22.1787490Z upgrading pinentry...
2026-08-31T18:36:22.1842994Z upgrading gnupg...
2026-08-31T18:36:26.7331195Z ==> Appending keys from msys2.gpg...
2026-08-31T18:36:27.2989992Z ==> Updating trust database...
2026-08-31T18:36:27.3152862Z gpg: no need for a trustdb check
2026-08-31T18:36:27.4011683Z upgrading msys2-keyring...
2026-08-31T18:36:27.7330417Z ==> Appending keys from msys2.gpg...
2026-08-31T18:36:28.3321009Z ==> Updating trust database...
2026-08-31T18:36:28.3497453Z gpg: next trustdb check due at 2027-02-10
2026-08-31T18:36:28.4348731Z upgrading nano...
2026-08-31T18:36:28.5319552Z upgrading pacman-contrib...
2026-08-31T18:36:28.5966729Z New optional dependencies for pacman-contrib
2026-08-31T18:36:28.5967305Z     perl: for pacsearch [installed]
2026-08-31T18:36:28.5967781Z     vim: default diff program for pacdiff
2026-08-31T18:36:28.5968210Z upgrading perl...
2026-08-31T18:36:30.1386207Z upgrading tzcode...
2026-08-31T18:36:31.7439511Z upgrading wget...
2026-08-31T18:36:31.8477530Z :: Running post-transaction hooks...
2026-08-31T18:36:31.8477953Z (1/1) Updating the info directory file...
2026-08-31T18:36:33.5795651Z ##[endgroup]
2026-08-31T18:36:33.5797082Z ##[group]Installing additional packages through pacman...
2026-08-31T18:36:33.6361267Z [command]C:\Windows\system32\cmd.exe /D /S /C D:\a\_temp\setup-msys2\msys2.cmd -c "'pacman' '--noconfirm' '-S' '--needed' '--overwrite' '*' 'git' 'make' 'mingw-w64-x86_64-boost' 'mingw-w64-x86_64-cmake' 'mingw-w64-x86_64-gcc'"
2026-08-31T18:36:34.4777554Z resolving dependencies...
2026-08-31T18:36:34.4822686Z looking for conflicting packages...
2026-08-31T18:36:34.4971645Z 
2026-08-31T18:36:34.4991715Z Packages (89) heimdal-7.8.0-5  heimdal-libs-7.8.0-5  libcbor-0.14.0-2  libedit-20240808_3.1-1  libfido2-1.17.0-1  mingw-w64-x86_64-binutils-2.47-3  mingw-w64-x86_64-boost-libs-1.91.0-3  mingw-w64-x86_64-brotli-1.2.0-1  mingw-w64-x86_64-bzip2-1.0.8-4  mingw-w64-x86_64-c-ares-1.34.8-1  mingw-w64-x86_64-ca-certificates-20260816-1  mingw-w64-x86_64-cppdap-1.65.r11.g6464cd7-1  mingw-w64-x86_64-crt-14.0.0.r302.gd7f3c5201-1  mingw-w64-x86_64-curl-8.21.0-2  mingw-w64-x86_64-expat-2.8.3-1  mingw-w64-x86_64-gcc-libs-16.2.0-3  mingw-w64-x86_64-gettext-runtime-1.0-1  mingw-w64-x86_64-gmp-6.3.0-2  mingw-w64-x86_64-gnutls-3.8.13-3  mingw-w64-x86_64-headers-14.0.0.r302.gd7f3c5201-1  mingw-w64-x86_64-icu-78.3-4  mingw-w64-x86_64-isl-0.28-1  mingw-w64-x86_64-jsoncpp-1.9.8-1  mingw-w64-x86_64-libarchive-3.8.9-5  mingw-w64-x86_64-libb2-0.98.1-3  mingw-w64-x86_64-libffi-3.8.0-1  mingw-w64-x86_64-libiconv-1.19-1  mingw-w64-x86_64-libidn2-2.3.8-4  mingw-w64-x86_64-libpsl-0.21.5-3  mingw-w64-x86_64-libssh2-1.11.1-2  mingw-w64-x86_64-libtasn1-4.21.0-1  mingw-w64-x86_64-libunistring-1.4.2-1  mingw-w64-x86_64-libuv-1.52.1-1  mingw-w64-x86_64-libwinpthread-14.0.0.r302.gd7f3c5201-1  mingw-w64-x86_64-lz4-1.10.0-1  mingw-w64-x86_64-mpc-1.4.1-1  mingw-w64-x86_64-mpfr-4.2.2-3  mingw-w64-x86_64-nettle-4.0-1  mingw-w64-x86_64-nghttp2-1.70.0-1  mingw-w64-x86_64-nghttp3-1.18.0-1  mingw-w64-x86_64-ngtcp2-1.25.0-1  mingw-w64-x86_64-ninja-1.13.2-1  mingw-w64-x86_64-openssl-3.6.4-1  mingw-w64-x86_64-p11-kit-0.26.5-1  mingw-w64-x86_64-pcre2-10.47-1  mingw-w64-x86_64-pkgconf-1~3.0.5-1  mingw-w64-x86_64-rhash-1.4.6-1  mingw-w64-x86_64-tzdata-2026c-1  mingw-w64-x86_64-windows-default-manifest-20260815-1  mingw-w64-x86_64-wineditline-2.208-1  mingw-w64-x86_64-winpthreads-14.0.0.r302.gd7f3c5201-1  mingw-w64-x86_64-xz-5.8.3-1  mingw-w64-x86_64-zlib-1.3.2-2  mingw-w64-x86_64-zstd-1.5.7-2  openssh-10.5p1-2  perl-Authen-SASL-2.2000-1  perl-Clone-0.50-2  perl-Convert-BinHex-1.125-2  perl-Encode-Locale-1.05-2  perl-Error-0.17030-1  perl-File-Listing-6.16-1  perl-HTML-Parser-3.85-1  perl-HTML-Tagset-3.24-1  perl-HTTP-Cookies-6.12-1  perl-HTTP-Daemon-6.17-1  perl-HTTP-Date-6.08-1  perl-HTTP-Message-7.04-1  perl-HTTP-Negotiate-6.01-3  perl-IO-HTML-1.004-2  perl-IO-Socket-SSL-2.099-1  perl-IO-Stringy-2.113-3  perl-LWP-MediaTypes-6.04-2  perl-MIME-tools-5.517-1  perl-MailTools-2.22-1  perl-Net-HTTP-6.24-1  perl-Net-SMTP-SSL-1.04-2  perl-Net-SSLeay-1.96-1  perl-TermReadKey-2.38-8  perl-TimeDate-2.35-1  perl-Try-Tiny-0.32-1  perl-URI-5.36-1  perl-WWW-RobotRules-6.03-1  perl-http-cookiejar-0.014-1  perl-libwww-6.83-2  git-2.55.0-1  make-4.4.1-3  mingw-w64-x86_64-boost-1.91.0-3  mingw-w64-x86_64-cmake-4.4.2-2  mingw-w64-x86_64-gcc-16.2.0-3
2026-08-31T18:36:34.5009924Z 
2026-08-31T18:36:34.5010337Z Total Download Size:    154.18 MiB
2026-08-31T18:36:34.5011039Z Total Installed Size:  1023.08 MiB
2026-08-31T18:36:34.5011294Z 
2026-08-31T18:36:34.5011509Z :: Proceed with installation? [Y/n] 
2026-08-31T18:36:34.5011932Z :: Retrieving packages...
2026-08-31T18:36:47.8404821Z  mingw-w64-x86_64-gcc-16.2.0-3-any downloading...
2026-08-31T18:36:47.8405417Z  mingw-w64-x86_64-icu-78.3-4-any downloading...
2026-08-31T18:36:47.8405927Z  mingw-w64-x86_64-boost-1.91.0-3-any downloading...
2026-08-31T18:36:47.8406397Z  mingw-w64-x86_64-cmake-4.4.2-2-any downloading...
2026-08-31T18:36:47.8406814Z  mingw-w64-x86_64-openssl-3.6.4-1-any downloading...
2026-08-31T18:36:47.8407227Z  git-2.55.0-1-x86_64 downloading...
2026-08-31T18:36:47.8407680Z  mingw-w64-x86_64-headers-14.0.0.r302.gd7f3c5201-1-any downloading...
2026-08-31T18:36:47.8408306Z  mingw-w64-x86_64-binutils-2.47-3-any downloading...
2026-08-31T18:36:47.8408867Z  mingw-w64-x86_64-crt-14.0.0.r302.gd7f3c5201-1-any downloading...
2026-08-31T18:36:47.8409461Z  mingw-w64-x86_64-boost-libs-1.91.0-3-any downloading...
2026-08-31T18:36:47.8409962Z  mingw-w64-x86_64-gnutls-3.8.13-3-any downloading...
2026-08-31T18:36:47.8410312Z  mingw-w64-x86_64-libarchive-3.8.9-5-any downloading...
2026-08-31T18:36:47.8410641Z  mingw-w64-x86_64-curl-8.21.0-2-any downloading...
2026-08-31T18:36:47.8410946Z  mingw-w64-x86_64-isl-0.28-1-any downloading...
2026-08-31T18:36:47.8411259Z  mingw-w64-x86_64-pcre2-10.47-1-any downloading...
2026-08-31T18:36:47.8411547Z  openssh-10.5p1-2-x86_64 downloading...
2026-08-31T18:36:47.8411835Z  mingw-w64-x86_64-gcc-libs-16.2.0-3-any downloading...
2026-08-31T18:36:47.8412173Z  mingw-w64-x86_64-libunistring-1.4.2-1-any downloading...
2026-08-31T18:36:47.8412496Z  heimdal-libs-7.8.0-5-x86_64 downloading...
2026-08-31T18:36:47.8412795Z  mingw-w64-x86_64-libiconv-1.19-1-any downloading...
2026-08-31T18:36:47.8413101Z  mingw-w64-x86_64-zstd-1.5.7-2-any downloading...
2026-08-31T18:36:47.8413408Z  mingw-w64-x86_64-p11-kit-0.26.5-1-any downloading...
2026-08-31T18:36:47.8413905Z  mingw-w64-x86_64-gmp-6.3.0-2-any downloading...
2026-08-31T18:36:47.8414196Z  mingw-w64-x86_64-nettle-4.0-1-any downloading...
2026-08-31T18:36:47.8414473Z  heimdal-7.8.0-5-x86_64 downloading...
2026-08-31T18:36:47.8414745Z  mingw-w64-x86_64-mpfr-4.2.2-3-any downloading...
2026-08-31T18:36:47.8415089Z  mingw-w64-x86_64-cppdap-1.65.r11.g6464cd7-1-any downloading...
2026-08-31T18:36:47.8415679Z  make-4.4.1-3-x86_64 downloading...
2026-08-31T18:36:47.8415942Z  mingw-w64-x86_64-xz-5.8.3-1-any downloading...
2026-08-31T18:36:47.8416236Z  mingw-w64-x86_64-brotli-1.2.0-1-any downloading...
2026-08-31T18:36:47.8416572Z  mingw-w64-x86_64-gettext-runtime-1.0-1-any downloading...
2026-08-31T18:36:47.8416947Z  mingw-w64-x86_64-ca-certificates-20260816-1-any downloading...
2026-08-31T18:36:47.8417567Z  mingw-w64-x86_64-c-ares-1.34.8-1-any downloading...
2026-08-31T18:36:47.8418045Z  mingw-w64-x86_64-libssh2-1.11.1-2-any downloading...
2026-08-31T18:36:47.8418512Z  mingw-w64-x86_64-ngtcp2-1.25.0-1-any downloading...
2026-08-31T18:36:47.8418998Z  mingw-w64-x86_64-rhash-1.4.6-1-any downloading...
2026-08-31T18:36:47.8419479Z  perl-Net-SSLeay-1.96-1-x86_64 downloading...
2026-08-31T18:36:47.8419942Z  mingw-w64-x86_64-tzdata-2026c-1-any downloading...
2026-08-31T18:36:47.8420397Z  mingw-w64-x86_64-libuv-1.52.1-1-any downloading...
2026-08-31T18:36:47.8420862Z  mingw-w64-x86_64-jsoncpp-1.9.8-1-any downloading...
2026-08-31T18:36:47.8421290Z  mingw-w64-x86_64-nghttp2-1.70.0-1-any downloading...
2026-08-31T18:36:47.8421778Z  mingw-w64-x86_64-libtasn1-4.21.0-1-any downloading...
2026-08-31T18:36:47.8422265Z  mingw-w64-x86_64-expat-2.8.3-1-any downloading...
2026-08-31T18:36:47.8422743Z  mingw-w64-x86_64-ninja-1.13.2-1-any downloading...
2026-08-31T18:36:47.8423230Z  perl-MIME-tools-5.517-1-any downloading...
2026-08-31T18:36:47.8423700Z  mingw-w64-x86_64-libidn2-2.3.8-4-any downloading...
2026-08-31T18:36:47.8424200Z  mingw-w64-x86_64-lz4-1.10.0-1-any downloading...
2026-08-31T18:36:47.8424702Z  perl-IO-Socket-SSL-2.099-1-any downloading...
2026-08-31T18:36:47.8425280Z  mingw-w64-x86_64-pkgconf-1~3.0.5-1-any downloading...
2026-08-31T18:36:47.8425787Z  mingw-w64-x86_64-nghttp3-1.18.0-1-any downloading...
2026-08-31T18:36:47.8426250Z  mingw-w64-x86_64-mpc-1.4.1-1-any downloading...
2026-08-31T18:36:47.8426687Z  perl-libwww-6.83-2-any downloading...
2026-08-31T18:36:47.8427117Z  mingw-w64-x86_64-zlib-1.3.2-2-any downloading...
2026-08-31T18:36:47.8427574Z  perl-URI-5.36-1-any downloading...
2026-08-31T18:36:47.8428020Z  mingw-w64-x86_64-libpsl-0.21.5-3-any downloading...
2026-08-31T18:36:47.8428519Z  mingw-w64-x86_64-bzip2-1.0.8-4-any downloading...
2026-08-31T18:36:47.8428992Z  libedit-20240808_3.1-1-x86_64 downloading...
2026-08-31T18:36:47.8429410Z  libfido2-1.17.0-1-x86_64 downloading...
2026-08-31T18:36:47.8429826Z  perl-HTML-Parser-3.85-1-x86_64 downloading...
2026-08-31T18:36:47.8430317Z  perl-HTTP-Message-7.04-1-any downloading...
2026-08-31T18:36:47.8430628Z  perl-TimeDate-2.35-1-any downloading...
2026-08-31T18:36:47.8430931Z  mingw-w64-x86_64-wineditline-2.208-1-any downloading...
2026-08-31T18:36:47.8431243Z  perl-MailTools-2.22-1-any downloading...
2026-08-31T18:36:47.8431524Z  mingw-w64-x86_64-libffi-3.8.0-1-any downloading...
2026-08-31T18:36:47.8431826Z  perl-IO-Stringy-2.113-3-any downloading...
2026-08-31T18:36:47.8432236Z  mingw-w64-x86_64-winpthreads-14.0.0.r302.gd7f3c5201-1-any downloading...
2026-08-31T18:36:47.8432715Z  perl-Authen-SASL-2.2000-1-any downloading...
2026-08-31T18:36:47.8433093Z  mingw-w64-x86_64-libwinpthread-14.0.0.r302.gd7f3c5201-1-any downloading...
2026-08-31T18:36:47.8433492Z  perl-Convert-BinHex-1.125-2-any downloading...
2026-08-31T18:36:47.8433796Z  mingw-w64-x86_64-libb2-0.98.1-3-any downloading...
2026-08-31T18:36:47.8434083Z  libcbor-0.14.0-2-x86_64 downloading...
2026-08-31T18:36:47.8434350Z  perl-HTTP-Cookies-6.12-1-any downloading...
2026-08-31T18:36:47.8434637Z  perl-Net-HTTP-6.24-1-any downloading...
2026-08-31T18:36:47.8434892Z  perl-Error-0.17030-1-any downloading...
2026-08-31T18:36:47.8435158Z  perl-TermReadKey-2.38-8-x86_64 downloading...
2026-08-31T18:36:47.8435441Z  perl-HTTP-Daemon-6.17-1-any downloading...
2026-08-31T18:36:47.8435724Z  perl-LWP-MediaTypes-6.04-2-any downloading...
2026-08-31T18:36:47.8435996Z  perl-Try-Tiny-0.32-1-any downloading...
2026-08-31T18:36:47.8436568Z  perl-Clone-0.50-2-x86_64 downloading...
2026-08-31T18:36:47.8437114Z  perl-IO-HTML-1.004-2-any downloading...
2026-08-31T18:36:47.8437514Z  perl-WWW-RobotRules-6.03-1-any downloading...
2026-08-31T18:36:47.8437943Z  perl-http-cookiejar-0.014-1-any downloading...
2026-08-31T18:36:47.8438391Z  perl-HTTP-Negotiate-6.01-3-any downloading...
2026-08-31T18:36:47.8438844Z  perl-Encode-Locale-1.05-2-any downloading...
2026-08-31T18:36:47.8440477Z  perl-HTML-Tagset-3.24-1-any downloading...
2026-08-31T18:36:47.8441003Z  perl-File-Listing-6.16-1-any downloading...
2026-08-31T18:36:47.8441469Z  perl-HTTP-Date-6.08-1-any downloading...
2026-08-31T18:36:47.8441923Z  perl-Net-SMTP-SSL-1.04-2-any downloading...
2026-08-31T18:36:47.8442535Z  mingw-w64-x86_64-windows-default-manifest-20260815-1-any downloading...
2026-08-31T18:36:47.8443122Z checking keyring...
2026-08-31T18:36:47.9089097Z checking package integrity...
2026-08-31T18:37:02.4067466Z loading package files...
2026-08-31T18:37:02.7667467Z checking for file conflicts...
2026-08-31T18:37:05.2708044Z :: Processing package changes...
2026-08-31T18:37:05.2708518Z installing libedit...
2026-08-31T18:37:05.3014316Z installing heimdal-libs...
2026-08-31T18:37:05.3208999Z installing heimdal...
2026-08-31T18:37:05.9243948Z installing libcbor...
2026-08-31T18:37:05.9273811Z installing libfido2...
2026-08-31T18:37:05.9309164Z installing openssh...
2026-08-31T18:37:05.9703717Z installing perl-Error...
2026-08-31T18:37:05.9776626Z installing perl-Authen-SASL...
2026-08-31T18:37:05.9983964Z installing perl-Encode-Locale...
2026-08-31T18:37:06.0037872Z installing perl-HTTP-Date...
2026-08-31T18:37:06.0096927Z installing perl-File-Listing...
2026-08-31T18:37:06.0155931Z installing perl-HTML-Tagset...
2026-08-31T18:37:06.0218047Z installing perl-Clone...
2026-08-31T18:37:06.0267690Z installing perl-IO-HTML...
2026-08-31T18:37:06.0322749Z installing perl-LWP-MediaTypes...
2026-08-31T18:37:06.0387868Z installing perl-URI...
2026-08-31T18:37:06.0984710Z installing perl-HTTP-Message...
2026-08-31T18:37:06.1160926Z installing perl-HTML-Parser...
2026-08-31T18:37:06.1299139Z installing perl-HTTP-Cookies...
2026-08-31T18:37:06.1376650Z installing perl-HTTP-Daemon...
2026-08-31T18:37:06.1422002Z installing perl-http-cookiejar...
2026-08-31T18:37:06.1487124Z installing perl-HTTP-Negotiate...
2026-08-31T18:37:06.1531588Z installing perl-Net-HTTP...
2026-08-31T18:37:06.1634916Z installing perl-WWW-RobotRules...
2026-08-31T18:37:06.1722466Z installing perl-Try-Tiny...
2026-08-31T18:37:06.1795007Z installing perl-libwww...
2026-08-31T18:37:06.2127692Z Optional dependencies for perl-libwww
2026-08-31T18:37:06.2128304Z     perl-LWP-Protocol-https: for https:// url schemes
2026-08-31T18:37:06.2128839Z installing perl-TimeDate...
2026-08-31T18:37:06.2759393Z installing perl-MailTools...
2026-08-31T18:37:06.3020219Z installing perl-IO-Stringy...
2026-08-31T18:37:06.3147763Z installing perl-Convert-BinHex...
2026-08-31T18:37:06.4613397Z module test... pass.
2026-08-31T18:37:06.4622966Z installing perl-MIME-tools...
2026-08-31T18:37:06.4987896Z installing perl-Net-SSLeay...
2026-08-31T18:37:06.5663521Z installing perl-IO-Socket-SSL...
2026-08-31T18:37:06.5788680Z installing perl-Net-SMTP-SSL...
2026-08-31T18:37:06.5833263Z installing perl-TermReadKey...
2026-08-31T18:37:06.5905697Z installing git...
2026-08-31T18:37:07.1019242Z Optional dependencies for git
2026-08-31T18:37:07.1022508Z     python: various helper scripts
2026-08-31T18:37:07.1023137Z     subversion: git svn
2026-08-31T18:37:07.1023529Z     aspell: spell checking in git gui
2026-08-31T18:37:07.1023889Z installing make...
2026-08-31T18:37:07.1461057Z installing mingw-w64-x86_64-libwinpthread...
2026-08-31T18:37:07.1505583Z installing mingw-w64-x86_64-tzdata...
2026-08-31T18:37:08.6547654Z installing mingw-w64-x86_64-gcc-libs...
2026-08-31T18:37:08.6755796Z installing mingw-w64-x86_64-bzip2...
2026-08-31T18:37:08.6928398Z installing mingw-w64-x86_64-icu...
2026-08-31T18:37:09.0841240Z installing mingw-w64-x86_64-libiconv...
2026-08-31T18:37:09.1138662Z installing mingw-w64-x86_64-gettext-runtime...
2026-08-31T18:37:09.2358107Z installing mingw-w64-x86_64-xz...
2026-08-31T18:37:09.3536786Z installing mingw-w64-x86_64-zstd...
2026-08-31T18:37:09.3767010Z installing mingw-w64-x86_64-zlib...
2026-08-31T18:37:09.3848269Z installing mingw-w64-x86_64-boost-libs...
2026-08-31T18:37:09.4418943Z installing mingw-w64-x86_64-boost...
2026-08-31T18:37:22.9309897Z Optional dependencies for mingw-w64-x86_64-boost
2026-08-31T18:37:22.9310510Z     mingw-w64-x86_64-python: For Boost.Python
2026-08-31T18:37:22.9311054Z     mingw-w64-x86_64-python-numpy: For Boost.Python (NumPy)
2026-08-31T18:37:22.9311591Z installing mingw-w64-x86_64-cppdap...
2026-08-31T18:37:22.9556915Z installing mingw-w64-x86_64-c-ares...
2026-08-31T18:37:23.0619218Z installing mingw-w64-x86_64-brotli...
2026-08-31T18:37:23.0836039Z installing mingw-w64-x86_64-libunistring...
2026-08-31T18:37:23.1330384Z installing mingw-w64-x86_64-libidn2...
2026-08-31T18:37:23.1682766Z installing mingw-w64-x86_64-libpsl...
2026-08-31T18:37:23.1778725Z installing mingw-w64-x86_64-libtasn1...
2026-08-31T18:37:23.2171578Z installing mingw-w64-x86_64-libffi...
2026-08-31T18:37:23.2334074Z installing mingw-w64-x86_64-p11-kit...
2026-08-31T18:37:23.4202689Z installing mingw-w64-x86_64-ca-certificates...
2026-08-31T18:37:24.0854019Z installing mingw-w64-x86_64-openssl...
2026-08-31T18:37:28.9744797Z Optional dependencies for mingw-w64-x86_64-openssl
2026-08-31T18:37:28.9745393Z     mingw-w64-x86_64-ca-certificates [installed]
2026-08-31T18:37:28.9745900Z installing mingw-w64-x86_64-libssh2...
2026-08-31T18:37:29.0944886Z installing mingw-w64-x86_64-nghttp2...
2026-08-31T18:37:29.1099523Z installing mingw-w64-x86_64-gmp...
2026-08-31T18:37:29.1251913Z installing mingw-w64-x86_64-nettle...
2026-08-31T18:37:29.1770760Z installing mingw-w64-x86_64-gnutls...
2026-08-31T18:37:30.0818363Z installing mingw-w64-x86_64-ngtcp2...
2026-08-31T18:37:30.1021421Z installing mingw-w64-x86_64-nghttp3...
2026-08-31T18:37:30.1145855Z installing mingw-w64-x86_64-curl...
2026-08-31T18:37:30.4705687Z installing mingw-w64-x86_64-expat...
2026-08-31T18:37:30.4848357Z installing mingw-w64-x86_64-jsoncpp...
2026-08-31T18:37:30.5025410Z installing mingw-w64-x86_64-libb2...
2026-08-31T18:37:30.5087402Z installing mingw-w64-x86_64-lz4...
2026-08-31T18:37:30.5221823Z installing mingw-w64-x86_64-wineditline...
2026-08-31T18:37:30.5298470Z installing mingw-w64-x86_64-pcre2...
2026-08-31T18:37:30.6926866Z installing mingw-w64-x86_64-libarchive...
2026-08-31T18:37:30.7664585Z installing mingw-w64-x86_64-libuv...
2026-08-31T18:37:30.7865354Z installing mingw-w64-x86_64-ninja...
2026-08-31T18:37:30.7916714Z installing mingw-w64-x86_64-pkgconf...
2026-08-31T18:37:30.8113808Z installing mingw-w64-x86_64-rhash...
2026-08-31T18:37:30.8439756Z installing mingw-w64-x86_64-cmake...
2026-08-31T18:37:33.7239123Z Optional dependencies for mingw-w64-x86_64-cmake
2026-08-31T18:37:33.7239760Z     mingw-w64-x86_64-emacs: for cmake emacs mode
2026-08-31T18:37:33.7240246Z installing mingw-w64-x86_64-binutils...
2026-08-31T18:37:33.9582499Z installing mingw-w64-x86_64-headers...
2026-08-31T18:37:35.0937254Z installing mingw-w64-x86_64-crt...
2026-08-31T18:37:35.9051061Z installing mingw-w64-x86_64-isl...
2026-08-31T18:37:35.9705173Z installing mingw-w64-x86_64-mpfr...
2026-08-31T18:37:35.9917701Z installing mingw-w64-x86_64-mpc...
2026-08-31T18:37:35.9987243Z installing mingw-w64-x86_64-windows-default-manifest...
2026-08-31T18:37:36.0015743Z installing mingw-w64-x86_64-winpthreads...
2026-08-31T18:37:36.0114122Z installing mingw-w64-x86_64-gcc...
2026-08-31T18:37:37.4593001Z :: Running post-transaction hooks...
2026-08-31T18:37:37.4593525Z (1/1) Updating the info directory file...
2026-08-31T18:37:37.7764816Z ##[endgroup]
2026-08-31T18:37:37.8042102Z ##[group]Run source="$(cygpath -u "$OPENFHE_SOURCE")"
2026-08-31T18:37:37.8042656Z [36;1msource="$(cygpath -u "$OPENFHE_SOURCE")"[0m
2026-08-31T18:37:37.8043010Z [36;1mactual="$(git -C "$source" rev-parse HEAD)"[0m
2026-08-31T18:37:37.8043328Z [36;1mtest "$actual" = "$OPENFHE_COMMIT"[0m
2026-08-31T18:37:37.8043662Z [36;1mtest -z "$(git -C "$source" status --porcelain)"[0m
2026-08-31T18:37:37.8044044Z [36;1mgit -C "$source" submodule status --recursive[0m
2026-08-31T18:37:37.8049728Z shell: D:\a\_temp\setup-msys2\msys2.CMD {0}
2026-08-31T18:37:37.8050191Z env:
2026-08-31T18:37:37.8050440Z   OPENFHE_COMMIT: df495ba2e91739a6dc8f1de254fc5a41155ce504
2026-08-31T18:37:37.8050796Z   OPENFHE_PREFIX: C:\openfhe-2023-1788\openfhe-install
2026-08-31T18:37:37.8051096Z   WINDOWS_ROOT: C:\openfhe-2023-1788
2026-08-31T18:37:37.8051371Z   PROJECT_SOURCE: C:\openfhe-2023-1788\cleanroom
2026-08-31T18:37:37.8051685Z   OPENFHE_SOURCE: C:\openfhe-2023-1788\openfhe-src
2026-08-31T18:37:37.8052098Z   OPENFHE_BUILD: C:\openfhe-2023-1788\openfhe-build-33425868973-1
2026-08-31T18:37:37.8052545Z   PROJECT_BUILD: C:\openfhe-2023-1788\project-build-33425868973-1
2026-08-31T18:37:37.8052853Z   MSYSTEM: MINGW64
2026-08-31T18:37:37.8053057Z ##[endgroup]
2026-08-31T18:37:39.0626298Z  984e3f194862b17916536b5fade40cba6e47a6fe third-party/cereal (heads/main)
2026-08-31T18:37:39.1643764Z  eddb0241389718a23a42db6af5f0164b6e0139af third-party/google-benchmark (eddb024)
2026-08-31T18:37:39.3037832Z  52eb8108c5bdec04579160ae17225d66034bd723 third-party/google-test (52eb810)
2026-08-31T18:37:39.4065423Z  83edb60836d87cf1b406e8846b9059c03031e8f5 third-party/gperftools (83edb60)
2026-08-31T18:37:39.4446683Z ##[group]Run prefix="$(cygpath -u "$OPENFHE_PREFIX")"
2026-08-31T18:37:39.4447179Z [36;1mprefix="$(cygpath -u "$OPENFHE_PREFIX")"[0m
2026-08-31T18:37:39.4447509Z [36;1msource="$(cygpath -u "$OPENFHE_SOURCE")"[0m
2026-08-31T18:37:39.4447815Z [36;1mbuild="$(cygpath -u "$OPENFHE_BUILD")"[0m
2026-08-31T18:37:39.4448107Z [36;1mcmake -S "$source" -B "$build" \[0m
2026-08-31T18:37:39.4448381Z [36;1m  -DCMAKE_BUILD_TYPE=Release \[0m
2026-08-31T18:37:39.4448668Z [36;1m  -DCMAKE_INSTALL_PREFIX="$prefix" \[0m
2026-08-31T18:37:39.4448949Z [36;1m  -DBUILD_UNITTESTS=OFF \[0m
2026-08-31T18:37:39.4449194Z [36;1m  -DBUILD_EXAMPLES=OFF \[0m
2026-08-31T18:37:39.4449445Z [36;1m  -DBUILD_BENCHMARKS=OFF \[0m
2026-08-31T18:37:39.4449692Z [36;1m  -DBUILD_EXTRAS=OFF \[0m
2026-08-31T18:37:39.4449923Z [36;1m  -DWITH_OPENMP=ON[0m
2026-08-31T18:37:39.4452034Z shell: D:\a\_temp\setup-msys2\msys2.CMD {0}
2026-08-31T18:37:39.4452408Z env:
2026-08-31T18:37:39.4453130Z   OPENFHE_COMMIT: df495ba2e91739a6dc8f1de254fc5a41155ce504
2026-08-31T18:37:39.4453496Z   OPENFHE_PREFIX: C:\openfhe-2023-1788\openfhe-install
2026-08-31T18:37:39.4453799Z   WINDOWS_ROOT: C:\openfhe-2023-1788
2026-08-31T18:37:39.4454386Z   PROJECT_SOURCE: C:\openfhe-2023-1788\cleanroom
2026-08-31T18:37:39.4454697Z   OPENFHE_SOURCE: C:\openfhe-2023-1788\openfhe-src
2026-08-31T18:37:39.4455054Z   OPENFHE_BUILD: C:\openfhe-2023-1788\openfhe-build-33425868973-1
2026-08-31T18:37:39.4455456Z   PROJECT_BUILD: C:\openfhe-2023-1788\project-build-33425868973-1
2026-08-31T18:37:39.4455769Z   MSYSTEM: MINGW64
2026-08-31T18:37:39.4455961Z ##[endgroup]
2026-08-31T18:37:39.8655486Z -- The C compiler identification is GNU 16.2.0
2026-08-31T18:37:40.0570364Z -- The CXX compiler identification is GNU 16.2.0
2026-08-31T18:37:40.1079028Z -- Detecting C compiler ABI info
2026-08-31T18:37:40.5203421Z -- Detecting C compiler ABI info - done
2026-08-31T18:37:40.5540712Z -- Check for working C compiler: D:/a/_temp/msys64/mingw64/bin/cc.exe - skipped
2026-08-31T18:37:40.5544969Z -- Detecting C compile features
2026-08-31T18:37:40.5550956Z -- Detecting C compile features - done
2026-08-31T18:37:40.5940431Z -- Detecting CXX compiler ABI info
2026-08-31T18:37:40.9941340Z -- Detecting CXX compiler ABI info - done
2026-08-31T18:37:41.0280956Z -- Check for working CXX compiler: D:/a/_temp/msys64/mingw64/bin/c++.exe - skipped
2026-08-31T18:37:41.0285339Z -- Detecting CXX compile features
2026-08-31T18:37:41.0293161Z -- Detecting CXX compile features - done
2026-08-31T18:37:41.0449697Z -- Building in Release mode
2026-08-31T18:37:41.0450324Z -- BUILD_UNITTESTS:    OFF
2026-08-31T18:37:41.0450680Z -- BUILD_EXAMPLES:     OFF
2026-08-31T18:37:41.0451046Z -- BUILD_BENCHMARKS:   OFF
2026-08-31T18:37:41.0451387Z -- BUILD_EXTRAS:       OFF
2026-08-31T18:37:41.0451717Z -- BUILD_STATIC:       OFF
2026-08-31T18:37:41.0452322Z -- BUILD_SHARED:       ON
2026-08-31T18:37:41.0452564Z -- GIT_SUBMOD_AUTO:    ON
2026-08-31T18:37:41.0452786Z -- WITH_BE2:           OFF
2026-08-31T18:37:41.0453068Z -- WITH_BE4:           OFF
2026-08-31T18:37:41.0453351Z -- WITH_NTL:           OFF
2026-08-31T18:37:41.0453592Z -- WITH_TCM:           OFF
2026-08-31T18:37:41.0453793Z -- WITH_OPENMP:        ON
2026-08-31T18:37:41.0454004Z -- NATIVE_SIZE:        64
2026-08-31T18:37:41.0454200Z -- CKKS_M_FACTOR:      1
2026-08-31T18:37:41.0454408Z -- WITH_NATIVEOPT:     OFF
2026-08-31T18:37:41.0454609Z -- WITH_COVTEST:       OFF
2026-08-31T18:37:41.0454848Z -- WITH_NOISE_DEBUG:   OFF
2026-08-31T18:37:41.0455138Z -- WITH_REDUCED_NOISE: OFF
2026-08-31T18:37:41.0455368Z -- USE_MACPORTS:       OFF
2026-08-31T18:37:41.0455586Z -- BUILTIN_INFO_AVAILABLE is defined
2026-08-31T18:37:41.0456103Z ***** INSTALL IS AT C:/openfhe-2023-1788/openfhe-install; to change, run cmake with -DCMAKE_INSTALL_PREFIX=/your/path
2026-08-31T18:37:41.0690652Z -- Architecture is x86_64
2026-08-31T18:37:41.0709239Z -- Looking for sys/types.h
2026-08-31T18:37:41.4721722Z -- Looking for sys/types.h - found
2026-08-31T18:37:41.4722284Z -- Looking for stdint.h
2026-08-31T18:37:41.8626192Z -- Looking for stdint.h - found
2026-08-31T18:37:41.8627180Z -- Looking for stddef.h
2026-08-31T18:37:42.2545823Z -- Looking for stddef.h - found
2026-08-31T18:37:42.2546444Z -- Check size of __int128
2026-08-31T18:37:42.6523248Z -- Check size of __int128 - done
2026-08-31T18:37:42.6525959Z -- Check size of uint64_t
2026-08-31T18:37:43.0413714Z -- Check size of uint64_t - done
2026-08-31T18:37:43.0414476Z -- NATIVEINT is set to 64
2026-08-31T18:37:43.0415428Z -- MATHBACKEND is set to 4
2026-08-31T18:37:43.0415980Z -- MATHBACKEND set to 4. Setting WITH_BE4 to ON
2026-08-31T18:37:44.2878976Z -- Found OpenMP_C: -fopenmp (found version "5.2")
2026-08-31T18:37:44.6781282Z -- Found OpenMP_CXX: -fopenmp (found version "5.2")
2026-08-31T18:37:44.6785207Z -- Found OpenMP: TRUE (found version "5.2")
2026-08-31T18:37:44.6957472Z -- Found Git: D:/a/_temp/msys64/usr/bin/git.exe (found version "2.55.0")
2026-08-31T18:37:44.6958689Z -- Submodule update
2026-08-31T18:37:45.0739588Z Synchronizing submodule url for 'third-party/cereal'
2026-08-31T18:37:45.1040617Z Synchronizing submodule url for 'third-party/google-benchmark'
2026-08-31T18:37:45.1341420Z Synchronizing submodule url for 'third-party/google-test'
2026-08-31T18:37:45.1642133Z Synchronizing submodule url for 'third-party/gperftools'
2026-08-31T18:37:45.6852095Z -- Configuring done (6.0s)
2026-08-31T18:37:46.0339514Z -- Generating done (0.3s)
2026-08-31T18:37:46.0352606Z -- Build files have been written to: C:/openfhe-2023-1788/openfhe-build-33425868973-1
2026-08-31T18:37:46.0622389Z ##[group]Run build="$(cygpath -u "$OPENFHE_BUILD")"
2026-08-31T18:37:46.0622876Z [36;1mbuild="$(cygpath -u "$OPENFHE_BUILD")"[0m
2026-08-31T18:37:46.0623216Z [36;1mcmake --build "$build" --parallel 2[0m
2026-08-31T18:37:46.0623527Z [36;1mcmake --install "$build"[0m
2026-08-31T18:37:46.0625608Z shell: D:\a\_temp\setup-msys2\msys2.CMD {0}
2026-08-31T18:37:46.0625874Z env:
2026-08-31T18:37:46.0626115Z   OPENFHE_COMMIT: df495ba2e91739a6dc8f1de254fc5a41155ce504
2026-08-31T18:37:46.0626472Z   OPENFHE_PREFIX: C:\openfhe-2023-1788\openfhe-install
2026-08-31T18:37:46.0626763Z   WINDOWS_ROOT: C:\openfhe-2023-1788
2026-08-31T18:37:46.0627029Z   PROJECT_SOURCE: C:\openfhe-2023-1788\cleanroom
2026-08-31T18:37:46.0627326Z   OPENFHE_SOURCE: C:\openfhe-2023-1788\openfhe-src
2026-08-31T18:37:46.0627678Z   OPENFHE_BUILD: C:\openfhe-2023-1788\openfhe-build-33425868973-1
2026-08-31T18:37:46.0628068Z   PROJECT_BUILD: C:\openfhe-2023-1788\project-build-33425868973-1
2026-08-31T18:37:46.0628416Z   MSYSTEM: MINGW64
2026-08-31T18:37:46.0628606Z ##[endgroup]
2026-08-31T18:37:46.5152370Z -- Copied demoData files
2026-08-31T18:37:46.5813669Z [  0%] Built target third-party
2026-08-31T18:37:46.7101960Z [  1%] Building CXX object src/core/CMakeFiles/coreobj.dir/lib/lattice/constants-lattice-impl.cpp.obj
2026-08-31T18:37:46.7156539Z [  2%] Building CXX object src/core/CMakeFiles/coreobj.dir/lib/lattice/lattice.cpp.obj
2026-08-31T18:37:47.4581978Z [  3%] Building CXX object src/core/CMakeFiles/coreobj.dir/lib/lattice/stdlatticeparms.cpp.obj
2026-08-31T18:37:48.6294919Z [  4%] Building CXX object src/core/CMakeFiles/coreobj.dir/lib/lattice/trapdoor-dcrtpoly.cpp.obj
2026-08-31T18:37:57.6332190Z [  5%] Building CXX object src/core/CMakeFiles/coreobj.dir/lib/lattice/trapdoor-poly.cpp.obj
2026-08-31T18:38:08.0024546Z [  6%] Building CXX object src/core/CMakeFiles/coreobj.dir/lib/math/chebyshev.cpp.obj
2026-08-31T18:38:08.9488541Z [  6%] Building CXX object src/core/CMakeFiles/coreobj.dir/lib/math/dftransform.cpp.obj
2026-08-31T18:38:10.5983881Z [  7%] Building CXX object src/core/CMakeFiles/coreobj.dir/lib/math/discretegaussiangeneratorgeneric.cpp.obj
2026-08-31T18:38:10.6626582Z [  8%] Building CXX object src/core/CMakeFiles/coreobj.dir/lib/math/distributiongenerator.cpp.obj
2026-08-31T18:38:11.4289883Z [  9%] Building CXX object src/core/CMakeFiles/coreobj.dir/lib/math/hal/bigintdyn/be4-math-impl.cpp.obj
2026-08-31T18:38:12.3501457Z [ 10%] Building CXX object src/core/CMakeFiles/coreobj.dir/lib/math/hal/bigintdyn/mubintvecdyn.cpp.obj
2026-08-31T18:38:15.6415450Z [ 11%] Building CXX object src/core/CMakeFiles/coreobj.dir/lib/math/hal/bigintdyn/ubintdyn.cpp.obj
2026-08-31T18:38:17.8837817Z [ 12%] Building CXX object src/core/CMakeFiles/coreobj.dir/lib/math/hal/bigintfxd/be2-math-impl.cpp.obj
2026-08-31T18:38:18.0008433Z [ 13%] Building CXX object src/core/CMakeFiles/coreobj.dir/lib/math/hal/bigintfxd/mubintvecfxd.cpp.obj
2026-08-31T18:38:18.1317969Z [ 14%] Building CXX object src/core/CMakeFiles/coreobj.dir/lib/math/hal/bigintfxd/ubintfxd.cpp.obj
2026-08-31T18:38:18.2586223Z [ 15%] Building CXX object src/core/CMakeFiles/coreobj.dir/lib/math/hal/bigintntl/be6-math-impl.cpp.obj
2026-08-31T18:38:18.3722996Z [ 15%] Building CXX object src/core/CMakeFiles/coreobj.dir/lib/math/hal/bigintntl/mubintvecntl.cpp.obj
2026-08-31T18:38:18.4957926Z [ 16%] Building CXX object src/core/CMakeFiles/coreobj.dir/lib/math/hal/bigintntl/ubintntl.cpp.obj
2026-08-31T18:38:18.6210317Z [ 17%] Building CXX object src/core/CMakeFiles/coreobj.dir/lib/math/hal/intnat/benative-math-impl.cpp.obj
2026-08-31T18:38:19.1445056Z [ 18%] Building CXX object src/core/CMakeFiles/coreobj.dir/lib/math/hal/intnat/mubintvecnat.cpp.obj
2026-08-31T18:38:21.9673090Z [ 19%] Building CXX object src/core/CMakeFiles/coreobj.dir/lib/math/hermite.cpp.obj
2026-08-31T18:38:23.1852218Z [ 20%] Building CXX object src/core/CMakeFiles/coreobj.dir/lib/math/matrix.cpp.obj
2026-08-31T18:38:24.6763205Z [ 21%] Building CXX object src/core/CMakeFiles/coreobj.dir/lib/math/nbtheory2.cpp.obj
2026-08-31T18:38:26.5003724Z [ 22%] Building CXX object src/core/CMakeFiles/coreobj.dir/lib/utils/blockAllocator/blockAllocator.cpp.obj
2026-08-31T18:38:27.1454220Z [ 23%] Building CXX object src/core/CMakeFiles/coreobj.dir/lib/utils/blockAllocator/xallocator.cpp.obj
2026-08-31T18:38:28.0500163Z [ 24%] Building CXX object src/core/CMakeFiles/coreobj.dir/lib/utils/debug.cpp.obj
2026-08-31T18:38:28.1934496Z [ 24%] Building CXX object src/core/CMakeFiles/coreobj.dir/lib/utils/demangle.cpp.obj
2026-08-31T18:38:28.5994630Z [ 25%] Building CXX object src/core/CMakeFiles/coreobj.dir/lib/utils/get-call-stack.cpp.obj
2026-08-31T18:38:28.6220323Z [ 26%] Building CXX object src/core/CMakeFiles/coreobj.dir/lib/utils/hashutil.cpp.obj
2026-08-31T18:38:28.9771400Z [ 27%] Building CXX object src/core/CMakeFiles/coreobj.dir/lib/utils/inttypes.cpp.obj
2026-08-31T18:38:29.4035134Z [ 28%] Building CXX object src/core/CMakeFiles/coreobj.dir/lib/utils/memory.cpp.obj
2026-08-31T18:38:29.4654912Z [ 29%] Building CXX object src/core/CMakeFiles/coreobj.dir/lib/utils/openfhebase64.cpp.obj
2026-08-31T18:38:29.8264388Z [ 30%] Building CXX object src/core/CMakeFiles/coreobj.dir/lib/utils/parallel.cpp.obj
2026-08-31T18:38:29.9024727Z [ 31%] Building C object src/core/CMakeFiles/coreobj.dir/lib/utils/prng/blake2b-ref.c.obj
2026-08-31T18:38:29.9637124Z [ 32%] Building CXX object src/core/CMakeFiles/coreobj.dir/lib/utils/prng/blake2engine.cpp.obj
2026-08-31T18:38:30.3570675Z [ 34%] Building C object src/core/CMakeFiles/coreobj.dir/lib/utils/prng/blake2xb-ref.c.obj
2026-08-31T18:38:30.5502537Z [ 34%] Building CXX object src/core/CMakeFiles/coreobj.dir/lib/utils/utilities.cpp.obj
2026-08-31T18:38:31.0170605Z [ 34%] Built target coreobj
2026-08-31T18:38:31.1405465Z [ 35%] Linking CXX shared library ../../lib/libOPENFHEcore.dll
2026-08-31T18:38:31.7014166Z [ 35%] Built target OPENFHEcore
2026-08-31T18:38:31.8317586Z [ 36%] Building CXX object src/binfhe/CMakeFiles/binfheobj.dir/lib/binfhe-base-scheme.cpp.obj
2026-08-31T18:38:31.8373185Z [ 37%] Building CXX object src/binfhe/CMakeFiles/binfheobj.dir/lib/binfhe-constants-impl.cpp.obj
2026-08-31T18:38:32.5487217Z [ 38%] Building CXX object src/binfhe/CMakeFiles/binfheobj.dir/lib/binfhecontext.cpp.obj
2026-08-31T18:38:36.9717121Z [ 39%] Building CXX object src/binfhe/CMakeFiles/binfheobj.dir/lib/lwe-pke.cpp.obj
2026-08-31T18:38:37.1020385Z [ 40%] Building CXX object src/binfhe/CMakeFiles/binfheobj.dir/lib/rgsw-acc-cggi.cpp.obj
2026-08-31T18:38:39.4579153Z [ 41%] Building CXX object src/binfhe/CMakeFiles/binfheobj.dir/lib/rgsw-acc-dm.cpp.obj
2026-08-31T18:38:39.9719713Z [ 41%] Building CXX object src/binfhe/CMakeFiles/binfheobj.dir/lib/rgsw-acc-lmkcdey.cpp.obj
2026-08-31T18:38:42.4009092Z [ 42%] Building CXX object src/binfhe/CMakeFiles/binfheobj.dir/lib/rgsw-acc.cpp.obj
2026-08-31T18:38:43.6036171Z [ 43%] Building CXX object src/binfhe/CMakeFiles/binfheobj.dir/lib/rgsw-cryptoparameters.cpp.obj
2026-08-31T18:38:45.9588579Z [ 43%] Built target binfheobj
2026-08-31T18:38:46.0843250Z [ 43%] Linking CXX shared library ../../lib/libOPENFHEbinfhe.dll
2026-08-31T18:38:46.4125535Z [ 43%] Built target OPENFHEbinfhe
2026-08-31T18:38:46.5428856Z [ 44%] Building CXX object src/pke/CMakeFiles/pkeobj.dir/lib/ciphertext-impl.cpp.obj
2026-08-31T18:38:46.5484139Z [ 45%] Building CXX object src/pke/CMakeFiles/pkeobj.dir/lib/constants-impl.cpp.obj
2026-08-31T18:38:48.2803340Z [ 46%] Building CXX object src/pke/CMakeFiles/pkeobj.dir/lib/cryptocontext.cpp.obj
2026-08-31T18:38:52.8467958Z [ 47%] Building CXX object src/pke/CMakeFiles/pkeobj.dir/lib/cryptocontextfactory.cpp.obj
2026-08-31T18:38:58.6151208Z [ 48%] Building CXX object src/pke/CMakeFiles/pkeobj.dir/lib/cryptoobject-impl.cpp.obj
2026-08-31T18:39:01.4612185Z [ 49%] Building CXX object src/pke/CMakeFiles/pkeobj.dir/lib/encoding/ckkspackedencoding.cpp.obj
2026-08-31T18:39:03.5137390Z [ 50%] Building CXX object src/pke/CMakeFiles/pkeobj.dir/lib/encoding/coefpackedencoding.cpp.obj
2026-08-31T18:39:06.0069946Z [ 51%] Building CXX object src/pke/CMakeFiles/pkeobj.dir/lib/encoding/encodingparams.cpp.obj
2026-08-31T18:39:07.3781450Z [ 51%] Building CXX object src/pke/CMakeFiles/pkeobj.dir/lib/encoding/packedencoding.cpp.obj
2026-08-31T18:39:07.8085354Z [ 52%] Building CXX object src/pke/CMakeFiles/pkeobj.dir/lib/encoding/stringencoding.cpp.obj
2026-08-31T18:39:11.6383335Z [ 53%] Building CXX object src/pke/CMakeFiles/pkeobj.dir/lib/globals-impl.cpp.obj
2026-08-31T18:39:11.7675326Z [ 54%] Building CXX object src/pke/CMakeFiles/pkeobj.dir/lib/key/evalkey.cpp.obj
2026-08-31T18:39:14.1606444Z [ 55%] Building CXX object src/pke/CMakeFiles/pkeobj.dir/lib/key/evalkeyrelin.cpp.obj
2026-08-31T18:39:14.7101393Z [ 56%] Building CXX object src/pke/CMakeFiles/pkeobj.dir/lib/key/privatekey.cpp.obj
2026-08-31T18:39:19.3222287Z [ 57%] Building CXX object src/pke/CMakeFiles/pkeobj.dir/lib/key/publickey.cpp.obj
2026-08-31T18:39:19.3956273Z [ 58%] Building CXX object src/pke/CMakeFiles/pkeobj.dir/lib/keyswitch/keyswitch-base.cpp.obj
2026-08-31T18:39:22.4016307Z [ 59%] Building CXX object src/pke/CMakeFiles/pkeobj.dir/lib/keyswitch/keyswitch-bv.cpp.obj
2026-08-31T18:39:24.3642337Z [ 60%] Building CXX object src/pke/CMakeFiles/pkeobj.dir/lib/keyswitch/keyswitch-hybrid.cpp.obj
2026-08-31T18:39:28.1172180Z [ 60%] Building CXX object src/pke/CMakeFiles/pkeobj.dir/lib/scheme/bfvrns/bfvrns-cryptoparameters.cpp.obj
2026-08-31T18:39:30.1625057Z [ 61%] Building CXX object src/pke/CMakeFiles/pkeobj.dir/lib/scheme/bfvrns/bfvrns-leveledshe.cpp.obj
2026-08-31T18:39:36.4043270Z [ 62%] Building CXX object src/pke/CMakeFiles/pkeobj.dir/lib/scheme/bfvrns/bfvrns-multiparty.cpp.obj
2026-08-31T18:39:37.3650469Z [ 63%] Building CXX object src/pke/CMakeFiles/pkeobj.dir/lib/scheme/bfvrns/bfvrns-parametergeneration.cpp.obj
2026-08-31T18:39:41.8804656Z [ 64%] Building CXX object src/pke/CMakeFiles/pkeobj.dir/lib/scheme/bfvrns/bfvrns-pke.cpp.obj
2026-08-31T18:39:42.1169451Z [ 65%] Building CXX object src/pke/CMakeFiles/pkeobj.dir/lib/scheme/bfvrns/bfvrns-scheme.cpp.obj
2026-08-31T18:39:47.9191356Z [ 67%] Building CXX object src/pke/CMakeFiles/pkeobj.dir/lib/scheme/bgvrns/bgvrns-cryptoparameters.cpp.obj
2026-08-31T18:39:48.8573266Z [ 68%] Building CXX object src/pke/CMakeFiles/pkeobj.dir/lib/scheme/bgvrns/bgvrns-leveledshe.cpp.obj
2026-08-31T18:39:51.2711816Z [ 69%] Building CXX object src/pke/CMakeFiles/pkeobj.dir/lib/scheme/bgvrns/bgvrns-multiparty.cpp.obj
2026-08-31T18:39:52.2324993Z [ 70%] Building CXX object src/pke/CMakeFiles/pkeobj.dir/lib/scheme/bgvrns/bgvrns-parametergeneration.cpp.obj
2026-08-31T18:39:56.2491537Z Terminate batch job (Y/N)? 
2026-08-31T18:39:56.2501450Z ^C
2026-08-31T18:39:56.2643255Z ##[error]The operation was canceled.
2026-08-31T18:39:56.2778507Z Cleaning up orphan processes
