2026-09-01T20:49:59.7518511Z Current runner version: '2.337.0'
2026-09-01T20:49:59.7544862Z ##[group]Runner Image Provisioner
2026-09-01T20:49:59.7545661Z Hosted Compute Agent
2026-09-01T20:49:59.7546577Z Version: 20260819.586
2026-09-01T20:49:59.7547178Z Commit: 3cc4a88dfa507ef76119ad1bb3eccc6378bb2b76
2026-09-01T20:49:59.7547859Z Build Date: 2026-08-18T23:20:18Z
2026-09-01T20:49:59.7548533Z Worker ID: {bca377df-48c0-4bcc-a46a-292cc302cc17}
2026-09-01T20:49:59.7549267Z Azure Region: westus2
2026-09-01T20:49:59.7549822Z ##[endgroup]
2026-09-01T20:49:59.7551747Z ##[group]Operating System
2026-09-01T20:49:59.7552369Z Microsoft Windows Server 2022
2026-09-01T20:49:59.7552976Z 10.0.20348
2026-09-01T20:49:59.7553452Z Datacenter
2026-09-01T20:49:59.7553933Z ##[endgroup]
2026-09-01T20:49:59.7554456Z ##[group]Runner Image
2026-09-01T20:49:59.7555015Z Image: windows-2022
2026-09-01T20:49:59.7555547Z Version: 20260824.284.2
2026-09-01T20:49:59.7556916Z Included Software: https://github.com/actions/runner-images/blob/win22/20260824.284/images/windows/Windows2022-Readme.md
2026-09-01T20:49:59.7558402Z Image Release: https://github.com/actions/runner-images/releases/tag/win22%2F20260824.284
2026-09-01T20:49:59.7559304Z ##[endgroup]
2026-09-01T20:49:59.7560390Z ##[group]GITHUB_TOKEN Permissions
2026-09-01T20:49:59.7562325Z Contents: read
2026-09-01T20:49:59.7562935Z Metadata: read
2026-09-01T20:49:59.7563485Z ##[endgroup]
2026-09-01T20:49:59.7565596Z Secret source: Actions
2026-09-01T20:49:59.7566817Z Prepare workflow directory
2026-09-01T20:49:59.8160506Z Prepare all required actions
2026-09-01T20:49:59.8212768Z Getting action download info
2026-09-01T20:50:00.2288168Z Download action repository 'msys2/setup-msys2@v2' (SHA:66cd2cce69caa17b53920067426061ca1de3a884)
2026-09-01T20:50:00.5366526Z Complete job name: windows-mingw64
2026-09-01T20:50:00.6847956Z ##[group]Run git config --global core.autocrlf false
2026-09-01T20:50:00.6849003Z [36;1mgit config --global core.autocrlf false[0m
2026-09-01T20:50:00.6849756Z [36;1mgit config --global core.eol lf[0m
2026-09-01T20:50:00.6850836Z [36;1mNew-Item -ItemType Directory -Path $env:WINDOWS_ROOT | Out-Null[0m
2026-09-01T20:50:00.6851847Z [36;1m[0m
2026-09-01T20:50:00.6852424Z [36;1mgit init $env:PROJECT_SOURCE[0m
2026-09-01T20:50:00.6853558Z [36;1mgit -C $env:PROJECT_SOURCE remote add origin https://github.com/leemaple/20231788..git[0m
2026-09-01T20:50:00.6854914Z [36;1mgit -C $env:PROJECT_SOURCE fetch --depth 1 origin $env:GITHUB_SHA[0m
2026-09-01T20:50:00.6856052Z [36;1mgit -C $env:PROJECT_SOURCE checkout --detach FETCH_HEAD[0m
2026-09-01T20:50:00.6857147Z [36;1m$projectActual = git -C $env:PROJECT_SOURCE rev-parse HEAD[0m
2026-09-01T20:50:00.6858144Z [36;1mif ($projectActual -ne $env:GITHUB_SHA) {[0m
2026-09-01T20:50:00.6859137Z [36;1m  throw "Project checkout mismatch: $projectActual"[0m
2026-09-01T20:50:00.6859903Z [36;1m}[0m
2026-09-01T20:50:00.6860361Z [36;1m[0m
2026-09-01T20:50:00.6860806Z [36;1mgit init $env:OPENFHE_SOURCE[0m
2026-09-01T20:50:00.6861796Z [36;1mgit -C $env:OPENFHE_SOURCE remote add origin https://github.com/openfheorg/openfhe-development.git[0m
2026-09-01T20:50:00.6862989Z [36;1mgit -C $env:OPENFHE_SOURCE fetch --depth 1 origin $env:OPENFHE_COMMIT[0m
2026-09-01T20:50:00.6863892Z [36;1mgit -C $env:OPENFHE_SOURCE checkout --detach FETCH_HEAD[0m
2026-09-01T20:50:00.6864823Z [36;1mgit -C $env:OPENFHE_SOURCE submodule update --init --recursive --depth 1[0m
2026-09-01T20:50:00.6865617Z [36;1m[0m
2026-09-01T20:50:00.6866235Z [36;1m$projectStatus = @(git -C $env:PROJECT_SOURCE status --porcelain)[0m
2026-09-01T20:50:00.6867055Z [36;1mif ($projectStatus.Count -ne 0) {[0m
2026-09-01T20:50:00.6867837Z [36;1m  throw "Project checkout is dirty: $($projectStatus -join '; ')"[0m
2026-09-01T20:50:00.6868596Z [36;1m}[0m
2026-09-01T20:50:00.6869214Z [36;1m$openfheStatus = @(git -C $env:OPENFHE_SOURCE status --porcelain)[0m
2026-09-01T20:50:00.6870023Z [36;1mif ($openfheStatus.Count -ne 0) {[0m
2026-09-01T20:50:00.6872477Z [36;1m  throw "OpenFHE checkout is dirty: $($openfheStatus -join '; ')"[0m
2026-09-01T20:50:00.6873246Z [36;1m}[0m
2026-09-01T20:50:00.9046876Z shell: C:\Program Files\PowerShell\7\pwsh.EXE -command ". '{0}'"
2026-09-01T20:50:00.9048142Z env:
2026-09-01T20:50:00.9048822Z   OPENFHE_COMMIT: df495ba2e91739a6dc8f1de254fc5a41155ce504
2026-09-01T20:50:00.9049794Z   OPENFHE_PREFIX: C:\openfhe-2023-1788\openfhe-install
2026-09-01T20:50:00.9050639Z   WINDOWS_ROOT: C:\openfhe-2023-1788
2026-09-01T20:50:00.9051407Z   PROJECT_SOURCE: C:\openfhe-2023-1788\cleanroom
2026-09-01T20:50:00.9052260Z   OPENFHE_SOURCE: C:\openfhe-2023-1788\openfhe-src
2026-09-01T20:50:00.9053245Z   OPENFHE_BUILD: C:\openfhe-2023-1788\openfhe-build-33557603825-1
2026-09-01T20:50:00.9054371Z   PROJECT_BUILD: C:\openfhe-2023-1788\project-build-33557603825-1
2026-09-01T20:50:00.9055090Z ##[endgroup]
2026-09-01T20:50:01.9128303Z Initialized empty Git repository in C:/openfhe-2023-1788/cleanroom/.git/
2026-09-01T20:50:03.5204140Z From https://github.com/leemaple/20231788.
2026-09-01T20:50:03.5204830Z  * branch            7c0e94de99c0d6a966f73d78bf50b8c590cfce8c -> FETCH_HEAD
2026-09-01T20:50:03.7263383Z HEAD is now at 7c0e94d feat: reject missing Relin2 evaluation key
2026-09-01T20:50:03.8278371Z Initialized empty Git repository in C:/openfhe-2023-1788/openfhe-src/.git/
2026-09-01T20:50:05.3689382Z From https://github.com/openfheorg/openfhe-development
2026-09-01T20:50:05.3690079Z  * branch            df495ba2e91739a6dc8f1de254fc5a41155ce504 -> FETCH_HEAD
2026-09-01T20:50:06.2805625Z HEAD is now at df495ba Merge pull request #1130 from openfheorg/dev
2026-09-01T20:50:07.7783257Z Submodule 'third-party/cereal' (https://github.com/openfheorg/cereal.git) registered for path 'third-party/cereal'
2026-09-01T20:50:07.7807725Z Submodule 'third-party/google-benchmark' (https://github.com/google/benchmark.git) registered for path 'third-party/google-benchmark'
2026-09-01T20:50:07.7829368Z Submodule 'third-party/google-test' (https://github.com/google/googletest.git) registered for path 'third-party/google-test'
2026-09-01T20:50:07.7872424Z Submodule 'third-party/gperftools' (https://github.com/gperftools/gperftools.git) registered for path 'third-party/gperftools'
2026-09-01T20:50:07.8336137Z Cloning into 'C:/openfhe-2023-1788/openfhe-src/third-party/cereal'...
2026-09-01T20:50:08.3505514Z Cloning into 'C:/openfhe-2023-1788/openfhe-src/third-party/google-benchmark'...
2026-09-01T20:50:08.8505352Z Cloning into 'C:/openfhe-2023-1788/openfhe-src/third-party/google-test'...
2026-09-01T20:50:09.3514488Z Cloning into 'C:/openfhe-2023-1788/openfhe-src/third-party/gperftools'...
2026-09-01T20:50:10.5670947Z Submodule path 'third-party/cereal': checked out '984e3f194862b17916536b5fade40cba6e47a6fe'
2026-09-01T20:50:11.5890215Z From https://github.com/google/benchmark
2026-09-01T20:50:11.5891373Z  * branch            eddb0241389718a23a42db6af5f0164b6e0139af -> FETCH_HEAD
2026-09-01T20:50:12.0349796Z Submodule path 'third-party/google-benchmark': checked out 'eddb0241389718a23a42db6af5f0164b6e0139af'
2026-09-01T20:50:13.1769056Z From https://github.com/google/googletest
2026-09-01T20:50:13.8516344Z  * branch            52eb8108c5bdec04579160ae17225d66034bd723 -> FETCH_HEAD
2026-09-01T20:50:13.8517365Z Submodule path 'third-party/google-test': checked out '52eb8108c5bdec04579160ae17225d66034bd723'
2026-09-01T20:50:15.4311094Z From https://github.com/gperftools/gperftools
2026-09-01T20:50:15.4311575Z  * branch            83edb60836d87cf1b406e8846b9059c03031e8f5 -> FETCH_HEAD
2026-09-01T20:50:16.8834391Z Submodule path 'third-party/gperftools': checked out '83edb60836d87cf1b406e8846b9059c03031e8f5'
2026-09-01T20:50:17.2079434Z ##[group]Run msys2/setup-msys2@v2
2026-09-01T20:50:17.2079782Z with:
2026-09-01T20:50:17.2079962Z   msystem: MINGW64
2026-09-01T20:50:17.2080149Z   update: true
2026-09-01T20:50:17.2080348Z   cache: false
2026-09-01T20:50:17.2080708Z   install: git make mingw-w64-x86_64-boost mingw-w64-x86_64-cmake mingw-w64-x86_64-gcc
2026-09-01T20:50:17.2081934Z   path-type: minimal
2026-09-01T20:50:17.2082136Z   release: true
2026-09-01T20:50:17.2082336Z   platform-check-severity: fatal
2026-09-01T20:50:17.2082568Z env:
2026-09-01T20:50:17.2082795Z   OPENFHE_COMMIT: df495ba2e91739a6dc8f1de254fc5a41155ce504
2026-09-01T20:50:17.2083152Z   OPENFHE_PREFIX: C:\openfhe-2023-1788\openfhe-install
2026-09-01T20:50:17.2083460Z   WINDOWS_ROOT: C:\openfhe-2023-1788
2026-09-01T20:50:17.2083732Z   PROJECT_SOURCE: C:\openfhe-2023-1788\cleanroom
2026-09-01T20:50:17.2084030Z   OPENFHE_SOURCE: C:\openfhe-2023-1788\openfhe-src
2026-09-01T20:50:17.2084421Z   OPENFHE_BUILD: C:\openfhe-2023-1788\openfhe-build-33557603825-1
2026-09-01T20:50:17.2084826Z   PROJECT_BUILD: C:\openfhe-2023-1788\project-build-33557603825-1
2026-09-01T20:50:17.2085140Z ##[endgroup]
2026-09-01T20:50:17.3786671Z ##[group]Downloading MSYS2...
2026-09-01T20:50:18.1348211Z ##[endgroup]
2026-09-01T20:50:18.1348948Z ##[group]Extracting MSYS2...
2026-09-01T20:50:18.1365217Z [command]C:\hostedtoolcache\windows\msys2-installer\0.0.20260611\x64\base.exe -y
2026-09-01T20:50:18.4659770Z 
2026-09-01T20:50:18.4661624Z 7-Zip SFX 25.01 ZS v1.5.7 R4 (x64) : Copyright (c) 1999-2025 Igor Pavlov, 2016-2026 Tino Reichardt, 2022-2026 Sergey G. Brester : 2026-01-10
2026-09-01T20:50:18.4662715Z 
2026-09-01T20:50:18.4663320Z Extracting archive: C:\hostedtoolcache\windows\msys2-installer\0.0.20260611\x64\base.exe
2026-09-01T20:50:18.4664958Z --
2026-09-01T20:50:18.4666417Z Path = C:\hostedtoolcache\windows\msys2-installer\0.0.20260611\x64\base.exe
2026-09-01T20:50:18.4667539Z Type = 7z
2026-09-01T20:50:18.4667903Z 
2026-09-01T20:50:18.6537840Z   0%
2026-09-01T20:50:18.8566662Z     
2026-09-01T20:50:18.8570380Z   0% 1156 - msys64\usr\bin\core_perl\ptar
2026-09-01T20:50:18.8571029Z                                          
2026-09-01T20:50:19.0609826Z   3% 2014 - msys64\usr\lib\terminfo\63\cops-10
2026-09-01T20:50:19.0610483Z                                               
2026-09-01T20:50:19.2640321Z   4% 3038 - msys64\usr\lib\terminfo\6e\nwp512-a
2026-09-01T20:50:19.4671160Z                                                
2026-09-01T20:50:19.4671775Z   4% 3960 - msys64\usr\lib\terminfo\77\wy325w-24
2026-09-01T20:50:19.4672287Z                                                 
2026-09-01T20:50:19.6703611Z   5% 4947 - msys64\usr\share\bash-completion\completions\puppetmasterd
2026-09-01T20:50:19.6704315Z                                                                       
2026-09-01T20:50:19.8736420Z   9% 5891 - msys64\usr\share\info\gmp.info.gz
2026-09-01T20:50:19.8736976Z                                              
2026-09-01T20:50:20.0760880Z  21% 6487 - msys64\usr\share\locale\lt\LC_MESSAGES\pacman-scripts.mo
2026-09-01T20:50:20.0761337Z                                                                     
2026-09-01T20:50:20.2797746Z  32% 7084 - msys64\usr\share\man\man1\asn1Decoding.1.gz
2026-09-01T20:50:20.2798527Z                                                        
2026-09-01T20:50:20.4828091Z  33% 8034 - msys64\usr\share\man\man3\CURLOPT_RTSP_SERVER_CSEQ.3.gz
2026-09-01T20:50:20.4828717Z                                                                    
2026-09-01T20:50:20.6857639Z  34% 9053 - msys64\usr\share\man\man3\scale_menu.3x.gz
2026-09-01T20:50:20.6858277Z                                                       
2026-09-01T20:50:20.8895590Z  39% 9745 - msys64\usr\share\perl5\core_perl\encoding\warnings.pm
2026-09-01T20:50:20.8896387Z                                                                  
2026-09-01T20:50:21.0922667Z  44% 10509 - msys64\usr\share\perl5\core_perl\unicore\lib\GCB\LV.pl
2026-09-01T20:50:21.0925383Z                                                                    
2026-09-01T20:50:21.2974566Z  46% 11413 - msys64\usr\share\terminfo\61\avt-ns
2026-09-01T20:50:21.2975287Z                                                 
2026-09-01T20:50:21.4990673Z  47% 12460 - msys64\usr\share\terminfo\6e\ncr260vt100pp
2026-09-01T20:50:21.4991472Z                                                        
2026-09-01T20:50:21.7023503Z  47% 13475 - msys64\usr\share\terminfo\77\winconsole
2026-09-01T20:50:21.7024931Z                                                     
2026-09-01T20:50:21.9056268Z  48% 14472 - msys64\usr\share\zoneinfo\Pacific\Honolulu
2026-09-01T20:50:21.9056742Z                                                        
2026-09-01T20:50:22.1088944Z  48% 15399 - msys64\usr\share\zoneinfo\right\Asia\Nicosia
2026-09-01T20:50:22.1089536Z                                                          
2026-09-01T20:50:22.3263746Z  50% 16152 - msys64\usr\bin\envsubst.exe
2026-09-01T20:50:22.3264165Z                                         
2026-09-01T20:50:22.5219714Z  74% 16358 - msys64\usr\bin\pacman.exe
2026-09-01T20:50:22.5220278Z                                       
2026-09-01T20:50:22.5220627Z Everything is Ok
2026-09-01T20:50:22.5247553Z ##[endgroup]
2026-09-01T20:50:22.5248207Z ##[group]Disable Key Refresh...
2026-09-01T20:50:22.5271659Z ##[endgroup]
2026-09-01T20:50:22.5290307Z ##[group]Starting MSYS2 for the first time...
2026-09-01T20:50:22.6255409Z [command]C:\Windows\system32\cmd.exe /D /S /C D:\a\_temp\setup-msys2\msys2.cmd -c "'uname' '-a'"
2026-09-01T20:50:22.7319622Z [1;32mMSYS2 is starting for the first time. Executing the initial setup.[1;0m
2026-09-01T20:50:22.7661444Z Copying skeleton files.
2026-09-01T20:50:22.7662082Z These files are for the users to personalise their msys2 experience.
2026-09-01T20:50:22.7662391Z 
2026-09-01T20:50:22.7662561Z They will never be overwritten nor automatically updated.
2026-09-01T20:50:22.7662794Z 
2026-09-01T20:50:22.8075081Z './.bashrc' -> '/home/runneradmin/.bashrc'
2026-09-01T20:50:22.8215805Z './.bash_profile' -> '/home/runneradmin/.bash_profile'
2026-09-01T20:50:22.8351553Z './.profile' -> '/home/runneradmin/.profile'
2026-09-01T20:50:22.8886293Z 'C:\Windows\system32\drivers\etc\hosts' -> '/etc/hosts'
2026-09-01T20:50:22.9355922Z 'C:\Windows\system32\drivers\etc\protocol' -> '/etc/protocols'
2026-09-01T20:50:22.9772974Z 'C:\Windows\system32\drivers\etc\services' -> '/etc/services'
2026-09-01T20:50:23.0188423Z 'C:\Windows\system32\drivers\etc\networks' -> '/etc/networks'
2026-09-01T20:50:23.1782205Z gpg: /etc/pacman.d/gnupg/trustdb.gpg: trustdb created
2026-09-01T20:50:23.1851937Z gpg: no ultimately trusted keys found
2026-09-01T20:50:23.5940810Z gpg: starting migration from earlier GnuPG versions
2026-09-01T20:50:23.6491504Z gpg: porting secret keys from '/etc/pacman.d/gnupg/secring.gpg' to gpg-agent
2026-09-01T20:50:23.6494250Z gpg: migration succeeded
2026-09-01T20:50:23.6677514Z ==> Generating pacman master key. This may take some time.
2026-09-01T20:50:23.6841516Z gpg: Generating pacman keyring master key...
2026-09-01T20:50:24.1346236Z gpg: directory '/etc/pacman.d/gnupg/openpgp-revocs.d' created
2026-09-01T20:50:24.1592607Z gpg: revocation certificate stored as '/etc/pacman.d/gnupg/openpgp-revocs.d/CF8500BDB9D65751400FAF68CD7E3D4A847F3CCE.rev'
2026-09-01T20:50:24.1593979Z gpg: Done
2026-09-01T20:50:24.1742181Z ==> Updating trust database...
2026-09-01T20:50:24.2094997Z gpg: marginals needed: 3  completes needed: 1  trust model: pgp
2026-09-01T20:50:24.2095777Z gpg: depth: 0  valid:   1  signed:   0  trust: 0-, 0q, 0n, 0m, 0f, 1u
2026-09-01T20:50:24.3189077Z ==> Appending keys from msys2.gpg...
2026-09-01T20:50:24.9551318Z ==> Locally signing trusted keys in keyring...
2026-09-01T20:50:25.4469556Z   -> Locally signed 5 keys.
2026-09-01T20:50:25.4593890Z ==> Importing owner trust values...
2026-09-01T20:50:25.4755746Z gpg: setting ownertrust to 4
2026-09-01T20:50:25.4757735Z gpg: setting ownertrust to 4
2026-09-01T20:50:25.4758219Z gpg: setting ownertrust to 4
2026-09-01T20:50:25.4758600Z gpg: setting ownertrust to 4
2026-09-01T20:50:25.4758955Z gpg: setting ownertrust to 4
2026-09-01T20:50:25.4995052Z ==> Disabling revoked keys in keyring...
2026-09-01T20:50:25.7115374Z   -> Disabled 4 keys.
2026-09-01T20:50:25.7257610Z ==> Updating trust database...
2026-09-01T20:50:25.7618892Z gpg: marginals needed: 3  completes needed: 1  trust model: pgp
2026-09-01T20:50:25.7646398Z gpg: depth: 0  valid:   1  signed:   5  trust: 0-, 0q, 0n, 0m, 0f, 1u
2026-09-01T20:50:25.7676152Z gpg: depth: 1  valid:   5  signed:   6  trust: 0-, 0q, 0n, 5m, 0f, 0u
2026-09-01T20:50:25.7688526Z gpg: depth: 2  valid:   3  signed:   2  trust: 3-, 0q, 0n, 0m, 0f, 0u
2026-09-01T20:50:25.8025059Z pacman-key (pacman) 6.1.0
2026-09-01T20:50:25.8025808Z Copyright (c) 2010-2024 Pacman Development Team <pacman-dev@lists.archlinux.org>.
2026-09-01T20:50:25.8026161Z 
2026-09-01T20:50:25.8164704Z This is free software; see the source for copying conditions.
2026-09-01T20:50:25.8165429Z There is NO WARRANTY, to the extent permitted by law.
2026-09-01T20:50:25.9954869Z [1;32mInitial setup complete. MSYS2 is now ready to use.[1;0m
2026-09-01T20:50:26.0098743Z MINGW64_NT-10.0-20348 runnervm0js1w 3.6.9-01d6c708.x86_64 2026-05-24 10:45 UTC x86_64 Msys
2026-09-01T20:50:26.0138490Z ##[endgroup]
2026-09-01T20:50:26.0139538Z ##[group]Disable CheckSpace...
2026-09-01T20:50:26.1046957Z [command]C:\Windows\system32\cmd.exe /D /S /C D:\a\_temp\setup-msys2\msys2.cmd -c "'sed' '-i' 's/^CheckSpace/#CheckSpace/g' '/etc/pacman.conf'"
2026-09-01T20:50:26.2894327Z ##[endgroup]
2026-09-01T20:50:26.2894755Z ##[group]Updating packages...
2026-09-01T20:50:26.3644761Z [command]C:\Windows\system32\cmd.exe /D /S /C D:\a\_temp\setup-msys2\msys2.cmd -c "'pacman' '--noconfirm' '-Syuu' '--overwrite' '*'"
2026-09-01T20:50:27.0252408Z :: Synchronizing package databases...
2026-09-01T20:50:28.2737780Z  clangarm64 downloading...
2026-09-01T20:50:28.2738184Z  mingw32 downloading...
2026-09-01T20:50:28.2738482Z  mingw64 downloading...
2026-09-01T20:50:28.2738756Z  ucrt64 downloading...
2026-09-01T20:50:28.2739026Z  clang64 downloading...
2026-09-01T20:50:28.2739296Z  msys downloading...
2026-09-01T20:50:28.7247320Z :: Starting core system upgrade...
2026-09-01T20:50:28.9262179Z warning: terminate other MSYS2 programs before proceeding
2026-09-01T20:50:28.9262883Z resolving dependencies...
2026-09-01T20:50:28.9263625Z looking for conflicting packages...
2026-09-01T20:50:28.9368624Z 
2026-09-01T20:50:28.9369297Z Packages (1) msys2-runtime-3.6.10-3
2026-09-01T20:50:28.9369636Z 
2026-09-01T20:50:28.9369743Z Total Download Size:    1.97 MiB
2026-09-01T20:50:28.9369988Z Total Installed Size:   6.33 MiB
2026-09-01T20:50:28.9370243Z Net Upgrade Size:      -0.20 MiB
2026-09-01T20:50:28.9370415Z 
2026-09-01T20:50:28.9370594Z :: Proceed with installation? [Y/n] 
2026-09-01T20:50:28.9370859Z :: Retrieving packages...
2026-09-01T20:50:29.4773950Z  msys2-runtime-3.6.10-3-x86_64 downloading...
2026-09-01T20:50:29.4774378Z checking keyring...
2026-09-01T20:50:29.5316176Z checking package integrity...
2026-09-01T20:50:29.6996885Z loading package files...
2026-09-01T20:50:29.7021558Z checking for file conflicts...
2026-09-01T20:50:29.7043402Z :: Processing package changes...
2026-09-01T20:50:29.7044692Z upgrading msys2-runtime...
2026-09-01T20:50:29.8531036Z :: To complete this update all MSYS2 processes including this terminal will be closed. Confirm to proceed [Y/n] 
2026-09-01T20:50:30.1120056Z ##[endgroup]
2026-09-01T20:50:30.1120469Z ##[group]Killing remaining tasks...
2026-09-01T20:50:30.2251503Z [command]C:\Windows\system32\taskkill.exe /F /FI "MODULES eq msys-2.0.dll"
2026-09-01T20:50:30.3704233Z 
2026-09-01T20:50:30.3704887Z INFO: No tasks running with the specified criteria.
2026-09-01T20:50:30.3733937Z ##[endgroup]
2026-09-01T20:50:30.3734330Z ##[group]Final system upgrade...
2026-09-01T20:50:30.4544113Z [command]C:\Windows\system32\cmd.exe /D /S /C D:\a\_temp\setup-msys2\msys2.cmd -c "'pacman' '--noconfirm' '-Syuu' '--overwrite' '*'"
2026-09-01T20:50:31.0933636Z :: Synchronizing package databases...
2026-09-01T20:50:32.2283088Z  clangarm64 downloading...
2026-09-01T20:50:32.2283670Z  mingw32 downloading...
2026-09-01T20:50:32.2284125Z  mingw64 downloading...
2026-09-01T20:50:32.2286059Z  ucrt64 downloading...
2026-09-01T20:50:32.2286426Z  clang64 downloading...
2026-09-01T20:50:32.2286820Z  msys downloading...
2026-09-01T20:50:32.6628770Z :: Starting core system upgrade...
2026-09-01T20:50:32.8500503Z  there is nothing to do
2026-09-01T20:50:32.8500981Z :: Starting full system upgrade...
2026-09-01T20:50:32.8837511Z resolving dependencies...
2026-09-01T20:50:32.8901394Z looking for conflicting packages...
2026-09-01T20:50:32.9031699Z 
2026-09-01T20:50:32.9035200Z Packages (31) bash-completion-2.18.0-1  bsdtar-3.8.9-1  ca-certificates-20260816-1  curl-8.21.0-1  findutils-4.11.0-2  gawk-5.4.1-1  gcc-libs-15.3.0-1  gnupg-2.4.9-3  libcurl-8.21.0-1  libexpat-2.8.3-1  libffi-3.8.0-1  libgnutls-3.8.13-2  libhogweed-4.0-1  libnettle-4.0-1  libnghttp2-1.70.0-1  libnghttp3-1.18.0-1  libngtcp2-1.25.0-1  libopenssl-3.6.4-1  libp11-kit-0.26.5-1  libpsl-0.23.2-1  libsqlite-3.53.4-1  msys2-keyring-1~20260814-1  nano-9.2-1  nettle-4.0-1  openssl-3.6.4-1  p11-kit-0.26.5-1  pacman-contrib-1.10.6-2  perl-5.42.3-1  pinentry-1.3.3-1  tzcode-2026c-1  wget-1.25.0-2
2026-09-01T20:50:32.9037997Z 
2026-09-01T20:50:32.9038132Z Total Download Size:    27.05 MiB
2026-09-01T20:50:32.9038472Z Total Installed Size:  108.42 MiB
2026-09-01T20:50:32.9038803Z Net Upgrade Size:       -1.02 MiB
2026-09-01T20:50:32.9039033Z 
2026-09-01T20:50:32.9039258Z :: Proceed with installation? [Y/n] 
2026-09-01T20:50:32.9039614Z :: Retrieving packages...
2026-09-01T20:50:35.0698916Z  perl-5.42.3-1-x86_64 downloading...
2026-09-01T20:50:35.1270099Z  pacman-contrib-1.10.6-2-x86_64 downloading...
2026-09-01T20:50:35.1270671Z  gnupg-2.4.9-3-x86_64 downloading...
2026-09-01T20:50:35.1271147Z  libopenssl-3.6.4-1-x86_64 downloading...
2026-09-01T20:50:35.1271573Z  gawk-5.4.1-1-x86_64 downloading...
2026-09-01T20:50:35.1272003Z  libgnutls-3.8.13-2-x86_64 downloading...
2026-09-01T20:50:35.1272451Z  gcc-libs-15.3.0-1-x86_64 downloading...
2026-09-01T20:50:35.1272885Z  curl-8.21.0-1-x86_64 downloading...
2026-09-01T20:50:35.1273308Z  wget-1.25.0-2-x86_64 downloading...
2026-09-01T20:50:35.1273720Z  libsqlite-3.53.4-1-x86_64 downloading...
2026-09-01T20:50:35.1274155Z  nano-9.2-1-x86_64 downloading...
2026-09-01T20:50:35.1274554Z  openssl-3.6.4-1-x86_64 downloading...
2026-09-01T20:50:35.1274981Z  findutils-4.11.0-2-x86_64 downloading...
2026-09-01T20:50:35.1275426Z  p11-kit-0.26.5-1-x86_64 downloading...
2026-09-01T20:50:35.1275880Z  ca-certificates-20260816-1-any downloading...
2026-09-01T20:50:35.1276355Z  libcurl-8.21.0-1-x86_64 downloading...
2026-09-01T20:50:35.1276776Z  bsdtar-3.8.9-1-x86_64 downloading...
2026-09-01T20:50:35.1277198Z  tzcode-2026c-1-x86_64 downloading...
2026-09-01T20:50:35.1277649Z  libp11-kit-0.26.5-1-x86_64 downloading...
2026-09-01T20:50:35.1277943Z  bash-completion-2.18.0-1-any downloading...
2026-09-01T20:50:35.1278239Z  libhogweed-4.0-1-x86_64 downloading...
2026-09-01T20:50:35.1278508Z  libngtcp2-1.25.0-1-x86_64 downloading...
2026-09-01T20:50:35.1278768Z  libnettle-4.0-1-x86_64 downloading...
2026-09-01T20:50:35.1279020Z  nettle-4.0-1-x86_64 downloading...
2026-09-01T20:50:35.1279265Z  libpsl-0.23.2-1-x86_64 downloading...
2026-09-01T20:50:35.1279529Z  libnghttp3-1.18.0-1-x86_64 downloading...
2026-09-01T20:50:35.1279793Z  libnghttp2-1.70.0-1-x86_64 downloading...
2026-09-01T20:50:35.1280049Z  libexpat-2.8.3-1-x86_64 downloading...
2026-09-01T20:50:35.1280300Z  pinentry-1.3.3-1-x86_64 downloading...
2026-09-01T20:50:35.1280564Z  msys2-keyring-1~20260814-1-any downloading...
2026-09-01T20:50:35.1280925Z  libffi-3.8.0-1-x86_64 downloading...
2026-09-01T20:50:35.1281269Z checking keyring...
2026-09-01T20:50:35.1281719Z checking package integrity...
2026-09-01T20:50:39.6967512Z loading package files...
2026-09-01T20:50:39.7727587Z checking for file conflicts...
2026-09-01T20:50:39.8285181Z :: Running pre-transaction hooks...
2026-09-01T20:50:39.8285801Z (1/1) Removing old entries from the info directory file...
2026-09-01T20:50:39.9447149Z :: Processing package changes...
2026-09-01T20:50:39.9447933Z upgrading bash-completion...
2026-09-01T20:50:40.9644459Z upgrading gcc-libs...
2026-09-01T20:50:40.9820975Z upgrading libexpat...
2026-09-01T20:50:40.9864208Z upgrading libopenssl...
2026-09-01T20:50:41.0120702Z upgrading bsdtar...
2026-09-01T20:50:41.0213733Z upgrading openssl...
2026-09-01T20:50:41.1286960Z upgrading findutils...
2026-09-01T20:50:41.2047354Z upgrading libffi...
2026-09-01T20:50:41.2153181Z upgrading libp11-kit...
2026-09-01T20:50:41.2226005Z upgrading p11-kit...
2026-09-01T20:50:41.3849684Z upgrading ca-certificates...
2026-09-01T20:50:41.9473384Z upgrading libnghttp3...
2026-09-01T20:50:41.9534515Z upgrading libngtcp2...
2026-09-01T20:50:41.9614868Z upgrading libnghttp2...
2026-09-01T20:50:41.9674440Z upgrading libpsl...
2026-09-01T20:50:41.9768062Z upgrading libcurl...
2026-09-01T20:50:41.9832145Z upgrading curl...
2026-09-01T20:50:42.4215568Z upgrading gawk...
2026-09-01T20:50:42.5221456Z upgrading libhogweed...
2026-09-01T20:50:42.5265805Z upgrading libnettle...
2026-09-01T20:50:42.5313705Z upgrading libgnutls...
2026-09-01T20:50:42.5829894Z upgrading libsqlite...
2026-09-01T20:50:42.5927162Z upgrading nettle...
2026-09-01T20:50:42.6072392Z upgrading pinentry...
2026-09-01T20:50:42.6135344Z upgrading gnupg...
2026-09-01T20:50:47.1993506Z ==> Appending keys from msys2.gpg...
2026-09-01T20:50:47.8573832Z ==> Updating trust database...
2026-09-01T20:50:47.8777960Z gpg: no need for a trustdb check
2026-09-01T20:50:47.9722793Z upgrading msys2-keyring...
2026-09-01T20:50:48.3195880Z ==> Appending keys from msys2.gpg...
2026-09-01T20:50:48.8706324Z ==> Updating trust database...
2026-09-01T20:50:48.8903592Z gpg: next trustdb check due at 2027-02-10
2026-09-01T20:50:48.9875578Z upgrading nano...
2026-09-01T20:50:49.1066484Z upgrading pacman-contrib...
2026-09-01T20:50:49.1734163Z New optional dependencies for pacman-contrib
2026-09-01T20:50:49.1734773Z     perl: for pacsearch [installed]
2026-09-01T20:50:49.1735249Z     vim: default diff program for pacdiff
2026-09-01T20:50:49.1735746Z upgrading perl...
2026-09-01T20:50:51.0086546Z upgrading tzcode...
2026-09-01T20:50:52.9424608Z upgrading wget...
2026-09-01T20:50:53.0630504Z :: Running post-transaction hooks...
2026-09-01T20:50:53.0631083Z (1/1) Updating the info directory file...
2026-09-01T20:50:54.8455180Z ##[endgroup]
2026-09-01T20:50:54.8455660Z ##[group]Installing additional packages through pacman...
2026-09-01T20:50:54.9377923Z [command]C:\Windows\system32\cmd.exe /D /S /C D:\a\_temp\setup-msys2\msys2.cmd -c "'pacman' '--noconfirm' '-S' '--needed' '--overwrite' '*' 'git' 'make' 'mingw-w64-x86_64-boost' 'mingw-w64-x86_64-cmake' 'mingw-w64-x86_64-gcc'"
2026-09-01T20:50:55.8759303Z resolving dependencies...
2026-09-01T20:50:55.8894563Z looking for conflicting packages...
2026-09-01T20:50:55.9055661Z 
2026-09-01T20:50:55.9069777Z Packages (89) heimdal-7.8.0-5  heimdal-libs-7.8.0-5  libcbor-0.14.0-2  libedit-20240808_3.1-1  libfido2-1.17.0-1  mingw-w64-x86_64-binutils-2.47-3  mingw-w64-x86_64-boost-libs-1.91.0-3  mingw-w64-x86_64-brotli-1.2.0-1  mingw-w64-x86_64-bzip2-1.0.8-4  mingw-w64-x86_64-c-ares-1.34.8-1  mingw-w64-x86_64-ca-certificates-20260816-1  mingw-w64-x86_64-cppdap-1.65.r11.g6464cd7-1  mingw-w64-x86_64-crt-14.0.0.r302.gd7f3c5201-1  mingw-w64-x86_64-curl-8.21.0-2  mingw-w64-x86_64-expat-2.8.3-1  mingw-w64-x86_64-gcc-libs-16.2.0-3  mingw-w64-x86_64-gettext-runtime-1.0-1  mingw-w64-x86_64-gmp-6.3.0-2  mingw-w64-x86_64-gnutls-3.8.13-3  mingw-w64-x86_64-headers-14.0.0.r302.gd7f3c5201-1  mingw-w64-x86_64-icu-78.3-4  mingw-w64-x86_64-isl-0.28-1  mingw-w64-x86_64-jsoncpp-1.9.8-1  mingw-w64-x86_64-libarchive-3.8.9-5  mingw-w64-x86_64-libb2-0.98.1-3  mingw-w64-x86_64-libffi-3.8.0-1  mingw-w64-x86_64-libiconv-1.19-1  mingw-w64-x86_64-libidn2-2.3.8-4  mingw-w64-x86_64-libpsl-0.21.5-3  mingw-w64-x86_64-libssh2-1.11.1-2  mingw-w64-x86_64-libtasn1-4.21.0-1  mingw-w64-x86_64-libunistring-1.4.2-1  mingw-w64-x86_64-libuv-1.52.1-1  mingw-w64-x86_64-libwinpthread-14.0.0.r302.gd7f3c5201-1  mingw-w64-x86_64-lz4-1.10.0-1  mingw-w64-x86_64-mpc-1.4.1-1  mingw-w64-x86_64-mpfr-4.2.2-3  mingw-w64-x86_64-nettle-4.0-1  mingw-w64-x86_64-nghttp2-1.70.0-1  mingw-w64-x86_64-nghttp3-1.18.0-1  mingw-w64-x86_64-ngtcp2-1.25.0-1  mingw-w64-x86_64-ninja-1.13.2-1  mingw-w64-x86_64-openssl-3.6.4-1  mingw-w64-x86_64-p11-kit-0.26.5-1  mingw-w64-x86_64-pcre2-10.47-1  mingw-w64-x86_64-pkgconf-1~3.0.5-1  mingw-w64-x86_64-rhash-1.4.6-1  mingw-w64-x86_64-tzdata-2026c-1  mingw-w64-x86_64-windows-default-manifest-20260815-1  mingw-w64-x86_64-wineditline-2.208-1  mingw-w64-x86_64-winpthreads-14.0.0.r302.gd7f3c5201-1  mingw-w64-x86_64-xz-5.8.3-1  mingw-w64-x86_64-zlib-1.3.2-2  mingw-w64-x86_64-zstd-1.5.7-2  openssh-10.5p1-2  perl-Authen-SASL-2.2000-1  perl-Clone-0.50-2  perl-Convert-BinHex-1.125-2  perl-Encode-Locale-1.05-2  perl-Error-0.17030-1  perl-File-Listing-6.16-1  perl-HTML-Parser-3.85-1  perl-HTML-Tagset-3.24-1  perl-HTTP-Cookies-6.12-1  perl-HTTP-Daemon-6.17-1  perl-HTTP-Date-6.08-1  perl-HTTP-Message-7.04-1  perl-HTTP-Negotiate-6.01-3  perl-IO-HTML-1.004-2  perl-IO-Socket-SSL-2.099-1  perl-IO-Stringy-2.113-3  perl-LWP-MediaTypes-6.04-2  perl-MIME-tools-5.517-1  perl-MailTools-2.22-1  perl-Net-HTTP-6.24-1  perl-Net-SMTP-SSL-1.04-2  perl-Net-SSLeay-1.96-1  perl-TermReadKey-2.38-8  perl-TimeDate-2.35-1  perl-Try-Tiny-0.32-1  perl-URI-5.36-1  perl-WWW-RobotRules-6.03-1  perl-http-cookiejar-0.014-1  perl-libwww-6.83-2  git-2.55.0-1  make-4.4.1-3  mingw-w64-x86_64-boost-1.91.0-3  mingw-w64-x86_64-cmake-4.4.2-2  mingw-w64-x86_64-gcc-16.2.0-3
2026-09-01T20:50:55.9082293Z 
2026-09-01T20:50:55.9082460Z Total Download Size:    154.18 MiB
2026-09-01T20:50:55.9082913Z Total Installed Size:  1023.08 MiB
2026-09-01T20:50:55.9083205Z 
2026-09-01T20:50:55.9083420Z :: Proceed with installation? [Y/n] 
2026-09-01T20:50:55.9083901Z :: Retrieving packages...
2026-09-01T20:51:04.5541313Z  mingw-w64-x86_64-gcc-16.2.0-3-any downloading...
2026-09-01T20:51:04.5542006Z  mingw-w64-x86_64-icu-78.3-4-any downloading...
2026-09-01T20:51:04.5542574Z  mingw-w64-x86_64-boost-1.91.0-3-any downloading...
2026-09-01T20:51:04.5542998Z  mingw-w64-x86_64-cmake-4.4.2-2-any downloading...
2026-09-01T20:51:04.5543459Z  mingw-w64-x86_64-openssl-3.6.4-1-any downloading...
2026-09-01T20:51:04.5543901Z  git-2.55.0-1-x86_64 downloading...
2026-09-01T20:51:04.5544327Z  mingw-w64-x86_64-headers-14.0.0.r302.gd7f3c5201-1-any downloading...
2026-09-01T20:51:04.5544828Z  mingw-w64-x86_64-binutils-2.47-3-any downloading...
2026-09-01T20:51:04.5545294Z  mingw-w64-x86_64-crt-14.0.0.r302.gd7f3c5201-1-any downloading...
2026-09-01T20:51:04.5545710Z  mingw-w64-x86_64-boost-libs-1.91.0-3-any downloading...
2026-09-01T20:51:04.5546068Z  mingw-w64-x86_64-gnutls-3.8.13-3-any downloading...
2026-09-01T20:51:04.5546417Z  mingw-w64-x86_64-libarchive-3.8.9-5-any downloading...
2026-09-01T20:51:04.5546752Z  mingw-w64-x86_64-curl-8.21.0-2-any downloading...
2026-09-01T20:51:04.5547069Z  mingw-w64-x86_64-isl-0.28-1-any downloading...
2026-09-01T20:51:04.5547392Z  mingw-w64-x86_64-pcre2-10.47-1-any downloading...
2026-09-01T20:51:04.5547696Z  openssh-10.5p1-2-x86_64 downloading...
2026-09-01T20:51:04.5548000Z  mingw-w64-x86_64-gcc-libs-16.2.0-3-any downloading...
2026-09-01T20:51:04.5548358Z  mingw-w64-x86_64-libunistring-1.4.2-1-any downloading...
2026-09-01T20:51:04.5548692Z  heimdal-libs-7.8.0-5-x86_64 downloading...
2026-09-01T20:51:04.5549003Z  mingw-w64-x86_64-libiconv-1.19-1-any downloading...
2026-09-01T20:51:04.5549336Z  mingw-w64-x86_64-zstd-1.5.7-2-any downloading...
2026-09-01T20:51:04.5549663Z  mingw-w64-x86_64-p11-kit-0.26.5-1-any downloading...
2026-09-01T20:51:04.5550222Z  mingw-w64-x86_64-gmp-6.3.0-2-any downloading...
2026-09-01T20:51:04.5550704Z  mingw-w64-x86_64-nettle-4.0-1-any downloading...
2026-09-01T20:51:04.5551004Z  heimdal-7.8.0-5-x86_64 downloading...
2026-09-01T20:51:04.5551285Z  mingw-w64-x86_64-mpfr-4.2.2-3-any downloading...
2026-09-01T20:51:04.5551650Z  mingw-w64-x86_64-cppdap-1.65.r11.g6464cd7-1-any downloading...
2026-09-01T20:51:04.5552148Z  make-4.4.1-3-x86_64 downloading...
2026-09-01T20:51:04.5552417Z  mingw-w64-x86_64-xz-5.8.3-1-any downloading...
2026-09-01T20:51:04.5552734Z  mingw-w64-x86_64-brotli-1.2.0-1-any downloading...
2026-09-01T20:51:04.5553102Z  mingw-w64-x86_64-gettext-runtime-1.0-1-any downloading...
2026-09-01T20:51:04.5553502Z  mingw-w64-x86_64-ca-certificates-20260816-1-any downloading...
2026-09-01T20:51:04.5553876Z  mingw-w64-x86_64-c-ares-1.34.8-1-any downloading...
2026-09-01T20:51:04.5554216Z  mingw-w64-x86_64-libssh2-1.11.1-2-any downloading...
2026-09-01T20:51:04.5554755Z  mingw-w64-x86_64-ngtcp2-1.25.0-1-any downloading...
2026-09-01T20:51:04.5555297Z  mingw-w64-x86_64-rhash-1.4.6-1-any downloading...
2026-09-01T20:51:04.5555831Z  perl-Net-SSLeay-1.96-1-x86_64 downloading...
2026-09-01T20:51:04.5556356Z  mingw-w64-x86_64-tzdata-2026c-1-any downloading...
2026-09-01T20:51:04.5556884Z  mingw-w64-x86_64-libuv-1.52.1-1-any downloading...
2026-09-01T20:51:04.5557402Z  mingw-w64-x86_64-jsoncpp-1.9.8-1-any downloading...
2026-09-01T20:51:04.5557902Z  mingw-w64-x86_64-nghttp2-1.70.0-1-any downloading...
2026-09-01T20:51:04.5558417Z  mingw-w64-x86_64-libtasn1-4.21.0-1-any downloading...
2026-09-01T20:51:04.5558975Z  mingw-w64-x86_64-expat-2.8.3-1-any downloading...
2026-09-01T20:51:04.5559522Z  mingw-w64-x86_64-ninja-1.13.2-1-any downloading...
2026-09-01T20:51:04.5560032Z  perl-MIME-tools-5.517-1-any downloading...
2026-09-01T20:51:04.5560545Z  mingw-w64-x86_64-libidn2-2.3.8-4-any downloading...
2026-09-01T20:51:04.5561071Z  mingw-w64-x86_64-lz4-1.10.0-1-any downloading...
2026-09-01T20:51:04.5561592Z  perl-IO-Socket-SSL-2.099-1-any downloading...
2026-09-01T20:51:04.5562123Z  mingw-w64-x86_64-pkgconf-1~3.0.5-1-any downloading...
2026-09-01T20:51:04.5562673Z  mingw-w64-x86_64-nghttp3-1.18.0-1-any downloading...
2026-09-01T20:51:04.5563166Z  mingw-w64-x86_64-mpc-1.4.1-1-any downloading...
2026-09-01T20:51:04.5563625Z  perl-libwww-6.83-2-any downloading...
2026-09-01T20:51:04.5564080Z  mingw-w64-x86_64-zlib-1.3.2-2-any downloading...
2026-09-01T20:51:04.5564550Z  perl-URI-5.36-1-any downloading...
2026-09-01T20:51:04.5564995Z  mingw-w64-x86_64-libpsl-0.21.5-3-any downloading...
2026-09-01T20:51:04.5565509Z  mingw-w64-x86_64-bzip2-1.0.8-4-any downloading...
2026-09-01T20:51:04.5566022Z  libedit-20240808_3.1-1-x86_64 downloading...
2026-09-01T20:51:04.5566430Z  libfido2-1.17.0-1-x86_64 downloading...
2026-09-01T20:51:04.5566721Z  perl-HTML-Parser-3.85-1-x86_64 downloading...
2026-09-01T20:51:04.5567042Z  perl-HTTP-Message-7.04-1-any downloading...
2026-09-01T20:51:04.5567340Z  perl-TimeDate-2.35-1-any downloading...
2026-09-01T20:51:04.5567666Z  mingw-w64-x86_64-wineditline-2.208-1-any downloading...
2026-09-01T20:51:04.5568000Z  perl-MailTools-2.22-1-any downloading...
2026-09-01T20:51:04.5568293Z  mingw-w64-x86_64-libffi-3.8.0-1-any downloading...
2026-09-01T20:51:04.5568597Z  perl-IO-Stringy-2.113-3-any downloading...
2026-09-01T20:51:04.5568991Z  mingw-w64-x86_64-winpthreads-14.0.0.r302.gd7f3c5201-1-any downloading...
2026-09-01T20:51:04.5569456Z  perl-Authen-SASL-2.2000-1-any downloading...
2026-09-01T20:51:04.5569862Z  mingw-w64-x86_64-libwinpthread-14.0.0.r302.gd7f3c5201-1-any downloading...
2026-09-01T20:51:04.5570305Z  perl-Convert-BinHex-1.125-2-any downloading...
2026-09-01T20:51:04.5570625Z  mingw-w64-x86_64-libb2-0.98.1-3-any downloading...
2026-09-01T20:51:04.5570914Z  libcbor-0.14.0-2-x86_64 downloading...
2026-09-01T20:51:04.5571187Z  perl-HTTP-Cookies-6.12-1-any downloading...
2026-09-01T20:51:04.5571468Z  perl-Net-HTTP-6.24-1-any downloading...
2026-09-01T20:51:04.5571892Z  perl-Error-0.17030-1-any downloading...
2026-09-01T20:51:04.5572198Z  perl-TermReadKey-2.38-8-x86_64 downloading...
2026-09-01T20:51:04.5572502Z  perl-HTTP-Daemon-6.17-1-any downloading...
2026-09-01T20:51:04.5572802Z  perl-LWP-MediaTypes-6.04-2-any downloading...
2026-09-01T20:51:04.5573093Z  perl-Try-Tiny-0.32-1-any downloading...
2026-09-01T20:51:04.5573365Z  perl-Clone-0.50-2-x86_64 downloading...
2026-09-01T20:51:04.5574531Z  perl-IO-HTML-1.004-2-any downloading...
2026-09-01T20:51:04.5574839Z  perl-WWW-RobotRules-6.03-1-any downloading...
2026-09-01T20:51:04.5575154Z  perl-http-cookiejar-0.014-1-any downloading...
2026-09-01T20:51:04.5575463Z  perl-HTTP-Negotiate-6.01-3-any downloading...
2026-09-01T20:51:04.5575766Z  perl-Encode-Locale-1.05-2-any downloading...
2026-09-01T20:51:04.5576059Z  perl-HTML-Tagset-3.24-1-any downloading...
2026-09-01T20:51:04.5576354Z  perl-File-Listing-6.16-1-any downloading...
2026-09-01T20:51:04.5576634Z  perl-HTTP-Date-6.08-1-any downloading...
2026-09-01T20:51:04.5576918Z  perl-Net-SMTP-SSL-1.04-2-any downloading...
2026-09-01T20:51:04.5577541Z  mingw-w64-x86_64-windows-default-manifest-20260815-1-any downloading...
2026-09-01T20:51:04.5578192Z checking keyring...
2026-09-01T20:51:04.6258770Z checking package integrity...
2026-09-01T20:51:19.1611435Z loading package files...
2026-09-01T20:51:19.5046248Z checking for file conflicts...
2026-09-01T20:51:21.9076421Z :: Processing package changes...
2026-09-01T20:51:21.9076916Z installing libedit...
2026-09-01T20:51:21.9436341Z installing heimdal-libs...
2026-09-01T20:51:21.9621995Z installing heimdal...
2026-09-01T20:51:22.6282298Z installing libcbor...
2026-09-01T20:51:22.6313595Z installing libfido2...
2026-09-01T20:51:22.6350701Z installing openssh...
2026-09-01T20:51:22.6758646Z installing perl-Error...
2026-09-01T20:51:22.6845329Z installing perl-Authen-SASL...
2026-09-01T20:51:22.7093092Z installing perl-Encode-Locale...
2026-09-01T20:51:22.7156298Z installing perl-HTTP-Date...
2026-09-01T20:51:22.7228433Z installing perl-File-Listing...
2026-09-01T20:51:22.7293442Z installing perl-HTML-Tagset...
2026-09-01T20:51:22.7360927Z installing perl-Clone...
2026-09-01T20:51:22.7416058Z installing perl-IO-HTML...
2026-09-01T20:51:22.7478001Z installing perl-LWP-MediaTypes...
2026-09-01T20:51:22.7551001Z installing perl-URI...
2026-09-01T20:51:22.8238478Z installing perl-HTTP-Message...
2026-09-01T20:51:22.8437039Z installing perl-HTML-Parser...
2026-09-01T20:51:22.8596202Z installing perl-HTTP-Cookies...
2026-09-01T20:51:22.8685371Z installing perl-HTTP-Daemon...
2026-09-01T20:51:22.8733523Z installing perl-http-cookiejar...
2026-09-01T20:51:22.8803487Z installing perl-HTTP-Negotiate...
2026-09-01T20:51:22.8852866Z installing perl-Net-HTTP...
2026-09-01T20:51:22.8963237Z installing perl-WWW-RobotRules...
2026-09-01T20:51:22.9060515Z installing perl-Try-Tiny...
2026-09-01T20:51:22.9145630Z installing perl-libwww...
2026-09-01T20:51:22.9507131Z Optional dependencies for perl-libwww
2026-09-01T20:51:22.9507850Z     perl-LWP-Protocol-https: for https:// url schemes
2026-09-01T20:51:22.9508429Z installing perl-TimeDate...
2026-09-01T20:51:23.0185529Z installing perl-MailTools...
2026-09-01T20:51:23.0475302Z installing perl-IO-Stringy...
2026-09-01T20:51:23.0621274Z installing perl-Convert-BinHex...
2026-09-01T20:51:23.2028346Z module test... pass.
2026-09-01T20:51:23.2038554Z installing perl-MIME-tools...
2026-09-01T20:51:23.2456513Z installing perl-Net-SSLeay...
2026-09-01T20:51:23.3242861Z installing perl-IO-Socket-SSL...
2026-09-01T20:51:23.3376208Z installing perl-Net-SMTP-SSL...
2026-09-01T20:51:23.3423242Z installing perl-TermReadKey...
2026-09-01T20:51:23.3504438Z installing git...
2026-09-01T20:51:23.9501045Z Optional dependencies for git
2026-09-01T20:51:23.9501600Z     python: various helper scripts
2026-09-01T20:51:23.9502044Z     subversion: git svn
2026-09-01T20:51:23.9502429Z     aspell: spell checking in git gui
2026-09-01T20:51:23.9502847Z installing make...
2026-09-01T20:51:23.9838485Z installing mingw-w64-x86_64-libwinpthread...
2026-09-01T20:51:23.9884880Z installing mingw-w64-x86_64-tzdata...
2026-09-01T20:51:25.8242438Z installing mingw-w64-x86_64-gcc-libs...
2026-09-01T20:51:25.8414273Z installing mingw-w64-x86_64-bzip2...
2026-09-01T20:51:25.8607204Z installing mingw-w64-x86_64-icu...
2026-09-01T20:51:26.2344304Z installing mingw-w64-x86_64-libiconv...
2026-09-01T20:51:26.2587398Z installing mingw-w64-x86_64-gettext-runtime...
2026-09-01T20:51:26.3919609Z installing mingw-w64-x86_64-xz...
2026-09-01T20:51:26.5189664Z installing mingw-w64-x86_64-zstd...
2026-09-01T20:51:26.5395791Z installing mingw-w64-x86_64-zlib...
2026-09-01T20:51:26.5479984Z installing mingw-w64-x86_64-boost-libs...
2026-09-01T20:51:26.5968993Z installing mingw-w64-x86_64-boost...
2026-09-01T20:51:41.5473564Z Optional dependencies for mingw-w64-x86_64-boost
2026-09-01T20:51:41.5473975Z     mingw-w64-x86_64-python: For Boost.Python
2026-09-01T20:51:41.5474376Z     mingw-w64-x86_64-python-numpy: For Boost.Python (NumPy)
2026-09-01T20:51:41.5474711Z installing mingw-w64-x86_64-cppdap...
2026-09-01T20:51:41.5722779Z installing mingw-w64-x86_64-c-ares...
2026-09-01T20:51:41.8252477Z installing mingw-w64-x86_64-brotli...
2026-09-01T20:51:41.8470182Z installing mingw-w64-x86_64-libunistring...
2026-09-01T20:51:41.8948252Z installing mingw-w64-x86_64-libidn2...
2026-09-01T20:51:41.9245499Z installing mingw-w64-x86_64-libpsl...
2026-09-01T20:51:41.9340048Z installing mingw-w64-x86_64-libtasn1...
2026-09-01T20:51:41.9835312Z installing mingw-w64-x86_64-libffi...
2026-09-01T20:51:41.9944378Z installing mingw-w64-x86_64-p11-kit...
2026-09-01T20:51:42.2431122Z installing mingw-w64-x86_64-ca-certificates...
2026-09-01T20:51:42.8509117Z installing mingw-w64-x86_64-openssl...
2026-09-01T20:51:48.5648303Z Optional dependencies for mingw-w64-x86_64-openssl
2026-09-01T20:51:48.5649314Z     mingw-w64-x86_64-ca-certificates [installed]
2026-09-01T20:51:48.5650591Z installing mingw-w64-x86_64-libssh2...
2026-09-01T20:51:48.7421660Z installing mingw-w64-x86_64-nghttp2...
2026-09-01T20:51:48.7600224Z installing mingw-w64-x86_64-gmp...
2026-09-01T20:51:48.7758180Z installing mingw-w64-x86_64-nettle...
2026-09-01T20:51:48.8328499Z installing mingw-w64-x86_64-gnutls...
2026-09-01T20:51:49.7850556Z installing mingw-w64-x86_64-ngtcp2...
2026-09-01T20:51:49.8063559Z installing mingw-w64-x86_64-nghttp3...
2026-09-01T20:51:49.8199938Z installing mingw-w64-x86_64-curl...
2026-09-01T20:51:50.2300516Z installing mingw-w64-x86_64-expat...
2026-09-01T20:51:50.2457435Z installing mingw-w64-x86_64-jsoncpp...
2026-09-01T20:51:50.2646466Z installing mingw-w64-x86_64-libb2...
2026-09-01T20:51:50.2715460Z installing mingw-w64-x86_64-lz4...
2026-09-01T20:51:50.2864694Z installing mingw-w64-x86_64-wineditline...
2026-09-01T20:51:50.2953961Z installing mingw-w64-x86_64-pcre2...
2026-09-01T20:51:50.4810476Z installing mingw-w64-x86_64-libarchive...
2026-09-01T20:51:50.5636082Z installing mingw-w64-x86_64-libuv...
2026-09-01T20:51:50.5859802Z installing mingw-w64-x86_64-ninja...
2026-09-01T20:51:50.5915743Z installing mingw-w64-x86_64-pkgconf...
2026-09-01T20:51:50.6135468Z installing mingw-w64-x86_64-rhash...
2026-09-01T20:51:50.6492652Z installing mingw-w64-x86_64-cmake...
2026-09-01T20:51:53.9413888Z Optional dependencies for mingw-w64-x86_64-cmake
2026-09-01T20:51:53.9414619Z     mingw-w64-x86_64-emacs: for cmake emacs mode
2026-09-01T20:51:53.9415119Z installing mingw-w64-x86_64-binutils...
2026-09-01T20:51:54.2907188Z installing mingw-w64-x86_64-headers...
2026-09-01T20:51:55.6433958Z installing mingw-w64-x86_64-crt...
2026-09-01T20:51:56.3567813Z installing mingw-w64-x86_64-isl...
2026-09-01T20:51:56.4236627Z installing mingw-w64-x86_64-mpfr...
2026-09-01T20:51:56.4463158Z installing mingw-w64-x86_64-mpc...
2026-09-01T20:51:56.4535252Z installing mingw-w64-x86_64-windows-default-manifest...
2026-09-01T20:51:56.4565446Z installing mingw-w64-x86_64-winpthreads...
2026-09-01T20:51:56.4671445Z installing mingw-w64-x86_64-gcc...
2026-09-01T20:51:57.8971509Z :: Running post-transaction hooks...
2026-09-01T20:51:57.8971997Z (1/1) Updating the info directory file...
2026-09-01T20:51:58.2229062Z ##[endgroup]
2026-09-01T20:51:58.2450013Z ##[group]Run cmake --version
2026-09-01T20:51:58.2450362Z [36;1mcmake --version[0m
2026-09-01T20:51:58.2450581Z [36;1mg++ --version[0m
2026-09-01T20:51:58.2454811Z shell: D:\a\_temp\setup-msys2\msys2.CMD {0}
2026-09-01T20:51:58.2455087Z env:
2026-09-01T20:51:58.2455324Z   OPENFHE_COMMIT: df495ba2e91739a6dc8f1de254fc5a41155ce504
2026-09-01T20:51:58.2455692Z   OPENFHE_PREFIX: C:\openfhe-2023-1788\openfhe-install
2026-09-01T20:51:58.2456006Z   WINDOWS_ROOT: C:\openfhe-2023-1788
2026-09-01T20:51:58.2456278Z   PROJECT_SOURCE: C:\openfhe-2023-1788\cleanroom
2026-09-01T20:51:58.2456590Z   OPENFHE_SOURCE: C:\openfhe-2023-1788\openfhe-src
2026-09-01T20:51:58.2456954Z   OPENFHE_BUILD: C:\openfhe-2023-1788\openfhe-build-33557603825-1
2026-09-01T20:51:58.2457364Z   PROJECT_BUILD: C:\openfhe-2023-1788\project-build-33557603825-1
2026-09-01T20:51:58.2457674Z   MSYSTEM: MINGW64
2026-09-01T20:51:58.2457852Z ##[endgroup]
2026-09-01T20:51:58.4393925Z cmake version 4.4.2
2026-09-01T20:51:58.4394244Z 
2026-09-01T20:51:58.4394454Z CMake suite maintained and supported by Kitware (kitware.com/cmake).
2026-09-01T20:51:58.4693868Z g++.exe (Rev3, Built by MSYS2 project) 16.2.0
2026-09-01T20:51:58.4694611Z Copyright (C) 2026 Free Software Foundation, Inc.
2026-09-01T20:51:58.4695361Z This is free software; see the source for copying conditions.  There is NO
2026-09-01T20:51:58.4696242Z warranty; not even for MERCHANTABILITY or FITNESS FOR A PARTICULAR PURPOSE.
2026-09-01T20:51:58.4696775Z 
2026-09-01T20:51:58.4901140Z ##[group]Run source="$(cygpath -u "$OPENFHE_SOURCE")"
2026-09-01T20:51:58.4901642Z [36;1msource="$(cygpath -u "$OPENFHE_SOURCE")"[0m
2026-09-01T20:51:58.4901999Z [36;1mactual="$(git -C "$source" rev-parse HEAD)"[0m
2026-09-01T20:51:58.4902326Z [36;1mtest "$actual" = "$OPENFHE_COMMIT"[0m
2026-09-01T20:51:58.4902672Z [36;1mtest -z "$(git -C "$source" status --porcelain)"[0m
2026-09-01T20:51:58.4903041Z [36;1mgit -C "$source" submodule status --recursive[0m
2026-09-01T20:51:58.4905033Z shell: D:\a\_temp\setup-msys2\msys2.CMD {0}
2026-09-01T20:51:58.4905306Z env:
2026-09-01T20:51:58.4905561Z   OPENFHE_COMMIT: df495ba2e91739a6dc8f1de254fc5a41155ce504
2026-09-01T20:51:58.4905942Z   OPENFHE_PREFIX: C:\openfhe-2023-1788\openfhe-install
2026-09-01T20:51:58.4906246Z   WINDOWS_ROOT: C:\openfhe-2023-1788
2026-09-01T20:51:58.4906533Z   PROJECT_SOURCE: C:\openfhe-2023-1788\cleanroom
2026-09-01T20:51:58.4906844Z   OPENFHE_SOURCE: C:\openfhe-2023-1788\openfhe-src
2026-09-01T20:51:58.4907241Z   OPENFHE_BUILD: C:\openfhe-2023-1788\openfhe-build-33557603825-1
2026-09-01T20:51:58.4907667Z   PROJECT_BUILD: C:\openfhe-2023-1788\project-build-33557603825-1
2026-09-01T20:51:58.4907994Z   MSYSTEM: MINGW64
2026-09-01T20:51:58.4908176Z ##[endgroup]
2026-09-01T20:51:59.8062453Z  984e3f194862b17916536b5fade40cba6e47a6fe third-party/cereal (heads/main)
2026-09-01T20:51:59.9084590Z  eddb0241389718a23a42db6af5f0164b6e0139af third-party/google-benchmark (eddb024)
2026-09-01T20:52:00.0271798Z  52eb8108c5bdec04579160ae17225d66034bd723 third-party/google-test (52eb810)
2026-09-01T20:52:00.2385781Z  83edb60836d87cf1b406e8846b9059c03031e8f5 third-party/gperftools (83edb60)
2026-09-01T20:52:00.2739864Z ##[group]Run prefix="$(cygpath -u "$OPENFHE_PREFIX")"
2026-09-01T20:52:00.2740447Z [36;1mprefix="$(cygpath -u "$OPENFHE_PREFIX")"[0m
2026-09-01T20:52:00.2740804Z [36;1msource="$(cygpath -u "$OPENFHE_SOURCE")"[0m
2026-09-01T20:52:00.2741144Z [36;1mbuild="$(cygpath -u "$OPENFHE_BUILD")"[0m
2026-09-01T20:52:00.2741449Z [36;1mcmake -S "$source" -B "$build" \[0m
2026-09-01T20:52:00.2741731Z [36;1m  -DCMAKE_BUILD_TYPE=Release \[0m
2026-09-01T20:52:00.2742029Z [36;1m  -DCMAKE_INSTALL_PREFIX="$prefix" \[0m
2026-09-01T20:52:00.2742322Z [36;1m  -DBUILD_UNITTESTS=OFF \[0m
2026-09-01T20:52:00.2742584Z [36;1m  -DBUILD_EXAMPLES=OFF \[0m
2026-09-01T20:52:00.2742841Z [36;1m  -DBUILD_BENCHMARKS=OFF \[0m
2026-09-01T20:52:00.2743093Z [36;1m  -DBUILD_EXTRAS=OFF \[0m
2026-09-01T20:52:00.2743336Z [36;1m  -DWITH_OPENMP=ON[0m
2026-09-01T20:52:00.2745385Z shell: D:\a\_temp\setup-msys2\msys2.CMD {0}
2026-09-01T20:52:00.2745667Z env:
2026-09-01T20:52:00.2746105Z   OPENFHE_COMMIT: df495ba2e91739a6dc8f1de254fc5a41155ce504
2026-09-01T20:52:00.2746480Z   OPENFHE_PREFIX: C:\openfhe-2023-1788\openfhe-install
2026-09-01T20:52:00.2746800Z   WINDOWS_ROOT: C:\openfhe-2023-1788
2026-09-01T20:52:00.2747079Z   PROJECT_SOURCE: C:\openfhe-2023-1788\cleanroom
2026-09-01T20:52:00.2747401Z   OPENFHE_SOURCE: C:\openfhe-2023-1788\openfhe-src
2026-09-01T20:52:00.2747752Z   OPENFHE_BUILD: C:\openfhe-2023-1788\openfhe-build-33557603825-1
2026-09-01T20:52:00.2748143Z   PROJECT_BUILD: C:\openfhe-2023-1788\project-build-33557603825-1
2026-09-01T20:52:00.2748448Z   MSYSTEM: MINGW64
2026-09-01T20:52:00.2748617Z ##[endgroup]
2026-09-01T20:52:00.6824832Z -- The C compiler identification is GNU 16.2.0
2026-09-01T20:52:00.8827979Z -- The CXX compiler identification is GNU 16.2.0
2026-09-01T20:52:00.9353064Z -- Detecting C compiler ABI info
2026-09-01T20:52:01.3198751Z -- Detecting C compiler ABI info - done
2026-09-01T20:52:01.3540810Z -- Check for working C compiler: D:/a/_temp/msys64/mingw64/bin/cc.exe - skipped
2026-09-01T20:52:01.3545099Z -- Detecting C compile features
2026-09-01T20:52:01.3550914Z -- Detecting C compile features - done
2026-09-01T20:52:01.3913720Z -- Detecting CXX compiler ABI info
2026-09-01T20:52:01.7772671Z -- Detecting CXX compiler ABI info - done
2026-09-01T20:52:01.8118044Z -- Check for working CXX compiler: D:/a/_temp/msys64/mingw64/bin/c++.exe - skipped
2026-09-01T20:52:01.8122445Z -- Detecting CXX compile features
2026-09-01T20:52:01.8130373Z -- Detecting CXX compile features - done
2026-09-01T20:52:01.8298539Z -- Building in Release mode
2026-09-01T20:52:01.8300497Z ***** INSTALL IS AT C:/openfhe-2023-1788/openfhe-install; to change, run cmake with -DCMAKE_INSTALL_PREFIX=/your/path
2026-09-01T20:52:01.8301418Z -- BUILD_UNITTESTS:    OFF
2026-09-01T20:52:01.8302124Z -- BUILD_EXAMPLES:     OFF
2026-09-01T20:52:01.8302987Z -- BUILD_BENCHMARKS:   OFF
2026-09-01T20:52:01.8303520Z -- BUILD_EXTRAS:       OFF
2026-09-01T20:52:01.8304070Z -- BUILD_STATIC:       OFF
2026-09-01T20:52:01.8304563Z -- BUILD_SHARED:       ON
2026-09-01T20:52:01.8305040Z -- GIT_SUBMOD_AUTO:    ON
2026-09-01T20:52:01.8305482Z -- WITH_BE2:           OFF
2026-09-01T20:52:01.8305921Z -- WITH_BE4:           OFF
2026-09-01T20:52:01.8306342Z -- WITH_NTL:           OFF
2026-09-01T20:52:01.8306770Z -- WITH_TCM:           OFF
2026-09-01T20:52:01.8307203Z -- WITH_OPENMP:        ON
2026-09-01T20:52:01.8307632Z -- NATIVE_SIZE:        64
2026-09-01T20:52:01.8308072Z -- CKKS_M_FACTOR:      1
2026-09-01T20:52:01.8308556Z -- WITH_NATIVEOPT:     OFF
2026-09-01T20:52:01.8309049Z -- WITH_COVTEST:       OFF
2026-09-01T20:52:01.8309433Z -- WITH_NOISE_DEBUG:   OFF
2026-09-01T20:52:01.8309790Z -- WITH_REDUCED_NOISE: OFF
2026-09-01T20:52:01.8310115Z -- USE_MACPORTS:       OFF
2026-09-01T20:52:01.8310465Z -- BUILTIN_INFO_AVAILABLE is defined
2026-09-01T20:52:01.8511621Z -- Architecture is x86_64
2026-09-01T20:52:01.8529940Z -- Looking for sys/types.h
2026-09-01T20:52:02.2288208Z -- Looking for sys/types.h - found
2026-09-01T20:52:02.2288784Z -- Looking for stdint.h
2026-09-01T20:52:02.6343414Z -- Looking for stdint.h - found
2026-09-01T20:52:02.6344813Z -- Looking for stddef.h
2026-09-01T20:52:03.0092964Z -- Looking for stddef.h - found
2026-09-01T20:52:03.0093310Z -- Check size of __int128
2026-09-01T20:52:03.4030345Z -- Check size of __int128 - done
2026-09-01T20:52:03.4033148Z -- Check size of uint64_t
2026-09-01T20:52:03.8086967Z -- Check size of uint64_t - done
2026-09-01T20:52:03.8088092Z -- NATIVEINT is set to 64
2026-09-01T20:52:03.8088490Z -- MATHBACKEND is set to 4
2026-09-01T20:52:03.8088877Z -- MATHBACKEND set to 4. Setting WITH_BE4 to ON
2026-09-01T20:52:04.9975877Z -- Found OpenMP_C: -fopenmp (found version "5.2")
2026-09-01T20:52:05.4036422Z -- Found OpenMP_CXX: -fopenmp (found version "5.2")
2026-09-01T20:52:05.4040658Z -- Found OpenMP: TRUE (found version "5.2")
2026-09-01T20:52:05.4208680Z -- Found Git: D:/a/_temp/msys64/usr/bin/git.exe (found version "2.55.0")
2026-09-01T20:52:05.4209367Z -- Submodule update
2026-09-01T20:52:05.7958919Z Synchronizing submodule url for 'third-party/cereal'
2026-09-01T20:52:05.8263027Z Synchronizing submodule url for 'third-party/google-benchmark'
2026-09-01T20:52:05.8574910Z Synchronizing submodule url for 'third-party/google-test'
2026-09-01T20:52:05.8926942Z Synchronizing submodule url for 'third-party/gperftools'
2026-09-01T20:52:06.4197466Z -- Configuring done (5.9s)
2026-09-01T20:52:06.7455407Z -- Generating done (0.3s)
2026-09-01T20:52:06.7475676Z -- Build files have been written to: C:/openfhe-2023-1788/openfhe-build-33557603825-1
2026-09-01T20:52:06.7741946Z ##[group]Run build="$(cygpath -u "$OPENFHE_BUILD")"
2026-09-01T20:52:06.7742638Z [36;1mbuild="$(cygpath -u "$OPENFHE_BUILD")"[0m
2026-09-01T20:52:06.7743183Z [36;1mcmake --build "$build" --parallel 2[0m
2026-09-01T20:52:06.7743671Z [36;1mcmake --install "$build"[0m
2026-09-01T20:52:06.7746514Z shell: D:\a\_temp\setup-msys2\msys2.CMD {0}
2026-09-01T20:52:06.7746992Z env:
2026-09-01T20:52:06.7747391Z   OPENFHE_COMMIT: df495ba2e91739a6dc8f1de254fc5a41155ce504
2026-09-01T20:52:06.7748036Z   OPENFHE_PREFIX: C:\openfhe-2023-1788\openfhe-install
2026-09-01T20:52:06.7748579Z   WINDOWS_ROOT: C:\openfhe-2023-1788
2026-09-01T20:52:06.7749052Z   PROJECT_SOURCE: C:\openfhe-2023-1788\cleanroom
2026-09-01T20:52:06.7749610Z   OPENFHE_SOURCE: C:\openfhe-2023-1788\openfhe-src
2026-09-01T20:52:06.7750281Z   OPENFHE_BUILD: C:\openfhe-2023-1788\openfhe-build-33557603825-1
2026-09-01T20:52:06.7751018Z   PROJECT_BUILD: C:\openfhe-2023-1788\project-build-33557603825-1
2026-09-01T20:52:06.7751649Z   MSYSTEM: MINGW64
2026-09-01T20:52:06.7751972Z ##[endgroup]
2026-09-01T20:52:07.2408359Z -- Copied demoData files
2026-09-01T20:52:07.2933908Z [  0%] Built target third-party
2026-09-01T20:52:07.4244515Z [  1%] Building CXX object src/core/CMakeFiles/coreobj.dir/lib/lattice/constants-lattice-impl.cpp.obj
2026-09-01T20:52:07.4319316Z [  2%] Building CXX object src/core/CMakeFiles/coreobj.dir/lib/lattice/lattice.cpp.obj
2026-09-01T20:52:08.2971582Z [  3%] Building CXX object src/core/CMakeFiles/coreobj.dir/lib/lattice/stdlatticeparms.cpp.obj
2026-09-01T20:52:09.5241234Z [  4%] Building CXX object src/core/CMakeFiles/coreobj.dir/lib/lattice/trapdoor-dcrtpoly.cpp.obj
2026-09-01T20:52:18.6316003Z [  5%] Building CXX object src/core/CMakeFiles/coreobj.dir/lib/lattice/trapdoor-poly.cpp.obj
2026-09-01T20:52:29.5380007Z [  6%] Building CXX object src/core/CMakeFiles/coreobj.dir/lib/math/chebyshev.cpp.obj
2026-09-01T20:52:30.4829711Z [  6%] Building CXX object src/core/CMakeFiles/coreobj.dir/lib/math/dftransform.cpp.obj
2026-09-01T20:52:32.0503204Z [  7%] Building CXX object src/core/CMakeFiles/coreobj.dir/lib/math/discretegaussiangeneratorgeneric.cpp.obj
2026-09-01T20:52:32.3227841Z [  8%] Building CXX object src/core/CMakeFiles/coreobj.dir/lib/math/distributiongenerator.cpp.obj
2026-09-01T20:52:33.2683217Z [  9%] Building CXX object src/core/CMakeFiles/coreobj.dir/lib/math/hal/bigintdyn/be4-math-impl.cpp.obj
2026-09-01T20:52:34.0474807Z [ 10%] Building CXX object src/core/CMakeFiles/coreobj.dir/lib/math/hal/bigintdyn/mubintvecdyn.cpp.obj
2026-09-01T20:52:36.9504060Z Terminate batch job (Y/N)? 
2026-09-01T20:52:36.9514160Z ^C
2026-09-01T20:52:36.9625384Z ##[error]The operation was canceled.
2026-09-01T20:52:36.9740528Z Cleaning up orphan processes
