2026-09-01T20:20:54.5631833Z Current runner version: '2.337.0'
2026-09-01T20:20:54.5665307Z ##[group]Runner Image Provisioner
2026-09-01T20:20:54.5666479Z Hosted Compute Agent
2026-09-01T20:20:54.5667784Z Version: 20260819.586
2026-09-01T20:20:54.5668930Z Commit: 3cc4a88dfa507ef76119ad1bb3eccc6378bb2b76
2026-09-01T20:20:54.5670195Z Build Date: 2026-08-18T23:20:18Z
2026-09-01T20:20:54.5671361Z Worker ID: {283db3e0-cf7e-4ce2-ae3e-b5ea25d5d713}
2026-09-01T20:20:54.5672638Z Azure Region: centralus
2026-09-01T20:20:54.5673585Z ##[endgroup]
2026-09-01T20:20:54.5675842Z ##[group]Operating System
2026-09-01T20:20:54.5676884Z Microsoft Windows Server 2022
2026-09-01T20:20:54.5677860Z 10.0.20348
2026-09-01T20:20:54.5678626Z Datacenter
2026-09-01T20:20:54.5679386Z ##[endgroup]
2026-09-01T20:20:54.5680236Z ##[group]Runner Image
2026-09-01T20:20:54.5681132Z Image: windows-2022
2026-09-01T20:20:54.5682016Z Version: 20260824.284.2
2026-09-01T20:20:54.5684502Z Included Software: https://github.com/actions/runner-images/blob/win22/20260824.284/images/windows/Windows2022-Readme.md
2026-09-01T20:20:54.5687211Z Image Release: https://github.com/actions/runner-images/releases/tag/win22%2F20260824.284
2026-09-01T20:20:54.5688828Z ##[endgroup]
2026-09-01T20:20:54.5690688Z ##[group]GITHUB_TOKEN Permissions
2026-09-01T20:20:54.5694241Z Contents: read
2026-09-01T20:20:54.5695195Z Metadata: read
2026-09-01T20:20:54.5696124Z ##[endgroup]
2026-09-01T20:20:54.5699046Z Secret source: Actions
2026-09-01T20:20:54.5700648Z Prepare workflow directory
2026-09-01T20:20:54.6299037Z Prepare all required actions
2026-09-01T20:20:54.6351075Z Getting action download info
2026-09-01T20:20:54.8844986Z Download action repository 'msys2/setup-msys2@v2' (SHA:66cd2cce69caa17b53920067426061ca1de3a884)
2026-09-01T20:20:55.2618002Z Complete job name: windows-mingw64
2026-09-01T20:20:55.4116772Z ##[group]Run git config --global core.autocrlf false
2026-09-01T20:20:55.4117903Z [36;1mgit config --global core.autocrlf false[0m
2026-09-01T20:20:55.4118689Z [36;1mgit config --global core.eol lf[0m
2026-09-01T20:20:55.4119689Z [36;1mNew-Item -ItemType Directory -Path $env:WINDOWS_ROOT | Out-Null[0m
2026-09-01T20:20:55.4120587Z [36;1m[0m
2026-09-01T20:20:55.4121101Z [36;1mgit init $env:PROJECT_SOURCE[0m
2026-09-01T20:20:55.4122140Z [36;1mgit -C $env:PROJECT_SOURCE remote add origin https://github.com/leemaple/20231788..git[0m
2026-09-01T20:20:55.4123451Z [36;1mgit -C $env:PROJECT_SOURCE fetch --depth 1 origin $env:GITHUB_SHA[0m
2026-09-01T20:20:55.4124469Z [36;1mgit -C $env:PROJECT_SOURCE checkout --detach FETCH_HEAD[0m
2026-09-01T20:20:55.4125463Z [36;1m$projectActual = git -C $env:PROJECT_SOURCE rev-parse HEAD[0m
2026-09-01T20:20:55.4126257Z [36;1mif ($projectActual -ne $env:GITHUB_SHA) {[0m
2026-09-01T20:20:55.4126999Z [36;1m  throw "Project checkout mismatch: $projectActual"[0m
2026-09-01T20:20:55.4127608Z [36;1m}[0m
2026-09-01T20:20:55.4127980Z [36;1m[0m
2026-09-01T20:20:55.4128396Z [36;1mgit init $env:OPENFHE_SOURCE[0m
2026-09-01T20:20:55.4129327Z [36;1mgit -C $env:OPENFHE_SOURCE remote add origin https://github.com/openfheorg/openfhe-development.git[0m
2026-09-01T20:20:55.4130452Z [36;1mgit -C $env:OPENFHE_SOURCE fetch --depth 1 origin $env:OPENFHE_COMMIT[0m
2026-09-01T20:20:55.4131298Z [36;1mgit -C $env:OPENFHE_SOURCE checkout --detach FETCH_HEAD[0m
2026-09-01T20:20:55.4132165Z [36;1mgit -C $env:OPENFHE_SOURCE submodule update --init --recursive --depth 1[0m
2026-09-01T20:20:55.4132903Z [36;1m[0m
2026-09-01T20:20:55.4133481Z [36;1m$projectStatus = @(git -C $env:PROJECT_SOURCE status --porcelain)[0m
2026-09-01T20:20:55.4134234Z [36;1mif ($projectStatus.Count -ne 0) {[0m
2026-09-01T20:20:55.4134962Z [36;1m  throw "Project checkout is dirty: $($projectStatus -join '; ')"[0m
2026-09-01T20:20:55.4135656Z [36;1m}[0m
2026-09-01T20:20:55.4136222Z [36;1m$openfheStatus = @(git -C $env:OPENFHE_SOURCE status --porcelain)[0m
2026-09-01T20:20:55.4136958Z [36;1mif ($openfheStatus.Count -ne 0) {[0m
2026-09-01T20:20:55.4140010Z [36;1m  throw "OpenFHE checkout is dirty: $($openfheStatus -join '; ')"[0m
2026-09-01T20:20:55.4140713Z [36;1m}[0m
2026-09-01T20:20:55.6014369Z shell: C:\Program Files\PowerShell\7\pwsh.EXE -command ". '{0}'"
2026-09-01T20:20:55.6015470Z env:
2026-09-01T20:20:55.6016046Z   OPENFHE_COMMIT: df495ba2e91739a6dc8f1de254fc5a41155ce504
2026-09-01T20:20:55.6016859Z   OPENFHE_PREFIX: C:\openfhe-2023-1788\openfhe-install
2026-09-01T20:20:55.6017563Z   WINDOWS_ROOT: C:\openfhe-2023-1788
2026-09-01T20:20:55.6018200Z   PROJECT_SOURCE: C:\openfhe-2023-1788\cleanroom
2026-09-01T20:20:55.6019020Z   OPENFHE_SOURCE: C:\openfhe-2023-1788\openfhe-src
2026-09-01T20:20:55.6019843Z   OPENFHE_BUILD: C:\openfhe-2023-1788\openfhe-build-33554777953-1
2026-09-01T20:20:55.6020719Z   PROJECT_BUILD: C:\openfhe-2023-1788\project-build-33554777953-1
2026-09-01T20:20:55.6021369Z ##[endgroup]
2026-09-01T20:20:56.4995275Z Initialized empty Git repository in C:/openfhe-2023-1788/cleanroom/.git/
2026-09-01T20:20:58.0389701Z From https://github.com/leemaple/20231788.
2026-09-01T20:20:58.0390882Z  * branch            8642a9450bd9315f1d228a537ccdce7b3d9614a5 -> FETCH_HEAD
2026-09-01T20:20:58.2055915Z HEAD is now at 8642a94 test: retain Relin2 insufficient-basis red
2026-09-01T20:20:58.2926864Z Initialized empty Git repository in C:/openfhe-2023-1788/openfhe-src/.git/
2026-09-01T20:20:59.6674885Z From https://github.com/openfheorg/openfhe-development
2026-09-01T20:20:59.6675834Z  * branch            df495ba2e91739a6dc8f1de254fc5a41155ce504 -> FETCH_HEAD
2026-09-01T20:21:00.4390532Z HEAD is now at df495ba Merge pull request #1130 from openfheorg/dev
2026-09-01T20:21:01.6045210Z Submodule 'third-party/cereal' (https://github.com/openfheorg/cereal.git) registered for path 'third-party/cereal'
2026-09-01T20:21:01.6067901Z Submodule 'third-party/google-benchmark' (https://github.com/google/benchmark.git) registered for path 'third-party/google-benchmark'
2026-09-01T20:21:01.6086769Z Submodule 'third-party/google-test' (https://github.com/google/googletest.git) registered for path 'third-party/google-test'
2026-09-01T20:21:01.6123485Z Submodule 'third-party/gperftools' (https://github.com/gperftools/gperftools.git) registered for path 'third-party/gperftools'
2026-09-01T20:21:01.6604194Z Cloning into 'C:/openfhe-2023-1788/openfhe-src/third-party/cereal'...
2026-09-01T20:21:02.3014518Z Cloning into 'C:/openfhe-2023-1788/openfhe-src/third-party/google-benchmark'...
2026-09-01T20:21:02.8950434Z Cloning into 'C:/openfhe-2023-1788/openfhe-src/third-party/google-test'...
2026-09-01T20:21:03.5202473Z Cloning into 'C:/openfhe-2023-1788/openfhe-src/third-party/gperftools'...
2026-09-01T20:21:04.6310183Z Submodule path 'third-party/cereal': checked out '984e3f194862b17916536b5fade40cba6e47a6fe'
2026-09-01T20:21:05.6640847Z From https://github.com/google/benchmark
2026-09-01T20:21:05.6642205Z  * branch            eddb0241389718a23a42db6af5f0164b6e0139af -> FETCH_HEAD
2026-09-01T20:21:06.0483804Z Submodule path 'third-party/google-benchmark': checked out 'eddb0241389718a23a42db6af5f0164b6e0139af'
2026-09-01T20:21:07.2710408Z From https://github.com/google/googletest
2026-09-01T20:21:07.2711195Z  * branch            52eb8108c5bdec04579160ae17225d66034bd723 -> FETCH_HEAD
2026-09-01T20:21:07.8091904Z Submodule path 'third-party/google-test': checked out '52eb8108c5bdec04579160ae17225d66034bd723'
2026-09-01T20:21:09.1506166Z From https://github.com/gperftools/gperftools
2026-09-01T20:21:09.1506945Z  * branch            83edb60836d87cf1b406e8846b9059c03031e8f5 -> FETCH_HEAD
2026-09-01T20:21:10.3370582Z Submodule path 'third-party/gperftools': checked out '83edb60836d87cf1b406e8846b9059c03031e8f5'
2026-09-01T20:21:10.6712839Z ##[group]Run msys2/setup-msys2@v2
2026-09-01T20:21:10.6713189Z with:
2026-09-01T20:21:10.6713386Z   msystem: MINGW64
2026-09-01T20:21:10.6713609Z   update: true
2026-09-01T20:21:10.6713832Z   cache: false
2026-09-01T20:21:10.6714175Z   install: git make mingw-w64-x86_64-boost mingw-w64-x86_64-cmake mingw-w64-x86_64-gcc
2026-09-01T20:21:10.6715382Z   path-type: minimal
2026-09-01T20:21:10.6715583Z   release: true
2026-09-01T20:21:10.6715782Z   platform-check-severity: fatal
2026-09-01T20:21:10.6716048Z env:
2026-09-01T20:21:10.6716280Z   OPENFHE_COMMIT: df495ba2e91739a6dc8f1de254fc5a41155ce504
2026-09-01T20:21:10.6716672Z   OPENFHE_PREFIX: C:\openfhe-2023-1788\openfhe-install
2026-09-01T20:21:10.6716983Z   WINDOWS_ROOT: C:\openfhe-2023-1788
2026-09-01T20:21:10.6717271Z   PROJECT_SOURCE: C:\openfhe-2023-1788\cleanroom
2026-09-01T20:21:10.6717577Z   OPENFHE_SOURCE: C:\openfhe-2023-1788\openfhe-src
2026-09-01T20:21:10.6717975Z   OPENFHE_BUILD: C:\openfhe-2023-1788\openfhe-build-33554777953-1
2026-09-01T20:21:10.6718386Z   PROJECT_BUILD: C:\openfhe-2023-1788\project-build-33554777953-1
2026-09-01T20:21:10.6718703Z ##[endgroup]
2026-09-01T20:21:10.8400469Z ##[group]Downloading MSYS2...
2026-09-01T20:21:11.6044254Z ##[endgroup]
2026-09-01T20:21:11.6044828Z ##[group]Extracting MSYS2...
2026-09-01T20:21:11.6061301Z [command]C:\hostedtoolcache\windows\msys2-installer\0.0.20260611\x64\base.exe -y
2026-09-01T20:21:11.9092227Z 
2026-09-01T20:21:11.9093373Z 7-Zip SFX 25.01 ZS v1.5.7 R4 (x64) : Copyright (c) 1999-2025 Igor Pavlov, 2016-2026 Tino Reichardt, 2022-2026 Sergey G. Brester : 2026-01-10
2026-09-01T20:21:11.9094291Z 
2026-09-01T20:21:11.9094768Z Extracting archive: C:\hostedtoolcache\windows\msys2-installer\0.0.20260611\x64\base.exe
2026-09-01T20:21:11.9096591Z --
2026-09-01T20:21:11.9097334Z Path = C:\hostedtoolcache\windows\msys2-installer\0.0.20260611\x64\base.exe
2026-09-01T20:21:11.9097819Z Type = 7z
2026-09-01T20:21:11.9097961Z 
2026-09-01T20:21:12.0931643Z   0%
2026-09-01T20:21:12.0932008Z     
2026-09-01T20:21:12.2959651Z   0% 1129 - msys64\usr\bin\bzegrep
2026-09-01T20:21:12.2960112Z                                   
2026-09-01T20:21:12.4989223Z   3% 2007 - msys64\usr\lib\terminfo\63\contel301
2026-09-01T20:21:12.4989901Z                                                 
2026-09-01T20:21:12.7020276Z   4% 2931 - msys64\usr\lib\terminfo\6e\newhpkeyboard
2026-09-01T20:21:12.7021084Z                                                     
2026-09-01T20:21:12.9053864Z   4% 3953 - msys64\usr\lib\terminfo\77\wy325-43w-vb
2026-09-01T20:21:12.9054506Z                                                    
2026-09-01T20:21:13.1082368Z   5% 5006 - msys64\usr\share\bash-completion\completions\pyvenv-3.8
2026-09-01T20:21:13.1083044Z                                                                    
2026-09-01T20:21:13.3115082Z   9% 5970 - msys64\usr\share\locale\af\LC_MESSAGES\bash.mo
2026-09-01T20:21:13.3115920Z                                                           
2026-09-01T20:21:13.5147088Z  22% 6549 - msys64\usr\share\locale\pa\LC_MESSAGES\gettext-tools.mo
2026-09-01T20:21:13.7178544Z                                                                    
2026-09-01T20:21:13.7179050Z  32% 7272 - msys64\usr\share\man\man1\kill.1
2026-09-01T20:21:13.7179360Z                                             
2026-09-01T20:21:13.9208332Z  33% 8279 - msys64\usr\share\man\man3\curs_scanw.3x.gz
2026-09-01T20:21:13.9208838Z                                                       
2026-09-01T20:21:14.1249639Z  34% 9265 - msys64\usr\share\man\man3\vline.3x.gz
2026-09-01T20:21:14.1250350Z                                                  
2026-09-01T20:21:14.3277838Z  42% 10044 - msys64\usr\share\perl5\core_perl\TAP\Parser\SourceHandler\File.pm
2026-09-01T20:21:14.3278439Z                                                                               
2026-09-01T20:21:14.5307716Z  44% 10812 - msys64\usr\share\perl5\core_perl\unicore\lib\Sc\Tutg.pl
2026-09-01T20:21:14.5311109Z                                                                     
2026-09-01T20:21:14.7340498Z  47% 11768 - msys64\usr\share\terminfo\64\darwin-160x64-m
2026-09-01T20:21:14.9370694Z                                                          
2026-09-01T20:21:14.9371340Z  47% 12824 - msys64\usr\share\terminfo\71\qansi-g
2026-09-01T20:21:14.9372241Z                                                  
2026-09-01T20:21:15.1401479Z  47% 13846 - msys64\usr\share\terminfo\78\xterm-88color
2026-09-01T20:21:15.1401926Z                                                        
2026-09-01T20:21:15.3437876Z  48% 14854 - msys64\usr\share\zoneinfo\posix\Australia\Canberra
2026-09-01T20:21:15.3438635Z                                                                
2026-09-01T20:21:15.5468274Z  48% 15894 - msys64\var\lib\pacman\local\libnettle-3.10.2-1\mtree
2026-09-01T20:21:15.5469041Z                                                                  
2026-09-01T20:21:15.7562398Z  62% 16285 - msys64\usr\bin\msys-ffi-8.dll
2026-09-01T20:21:15.7563026Z                                           
2026-09-01T20:21:15.8587480Z  91% 16436 - msys64\usr\bin\testpkg.exe
2026-09-01T20:21:15.8588049Z                                        
2026-09-01T20:21:15.8588411Z Everything is Ok
2026-09-01T20:21:15.8612708Z ##[endgroup]
2026-09-01T20:21:15.8613478Z ##[group]Disable Key Refresh...
2026-09-01T20:21:15.8637131Z ##[endgroup]
2026-09-01T20:21:15.8658688Z ##[group]Starting MSYS2 for the first time...
2026-09-01T20:21:15.9605062Z [command]C:\Windows\system32\cmd.exe /D /S /C D:\a\_temp\setup-msys2\msys2.cmd -c "'uname' '-a'"
2026-09-01T20:21:16.0678550Z [1;32mMSYS2 is starting for the first time. Executing the initial setup.[1;0m
2026-09-01T20:21:16.0989512Z Copying skeleton files.
2026-09-01T20:21:16.0990069Z These files are for the users to personalise their msys2 experience.
2026-09-01T20:21:16.0990512Z 
2026-09-01T20:21:16.0990735Z They will never be overwritten nor automatically updated.
2026-09-01T20:21:16.0991147Z 
2026-09-01T20:21:16.1392509Z './.bashrc' -> '/home/runneradmin/.bashrc'
2026-09-01T20:21:16.1542129Z './.bash_profile' -> '/home/runneradmin/.bash_profile'
2026-09-01T20:21:16.1690079Z './.profile' -> '/home/runneradmin/.profile'
2026-09-01T20:21:16.2194203Z 'C:\Windows\system32\drivers\etc\hosts' -> '/etc/hosts'
2026-09-01T20:21:16.2726259Z 'C:\Windows\system32\drivers\etc\protocol' -> '/etc/protocols'
2026-09-01T20:21:16.3208455Z 'C:\Windows\system32\drivers\etc\services' -> '/etc/services'
2026-09-01T20:21:16.3643244Z 'C:\Windows\system32\drivers\etc\networks' -> '/etc/networks'
2026-09-01T20:21:16.6021300Z gpg: /etc/pacman.d/gnupg/trustdb.gpg: trustdb created
2026-09-01T20:21:16.6082613Z gpg: no ultimately trusted keys found
2026-09-01T20:21:16.8723285Z gpg: starting migration from earlier GnuPG versions
2026-09-01T20:21:16.9261801Z gpg: porting secret keys from '/etc/pacman.d/gnupg/secring.gpg' to gpg-agent
2026-09-01T20:21:16.9264199Z gpg: migration succeeded
2026-09-01T20:21:16.9457170Z ==> Generating pacman master key. This may take some time.
2026-09-01T20:21:16.9630956Z gpg: Generating pacman keyring master key...
2026-09-01T20:21:18.1353252Z gpg: directory '/etc/pacman.d/gnupg/openpgp-revocs.d' created
2026-09-01T20:21:18.1603232Z gpg: revocation certificate stored as '/etc/pacman.d/gnupg/openpgp-revocs.d/81F78A315CFD3855E56FA4E0B719E60BAF77410B.rev'
2026-09-01T20:21:18.1604326Z gpg: Done
2026-09-01T20:21:18.1763821Z ==> Updating trust database...
2026-09-01T20:21:18.2081528Z gpg: marginals needed: 3  completes needed: 1  trust model: pgp
2026-09-01T20:21:18.2082220Z gpg: depth: 0  valid:   1  signed:   0  trust: 0-, 0q, 0n, 0m, 0f, 1u
2026-09-01T20:21:18.3163567Z ==> Appending keys from msys2.gpg...
2026-09-01T20:21:18.9394079Z ==> Locally signing trusted keys in keyring...
2026-09-01T20:21:19.4585444Z   -> Locally signed 5 keys.
2026-09-01T20:21:19.4715885Z ==> Importing owner trust values...
2026-09-01T20:21:19.4886268Z gpg: setting ownertrust to 4
2026-09-01T20:21:19.4888169Z gpg: setting ownertrust to 4
2026-09-01T20:21:19.4888607Z gpg: setting ownertrust to 4
2026-09-01T20:21:19.4888974Z gpg: setting ownertrust to 4
2026-09-01T20:21:19.4889326Z gpg: setting ownertrust to 4
2026-09-01T20:21:19.5116007Z ==> Disabling revoked keys in keyring...
2026-09-01T20:21:19.7421502Z   -> Disabled 4 keys.
2026-09-01T20:21:19.7547132Z ==> Updating trust database...
2026-09-01T20:21:19.7859455Z gpg: marginals needed: 3  completes needed: 1  trust model: pgp
2026-09-01T20:21:19.7885880Z gpg: depth: 0  valid:   1  signed:   5  trust: 0-, 0q, 0n, 0m, 0f, 1u
2026-09-01T20:21:19.7915006Z gpg: depth: 1  valid:   5  signed:   6  trust: 0-, 0q, 0n, 5m, 0f, 0u
2026-09-01T20:21:19.7927815Z gpg: depth: 2  valid:   3  signed:   2  trust: 3-, 0q, 0n, 0m, 0f, 0u
2026-09-01T20:21:19.8256655Z pacman-key (pacman) 6.1.0
2026-09-01T20:21:19.8257348Z Copyright (c) 2010-2024 Pacman Development Team <pacman-dev@lists.archlinux.org>.
2026-09-01T20:21:19.8257788Z 
2026-09-01T20:21:19.8385659Z This is free software; see the source for copying conditions.
2026-09-01T20:21:19.8386357Z There is NO WARRANTY, to the extent permitted by law.
2026-09-01T20:21:20.0348519Z [1;32mInitial setup complete. MSYS2 is now ready to use.[1;0m
2026-09-01T20:21:20.0483724Z MINGW64_NT-10.0-20348 runnervm0js1w 3.6.9-01d6c708.x86_64 2026-05-24 10:45 UTC x86_64 Msys
2026-09-01T20:21:20.0534753Z ##[endgroup]
2026-09-01T20:21:20.0535384Z ##[group]Disable CheckSpace...
2026-09-01T20:21:20.1394533Z [command]C:\Windows\system32\cmd.exe /D /S /C D:\a\_temp\setup-msys2\msys2.cmd -c "'sed' '-i' 's/^CheckSpace/#CheckSpace/g' '/etc/pacman.conf'"
2026-09-01T20:21:20.3115398Z ##[endgroup]
2026-09-01T20:21:20.3116026Z ##[group]Updating packages...
2026-09-01T20:21:20.3931566Z [command]C:\Windows\system32\cmd.exe /D /S /C D:\a\_temp\setup-msys2\msys2.cmd -c "'pacman' '--noconfirm' '-Syuu' '--overwrite' '*'"
2026-09-01T20:21:21.1910795Z :: Synchronizing package databases...
2026-09-01T20:21:22.5695854Z  clangarm64 downloading...
2026-09-01T20:21:22.5696285Z  mingw32 downloading...
2026-09-01T20:21:22.5696542Z  mingw64 downloading...
2026-09-01T20:21:22.5696781Z  ucrt64 downloading...
2026-09-01T20:21:22.5697032Z  clang64 downloading...
2026-09-01T20:21:22.5697267Z  msys downloading...
2026-09-01T20:21:23.0282116Z :: Starting core system upgrade...
2026-09-01T20:21:23.2217186Z warning: terminate other MSYS2 programs before proceeding
2026-09-01T20:21:23.2217761Z resolving dependencies...
2026-09-01T20:21:23.2218068Z looking for conflicting packages...
2026-09-01T20:21:23.2320489Z 
2026-09-01T20:21:23.2320899Z Packages (1) msys2-runtime-3.6.10-3
2026-09-01T20:21:23.2321282Z 
2026-09-01T20:21:23.2321443Z Total Download Size:    1.97 MiB
2026-09-01T20:21:23.2321876Z Total Installed Size:   6.33 MiB
2026-09-01T20:21:23.2322312Z Net Upgrade Size:      -0.20 MiB
2026-09-01T20:21:23.2322604Z 
2026-09-01T20:21:23.2322867Z :: Proceed with installation? [Y/n] 
2026-09-01T20:21:23.2323374Z :: Retrieving packages...
2026-09-01T20:21:23.8102260Z  msys2-runtime-3.6.10-3-x86_64 downloading...
2026-09-01T20:21:23.8103008Z checking keyring...
2026-09-01T20:21:23.8654708Z checking package integrity...
2026-09-01T20:21:24.0317744Z loading package files...
2026-09-01T20:21:24.0340880Z checking for file conflicts...
2026-09-01T20:21:24.0362336Z :: Processing package changes...
2026-09-01T20:21:24.0362670Z upgrading msys2-runtime...
2026-09-01T20:21:24.1823371Z :: To complete this update all MSYS2 processes including this terminal will be closed. Confirm to proceed [Y/n] 
2026-09-01T20:21:24.4708729Z ##[endgroup]
2026-09-01T20:21:24.4709422Z ##[group]Killing remaining tasks...
2026-09-01T20:21:24.5562315Z [command]C:\Windows\system32\taskkill.exe /F /FI "MODULES eq msys-2.0.dll"
2026-09-01T20:21:24.6687046Z 
2026-09-01T20:21:24.6687513Z INFO: No tasks running with the specified criteria.
2026-09-01T20:21:24.6720374Z ##[endgroup]
2026-09-01T20:21:24.6721511Z ##[group]Final system upgrade...
2026-09-01T20:21:24.8052916Z [command]C:\Windows\system32\cmd.exe /D /S /C D:\a\_temp\setup-msys2\msys2.cmd -c "'pacman' '--noconfirm' '-Syuu' '--overwrite' '*'"
2026-09-01T20:21:25.4299383Z :: Synchronizing package databases...
2026-09-01T20:21:26.3369129Z  clangarm64 downloading...
2026-09-01T20:21:26.3369649Z  mingw32 downloading...
2026-09-01T20:21:26.3371459Z  mingw64 downloading...
2026-09-01T20:21:26.3371820Z  ucrt64 downloading...
2026-09-01T20:21:26.3372178Z  clang64 downloading...
2026-09-01T20:21:26.3372577Z  msys downloading...
2026-09-01T20:21:26.7621134Z :: Starting core system upgrade...
2026-09-01T20:21:26.9464205Z  there is nothing to do
2026-09-01T20:21:26.9464706Z :: Starting full system upgrade...
2026-09-01T20:21:26.9810242Z resolving dependencies...
2026-09-01T20:21:26.9873000Z looking for conflicting packages...
2026-09-01T20:21:27.0001369Z 
2026-09-01T20:21:27.0004743Z Packages (31) bash-completion-2.18.0-1  bsdtar-3.8.9-1  ca-certificates-20260816-1  curl-8.21.0-1  findutils-4.11.0-2  gawk-5.4.1-1  gcc-libs-15.3.0-1  gnupg-2.4.9-3  libcurl-8.21.0-1  libexpat-2.8.3-1  libffi-3.8.0-1  libgnutls-3.8.13-2  libhogweed-4.0-1  libnettle-4.0-1  libnghttp2-1.70.0-1  libnghttp3-1.18.0-1  libngtcp2-1.25.0-1  libopenssl-3.6.4-1  libp11-kit-0.26.5-1  libpsl-0.23.2-1  libsqlite-3.53.4-1  msys2-keyring-1~20260814-1  nano-9.2-1  nettle-4.0-1  openssl-3.6.4-1  p11-kit-0.26.5-1  pacman-contrib-1.10.6-2  perl-5.42.3-1  pinentry-1.3.3-1  tzcode-2026c-1  wget-1.25.0-2
2026-09-01T20:21:27.0009630Z 
2026-09-01T20:21:27.0009796Z Total Download Size:    27.05 MiB
2026-09-01T20:21:27.0010235Z Total Installed Size:  108.42 MiB
2026-09-01T20:21:27.0010741Z Net Upgrade Size:       -1.02 MiB
2026-09-01T20:21:27.0011052Z 
2026-09-01T20:21:27.0011333Z :: Proceed with installation? [Y/n] 
2026-09-01T20:21:27.0011829Z :: Retrieving packages...
2026-09-01T20:21:30.5411180Z  perl-5.42.3-1-x86_64 downloading...
2026-09-01T20:21:30.5411954Z  pacman-contrib-1.10.6-2-x86_64 downloading...
2026-09-01T20:21:30.5412503Z  gnupg-2.4.9-3-x86_64 downloading...
2026-09-01T20:21:30.5412963Z  libopenssl-3.6.4-1-x86_64 downloading...
2026-09-01T20:21:30.5413434Z  gawk-5.4.1-1-x86_64 downloading...
2026-09-01T20:21:30.5413872Z  libgnutls-3.8.13-2-x86_64 downloading...
2026-09-01T20:21:30.5414334Z  gcc-libs-15.3.0-1-x86_64 downloading...
2026-09-01T20:21:30.5414804Z  curl-8.21.0-1-x86_64 downloading...
2026-09-01T20:21:30.5415168Z  wget-1.25.0-2-x86_64 downloading...
2026-09-01T20:21:30.5415514Z  libsqlite-3.53.4-1-x86_64 downloading...
2026-09-01T20:21:30.5415875Z  nano-9.2-1-x86_64 downloading...
2026-09-01T20:21:30.5416210Z  openssl-3.6.4-1-x86_64 downloading...
2026-09-01T20:21:30.5416574Z  findutils-4.11.0-2-x86_64 downloading...
2026-09-01T20:21:30.5416941Z  p11-kit-0.26.5-1-x86_64 downloading...
2026-09-01T20:21:30.5417330Z  ca-certificates-20260816-1-any downloading...
2026-09-01T20:21:30.5417738Z  libcurl-8.21.0-1-x86_64 downloading...
2026-09-01T20:21:30.5418107Z  bsdtar-3.8.9-1-x86_64 downloading...
2026-09-01T20:21:30.5418595Z  tzcode-2026c-1-x86_64 downloading...
2026-09-01T20:21:30.5419013Z  libp11-kit-0.26.5-1-x86_64 downloading...
2026-09-01T20:21:30.5419418Z  bash-completion-2.18.0-1-any downloading...
2026-09-01T20:21:30.5419816Z  libhogweed-4.0-1-x86_64 downloading...
2026-09-01T20:21:30.5420183Z  libngtcp2-1.25.0-1-x86_64 downloading...
2026-09-01T20:21:30.5420564Z  libnettle-4.0-1-x86_64 downloading...
2026-09-01T20:21:30.5420919Z  nettle-4.0-1-x86_64 downloading...
2026-09-01T20:21:30.5421258Z  libpsl-0.23.2-1-x86_64 downloading...
2026-09-01T20:21:30.5421627Z  libnghttp3-1.18.0-1-x86_64 downloading...
2026-09-01T20:21:30.5422109Z  libnghttp2-1.70.0-1-x86_64 downloading...
2026-09-01T20:21:30.5422652Z  libexpat-2.8.3-1-x86_64 downloading...
2026-09-01T20:21:30.5423181Z  pinentry-1.3.3-1-x86_64 downloading...
2026-09-01T20:21:30.5423787Z  msys2-keyring-1~20260814-1-any downloading...
2026-09-01T20:21:30.5424403Z  libffi-3.8.0-1-x86_64 downloading...
2026-09-01T20:21:30.5425227Z checking keyring...
2026-09-01T20:21:30.6002954Z checking package integrity...
2026-09-01T20:21:35.2774691Z loading package files...
2026-09-01T20:21:35.3492637Z checking for file conflicts...
2026-09-01T20:21:35.4057846Z :: Running pre-transaction hooks...
2026-09-01T20:21:35.4058442Z (1/1) Removing old entries from the info directory file...
2026-09-01T20:21:35.5212424Z :: Processing package changes...
2026-09-01T20:21:35.5212895Z upgrading bash-completion...
2026-09-01T20:21:36.4248803Z upgrading gcc-libs...
2026-09-01T20:21:36.4431035Z upgrading libexpat...
2026-09-01T20:21:36.4474797Z upgrading libopenssl...
2026-09-01T20:21:36.4744187Z upgrading bsdtar...
2026-09-01T20:21:36.4837191Z upgrading openssl...
2026-09-01T20:21:36.5885628Z upgrading findutils...
2026-09-01T20:21:36.6633899Z upgrading libffi...
2026-09-01T20:21:36.6739248Z upgrading libp11-kit...
2026-09-01T20:21:36.6811052Z upgrading p11-kit...
2026-09-01T20:21:36.8329480Z upgrading ca-certificates...
2026-09-01T20:21:37.3932956Z upgrading libnghttp3...
2026-09-01T20:21:37.3993626Z upgrading libngtcp2...
2026-09-01T20:21:37.4073404Z upgrading libnghttp2...
2026-09-01T20:21:37.4132612Z upgrading libpsl...
2026-09-01T20:21:37.4227733Z upgrading libcurl...
2026-09-01T20:21:37.4293403Z upgrading curl...
2026-09-01T20:21:37.8673634Z upgrading gawk...
2026-09-01T20:21:37.9684330Z upgrading libhogweed...
2026-09-01T20:21:37.9728743Z upgrading libnettle...
2026-09-01T20:21:37.9776837Z upgrading libgnutls...
2026-09-01T20:21:38.0317162Z upgrading libsqlite...
2026-09-01T20:21:38.0418525Z upgrading nettle...
2026-09-01T20:21:38.0499071Z upgrading pinentry...
2026-09-01T20:21:38.0558627Z upgrading gnupg...
2026-09-01T20:21:42.6557788Z ==> Appending keys from msys2.gpg...
2026-09-01T20:21:43.1476685Z ==> Updating trust database...
2026-09-01T20:21:43.1655561Z gpg: no need for a trustdb check
2026-09-01T20:21:43.2546451Z upgrading msys2-keyring...
2026-09-01T20:21:43.6208840Z ==> Appending keys from msys2.gpg...
2026-09-01T20:21:44.1467895Z ==> Updating trust database...
2026-09-01T20:21:44.1646086Z gpg: next trustdb check due at 2027-02-10
2026-09-01T20:21:44.2566956Z upgrading nano...
2026-09-01T20:21:44.3740573Z upgrading pacman-contrib...
2026-09-01T20:21:44.4411885Z New optional dependencies for pacman-contrib
2026-09-01T20:21:44.4412478Z     perl: for pacsearch [installed]
2026-09-01T20:21:44.4412986Z     vim: default diff program for pacdiff
2026-09-01T20:21:44.4413458Z upgrading perl...
2026-09-01T20:21:46.2254209Z upgrading tzcode...
2026-09-01T20:21:48.0956585Z upgrading wget...
2026-09-01T20:21:48.2178411Z :: Running post-transaction hooks...
2026-09-01T20:21:48.2178880Z (1/1) Updating the info directory file...
2026-09-01T20:21:50.0290091Z ##[endgroup]
2026-09-01T20:21:50.0291143Z ##[group]Installing additional packages through pacman...
2026-09-01T20:21:50.1184261Z [command]C:\Windows\system32\cmd.exe /D /S /C D:\a\_temp\setup-msys2\msys2.cmd -c "'pacman' '--noconfirm' '-S' '--needed' '--overwrite' '*' 'git' 'make' 'mingw-w64-x86_64-boost' 'mingw-w64-x86_64-cmake' 'mingw-w64-x86_64-gcc'"
2026-09-01T20:21:50.9346380Z resolving dependencies...
2026-09-01T20:21:50.9480182Z looking for conflicting packages...
2026-09-01T20:21:50.9655366Z 
2026-09-01T20:21:50.9668559Z Packages (89) heimdal-7.8.0-5  heimdal-libs-7.8.0-5  libcbor-0.14.0-2  libedit-20240808_3.1-1  libfido2-1.17.0-1  mingw-w64-x86_64-binutils-2.47-3  mingw-w64-x86_64-boost-libs-1.91.0-3  mingw-w64-x86_64-brotli-1.2.0-1  mingw-w64-x86_64-bzip2-1.0.8-4  mingw-w64-x86_64-c-ares-1.34.8-1  mingw-w64-x86_64-ca-certificates-20260816-1  mingw-w64-x86_64-cppdap-1.65.r11.g6464cd7-1  mingw-w64-x86_64-crt-14.0.0.r302.gd7f3c5201-1  mingw-w64-x86_64-curl-8.21.0-2  mingw-w64-x86_64-expat-2.8.3-1  mingw-w64-x86_64-gcc-libs-16.2.0-3  mingw-w64-x86_64-gettext-runtime-1.0-1  mingw-w64-x86_64-gmp-6.3.0-2  mingw-w64-x86_64-gnutls-3.8.13-3  mingw-w64-x86_64-headers-14.0.0.r302.gd7f3c5201-1  mingw-w64-x86_64-icu-78.3-4  mingw-w64-x86_64-isl-0.28-1  mingw-w64-x86_64-jsoncpp-1.9.8-1  mingw-w64-x86_64-libarchive-3.8.9-5  mingw-w64-x86_64-libb2-0.98.1-3  mingw-w64-x86_64-libffi-3.8.0-1  mingw-w64-x86_64-libiconv-1.19-1  mingw-w64-x86_64-libidn2-2.3.8-4  mingw-w64-x86_64-libpsl-0.21.5-3  mingw-w64-x86_64-libssh2-1.11.1-2  mingw-w64-x86_64-libtasn1-4.21.0-1  mingw-w64-x86_64-libunistring-1.4.2-1  mingw-w64-x86_64-libuv-1.52.1-1  mingw-w64-x86_64-libwinpthread-14.0.0.r302.gd7f3c5201-1  mingw-w64-x86_64-lz4-1.10.0-1  mingw-w64-x86_64-mpc-1.4.1-1  mingw-w64-x86_64-mpfr-4.2.2-3  mingw-w64-x86_64-nettle-4.0-1  mingw-w64-x86_64-nghttp2-1.70.0-1  mingw-w64-x86_64-nghttp3-1.18.0-1  mingw-w64-x86_64-ngtcp2-1.25.0-1  mingw-w64-x86_64-ninja-1.13.2-1  mingw-w64-x86_64-openssl-3.6.4-1  mingw-w64-x86_64-p11-kit-0.26.5-1  mingw-w64-x86_64-pcre2-10.47-1  mingw-w64-x86_64-pkgconf-1~3.0.5-1  mingw-w64-x86_64-rhash-1.4.6-1  mingw-w64-x86_64-tzdata-2026c-1  mingw-w64-x86_64-windows-default-manifest-20260815-1  mingw-w64-x86_64-wineditline-2.208-1  mingw-w64-x86_64-winpthreads-14.0.0.r302.gd7f3c5201-1  mingw-w64-x86_64-xz-5.8.3-1  mingw-w64-x86_64-zlib-1.3.2-2  mingw-w64-x86_64-zstd-1.5.7-2  openssh-10.5p1-2  perl-Authen-SASL-2.2000-1  perl-Clone-0.50-2  perl-Convert-BinHex-1.125-2  perl-Encode-Locale-1.05-2  perl-Error-0.17030-1  perl-File-Listing-6.16-1  perl-HTML-Parser-3.85-1  perl-HTML-Tagset-3.24-1  perl-HTTP-Cookies-6.12-1  perl-HTTP-Daemon-6.17-1  perl-HTTP-Date-6.08-1  perl-HTTP-Message-7.04-1  perl-HTTP-Negotiate-6.01-3  perl-IO-HTML-1.004-2  perl-IO-Socket-SSL-2.099-1  perl-IO-Stringy-2.113-3  perl-LWP-MediaTypes-6.04-2  perl-MIME-tools-5.517-1  perl-MailTools-2.22-1  perl-Net-HTTP-6.24-1  perl-Net-SMTP-SSL-1.04-2  perl-Net-SSLeay-1.96-1  perl-TermReadKey-2.38-8  perl-TimeDate-2.35-1  perl-Try-Tiny-0.32-1  perl-URI-5.36-1  perl-WWW-RobotRules-6.03-1  perl-http-cookiejar-0.014-1  perl-libwww-6.83-2  git-2.55.0-1  make-4.4.1-3  mingw-w64-x86_64-boost-1.91.0-3  mingw-w64-x86_64-cmake-4.4.2-2  mingw-w64-x86_64-gcc-16.2.0-3
2026-09-01T20:21:50.9679960Z 
2026-09-01T20:21:50.9680160Z Total Download Size:    154.18 MiB
2026-09-01T20:21:50.9680475Z Total Installed Size:  1023.08 MiB
2026-09-01T20:21:50.9680668Z 
2026-09-01T20:21:50.9680921Z :: Proceed with installation? [Y/n] 
2026-09-01T20:21:50.9681225Z :: Retrieving packages...
2026-09-01T20:22:02.7583674Z  mingw-w64-x86_64-gcc-16.2.0-3-any downloading...
2026-09-01T20:22:02.7584487Z  mingw-w64-x86_64-icu-78.3-4-any downloading...
2026-09-01T20:22:02.7585303Z  mingw-w64-x86_64-boost-1.91.0-3-any downloading...
2026-09-01T20:22:02.7586035Z  mingw-w64-x86_64-cmake-4.4.2-2-any downloading...
2026-09-01T20:22:02.7586607Z  mingw-w64-x86_64-openssl-3.6.4-1-any downloading...
2026-09-01T20:22:02.7587336Z  git-2.55.0-1-x86_64 downloading...
2026-09-01T20:22:02.7587968Z  mingw-w64-x86_64-headers-14.0.0.r302.gd7f3c5201-1-any downloading...
2026-09-01T20:22:02.7588645Z  mingw-w64-x86_64-binutils-2.47-3-any downloading...
2026-09-01T20:22:02.7589276Z  mingw-w64-x86_64-crt-14.0.0.r302.gd7f3c5201-1-any downloading...
2026-09-01T20:22:02.7589956Z  mingw-w64-x86_64-boost-libs-1.91.0-3-any downloading...
2026-09-01T20:22:02.7590416Z  mingw-w64-x86_64-gnutls-3.8.13-3-any downloading...
2026-09-01T20:22:02.7590833Z  mingw-w64-x86_64-libarchive-3.8.9-5-any downloading...
2026-09-01T20:22:02.7591236Z  mingw-w64-x86_64-curl-8.21.0-2-any downloading...
2026-09-01T20:22:02.7591616Z  mingw-w64-x86_64-isl-0.28-1-any downloading...
2026-09-01T20:22:02.7592001Z  mingw-w64-x86_64-pcre2-10.47-1-any downloading...
2026-09-01T20:22:02.7592363Z  openssh-10.5p1-2-x86_64 downloading...
2026-09-01T20:22:02.7592728Z  mingw-w64-x86_64-gcc-libs-16.2.0-3-any downloading...
2026-09-01T20:22:02.7593145Z  mingw-w64-x86_64-libunistring-1.4.2-1-any downloading...
2026-09-01T20:22:02.7593715Z  heimdal-libs-7.8.0-5-x86_64 downloading...
2026-09-01T20:22:02.7594070Z  mingw-w64-x86_64-libiconv-1.19-1-any downloading...
2026-09-01T20:22:02.7594444Z  mingw-w64-x86_64-zstd-1.5.7-2-any downloading...
2026-09-01T20:22:02.7594824Z  mingw-w64-x86_64-p11-kit-0.26.5-1-any downloading...
2026-09-01T20:22:02.7595446Z  mingw-w64-x86_64-gmp-6.3.0-2-any downloading...
2026-09-01T20:22:02.7595819Z  mingw-w64-x86_64-nettle-4.0-1-any downloading...
2026-09-01T20:22:02.7596164Z  heimdal-7.8.0-5-x86_64 downloading...
2026-09-01T20:22:02.7596503Z  mingw-w64-x86_64-mpfr-4.2.2-3-any downloading...
2026-09-01T20:22:02.7597003Z  mingw-w64-x86_64-cppdap-1.65.r11.g6464cd7-1-any downloading...
2026-09-01T20:22:02.7597801Z  make-4.4.1-3-x86_64 downloading...
2026-09-01T20:22:02.7598274Z  mingw-w64-x86_64-xz-5.8.3-1-any downloading...
2026-09-01T20:22:02.7598839Z  mingw-w64-x86_64-brotli-1.2.0-1-any downloading...
2026-09-01T20:22:02.7599473Z  mingw-w64-x86_64-gettext-runtime-1.0-1-any downloading...
2026-09-01T20:22:02.7600134Z  mingw-w64-x86_64-ca-certificates-20260816-1-any downloading...
2026-09-01T20:22:02.7600657Z  mingw-w64-x86_64-c-ares-1.34.8-1-any downloading...
2026-09-01T20:22:02.7601189Z  mingw-w64-x86_64-libssh2-1.11.1-2-any downloading...
2026-09-01T20:22:02.7601776Z  mingw-w64-x86_64-ngtcp2-1.25.0-1-any downloading...
2026-09-01T20:22:02.7602360Z  mingw-w64-x86_64-rhash-1.4.6-1-any downloading...
2026-09-01T20:22:02.7602902Z  perl-Net-SSLeay-1.96-1-x86_64 downloading...
2026-09-01T20:22:02.7603439Z  mingw-w64-x86_64-tzdata-2026c-1-any downloading...
2026-09-01T20:22:02.7603981Z  mingw-w64-x86_64-libuv-1.52.1-1-any downloading...
2026-09-01T20:22:02.7604504Z  mingw-w64-x86_64-jsoncpp-1.9.8-1-any downloading...
2026-09-01T20:22:02.7605061Z  mingw-w64-x86_64-nghttp2-1.70.0-1-any downloading...
2026-09-01T20:22:02.7605587Z  mingw-w64-x86_64-libtasn1-4.21.0-1-any downloading...
2026-09-01T20:22:02.7606111Z  mingw-w64-x86_64-expat-2.8.3-1-any downloading...
2026-09-01T20:22:02.7606636Z  mingw-w64-x86_64-ninja-1.13.2-1-any downloading...
2026-09-01T20:22:02.7607155Z  perl-MIME-tools-5.517-1-any downloading...
2026-09-01T20:22:02.7607680Z  mingw-w64-x86_64-libidn2-2.3.8-4-any downloading...
2026-09-01T20:22:02.7608185Z  mingw-w64-x86_64-lz4-1.10.0-1-any downloading...
2026-09-01T20:22:02.7608737Z  perl-IO-Socket-SSL-2.099-1-any downloading...
2026-09-01T20:22:02.7609196Z  mingw-w64-x86_64-pkgconf-1~3.0.5-1-any downloading...
2026-09-01T20:22:02.7609527Z  mingw-w64-x86_64-nghttp3-1.18.0-1-any downloading...
2026-09-01T20:22:02.7609968Z  mingw-w64-x86_64-mpc-1.4.1-1-any downloading...
2026-09-01T20:22:02.7610458Z  perl-libwww-6.83-2-any downloading...
2026-09-01T20:22:02.7610939Z  mingw-w64-x86_64-zlib-1.3.2-2-any downloading...
2026-09-01T20:22:02.7611407Z  perl-URI-5.36-1-any downloading...
2026-09-01T20:22:02.7611987Z  mingw-w64-x86_64-libpsl-0.21.5-3-any downloading...
2026-09-01T20:22:02.7612391Z  mingw-w64-x86_64-bzip2-1.0.8-4-any downloading...
2026-09-01T20:22:02.7612686Z  libedit-20240808_3.1-1-x86_64 downloading...
2026-09-01T20:22:02.7612957Z  libfido2-1.17.0-1-x86_64 downloading...
2026-09-01T20:22:02.7613241Z  perl-HTML-Parser-3.85-1-x86_64 downloading...
2026-09-01T20:22:02.7613551Z  perl-HTTP-Message-7.04-1-any downloading...
2026-09-01T20:22:02.7613848Z  perl-TimeDate-2.35-1-any downloading...
2026-09-01T20:22:02.7614159Z  mingw-w64-x86_64-wineditline-2.208-1-any downloading...
2026-09-01T20:22:02.7614475Z  perl-MailTools-2.22-1-any downloading...
2026-09-01T20:22:02.7614780Z  mingw-w64-x86_64-libffi-3.8.0-1-any downloading...
2026-09-01T20:22:02.7615105Z  perl-IO-Stringy-2.113-3-any downloading...
2026-09-01T20:22:02.7615508Z  mingw-w64-x86_64-winpthreads-14.0.0.r302.gd7f3c5201-1-any downloading...
2026-09-01T20:22:02.7615973Z  perl-Authen-SASL-2.2000-1-any downloading...
2026-09-01T20:22:02.7616359Z  mingw-w64-x86_64-libwinpthread-14.0.0.r302.gd7f3c5201-1-any downloading...
2026-09-01T20:22:02.7616775Z  perl-Convert-BinHex-1.125-2-any downloading...
2026-09-01T20:22:02.7617086Z  mingw-w64-x86_64-libb2-0.98.1-3-any downloading...
2026-09-01T20:22:02.7617374Z  libcbor-0.14.0-2-x86_64 downloading...
2026-09-01T20:22:02.7617657Z  perl-HTTP-Cookies-6.12-1-any downloading...
2026-09-01T20:22:02.7617938Z  perl-Net-HTTP-6.24-1-any downloading...
2026-09-01T20:22:02.7618363Z  perl-Error-0.17030-1-any downloading...
2026-09-01T20:22:02.7618656Z  perl-TermReadKey-2.38-8-x86_64 downloading...
2026-09-01T20:22:02.7618953Z  perl-HTTP-Daemon-6.17-1-any downloading...
2026-09-01T20:22:02.7619393Z  perl-LWP-MediaTypes-6.04-2-any downloading...
2026-09-01T20:22:02.7619926Z  perl-Try-Tiny-0.32-1-any downloading...
2026-09-01T20:22:02.7621382Z  perl-Clone-0.50-2-x86_64 downloading...
2026-09-01T20:22:02.7621656Z  perl-IO-HTML-1.004-2-any downloading...
2026-09-01T20:22:02.7622777Z  perl-WWW-RobotRules-6.03-1-any downloading...
2026-09-01T20:22:02.7623316Z  perl-http-cookiejar-0.014-1-any downloading...
2026-09-01T20:22:02.7623842Z  perl-HTTP-Negotiate-6.01-3-any downloading...
2026-09-01T20:22:02.7624324Z  perl-Encode-Locale-1.05-2-any downloading...
2026-09-01T20:22:02.7624799Z  perl-HTML-Tagset-3.24-1-any downloading...
2026-09-01T20:22:02.7625278Z  perl-File-Listing-6.16-1-any downloading...
2026-09-01T20:22:02.7625735Z  perl-HTTP-Date-6.08-1-any downloading...
2026-09-01T20:22:02.7626235Z  perl-Net-SMTP-SSL-1.04-2-any downloading...
2026-09-01T20:22:02.7626887Z  mingw-w64-x86_64-windows-default-manifest-20260815-1-any downloading...
2026-09-01T20:22:02.7627509Z checking keyring...
2026-09-01T20:22:02.8293934Z checking package integrity...
2026-09-01T20:22:17.9041483Z loading package files...
2026-09-01T20:22:18.2367296Z checking for file conflicts...
2026-09-01T20:22:20.6720586Z :: Processing package changes...
2026-09-01T20:22:20.6721130Z installing libedit...
2026-09-01T20:22:20.7063041Z installing heimdal-libs...
2026-09-01T20:22:20.7256474Z installing heimdal...
2026-09-01T20:22:21.3777928Z installing libcbor...
2026-09-01T20:22:21.3808211Z installing libfido2...
2026-09-01T20:22:21.3843825Z installing openssh...
2026-09-01T20:22:21.4248990Z installing perl-Error...
2026-09-01T20:22:21.4330774Z installing perl-Authen-SASL...
2026-09-01T20:22:21.4569968Z installing perl-Encode-Locale...
2026-09-01T20:22:21.4630446Z installing perl-HTTP-Date...
2026-09-01T20:22:21.4691556Z installing perl-File-Listing...
2026-09-01T20:22:21.4757573Z installing perl-HTML-Tagset...
2026-09-01T20:22:21.4820692Z installing perl-Clone...
2026-09-01T20:22:21.4876320Z installing perl-IO-HTML...
2026-09-01T20:22:21.4937577Z installing perl-LWP-MediaTypes...
2026-09-01T20:22:21.5008713Z installing perl-URI...
2026-09-01T20:22:21.5693610Z installing perl-HTTP-Message...
2026-09-01T20:22:21.5893518Z installing perl-HTML-Parser...
2026-09-01T20:22:21.6052732Z installing perl-HTTP-Cookies...
2026-09-01T20:22:21.6138437Z installing perl-HTTP-Daemon...
2026-09-01T20:22:21.6186942Z installing perl-http-cookiejar...
2026-09-01T20:22:21.6257346Z installing perl-HTTP-Negotiate...
2026-09-01T20:22:21.6305254Z installing perl-Net-HTTP...
2026-09-01T20:22:21.6415414Z installing perl-WWW-RobotRules...
2026-09-01T20:22:21.6511574Z installing perl-Try-Tiny...
2026-09-01T20:22:21.6587855Z installing perl-libwww...
2026-09-01T20:22:21.6955218Z Optional dependencies for perl-libwww
2026-09-01T20:22:21.6955877Z     perl-LWP-Protocol-https: for https:// url schemes
2026-09-01T20:22:21.6956458Z installing perl-TimeDate...
2026-09-01T20:22:21.7630191Z installing perl-MailTools...
2026-09-01T20:22:21.7922614Z installing perl-IO-Stringy...
2026-09-01T20:22:21.8066021Z installing perl-Convert-BinHex...
2026-09-01T20:22:21.9452428Z module test... pass.
2026-09-01T20:22:21.9461983Z installing perl-MIME-tools...
2026-09-01T20:22:21.9870934Z installing perl-Net-SSLeay...
2026-09-01T20:22:22.0646872Z installing perl-IO-Socket-SSL...
2026-09-01T20:22:22.0779304Z installing perl-Net-SMTP-SSL...
2026-09-01T20:22:22.0826229Z installing perl-TermReadKey...
2026-09-01T20:22:22.0906964Z installing git...
2026-09-01T20:22:22.6723047Z Optional dependencies for git
2026-09-01T20:22:22.6723612Z     python: various helper scripts
2026-09-01T20:22:22.6724076Z     subversion: git svn
2026-09-01T20:22:22.6724457Z     aspell: spell checking in git gui
2026-09-01T20:22:22.6724888Z installing make...
2026-09-01T20:22:22.7104122Z installing mingw-w64-x86_64-libwinpthread...
2026-09-01T20:22:22.7150987Z installing mingw-w64-x86_64-tzdata...
2026-09-01T20:22:24.4223112Z installing mingw-w64-x86_64-gcc-libs...
2026-09-01T20:22:24.4395079Z installing mingw-w64-x86_64-bzip2...
2026-09-01T20:22:24.4593378Z installing mingw-w64-x86_64-icu...
2026-09-01T20:22:24.8288174Z installing mingw-w64-x86_64-libiconv...
2026-09-01T20:22:24.8526937Z installing mingw-w64-x86_64-gettext-runtime...
2026-09-01T20:22:24.9836766Z installing mingw-w64-x86_64-xz...
2026-09-01T20:22:25.0996441Z installing mingw-w64-x86_64-zstd...
2026-09-01T20:22:25.1202134Z installing mingw-w64-x86_64-zlib...
2026-09-01T20:22:25.1286569Z installing mingw-w64-x86_64-boost-libs...
2026-09-01T20:22:25.1776766Z installing mingw-w64-x86_64-boost...
2026-09-01T20:22:39.5772631Z Optional dependencies for mingw-w64-x86_64-boost
2026-09-01T20:22:39.5773314Z     mingw-w64-x86_64-python: For Boost.Python
2026-09-01T20:22:39.5773946Z     mingw-w64-x86_64-python-numpy: For Boost.Python (NumPy)
2026-09-01T20:22:39.5775176Z installing mingw-w64-x86_64-cppdap...
2026-09-01T20:22:39.6019738Z installing mingw-w64-x86_64-c-ares...
2026-09-01T20:22:39.7169769Z installing mingw-w64-x86_64-brotli...
2026-09-01T20:22:39.7389588Z installing mingw-w64-x86_64-libunistring...
2026-09-01T20:22:39.7869060Z installing mingw-w64-x86_64-libidn2...
2026-09-01T20:22:39.8154338Z installing mingw-w64-x86_64-libpsl...
2026-09-01T20:22:39.8244366Z installing mingw-w64-x86_64-libtasn1...
2026-09-01T20:22:39.8644628Z installing mingw-w64-x86_64-libffi...
2026-09-01T20:22:39.8749415Z installing mingw-w64-x86_64-p11-kit...
2026-09-01T20:22:40.0778337Z installing mingw-w64-x86_64-ca-certificates...
2026-09-01T20:22:40.7281199Z installing mingw-w64-x86_64-openssl...
2026-09-01T20:22:46.3120546Z Optional dependencies for mingw-w64-x86_64-openssl
2026-09-01T20:22:46.3122550Z     mingw-w64-x86_64-ca-certificates [installed]
2026-09-01T20:22:46.3124195Z installing mingw-w64-x86_64-libssh2...
2026-09-01T20:22:46.4916573Z installing mingw-w64-x86_64-nghttp2...
2026-09-01T20:22:46.5079772Z installing mingw-w64-x86_64-gmp...
2026-09-01T20:22:46.5231375Z installing mingw-w64-x86_64-nettle...
2026-09-01T20:22:46.5801709Z installing mingw-w64-x86_64-gnutls...
2026-09-01T20:22:47.5165548Z installing mingw-w64-x86_64-ngtcp2...
2026-09-01T20:22:47.5382248Z installing mingw-w64-x86_64-nghttp3...
2026-09-01T20:22:47.5514589Z installing mingw-w64-x86_64-curl...
2026-09-01T20:22:48.0004885Z installing mingw-w64-x86_64-expat...
2026-09-01T20:22:48.0165893Z installing mingw-w64-x86_64-jsoncpp...
2026-09-01T20:22:48.0414474Z installing mingw-w64-x86_64-libb2...
2026-09-01T20:22:48.0486534Z installing mingw-w64-x86_64-lz4...
2026-09-01T20:22:48.0633658Z installing mingw-w64-x86_64-wineditline...
2026-09-01T20:22:48.0719017Z installing mingw-w64-x86_64-pcre2...
2026-09-01T20:22:48.2558762Z installing mingw-w64-x86_64-libarchive...
2026-09-01T20:22:48.3363223Z installing mingw-w64-x86_64-libuv...
2026-09-01T20:22:48.3584596Z installing mingw-w64-x86_64-ninja...
2026-09-01T20:22:48.3638189Z installing mingw-w64-x86_64-pkgconf...
2026-09-01T20:22:48.3854847Z installing mingw-w64-x86_64-rhash...
2026-09-01T20:22:48.4211577Z installing mingw-w64-x86_64-cmake...
2026-09-01T20:22:51.6972745Z Optional dependencies for mingw-w64-x86_64-cmake
2026-09-01T20:22:51.6973440Z     mingw-w64-x86_64-emacs: for cmake emacs mode
2026-09-01T20:22:51.6973906Z installing mingw-w64-x86_64-binutils...
2026-09-01T20:22:51.9823203Z installing mingw-w64-x86_64-headers...
2026-09-01T20:22:53.2910864Z installing mingw-w64-x86_64-crt...
2026-09-01T20:22:54.1389118Z installing mingw-w64-x86_64-isl...
2026-09-01T20:22:54.2079339Z installing mingw-w64-x86_64-mpfr...
2026-09-01T20:22:54.2312651Z installing mingw-w64-x86_64-mpc...
2026-09-01T20:22:54.2383698Z installing mingw-w64-x86_64-windows-default-manifest...
2026-09-01T20:22:54.2413243Z installing mingw-w64-x86_64-winpthreads...
2026-09-01T20:22:54.2517223Z installing mingw-w64-x86_64-gcc...
2026-09-01T20:22:55.6792190Z :: Running post-transaction hooks...
2026-09-01T20:22:55.6792765Z (1/1) Updating the info directory file...
2026-09-01T20:22:56.0242734Z ##[endgroup]
2026-09-01T20:22:56.0479214Z ##[group]Run cmake --version
2026-09-01T20:22:56.0479574Z [36;1mcmake --version[0m
2026-09-01T20:22:56.0479988Z [36;1mg++ --version[0m
2026-09-01T20:22:56.0484546Z shell: D:\a\_temp\setup-msys2\msys2.CMD {0}
2026-09-01T20:22:56.0484832Z env:
2026-09-01T20:22:56.0485075Z   OPENFHE_COMMIT: df495ba2e91739a6dc8f1de254fc5a41155ce504
2026-09-01T20:22:56.0485438Z   OPENFHE_PREFIX: C:\openfhe-2023-1788\openfhe-install
2026-09-01T20:22:56.0485741Z   WINDOWS_ROOT: C:\openfhe-2023-1788
2026-09-01T20:22:56.0486024Z   PROJECT_SOURCE: C:\openfhe-2023-1788\cleanroom
2026-09-01T20:22:56.0486345Z   OPENFHE_SOURCE: C:\openfhe-2023-1788\openfhe-src
2026-09-01T20:22:56.0486708Z   OPENFHE_BUILD: C:\openfhe-2023-1788\openfhe-build-33554777953-1
2026-09-01T20:22:56.0487137Z   PROJECT_BUILD: C:\openfhe-2023-1788\project-build-33554777953-1
2026-09-01T20:22:56.0487461Z   MSYSTEM: MINGW64
2026-09-01T20:22:56.0487644Z ##[endgroup]
2026-09-01T20:22:56.2454170Z cmake version 4.4.2
2026-09-01T20:22:56.2454507Z 
2026-09-01T20:22:56.2454779Z CMake suite maintained and supported by Kitware (kitware.com/cmake).
2026-09-01T20:22:56.2738466Z g++.exe (Rev3, Built by MSYS2 project) 16.2.0
2026-09-01T20:22:56.2739104Z Copyright (C) 2026 Free Software Foundation, Inc.
2026-09-01T20:22:56.2740425Z This is free software; see the source for copying conditions.  There is NO
2026-09-01T20:22:56.2741018Z warranty; not even for MERCHANTABILITY or FITNESS FOR A PARTICULAR PURPOSE.
2026-09-01T20:22:56.2741341Z 
2026-09-01T20:22:56.2928980Z ##[group]Run source="$(cygpath -u "$OPENFHE_SOURCE")"
2026-09-01T20:22:56.2929468Z [36;1msource="$(cygpath -u "$OPENFHE_SOURCE")"[0m
2026-09-01T20:22:56.2929810Z [36;1mactual="$(git -C "$source" rev-parse HEAD)"[0m
2026-09-01T20:22:56.2930132Z [36;1mtest "$actual" = "$OPENFHE_COMMIT"[0m
2026-09-01T20:22:56.2930454Z [36;1mtest -z "$(git -C "$source" status --porcelain)"[0m
2026-09-01T20:22:56.2930812Z [36;1mgit -C "$source" submodule status --recursive[0m
2026-09-01T20:22:56.2932793Z shell: D:\a\_temp\setup-msys2\msys2.CMD {0}
2026-09-01T20:22:56.2933074Z env:
2026-09-01T20:22:56.2933341Z   OPENFHE_COMMIT: df495ba2e91739a6dc8f1de254fc5a41155ce504
2026-09-01T20:22:56.2933707Z   OPENFHE_PREFIX: C:\openfhe-2023-1788\openfhe-install
2026-09-01T20:22:56.2934031Z   WINDOWS_ROOT: C:\openfhe-2023-1788
2026-09-01T20:22:56.2934314Z   PROJECT_SOURCE: C:\openfhe-2023-1788\cleanroom
2026-09-01T20:22:56.2934634Z   OPENFHE_SOURCE: C:\openfhe-2023-1788\openfhe-src
2026-09-01T20:22:56.2935048Z   OPENFHE_BUILD: C:\openfhe-2023-1788\openfhe-build-33554777953-1
2026-09-01T20:22:56.2935455Z   PROJECT_BUILD: C:\openfhe-2023-1788\project-build-33554777953-1
2026-09-01T20:22:56.2935771Z   MSYSTEM: MINGW64
2026-09-01T20:22:56.2935951Z ##[endgroup]
2026-09-01T20:22:57.6362015Z  984e3f194862b17916536b5fade40cba6e47a6fe third-party/cereal (heads/main)
2026-09-01T20:22:57.7336852Z  eddb0241389718a23a42db6af5f0164b6e0139af third-party/google-benchmark (eddb024)
2026-09-01T20:22:57.8301698Z  52eb8108c5bdec04579160ae17225d66034bd723 third-party/google-test (52eb810)
2026-09-01T20:22:57.9292689Z  83edb60836d87cf1b406e8846b9059c03031e8f5 third-party/gperftools (83edb60)
2026-09-01T20:22:57.9624645Z ##[group]Run prefix="$(cygpath -u "$OPENFHE_PREFIX")"
2026-09-01T20:22:57.9625117Z [36;1mprefix="$(cygpath -u "$OPENFHE_PREFIX")"[0m
2026-09-01T20:22:57.9625460Z [36;1msource="$(cygpath -u "$OPENFHE_SOURCE")"[0m
2026-09-01T20:22:57.9625768Z [36;1mbuild="$(cygpath -u "$OPENFHE_BUILD")"[0m
2026-09-01T20:22:57.9626055Z [36;1mcmake -S "$source" -B "$build" \[0m
2026-09-01T20:22:57.9626321Z [36;1m  -DCMAKE_BUILD_TYPE=Release \[0m
2026-09-01T20:22:57.9626600Z [36;1m  -DCMAKE_INSTALL_PREFIX="$prefix" \[0m
2026-09-01T20:22:57.9626867Z [36;1m  -DBUILD_UNITTESTS=OFF \[0m
2026-09-01T20:22:57.9627104Z [36;1m  -DBUILD_EXAMPLES=OFF \[0m
2026-09-01T20:22:57.9627345Z [36;1m  -DBUILD_BENCHMARKS=OFF \[0m
2026-09-01T20:22:57.9627581Z [36;1m  -DBUILD_EXTRAS=OFF \[0m
2026-09-01T20:22:57.9627811Z [36;1m  -DWITH_OPENMP=ON[0m
2026-09-01T20:22:57.9629655Z shell: D:\a\_temp\setup-msys2\msys2.CMD {0}
2026-09-01T20:22:57.9630069Z env:
2026-09-01T20:22:57.9630335Z   OPENFHE_COMMIT: df495ba2e91739a6dc8f1de254fc5a41155ce504
2026-09-01T20:22:57.9630689Z   OPENFHE_PREFIX: C:\openfhe-2023-1788\openfhe-install
2026-09-01T20:22:57.9630988Z   WINDOWS_ROOT: C:\openfhe-2023-1788
2026-09-01T20:22:57.9631257Z   PROJECT_SOURCE: C:\openfhe-2023-1788\cleanroom
2026-09-01T20:22:57.9631553Z   OPENFHE_SOURCE: C:\openfhe-2023-1788\openfhe-src
2026-09-01T20:22:57.9631906Z   OPENFHE_BUILD: C:\openfhe-2023-1788\openfhe-build-33554777953-1
2026-09-01T20:22:57.9632301Z   PROJECT_BUILD: C:\openfhe-2023-1788\project-build-33554777953-1
2026-09-01T20:22:57.9632606Z   MSYSTEM: MINGW64
2026-09-01T20:22:57.9632783Z ##[endgroup]
2026-09-01T20:22:58.3737157Z -- The C compiler identification is GNU 16.2.0
2026-09-01T20:22:58.5518659Z -- The CXX compiler identification is GNU 16.2.0
2026-09-01T20:22:58.5951507Z -- Detecting C compiler ABI info
2026-09-01T20:22:59.0033264Z -- Detecting C compiler ABI info - done
2026-09-01T20:22:59.0370360Z -- Check for working C compiler: D:/a/_temp/msys64/mingw64/bin/cc.exe - skipped
2026-09-01T20:22:59.0374345Z -- Detecting C compile features
2026-09-01T20:22:59.0379972Z -- Detecting C compile features - done
2026-09-01T20:22:59.0755197Z -- Detecting CXX compiler ABI info
2026-09-01T20:22:59.4573100Z -- Detecting CXX compiler ABI info - done
2026-09-01T20:22:59.4917550Z -- Check for working CXX compiler: D:/a/_temp/msys64/mingw64/bin/c++.exe - skipped
2026-09-01T20:22:59.4921881Z -- Detecting CXX compile features
2026-09-01T20:22:59.4931279Z -- Detecting CXX compile features - done
2026-09-01T20:22:59.5083700Z -- Building in Release mode
2026-09-01T20:22:59.5084910Z -- BUILD_UNITTESTS:    OFF
2026-09-01T20:22:59.5085343Z -- BUILD_EXAMPLES:     OFF
2026-09-01T20:22:59.5085687Z -- BUILD_BENCHMARKS:   OFF
2026-09-01T20:22:59.5086011Z -- BUILD_EXTRAS:       OFF
2026-09-01T20:22:59.5086320Z -- BUILD_STATIC:       OFF
2026-09-01T20:22:59.5086633Z -- BUILD_SHARED:       ON
2026-09-01T20:22:59.5087048Z -- GIT_SUBMOD_AUTO:    ON
2026-09-01T20:22:59.5105097Z -- WITH_BE2:           OFF
2026-09-01T20:22:59.5105475Z -- WITH_BE4:           OFF
2026-09-01T20:22:59.5106474Z ***** INSTALL IS AT C:/openfhe-2023-1788/openfhe-install; to change, run cmake with -DCMAKE_INSTALL_PREFIX=/your/path
2026-09-01T20:22:59.5107371Z -- WITH_NTL:           OFF
2026-09-01T20:22:59.5107736Z -- WITH_TCM:           OFF
2026-09-01T20:22:59.5108110Z -- WITH_OPENMP:        ON
2026-09-01T20:22:59.5108500Z -- NATIVE_SIZE:        64
2026-09-01T20:22:59.5108853Z -- CKKS_M_FACTOR:      1
2026-09-01T20:22:59.5109216Z -- WITH_NATIVEOPT:     OFF
2026-09-01T20:22:59.5109581Z -- WITH_COVTEST:       OFF
2026-09-01T20:22:59.5109942Z -- WITH_NOISE_DEBUG:   OFF
2026-09-01T20:22:59.5110291Z -- WITH_REDUCED_NOISE: OFF
2026-09-01T20:22:59.5110636Z -- USE_MACPORTS:       OFF
2026-09-01T20:22:59.5111015Z -- BUILTIN_INFO_AVAILABLE is defined
2026-09-01T20:22:59.5307032Z -- Architecture is x86_64
2026-09-01T20:22:59.5325127Z -- Looking for sys/types.h
2026-09-01T20:22:59.9102495Z -- Looking for sys/types.h - found
2026-09-01T20:22:59.9103094Z -- Looking for stdint.h
2026-09-01T20:23:00.3321172Z -- Looking for stdint.h - found
2026-09-01T20:23:00.3322530Z -- Looking for stddef.h
2026-09-01T20:23:00.6914115Z -- Looking for stddef.h - found
2026-09-01T20:23:00.6914448Z -- Check size of __int128
2026-09-01T20:23:01.0854732Z -- Check size of __int128 - done
2026-09-01T20:23:01.0857602Z -- Check size of uint64_t
2026-09-01T20:23:01.4754342Z -- Check size of uint64_t - done
2026-09-01T20:23:01.4754853Z -- NATIVEINT is set to 64
2026-09-01T20:23:01.4755347Z -- MATHBACKEND is set to 4
2026-09-01T20:23:01.4755938Z -- MATHBACKEND set to 4. Setting WITH_BE4 to ON
2026-09-01T20:23:02.6785100Z -- Found OpenMP_C: -fopenmp (found version "5.2")
2026-09-01T20:23:03.0734446Z -- Found OpenMP_CXX: -fopenmp (found version "5.2")
2026-09-01T20:23:03.0738671Z -- Found OpenMP: TRUE (found version "5.2")
2026-09-01T20:23:03.0908157Z -- Found Git: D:/a/_temp/msys64/usr/bin/git.exe (found version "2.55.0")
2026-09-01T20:23:03.0908594Z -- Submodule update
2026-09-01T20:23:03.4764473Z Synchronizing submodule url for 'third-party/cereal'
2026-09-01T20:23:03.5053438Z Synchronizing submodule url for 'third-party/google-benchmark'
2026-09-01T20:23:03.5343946Z Synchronizing submodule url for 'third-party/google-test'
2026-09-01T20:23:03.5647997Z Synchronizing submodule url for 'third-party/gperftools'
2026-09-01T20:23:04.0908369Z -- Configuring done (5.9s)
2026-09-01T20:23:04.3832067Z -- Generating done (0.3s)
2026-09-01T20:23:04.3848812Z -- Build files have been written to: C:/openfhe-2023-1788/openfhe-build-33554777953-1
2026-09-01T20:23:04.4110867Z ##[group]Run build="$(cygpath -u "$OPENFHE_BUILD")"
2026-09-01T20:23:04.4111328Z [36;1mbuild="$(cygpath -u "$OPENFHE_BUILD")"[0m
2026-09-01T20:23:04.4111661Z [36;1mcmake --build "$build" --parallel 2[0m
2026-09-01T20:23:04.4111991Z [36;1mcmake --install "$build"[0m
2026-09-01T20:23:04.4114280Z shell: D:\a\_temp\setup-msys2\msys2.CMD {0}
2026-09-01T20:23:04.4114565Z env:
2026-09-01T20:23:04.4114810Z   OPENFHE_COMMIT: df495ba2e91739a6dc8f1de254fc5a41155ce504
2026-09-01T20:23:04.4115179Z   OPENFHE_PREFIX: C:\openfhe-2023-1788\openfhe-install
2026-09-01T20:23:04.4115481Z   WINDOWS_ROOT: C:\openfhe-2023-1788
2026-09-01T20:23:04.4115750Z   PROJECT_SOURCE: C:\openfhe-2023-1788\cleanroom
2026-09-01T20:23:04.4116049Z   OPENFHE_SOURCE: C:\openfhe-2023-1788\openfhe-src
2026-09-01T20:23:04.4116417Z   OPENFHE_BUILD: C:\openfhe-2023-1788\openfhe-build-33554777953-1
2026-09-01T20:23:04.4116825Z   PROJECT_BUILD: C:\openfhe-2023-1788\project-build-33554777953-1
2026-09-01T20:23:04.4117181Z   MSYSTEM: MINGW64
2026-09-01T20:23:04.4117368Z ##[endgroup]
2026-09-01T20:23:04.8470603Z -- Copied demoData files
2026-09-01T20:23:04.9015630Z [  0%] Built target third-party
2026-09-01T20:23:05.0429729Z [  1%] Building CXX object src/core/CMakeFiles/coreobj.dir/lib/lattice/constants-lattice-impl.cpp.obj
2026-09-01T20:23:05.0478088Z [  2%] Building CXX object src/core/CMakeFiles/coreobj.dir/lib/lattice/lattice.cpp.obj
2026-09-01T20:23:05.8361812Z [  3%] Building CXX object src/core/CMakeFiles/coreobj.dir/lib/lattice/stdlatticeparms.cpp.obj
2026-09-01T20:23:07.0423642Z [  4%] Building CXX object src/core/CMakeFiles/coreobj.dir/lib/lattice/trapdoor-dcrtpoly.cpp.obj
2026-09-01T20:23:16.5261366Z [  5%] Building CXX object src/core/CMakeFiles/coreobj.dir/lib/lattice/trapdoor-poly.cpp.obj
2026-09-01T20:23:27.9337201Z [  6%] Building CXX object src/core/CMakeFiles/coreobj.dir/lib/math/chebyshev.cpp.obj
2026-09-01T20:23:28.8652724Z [  6%] Building CXX object src/core/CMakeFiles/coreobj.dir/lib/math/dftransform.cpp.obj
2026-09-01T20:23:30.2791059Z [  7%] Building CXX object src/core/CMakeFiles/coreobj.dir/lib/math/discretegaussiangeneratorgeneric.cpp.obj
2026-09-01T20:23:30.7410724Z [  8%] Building CXX object src/core/CMakeFiles/coreobj.dir/lib/math/distributiongenerator.cpp.obj
2026-09-01T20:23:31.6250155Z [  9%] Building CXX object src/core/CMakeFiles/coreobj.dir/lib/math/hal/bigintdyn/be4-math-impl.cpp.obj
2026-09-01T20:23:31.8287812Z Terminate batch job (Y/N)? 
2026-09-01T20:23:31.8292770Z ^C
2026-09-01T20:23:31.8403128Z ##[error]The operation was canceled.
2026-09-01T20:23:31.8518322Z Cleaning up orphan processes
