test_exact_rounding_error_within_quantum (test_endpoint_evidence_primitives.CanonicalDecimal.test_exact_rounding_error_within_quantum) ... ok
test_fixed_spellings_and_unique_zero (test_endpoint_evidence_primitives.CanonicalDecimal.test_fixed_spellings_and_unique_zero) ... ok
test_malformed_grammar (test_endpoint_evidence_primitives.CanonicalDecimal.test_malformed_grammar) ... ok
test_negative_exponent_and_represented_low_bit (test_endpoint_evidence_primitives.CanonicalDecimal.test_negative_exponent_and_represented_low_bit) ... ok
test_positive_and_negative_half_even (test_endpoint_evidence_primitives.CanonicalDecimal.test_positive_and_negative_half_even) ... ok
test_ranges_no_silent_flush_or_integer_global_change (test_endpoint_evidence_primitives.CanonicalDecimal.test_ranges_no_silent_flush_or_integer_global_change) ... ok
test_ASCII_LF_envelope_bounds (test_endpoint_evidence_primitives.EnvelopeAndCompression.test_ASCII_LF_envelope_bounds) ... ok
test_decompression_limit_before_unbounded_output (test_endpoint_evidence_primitives.EnvelopeAndCompression.test_decompression_limit_before_unbounded_output) ... ok
test_deterministic_gzip_and_external_identities (test_endpoint_evidence_primitives.EnvelopeAndCompression.test_deterministic_gzip_and_external_identities) ... ok
test_empty_gzip_is_not_a_canonical_sidecar (test_endpoint_evidence_primitives.EnvelopeAndCompression.test_empty_gzip_is_not_a_canonical_sidecar) ... ok
test_gzip_header_mutations_and_trailer (test_endpoint_evidence_primitives.EnvelopeAndCompression.test_gzip_header_mutations_and_trailer) ... ok
test_K_bracket_independently (test_endpoint_evidence_primitives.ExactArithmetic.test_K_bracket_independently) ... ok
test_K_rejects_malformed_scale (test_endpoint_evidence_primitives.ExactArithmetic.test_K_rejects_malformed_scale) ... ok
test_K_zero_and_negative_exponents (test_endpoint_evidence_primitives.ExactArithmetic.test_K_zero_and_negative_exponents) ... ok
test_bounded_integer_parser (test_endpoint_evidence_primitives.ExactArithmetic.test_bounded_integer_parser) ... ok
test_classifier_precedence (test_endpoint_evidence_primitives.ExactArithmetic.test_classifier_precedence) ... ok
test_endpoint_allowance_identities (test_endpoint_evidence_primitives.ExactArithmetic.test_endpoint_allowance_identities) ... ok
test_exact_subtraction_low_bit (test_endpoint_evidence_primitives.ExactArithmetic.test_exact_subtraction_low_bit) ... ok
test_replay_allowances_not_replay_certificate (test_endpoint_evidence_primitives.ExactArithmetic.test_replay_allowances_not_replay_certificate) ... ok
test_duplicate_floats_nonfinite_and_boolean_rejected (test_endpoint_evidence_primitives.StrictJSON.test_duplicate_floats_nonfinite_and_boolean_rejected) ... ok
test_no_self_hash_even_when_caller_includes_key (test_endpoint_evidence_primitives.StrictJSON.test_no_self_hash_even_when_caller_includes_key) ... ok
test_sorted_compact_ASCII_only (test_endpoint_evidence_primitives.StrictJSON.test_sorted_compact_ASCII_only) ... ok
test_unknown_keys_nested_bool_and_depth (test_endpoint_evidence_primitives.StrictJSON.test_unknown_keys_nested_bool_and_depth) ... ok
test_lower_boundary_carry_precedes_exponent_rejection (test_canonical_exponent_boundary.CanonicalExponentBoundary.test_lower_boundary_carry_precedes_exponent_rejection) ... ok

----------------------------------------------------------------------
Ran 24 tests in 0.194s

OK
