2026-09-01T22:24:15.5754932Z Current runner version: '2.337.0'
2026-09-01T22:24:15.5780455Z ##[group]Runner Image Provisioner
2026-09-01T22:24:15.5781232Z Hosted Compute Agent
2026-09-01T22:24:15.5782117Z Version: 20260819.586
2026-09-01T22:24:15.5782733Z Commit: 3cc4a88dfa507ef76119ad1bb3eccc6378bb2b76
2026-09-01T22:24:15.5783445Z Build Date: 2026-08-18T23:20:18Z
2026-09-01T22:24:15.5784100Z Worker ID: {01bff653-950e-4491-ba79-96aec6d701bb}
2026-09-01T22:24:15.5784771Z Azure Region: centralus
2026-09-01T22:24:15.5785281Z ##[endgroup]
2026-09-01T22:24:15.5787128Z ##[group]Operating System
2026-09-01T22:24:15.5787981Z Microsoft Windows Server 2022
2026-09-01T22:24:15.5788740Z 10.0.20348
2026-09-01T22:24:15.5789403Z Datacenter
2026-09-01T22:24:15.5790089Z ##[endgroup]
2026-09-01T22:24:15.5790845Z ##[group]Runner Image
2026-09-01T22:24:15.5791602Z Image: windows-2022
2026-09-01T22:24:15.5792379Z Version: 20260824.284.2
2026-09-01T22:24:15.5794549Z Included Software: https://github.com/actions/runner-images/blob/win22/20260824.284/images/windows/Windows2022-Readme.md
2026-09-01T22:24:15.5796979Z Image Release: https://github.com/actions/runner-images/releases/tag/win22%2F20260824.284
2026-09-01T22:24:15.5798443Z ##[endgroup]
2026-09-01T22:24:15.5800030Z ##[group]GITHUB_TOKEN Permissions
2026-09-01T22:24:15.5802828Z Contents: read
2026-09-01T22:24:15.5803642Z Metadata: read
2026-09-01T22:24:15.5804383Z ##[endgroup]
2026-09-01T22:24:15.5807439Z Secret source: Actions
2026-09-01T22:24:15.5808976Z Prepare workflow directory
2026-09-01T22:24:15.6458893Z Prepare all required actions
2026-09-01T22:24:15.6528152Z Getting action download info
2026-09-01T22:24:15.8946349Z Download action repository 'msys2/setup-msys2@v2' (SHA:66cd2cce69caa17b53920067426061ca1de3a884)
2026-09-01T22:24:16.2399754Z Complete job name: windows-mingw64
2026-09-01T22:24:16.3745755Z ##[group]Run git config --global core.autocrlf false
2026-09-01T22:24:16.3746799Z [36;1mgit config --global core.autocrlf false[0m
2026-09-01T22:24:16.3747434Z [36;1mgit config --global core.eol lf[0m
2026-09-01T22:24:16.3748204Z [36;1mNew-Item -ItemType Directory -Path $env:WINDOWS_ROOT | Out-Null[0m
2026-09-01T22:24:16.3748941Z [36;1m[0m
2026-09-01T22:24:16.3749345Z [36;1mgit init $env:PROJECT_SOURCE[0m
2026-09-01T22:24:16.3750183Z [36;1mgit -C $env:PROJECT_SOURCE remote add origin https://github.com/leemaple/20231788..git[0m
2026-09-01T22:24:16.3751171Z [36;1mgit -C $env:PROJECT_SOURCE fetch --depth 1 origin $env:GITHUB_SHA[0m
2026-09-01T22:24:16.3751970Z [36;1mgit -C $env:PROJECT_SOURCE checkout --detach FETCH_HEAD[0m
2026-09-01T22:24:16.3752748Z [36;1m$projectActual = git -C $env:PROJECT_SOURCE rev-parse HEAD[0m
2026-09-01T22:24:16.3753470Z [36;1mif ($projectActual -ne $env:GITHUB_SHA) {[0m
2026-09-01T22:24:16.3754192Z [36;1m  throw "Project checkout mismatch: $projectActual"[0m
2026-09-01T22:24:16.3754806Z [36;1m}[0m
2026-09-01T22:24:16.3755166Z [36;1m[0m
2026-09-01T22:24:16.3755556Z [36;1mgit init $env:OPENFHE_SOURCE[0m
2026-09-01T22:24:16.3756457Z [36;1mgit -C $env:OPENFHE_SOURCE remote add origin https://github.com/openfheorg/openfhe-development.git[0m
2026-09-01T22:24:16.3757525Z [36;1mgit -C $env:OPENFHE_SOURCE fetch --depth 1 origin $env:OPENFHE_COMMIT[0m
2026-09-01T22:24:16.3758347Z [36;1mgit -C $env:OPENFHE_SOURCE checkout --detach FETCH_HEAD[0m
2026-09-01T22:24:16.3759190Z [36;1mgit -C $env:OPENFHE_SOURCE submodule update --init --recursive --depth 1[0m
2026-09-01T22:24:16.3759906Z [36;1m[0m
2026-09-01T22:24:16.3760457Z [36;1m$projectStatus = @(git -C $env:PROJECT_SOURCE status --porcelain)[0m
2026-09-01T22:24:16.3761187Z [36;1mif ($projectStatus.Count -ne 0) {[0m
2026-09-01T22:24:16.3761897Z [36;1m  throw "Project checkout is dirty: $($projectStatus -join '; ')"[0m
2026-09-01T22:24:16.3762578Z [36;1m}[0m
2026-09-01T22:24:16.3763123Z [36;1m$openfheStatus = @(git -C $env:OPENFHE_SOURCE status --porcelain)[0m
2026-09-01T22:24:16.3763840Z [36;1mif ($openfheStatus.Count -ne 0) {[0m
2026-09-01T22:24:16.3766372Z [36;1m  throw "OpenFHE checkout is dirty: $($openfheStatus -join '; ')"[0m
2026-09-01T22:24:16.3767066Z [36;1m}[0m
2026-09-01T22:24:16.5391093Z shell: C:\Program Files\PowerShell\7\pwsh.EXE -command ". '{0}'"
2026-09-01T22:24:16.5392033Z env:
2026-09-01T22:24:16.5392535Z   OPENFHE_COMMIT: df495ba2e91739a6dc8f1de254fc5a41155ce504
2026-09-01T22:24:16.5393235Z   OPENFHE_PREFIX: C:\openfhe-2023-1788\openfhe-install
2026-09-01T22:24:16.5393831Z   WINDOWS_ROOT: C:\openfhe-2023-1788
2026-09-01T22:24:16.5394386Z   PROJECT_SOURCE: C:\openfhe-2023-1788\cleanroom
2026-09-01T22:24:16.5394997Z   OPENFHE_SOURCE: C:\openfhe-2023-1788\openfhe-src
2026-09-01T22:24:16.5395699Z   OPENFHE_BUILD: C:\openfhe-2023-1788\openfhe-build-33566113002-1
2026-09-01T22:24:16.5396506Z   PROJECT_BUILD: C:\openfhe-2023-1788\project-build-33566113002-1
2026-09-01T22:24:16.5397134Z ##[endgroup]
2026-09-01T22:24:17.4053677Z Initialized empty Git repository in C:/openfhe-2023-1788/cleanroom/.git/
2026-09-01T22:24:18.8831920Z From https://github.com/leemaple/20231788.
2026-09-01T22:24:18.8833309Z  * branch            ba4ca7b4c93fc4d750618418aeeaf1db6b1dd32d -> FETCH_HEAD
2026-09-01T22:24:19.0418637Z HEAD is now at ba4ca7b feat: reject wrong-context Relin2 evaluation key
2026-09-01T22:24:19.1248399Z Initialized empty Git repository in C:/openfhe-2023-1788/openfhe-src/.git/
2026-09-01T22:24:20.6101179Z From https://github.com/openfheorg/openfhe-development
2026-09-01T22:24:20.6102181Z  * branch            df495ba2e91739a6dc8f1de254fc5a41155ce504 -> FETCH_HEAD
2026-09-01T22:24:21.3115334Z HEAD is now at df495ba Merge pull request #1130 from openfheorg/dev
2026-09-01T22:24:22.4101885Z Submodule 'third-party/cereal' (https://github.com/openfheorg/cereal.git) registered for path 'third-party/cereal'
2026-09-01T22:24:22.4121680Z Submodule 'third-party/google-benchmark' (https://github.com/google/benchmark.git) registered for path 'third-party/google-benchmark'
2026-09-01T22:24:22.4138329Z Submodule 'third-party/google-test' (https://github.com/google/googletest.git) registered for path 'third-party/google-test'
2026-09-01T22:24:22.4173925Z Submodule 'third-party/gperftools' (https://github.com/gperftools/gperftools.git) registered for path 'third-party/gperftools'
2026-09-01T22:24:22.4586419Z Cloning into 'C:/openfhe-2023-1788/openfhe-src/third-party/cereal'...
2026-09-01T22:24:23.0997091Z Cloning into 'C:/openfhe-2023-1788/openfhe-src/third-party/google-benchmark'...
2026-09-01T22:24:24.1001283Z Cloning into 'C:/openfhe-2023-1788/openfhe-src/third-party/google-test'...
2026-09-01T22:24:24.8033104Z Cloning into 'C:/openfhe-2023-1788/openfhe-src/third-party/gperftools'...
2026-09-01T22:24:25.8770029Z Submodule path 'third-party/cereal': checked out '984e3f194862b17916536b5fade40cba6e47a6fe'
2026-09-01T22:24:27.9826829Z From https://github.com/google/benchmark
2026-09-01T22:24:27.9827648Z  * branch            eddb0241389718a23a42db6af5f0164b6e0139af -> FETCH_HEAD
2026-09-01T22:24:28.3380703Z Submodule path 'third-party/google-benchmark': checked out 'eddb0241389718a23a42db6af5f0164b6e0139af'
2026-09-01T22:24:29.4877973Z From https://github.com/google/googletest
2026-09-01T22:24:29.4878752Z  * branch            52eb8108c5bdec04579160ae17225d66034bd723 -> FETCH_HEAD
2026-09-01T22:24:30.0123044Z Submodule path 'third-party/google-test': checked out '52eb8108c5bdec04579160ae17225d66034bd723'
2026-09-01T22:24:31.4217668Z From https://github.com/gperftools/gperftools
2026-09-01T22:24:31.4218347Z  * branch            83edb60836d87cf1b406e8846b9059c03031e8f5 -> FETCH_HEAD
2026-09-01T22:24:32.5767672Z Submodule path 'third-party/gperftools': checked out '83edb60836d87cf1b406e8846b9059c03031e8f5'
2026-09-01T22:24:32.9088073Z ##[group]Run msys2/setup-msys2@v2
2026-09-01T22:24:32.9088420Z with:
2026-09-01T22:24:32.9088636Z   msystem: MINGW64
2026-09-01T22:24:32.9088868Z   update: true
2026-09-01T22:24:32.9089096Z   cache: false
2026-09-01T22:24:32.9089420Z   install: git make mingw-w64-x86_64-boost mingw-w64-x86_64-cmake mingw-w64-x86_64-gcc
2026-09-01T22:24:32.9090683Z   path-type: minimal
2026-09-01T22:24:32.9090888Z   release: true
2026-09-01T22:24:32.9091105Z   platform-check-severity: fatal
2026-09-01T22:24:32.9091375Z env:
2026-09-01T22:24:32.9091611Z   OPENFHE_COMMIT: df495ba2e91739a6dc8f1de254fc5a41155ce504
2026-09-01T22:24:32.9091964Z   OPENFHE_PREFIX: C:\openfhe-2023-1788\openfhe-install
2026-09-01T22:24:32.9092258Z   WINDOWS_ROOT: C:\openfhe-2023-1788
2026-09-01T22:24:32.9092533Z   PROJECT_SOURCE: C:\openfhe-2023-1788\cleanroom
2026-09-01T22:24:32.9092842Z   OPENFHE_SOURCE: C:\openfhe-2023-1788\openfhe-src
2026-09-01T22:24:32.9093242Z   OPENFHE_BUILD: C:\openfhe-2023-1788\openfhe-build-33566113002-1
2026-09-01T22:24:32.9093628Z   PROJECT_BUILD: C:\openfhe-2023-1788\project-build-33566113002-1
2026-09-01T22:24:32.9093927Z ##[endgroup]
2026-09-01T22:24:33.0782186Z ##[group]Downloading MSYS2...
2026-09-01T22:24:33.8746585Z ##[endgroup]
2026-09-01T22:24:33.8747351Z ##[group]Extracting MSYS2...
2026-09-01T22:24:33.8763448Z [command]C:\hostedtoolcache\windows\msys2-installer\0.0.20260611\x64\base.exe -y
2026-09-01T22:24:34.1627388Z 
2026-09-01T22:24:34.1628884Z 7-Zip SFX 25.01 ZS v1.5.7 R4 (x64) : Copyright (c) 1999-2025 Igor Pavlov, 2016-2026 Tino Reichardt, 2022-2026 Sergey G. Brester : 2026-01-10
2026-09-01T22:24:34.1630876Z 
2026-09-01T22:24:34.1631932Z Extracting archive: C:\hostedtoolcache\windows\msys2-installer\0.0.20260611\x64\base.exe
2026-09-01T22:24:34.1632694Z --
2026-09-01T22:24:34.1633220Z Path = C:\hostedtoolcache\windows\msys2-installer\0.0.20260611\x64\base.exe
2026-09-01T22:24:34.1633816Z Type = 7z
2026-09-01T22:24:34.1633977Z 
2026-09-01T22:24:34.3580051Z   0%
2026-09-01T22:24:34.3580412Z     
2026-09-01T22:24:34.5608590Z   2% 1313 - msys64\usr\lib\perl5\core_perl\CORE\regcomp_internal.h
2026-09-01T22:24:34.5609289Z                                                                   
2026-09-01T22:24:34.7640361Z   4% 2450 - msys64\usr\lib\terminfo\68\h19-u
2026-09-01T22:24:34.7641729Z                                             
2026-09-01T22:24:34.9675014Z   4% 3623 - msys64\usr\lib\terminfo\74\tvi912b-2p
2026-09-01T22:24:34.9675656Z                                                  
2026-09-01T22:24:35.1706317Z   5% 4806 - msys64\usr\share\bash-completion\completions\lvm
2026-09-01T22:24:35.1707030Z                                                             
2026-09-01T22:24:35.3738222Z   9% 5908 - msys64\usr\share\info\gnutls.info-4.gz
2026-09-01T22:24:35.3739108Z                                                   
2026-09-01T22:24:35.5770026Z  22% 6556 - msys64\usr\share\locale\pl\LC_MESSAGES\gdbm.mo
2026-09-01T22:24:35.5770625Z                                                           
2026-09-01T22:24:35.7801886Z  32% 7355 - msys64\usr\share\man\man1\openssl-dsaparam.1ssl.gz
2026-09-01T22:24:35.7802562Z                                                               
2026-09-01T22:24:35.9834724Z  33% 8526 - msys64\usr\share\man\man3\ins_wstr.3x.gz
2026-09-01T22:24:35.9835333Z                                                     
2026-09-01T22:24:36.1867143Z  39% 9607 - msys64\usr\share\nano\nanohelp.nanorc
2026-09-01T22:24:36.1867772Z                                                  
2026-09-01T22:24:36.3898520Z  43% 10338 - msys64\usr\share\perl5\core_perl\Unicode\Collate\Locale\mr.pl
2026-09-01T22:24:36.3898995Z                                                                           
2026-09-01T22:24:36.5928007Z  46% 11382 - msys64\usr\share\terminfo\61\att610
2026-09-01T22:24:36.5928562Z                                                 
2026-09-01T22:24:36.7961620Z  47% 12603 - msys64\usr\share\terminfo\6e\nwe501
2026-09-01T22:24:36.7964087Z                                                 
2026-09-01T22:24:36.9994525Z  47% 13837 - msys64\usr\share\terminfo\78\xterm+x11hilite
2026-09-01T22:24:36.9995115Z                                                          
2026-09-01T22:24:37.2052199Z  48% 15103 - msys64\usr\share\zoneinfo\PST8PDT
2026-09-01T22:24:37.2053050Z                                               
2026-09-01T22:24:37.4080127Z  50% 16090 - msys64\usr\bin\blkid.exe
2026-09-01T22:24:37.4080903Z                                      
2026-09-01T22:24:37.6089142Z  68% 16331 - msys64\usr\bin\msys-ssh2-1.dll
2026-09-01T22:24:37.6089591Z                                            
2026-09-01T22:24:37.6731709Z  91% 16524 - msys64\usr\lib\perl5\core_perl\auto\Digest\MD5\MD5.dll
2026-09-01T22:24:37.6732284Z                                                                    
2026-09-01T22:24:37.6732665Z Everything is Ok
2026-09-01T22:24:37.6753334Z ##[endgroup]
2026-09-01T22:24:37.6754282Z ##[group]Disable Key Refresh...
2026-09-01T22:24:37.6774109Z ##[endgroup]
2026-09-01T22:24:37.6791569Z ##[group]Starting MSYS2 for the first time...
2026-09-01T22:24:37.7431959Z [command]C:\Windows\system32\cmd.exe /D /S /C D:\a\_temp\setup-msys2\msys2.cmd -c "'uname' '-a'"
2026-09-01T22:24:37.8477693Z [1;32mMSYS2 is starting for the first time. Executing the initial setup.[1;0m
2026-09-01T22:24:37.8858758Z Copying skeleton files.
2026-09-01T22:24:37.8859242Z These files are for the users to personalise their msys2 experience.
2026-09-01T22:24:37.8859525Z 
2026-09-01T22:24:37.8859667Z They will never be overwritten nor automatically updated.
2026-09-01T22:24:37.8859909Z 
2026-09-01T22:24:37.9283718Z './.bashrc' -> '/home/runneradmin/.bashrc'
2026-09-01T22:24:37.9431304Z './.bash_profile' -> '/home/runneradmin/.bash_profile'
2026-09-01T22:24:37.9574299Z './.profile' -> '/home/runneradmin/.profile'
2026-09-01T22:24:38.0165752Z 'C:\Windows\system32\drivers\etc\hosts' -> '/etc/hosts'
2026-09-01T22:24:38.0628034Z 'C:\Windows\system32\drivers\etc\protocol' -> '/etc/protocols'
2026-09-01T22:24:38.1055174Z 'C:\Windows\system32\drivers\etc\services' -> '/etc/services'
2026-09-01T22:24:38.1485389Z 'C:\Windows\system32\drivers\etc\networks' -> '/etc/networks'
2026-09-01T22:24:38.3079393Z gpg: /etc/pacman.d/gnupg/trustdb.gpg: trustdb created
2026-09-01T22:24:38.3146649Z gpg: no ultimately trusted keys found
2026-09-01T22:24:38.5620862Z gpg: starting migration from earlier GnuPG versions
2026-09-01T22:24:38.6116480Z gpg: porting secret keys from '/etc/pacman.d/gnupg/secring.gpg' to gpg-agent
2026-09-01T22:24:38.6119089Z gpg: migration succeeded
2026-09-01T22:24:38.6303108Z ==> Generating pacman master key. This may take some time.
2026-09-01T22:24:38.6468612Z gpg: Generating pacman keyring master key...
2026-09-01T22:24:39.0036749Z gpg: directory '/etc/pacman.d/gnupg/openpgp-revocs.d' created
2026-09-01T22:24:39.0308661Z gpg: revocation certificate stored as '/etc/pacman.d/gnupg/openpgp-revocs.d/3BADF173026D1FD728FF6C832503B5B29BFCA294.rev'
2026-09-01T22:24:39.0309265Z gpg: Done
2026-09-01T22:24:39.0468015Z ==> Updating trust database...
2026-09-01T22:24:39.0810104Z gpg: marginals needed: 3  completes needed: 1  trust model: pgp
2026-09-01T22:24:39.0810720Z gpg: depth: 0  valid:   1  signed:   0  trust: 0-, 0q, 0n, 0m, 0f, 1u
2026-09-01T22:24:39.1926687Z ==> Appending keys from msys2.gpg...
2026-09-01T22:24:39.6990046Z ==> Locally signing trusted keys in keyring...
2026-09-01T22:24:40.2233174Z   -> Locally signed 5 keys.
2026-09-01T22:24:40.2365357Z ==> Importing owner trust values...
2026-09-01T22:24:40.2533692Z gpg: setting ownertrust to 4
2026-09-01T22:24:40.2534102Z gpg: setting ownertrust to 4
2026-09-01T22:24:40.2534352Z gpg: setting ownertrust to 4
2026-09-01T22:24:40.2534580Z gpg: setting ownertrust to 4
2026-09-01T22:24:40.2534803Z gpg: setting ownertrust to 4
2026-09-01T22:24:40.2775486Z ==> Disabling revoked keys in keyring...
2026-09-01T22:24:40.5495888Z   -> Disabled 4 keys.
2026-09-01T22:24:40.5625078Z ==> Updating trust database...
2026-09-01T22:24:40.5964807Z gpg: marginals needed: 3  completes needed: 1  trust model: pgp
2026-09-01T22:24:40.5989016Z gpg: depth: 0  valid:   1  signed:   5  trust: 0-, 0q, 0n, 0m, 0f, 1u
2026-09-01T22:24:40.6013850Z gpg: depth: 1  valid:   5  signed:   6  trust: 0-, 0q, 0n, 5m, 0f, 0u
2026-09-01T22:24:40.6025782Z gpg: depth: 2  valid:   3  signed:   2  trust: 3-, 0q, 0n, 0m, 0f, 0u
2026-09-01T22:24:40.6372272Z pacman-key (pacman) 6.1.0
2026-09-01T22:24:40.6372924Z Copyright (c) 2010-2024 Pacman Development Team <pacman-dev@lists.archlinux.org>.
2026-09-01T22:24:40.6373258Z 
2026-09-01T22:24:40.6508016Z This is free software; see the source for copying conditions.
2026-09-01T22:24:40.6508675Z There is NO WARRANTY, to the extent permitted by law.
2026-09-01T22:24:40.8348870Z [1;32mInitial setup complete. MSYS2 is now ready to use.[1;0m
2026-09-01T22:24:40.8498660Z MINGW64_NT-10.0-20348 runnervm0js1w 3.6.9-01d6c708.x86_64 2026-05-24 10:45 UTC x86_64 Msys
2026-09-01T22:24:40.8544025Z ##[endgroup]
2026-09-01T22:24:40.8544652Z ##[group]Disable CheckSpace...
2026-09-01T22:24:40.9113070Z [command]C:\Windows\system32\cmd.exe /D /S /C D:\a\_temp\setup-msys2\msys2.cmd -c "'sed' '-i' 's/^CheckSpace/#CheckSpace/g' '/etc/pacman.conf'"
2026-09-01T22:24:41.0856792Z ##[endgroup]
2026-09-01T22:24:41.0857360Z ##[group]Updating packages...
2026-09-01T22:24:41.1402914Z [command]C:\Windows\system32\cmd.exe /D /S /C D:\a\_temp\setup-msys2\msys2.cmd -c "'pacman' '--noconfirm' '-Syuu' '--overwrite' '*'"
2026-09-01T22:24:41.7821719Z :: Synchronizing package databases...
2026-09-01T22:24:43.1280242Z  clangarm64 downloading...
2026-09-01T22:24:43.1280681Z  mingw32 downloading...
2026-09-01T22:24:43.1281000Z  mingw64 downloading...
2026-09-01T22:24:43.1281285Z  ucrt64 downloading...
2026-09-01T22:24:43.1281602Z  clang64 downloading...
2026-09-01T22:24:43.1281916Z  msys downloading...
2026-09-01T22:24:43.5785921Z :: Starting core system upgrade...
2026-09-01T22:24:43.7809931Z warning: terminate other MSYS2 programs before proceeding
2026-09-01T22:24:43.7810542Z resolving dependencies...
2026-09-01T22:24:43.7810912Z looking for conflicting packages...
2026-09-01T22:24:43.7892544Z 
2026-09-01T22:24:43.7893065Z Packages (1) msys2-runtime-3.6.10-3
2026-09-01T22:24:43.7893411Z 
2026-09-01T22:24:43.7893566Z Total Download Size:    1.97 MiB
2026-09-01T22:24:43.7894008Z Total Installed Size:   6.33 MiB
2026-09-01T22:24:43.7894468Z Net Upgrade Size:      -0.20 MiB
2026-09-01T22:24:43.7894766Z 
2026-09-01T22:24:43.7895107Z :: Proceed with installation? [Y/n] 
2026-09-01T22:24:43.7895531Z :: Retrieving packages...
2026-09-01T22:24:45.3982496Z  msys2-runtime-3.6.10-3-x86_64 downloading...
2026-09-01T22:24:45.3982861Z checking keyring...
2026-09-01T22:24:45.4540670Z checking package integrity...
2026-09-01T22:24:45.6171615Z loading package files...
2026-09-01T22:24:45.6198073Z checking for file conflicts...
2026-09-01T22:24:45.6218470Z :: Processing package changes...
2026-09-01T22:24:45.6218939Z upgrading msys2-runtime...
2026-09-01T22:24:45.7945971Z :: To complete this update all MSYS2 processes including this terminal will be closed. Confirm to proceed [Y/n] 
2026-09-01T22:24:46.0717540Z ##[endgroup]
2026-09-01T22:24:46.0718092Z ##[group]Killing remaining tasks...
2026-09-01T22:24:46.1307449Z [command]C:\Windows\system32\taskkill.exe /F /FI "MODULES eq msys-2.0.dll"
2026-09-01T22:24:46.2436936Z 
2026-09-01T22:24:46.2437539Z INFO: No tasks running with the specified criteria.
2026-09-01T22:24:46.2468178Z ##[endgroup]
2026-09-01T22:24:46.2468586Z ##[group]Final system upgrade...
2026-09-01T22:24:46.3050692Z [command]C:\Windows\system32\cmd.exe /D /S /C D:\a\_temp\setup-msys2\msys2.cmd -c "'pacman' '--noconfirm' '-Syuu' '--overwrite' '*'"
2026-09-01T22:24:46.9311786Z :: Synchronizing package databases...
2026-09-01T22:24:47.8975606Z  clangarm64 downloading...
2026-09-01T22:24:47.8975949Z  mingw32 downloading...
2026-09-01T22:24:47.8976177Z  mingw64 downloading...
2026-09-01T22:24:47.8976707Z  ucrt64 downloading...
2026-09-01T22:24:47.8976921Z  clang64 downloading...
2026-09-01T22:24:47.8977121Z  msys downloading...
2026-09-01T22:24:48.3293636Z :: Starting core system upgrade...
2026-09-01T22:24:48.5172505Z  there is nothing to do
2026-09-01T22:24:48.5172900Z :: Starting full system upgrade...
2026-09-01T22:24:48.5541513Z resolving dependencies...
2026-09-01T22:24:48.5595211Z looking for conflicting packages...
2026-09-01T22:24:48.5707980Z 
2026-09-01T22:24:48.5711193Z Packages (31) bash-completion-2.18.0-1  bsdtar-3.8.9-1  ca-certificates-20260816-1  curl-8.21.0-1  findutils-4.11.0-2  gawk-5.4.1-1  gcc-libs-15.3.0-1  gnupg-2.4.9-3  libcurl-8.21.0-1  libexpat-2.8.3-1  libffi-3.8.0-1  libgnutls-3.8.13-2  libhogweed-4.0-1  libnettle-4.0-1  libnghttp2-1.70.0-1  libnghttp3-1.18.0-1  libngtcp2-1.25.0-1  libopenssl-3.6.4-1  libp11-kit-0.26.5-1  libpsl-0.23.2-1  libsqlite-3.53.4-1  msys2-keyring-1~20260814-1  nano-9.2-1  nettle-4.0-1  openssl-3.6.4-1  p11-kit-0.26.5-1  pacman-contrib-1.10.6-2  perl-5.42.3-1  pinentry-1.3.3-1  tzcode-2026c-1  wget-1.25.0-2
2026-09-01T22:24:48.5714306Z 
2026-09-01T22:24:48.5714477Z Total Download Size:    27.05 MiB
2026-09-01T22:24:48.5714880Z Total Installed Size:  108.42 MiB
2026-09-01T22:24:48.5715259Z Net Upgrade Size:       -1.02 MiB
2026-09-01T22:24:48.5715528Z 
2026-09-01T22:24:48.5716032Z :: Proceed with installation? [Y/n] 
2026-09-01T22:24:48.5716524Z :: Retrieving packages...
2026-09-01T22:24:51.8405449Z  perl-5.42.3-1-x86_64 downloading...
2026-09-01T22:24:51.8405956Z  pacman-contrib-1.10.6-2-x86_64 downloading...
2026-09-01T22:24:51.8406377Z  gnupg-2.4.9-3-x86_64 downloading...
2026-09-01T22:24:51.8406760Z  libopenssl-3.6.4-1-x86_64 downloading...
2026-09-01T22:24:51.8407135Z  gawk-5.4.1-1-x86_64 downloading...
2026-09-01T22:24:51.8407512Z  libgnutls-3.8.13-2-x86_64 downloading...
2026-09-01T22:24:51.8408142Z  gcc-libs-15.3.0-1-x86_64 downloading...
2026-09-01T22:24:51.8408634Z  curl-8.21.0-1-x86_64 downloading...
2026-09-01T22:24:51.8409061Z  wget-1.25.0-2-x86_64 downloading...
2026-09-01T22:24:51.8409364Z  libsqlite-3.53.4-1-x86_64 downloading...
2026-09-01T22:24:51.8409631Z  nano-9.2-1-x86_64 downloading...
2026-09-01T22:24:51.8409884Z  openssl-3.6.4-1-x86_64 downloading...
2026-09-01T22:24:51.8410144Z  findutils-4.11.0-2-x86_64 downloading...
2026-09-01T22:24:51.8410412Z  p11-kit-0.26.5-1-x86_64 downloading...
2026-09-01T22:24:51.8410703Z  ca-certificates-20260816-1-any downloading...
2026-09-01T22:24:51.8410990Z  libcurl-8.21.0-1-x86_64 downloading...
2026-09-01T22:24:51.8411241Z  bsdtar-3.8.9-1-x86_64 downloading...
2026-09-01T22:24:51.8411480Z  tzcode-2026c-1-x86_64 downloading...
2026-09-01T22:24:51.8411733Z  libp11-kit-0.26.5-1-x86_64 downloading...
2026-09-01T22:24:51.8412008Z  bash-completion-2.18.0-1-any downloading...
2026-09-01T22:24:51.8412278Z  libhogweed-4.0-1-x86_64 downloading...
2026-09-01T22:24:51.8412526Z  libngtcp2-1.25.0-1-x86_64 downloading...
2026-09-01T22:24:51.8412783Z  libnettle-4.0-1-x86_64 downloading...
2026-09-01T22:24:51.8413027Z  nettle-4.0-1-x86_64 downloading...
2026-09-01T22:24:51.8413361Z  libpsl-0.23.2-1-x86_64 downloading...
2026-09-01T22:24:51.8413722Z  libnghttp3-1.18.0-1-x86_64 downloading...
2026-09-01T22:24:51.8413995Z  libnghttp2-1.70.0-1-x86_64 downloading...
2026-09-01T22:24:51.8414262Z  libexpat-2.8.3-1-x86_64 downloading...
2026-09-01T22:24:51.8414520Z  pinentry-1.3.3-1-x86_64 downloading...
2026-09-01T22:24:51.8414780Z  msys2-keyring-1~20260814-1-any downloading...
2026-09-01T22:24:51.8415054Z  libffi-3.8.0-1-x86_64 downloading...
2026-09-01T22:24:51.8415286Z checking keyring...
2026-09-01T22:24:51.8987411Z checking package integrity...
2026-09-01T22:24:56.4311348Z loading package files...
2026-09-01T22:24:56.5073493Z checking for file conflicts...
2026-09-01T22:24:56.5606089Z :: Running pre-transaction hooks...
2026-09-01T22:24:56.5606502Z (1/1) Removing old entries from the info directory file...
2026-09-01T22:24:56.6857316Z :: Processing package changes...
2026-09-01T22:24:56.6857784Z upgrading bash-completion...
2026-09-01T22:24:57.4774499Z upgrading gcc-libs...
2026-09-01T22:24:57.4945815Z upgrading libexpat...
2026-09-01T22:24:57.4985668Z upgrading libopenssl...
2026-09-01T22:24:57.5237591Z upgrading bsdtar...
2026-09-01T22:24:57.5322859Z upgrading openssl...
2026-09-01T22:24:57.6265514Z upgrading findutils...
2026-09-01T22:24:57.6929415Z upgrading libffi...
2026-09-01T22:24:57.7025431Z upgrading libp11-kit...
2026-09-01T22:24:57.7096640Z upgrading p11-kit...
2026-09-01T22:24:57.8467109Z upgrading ca-certificates...
2026-09-01T22:24:58.4333633Z upgrading libnghttp3...
2026-09-01T22:24:58.4390527Z upgrading libngtcp2...
2026-09-01T22:24:58.4465711Z upgrading libnghttp2...
2026-09-01T22:24:58.4520598Z upgrading libpsl...
2026-09-01T22:24:58.4602202Z upgrading libcurl...
2026-09-01T22:24:58.4664849Z upgrading curl...
2026-09-01T22:24:58.8535661Z upgrading gawk...
2026-09-01T22:24:58.9410160Z upgrading libhogweed...
2026-09-01T22:24:58.9451580Z upgrading libnettle...
2026-09-01T22:24:58.9498987Z upgrading libgnutls...
2026-09-01T22:24:58.9951100Z upgrading libsqlite...
2026-09-01T22:24:59.0046326Z upgrading nettle...
2026-09-01T22:24:59.0117119Z upgrading pinentry...
2026-09-01T22:24:59.0171032Z upgrading gnupg...
2026-09-01T22:25:03.5653324Z ==> Appending keys from msys2.gpg...
2026-09-01T22:25:04.0242541Z ==> Updating trust database...
2026-09-01T22:25:04.0411888Z gpg: no need for a trustdb check
2026-09-01T22:25:04.1284869Z upgrading msys2-keyring...
2026-09-01T22:25:04.4703942Z ==> Appending keys from msys2.gpg...
2026-09-01T22:25:05.0571932Z ==> Updating trust database...
2026-09-01T22:25:05.0776687Z gpg: next trustdb check due at 2027-02-10
2026-09-01T22:25:05.1632014Z upgrading nano...
2026-09-01T22:25:05.2707670Z upgrading pacman-contrib...
2026-09-01T22:25:05.3319335Z New optional dependencies for pacman-contrib
2026-09-01T22:25:05.3319923Z     perl: for pacsearch [installed]
2026-09-01T22:25:05.3320408Z     vim: default diff program for pacdiff
2026-09-01T22:25:05.3320840Z upgrading perl...
2026-09-01T22:25:06.8771769Z upgrading tzcode...
2026-09-01T22:25:08.4868361Z upgrading wget...
2026-09-01T22:25:08.5882651Z :: Running post-transaction hooks...
2026-09-01T22:25:08.5883062Z (1/1) Updating the info directory file...
2026-09-01T22:25:10.2909783Z ##[endgroup]
2026-09-01T22:25:10.2911614Z ##[group]Installing additional packages through pacman...
2026-09-01T22:25:10.3512893Z [command]C:\Windows\system32\cmd.exe /D /S /C D:\a\_temp\setup-msys2\msys2.cmd -c "'pacman' '--noconfirm' '-S' '--needed' '--overwrite' '*' 'git' 'make' 'mingw-w64-x86_64-boost' 'mingw-w64-x86_64-cmake' 'mingw-w64-x86_64-gcc'"
2026-09-01T22:25:11.1569185Z resolving dependencies...
2026-09-01T22:25:11.1681251Z looking for conflicting packages...
2026-09-01T22:25:11.1819914Z 
2026-09-01T22:25:11.1829794Z Packages (89) heimdal-7.8.0-5  heimdal-libs-7.8.0-5  libcbor-0.14.0-2  libedit-20240808_3.1-1  libfido2-1.17.0-1  mingw-w64-x86_64-binutils-2.47-3  mingw-w64-x86_64-boost-libs-1.91.0-3  mingw-w64-x86_64-brotli-1.2.0-1  mingw-w64-x86_64-bzip2-1.0.8-4  mingw-w64-x86_64-c-ares-1.34.8-1  mingw-w64-x86_64-ca-certificates-20260816-1  mingw-w64-x86_64-cppdap-1.65.r11.g6464cd7-1  mingw-w64-x86_64-crt-14.0.0.r302.gd7f3c5201-1  mingw-w64-x86_64-curl-8.21.0-2  mingw-w64-x86_64-expat-2.8.3-1  mingw-w64-x86_64-gcc-libs-16.2.0-3  mingw-w64-x86_64-gettext-runtime-1.0-1  mingw-w64-x86_64-gmp-6.3.0-2  mingw-w64-x86_64-gnutls-3.8.13-3  mingw-w64-x86_64-headers-14.0.0.r302.gd7f3c5201-1  mingw-w64-x86_64-icu-78.3-4  mingw-w64-x86_64-isl-0.28-1  mingw-w64-x86_64-jsoncpp-1.9.8-1  mingw-w64-x86_64-libarchive-3.8.9-5  mingw-w64-x86_64-libb2-0.98.1-3  mingw-w64-x86_64-libffi-3.8.0-1  mingw-w64-x86_64-libiconv-1.19-1  mingw-w64-x86_64-libidn2-2.3.8-4  mingw-w64-x86_64-libpsl-0.21.5-3  mingw-w64-x86_64-libssh2-1.11.1-2  mingw-w64-x86_64-libtasn1-4.21.0-1  mingw-w64-x86_64-libunistring-1.4.2-1  mingw-w64-x86_64-libuv-1.52.1-1  mingw-w64-x86_64-libwinpthread-14.0.0.r302.gd7f3c5201-1  mingw-w64-x86_64-lz4-1.10.0-1  mingw-w64-x86_64-mpc-1.4.1-1  mingw-w64-x86_64-mpfr-4.2.2-3  mingw-w64-x86_64-nettle-4.0-1  mingw-w64-x86_64-nghttp2-1.70.0-1  mingw-w64-x86_64-nghttp3-1.18.0-1  mingw-w64-x86_64-ngtcp2-1.25.0-1  mingw-w64-x86_64-ninja-1.13.2-1  mingw-w64-x86_64-openssl-3.6.4-1  mingw-w64-x86_64-p11-kit-0.26.5-1  mingw-w64-x86_64-pcre2-10.47-1  mingw-w64-x86_64-pkgconf-1~3.0.5-1  mingw-w64-x86_64-rhash-1.4.6-1  mingw-w64-x86_64-tzdata-2026c-1  mingw-w64-x86_64-windows-default-manifest-20260815-1  mingw-w64-x86_64-wineditline-2.208-1  mingw-w64-x86_64-winpthreads-14.0.0.r302.gd7f3c5201-1  mingw-w64-x86_64-xz-5.8.3-1  mingw-w64-x86_64-zlib-1.3.2-2  mingw-w64-x86_64-zstd-1.5.7-2  openssh-10.5p1-2  perl-Authen-SASL-2.2000-1  perl-Clone-0.50-2  perl-Convert-BinHex-1.125-2  perl-Encode-Locale-1.05-2  perl-Error-0.17030-1  perl-File-Listing-6.16-1  perl-HTML-Parser-3.85-1  perl-HTML-Tagset-3.24-1  perl-HTTP-Cookies-6.12-1  perl-HTTP-Daemon-6.17-1  perl-HTTP-Date-6.08-1  perl-HTTP-Message-7.04-1  perl-HTTP-Negotiate-6.01-3  perl-IO-HTML-1.004-2  perl-IO-Socket-SSL-2.099-1  perl-IO-Stringy-2.113-3  perl-LWP-MediaTypes-6.04-2  perl-MIME-tools-5.517-1  perl-MailTools-2.22-1  perl-Net-HTTP-6.24-1  perl-Net-SMTP-SSL-1.04-2  perl-Net-SSLeay-1.96-1  perl-TermReadKey-2.38-8  perl-TimeDate-2.35-1  perl-Try-Tiny-0.32-1  perl-URI-5.36-1  perl-WWW-RobotRules-6.03-1  perl-http-cookiejar-0.014-1  perl-libwww-6.83-2  git-2.55.0-1  make-4.4.1-3  mingw-w64-x86_64-boost-1.91.0-3  mingw-w64-x86_64-cmake-4.4.2-2  mingw-w64-x86_64-gcc-16.2.0-3
2026-09-01T22:25:11.1839726Z 
2026-09-01T22:25:11.1839821Z Total Download Size:    154.18 MiB
2026-09-01T22:25:11.1840075Z Total Installed Size:  1023.08 MiB
2026-09-01T22:25:11.1840237Z 
2026-09-01T22:25:11.1840406Z :: Proceed with installation? [Y/n] 
2026-09-01T22:25:11.1840821Z :: Retrieving packages...
2026-09-01T22:25:24.6151384Z  mingw-w64-x86_64-gcc-16.2.0-3-any downloading...
2026-09-01T22:25:24.6151952Z  mingw-w64-x86_64-icu-78.3-4-any downloading...
2026-09-01T22:25:24.6152446Z  mingw-w64-x86_64-boost-1.91.0-3-any downloading...
2026-09-01T22:25:24.6152913Z  mingw-w64-x86_64-cmake-4.4.2-2-any downloading...
2026-09-01T22:25:24.6153236Z  mingw-w64-x86_64-openssl-3.6.4-1-any downloading...
2026-09-01T22:25:24.6153534Z  git-2.55.0-1-x86_64 downloading...
2026-09-01T22:25:24.6153883Z  mingw-w64-x86_64-headers-14.0.0.r302.gd7f3c5201-1-any downloading...
2026-09-01T22:25:24.6154267Z  mingw-w64-x86_64-binutils-2.47-3-any downloading...
2026-09-01T22:25:24.6154627Z  mingw-w64-x86_64-crt-14.0.0.r302.gd7f3c5201-1-any downloading...
2026-09-01T22:25:24.6154990Z  mingw-w64-x86_64-boost-libs-1.91.0-3-any downloading...
2026-09-01T22:25:24.6155317Z  mingw-w64-x86_64-gnutls-3.8.13-3-any downloading...
2026-09-01T22:25:24.6155637Z  mingw-w64-x86_64-libarchive-3.8.9-5-any downloading...
2026-09-01T22:25:24.6155950Z  mingw-w64-x86_64-curl-8.21.0-2-any downloading...
2026-09-01T22:25:24.6156260Z  mingw-w64-x86_64-isl-0.28-1-any downloading...
2026-09-01T22:25:24.6156557Z  mingw-w64-x86_64-pcre2-10.47-1-any downloading...
2026-09-01T22:25:24.6156837Z  openssh-10.5p1-2-x86_64 downloading...
2026-09-01T22:25:24.6157127Z  mingw-w64-x86_64-gcc-libs-16.2.0-3-any downloading...
2026-09-01T22:25:24.6157463Z  mingw-w64-x86_64-libunistring-1.4.2-1-any downloading...
2026-09-01T22:25:24.6157778Z  heimdal-libs-7.8.0-5-x86_64 downloading...
2026-09-01T22:25:24.6158082Z  mingw-w64-x86_64-libiconv-1.19-1-any downloading...
2026-09-01T22:25:24.6158385Z  mingw-w64-x86_64-zstd-1.5.7-2-any downloading...
2026-09-01T22:25:24.6158802Z  mingw-w64-x86_64-p11-kit-0.26.5-1-any downloading...
2026-09-01T22:25:24.6159200Z  mingw-w64-x86_64-gmp-6.3.0-2-any downloading...
2026-09-01T22:25:24.6159510Z  mingw-w64-x86_64-nettle-4.0-1-any downloading...
2026-09-01T22:25:24.6159795Z  heimdal-7.8.0-5-x86_64 downloading...
2026-09-01T22:25:24.6160063Z  mingw-w64-x86_64-mpfr-4.2.2-3-any downloading...
2026-09-01T22:25:24.6160682Z  mingw-w64-x86_64-cppdap-1.65.r11.g6464cd7-1-any downloading...
2026-09-01T22:25:24.6161194Z  make-4.4.1-3-x86_64 downloading...
2026-09-01T22:25:24.6161452Z  mingw-w64-x86_64-xz-5.8.3-1-any downloading...
2026-09-01T22:25:24.6161748Z  mingw-w64-x86_64-brotli-1.2.0-1-any downloading...
2026-09-01T22:25:24.6162083Z  mingw-w64-x86_64-gettext-runtime-1.0-1-any downloading...
2026-09-01T22:25:24.6162603Z  mingw-w64-x86_64-ca-certificates-20260816-1-any downloading...
2026-09-01T22:25:24.6162957Z  mingw-w64-x86_64-c-ares-1.34.8-1-any downloading...
2026-09-01T22:25:24.6163272Z  mingw-w64-x86_64-libssh2-1.11.1-2-any downloading...
2026-09-01T22:25:24.6163573Z  mingw-w64-x86_64-ngtcp2-1.25.0-1-any downloading...
2026-09-01T22:25:24.6163870Z  mingw-w64-x86_64-rhash-1.4.6-1-any downloading...
2026-09-01T22:25:24.6164171Z  perl-Net-SSLeay-1.96-1-x86_64 downloading...
2026-09-01T22:25:24.6164471Z  mingw-w64-x86_64-tzdata-2026c-1-any downloading...
2026-09-01T22:25:24.6164813Z  mingw-w64-x86_64-libuv-1.52.1-1-any downloading...
2026-09-01T22:25:24.6165297Z  mingw-w64-x86_64-jsoncpp-1.9.8-1-any downloading...
2026-09-01T22:25:24.6165771Z  mingw-w64-x86_64-nghttp2-1.70.0-1-any downloading...
2026-09-01T22:25:24.6166277Z  mingw-w64-x86_64-libtasn1-4.21.0-1-any downloading...
2026-09-01T22:25:24.6166764Z  mingw-w64-x86_64-expat-2.8.3-1-any downloading...
2026-09-01T22:25:24.6167263Z  mingw-w64-x86_64-ninja-1.13.2-1-any downloading...
2026-09-01T22:25:24.6167711Z  perl-MIME-tools-5.517-1-any downloading...
2026-09-01T22:25:24.6168145Z  mingw-w64-x86_64-libidn2-2.3.8-4-any downloading...
2026-09-01T22:25:24.6168583Z  mingw-w64-x86_64-lz4-1.10.0-1-any downloading...
2026-09-01T22:25:24.6169000Z  perl-IO-Socket-SSL-2.099-1-any downloading...
2026-09-01T22:25:24.6169470Z  mingw-w64-x86_64-pkgconf-1~3.0.5-1-any downloading...
2026-09-01T22:25:24.6170008Z  mingw-w64-x86_64-nghttp3-1.18.0-1-any downloading...
2026-09-01T22:25:24.6170494Z  mingw-w64-x86_64-mpc-1.4.1-1-any downloading...
2026-09-01T22:25:24.6170945Z  perl-libwww-6.83-2-any downloading...
2026-09-01T22:25:24.6171400Z  mingw-w64-x86_64-zlib-1.3.2-2-any downloading...
2026-09-01T22:25:24.6171862Z  perl-URI-5.36-1-any downloading...
2026-09-01T22:25:24.6172313Z  mingw-w64-x86_64-libpsl-0.21.5-3-any downloading...
2026-09-01T22:25:24.6172776Z  mingw-w64-x86_64-bzip2-1.0.8-4-any downloading...
2026-09-01T22:25:24.6173236Z  libedit-20240808_3.1-1-x86_64 downloading...
2026-09-01T22:25:24.6173650Z  libfido2-1.17.0-1-x86_64 downloading...
2026-09-01T22:25:24.6174072Z  perl-HTML-Parser-3.85-1-x86_64 downloading...
2026-09-01T22:25:24.6174561Z  perl-HTTP-Message-7.04-1-any downloading...
2026-09-01T22:25:24.6175019Z  perl-TimeDate-2.35-1-any downloading...
2026-09-01T22:25:24.6175511Z  mingw-w64-x86_64-wineditline-2.208-1-any downloading...
2026-09-01T22:25:24.6175999Z  perl-MailTools-2.22-1-any downloading...
2026-09-01T22:25:24.6176451Z  mingw-w64-x86_64-libffi-3.8.0-1-any downloading...
2026-09-01T22:25:24.6176881Z  perl-IO-Stringy-2.113-3-any downloading...
2026-09-01T22:25:24.6177503Z  mingw-w64-x86_64-winpthreads-14.0.0.r302.gd7f3c5201-1-any downloading...
2026-09-01T22:25:24.6177969Z  perl-Authen-SASL-2.2000-1-any downloading...
2026-09-01T22:25:24.6178348Z  mingw-w64-x86_64-libwinpthread-14.0.0.r302.gd7f3c5201-1-any downloading...
2026-09-01T22:25:24.6178881Z  perl-Convert-BinHex-1.125-2-any downloading...
2026-09-01T22:25:24.6179360Z  mingw-w64-x86_64-libb2-0.98.1-3-any downloading...
2026-09-01T22:25:24.6179804Z  libcbor-0.14.0-2-x86_64 downloading...
2026-09-01T22:25:24.6180221Z  perl-HTTP-Cookies-6.12-1-any downloading...
2026-09-01T22:25:24.6180597Z  perl-Net-HTTP-6.24-1-any downloading...
2026-09-01T22:25:24.6180856Z  perl-Error-0.17030-1-any downloading...
2026-09-01T22:25:24.6181324Z  perl-TermReadKey-2.38-8-x86_64 downloading...
2026-09-01T22:25:24.6181624Z  perl-HTTP-Daemon-6.17-1-any downloading...
2026-09-01T22:25:24.6181913Z  perl-LWP-MediaTypes-6.04-2-any downloading...
2026-09-01T22:25:24.6182188Z  perl-Try-Tiny-0.32-1-any downloading...
2026-09-01T22:25:24.6182603Z  perl-Clone-0.50-2-x86_64 downloading...
2026-09-01T22:25:24.6182855Z  perl-IO-HTML-1.004-2-any downloading...
2026-09-01T22:25:24.6183436Z  perl-WWW-RobotRules-6.03-1-any downloading...
2026-09-01T22:25:24.6183920Z  perl-http-cookiejar-0.014-1-any downloading...
2026-09-01T22:25:24.6184392Z  perl-HTTP-Negotiate-6.01-3-any downloading...
2026-09-01T22:25:24.6185951Z  perl-Encode-Locale-1.05-2-any downloading...
2026-09-01T22:25:24.6186278Z  perl-HTML-Tagset-3.24-1-any downloading...
2026-09-01T22:25:24.6186580Z  perl-File-Listing-6.16-1-any downloading...
2026-09-01T22:25:24.6186862Z  perl-HTTP-Date-6.08-1-any downloading...
2026-09-01T22:25:24.6187141Z  perl-Net-SMTP-SSL-1.04-2-any downloading...
2026-09-01T22:25:24.6187511Z  mingw-w64-x86_64-windows-default-manifest-20260815-1-any downloading...
2026-09-01T22:25:24.6187872Z checking keyring...
2026-09-01T22:25:24.6838984Z checking package integrity...
2026-09-01T22:25:38.7188673Z loading package files...
2026-09-01T22:25:39.0752099Z checking for file conflicts...
2026-09-01T22:25:41.3506653Z :: Processing package changes...
2026-09-01T22:25:41.3507831Z installing libedit...
2026-09-01T22:25:41.3805637Z installing heimdal-libs...
2026-09-01T22:25:41.3982425Z installing heimdal...
2026-09-01T22:25:41.9628152Z installing libcbor...
2026-09-01T22:25:41.9656091Z installing libfido2...
2026-09-01T22:25:41.9689930Z installing openssh...
2026-09-01T22:25:42.0053420Z installing perl-Error...
2026-09-01T22:25:42.0125256Z installing perl-Authen-SASL...
2026-09-01T22:25:42.0329122Z installing perl-Encode-Locale...
2026-09-01T22:25:42.0382515Z installing perl-HTTP-Date...
2026-09-01T22:25:42.0435517Z installing perl-File-Listing...
2026-09-01T22:25:42.0493792Z installing perl-HTML-Tagset...
2026-09-01T22:25:42.0550913Z installing perl-Clone...
2026-09-01T22:25:42.0598567Z installing perl-IO-HTML...
2026-09-01T22:25:42.0654024Z installing perl-LWP-MediaTypes...
2026-09-01T22:25:42.0716627Z installing perl-URI...
2026-09-01T22:25:42.1304125Z installing perl-HTTP-Message...
2026-09-01T22:25:42.1474710Z installing perl-HTML-Parser...
2026-09-01T22:25:42.1612668Z installing perl-HTTP-Cookies...
2026-09-01T22:25:42.1688059Z installing perl-HTTP-Daemon...
2026-09-01T22:25:42.1731513Z installing perl-http-cookiejar...
2026-09-01T22:25:42.1794352Z installing perl-HTTP-Negotiate...
2026-09-01T22:25:42.1837624Z installing perl-Net-HTTP...
2026-09-01T22:25:42.1934703Z installing perl-WWW-RobotRules...
2026-09-01T22:25:42.2018879Z installing perl-Try-Tiny...
2026-09-01T22:25:42.2112506Z installing perl-libwww...
2026-09-01T22:25:42.2427000Z Optional dependencies for perl-libwww
2026-09-01T22:25:42.2427635Z     perl-LWP-Protocol-https: for https:// url schemes
2026-09-01T22:25:42.2428165Z installing perl-TimeDate...
2026-09-01T22:25:42.3014421Z installing perl-MailTools...
2026-09-01T22:25:42.3265593Z installing perl-IO-Stringy...
2026-09-01T22:25:42.3390902Z installing perl-Convert-BinHex...
2026-09-01T22:25:42.4784271Z module test... pass.
2026-09-01T22:25:42.4791494Z installing perl-MIME-tools...
2026-09-01T22:25:42.5144592Z installing perl-Net-SSLeay...
2026-09-01T22:25:42.5812157Z installing perl-IO-Socket-SSL...
2026-09-01T22:25:42.5929787Z installing perl-Net-SMTP-SSL...
2026-09-01T22:25:42.5971274Z installing perl-TermReadKey...
2026-09-01T22:25:42.6044537Z installing git...
2026-09-01T22:25:43.0944528Z Optional dependencies for git
2026-09-01T22:25:43.0945016Z     python: various helper scripts
2026-09-01T22:25:43.0945425Z     subversion: git svn
2026-09-01T22:25:43.0945802Z     aspell: spell checking in git gui
2026-09-01T22:25:43.0946206Z installing make...
2026-09-01T22:25:43.1244913Z installing mingw-w64-x86_64-libwinpthread...
2026-09-01T22:25:43.1287683Z installing mingw-w64-x86_64-tzdata...
2026-09-01T22:25:44.5866750Z installing mingw-w64-x86_64-gcc-libs...
2026-09-01T22:25:44.6031310Z installing mingw-w64-x86_64-bzip2...
2026-09-01T22:25:44.6202787Z installing mingw-w64-x86_64-icu...
2026-09-01T22:25:44.9678997Z installing mingw-w64-x86_64-libiconv...
2026-09-01T22:25:44.9895571Z installing mingw-w64-x86_64-gettext-runtime...
2026-09-01T22:25:45.1017835Z installing mingw-w64-x86_64-xz...
2026-09-01T22:25:45.2274459Z installing mingw-w64-x86_64-zstd...
2026-09-01T22:25:45.2466599Z installing mingw-w64-x86_64-zlib...
2026-09-01T22:25:45.2552905Z installing mingw-w64-x86_64-boost-libs...
2026-09-01T22:25:45.3014524Z installing mingw-w64-x86_64-boost...
2026-09-01T22:25:57.7899818Z Optional dependencies for mingw-w64-x86_64-boost
2026-09-01T22:25:57.7900401Z     mingw-w64-x86_64-python: For Boost.Python
2026-09-01T22:25:57.7900938Z     mingw-w64-x86_64-python-numpy: For Boost.Python (NumPy)
2026-09-01T22:25:57.7901464Z installing mingw-w64-x86_64-cppdap...
2026-09-01T22:25:57.8134578Z installing mingw-w64-x86_64-c-ares...
2026-09-01T22:25:57.9140063Z installing mingw-w64-x86_64-brotli...
2026-09-01T22:25:57.9340945Z installing mingw-w64-x86_64-libunistring...
2026-09-01T22:25:57.9781387Z installing mingw-w64-x86_64-libidn2...
2026-09-01T22:25:58.0035418Z installing mingw-w64-x86_64-libpsl...
2026-09-01T22:25:58.0118573Z installing mingw-w64-x86_64-libtasn1...
2026-09-01T22:25:58.0472605Z installing mingw-w64-x86_64-libffi...
2026-09-01T22:25:58.0566362Z installing mingw-w64-x86_64-p11-kit...
2026-09-01T22:25:58.1851545Z installing mingw-w64-x86_64-ca-certificates...
2026-09-01T22:25:58.7824792Z installing mingw-w64-x86_64-openssl...
2026-09-01T22:26:03.7697355Z Optional dependencies for mingw-w64-x86_64-openssl
2026-09-01T22:26:03.7697762Z     mingw-w64-x86_64-ca-certificates [installed]
2026-09-01T22:26:03.7698068Z installing mingw-w64-x86_64-libssh2...
2026-09-01T22:26:03.8862604Z installing mingw-w64-x86_64-nghttp2...
2026-09-01T22:26:03.9009933Z installing mingw-w64-x86_64-gmp...
2026-09-01T22:26:03.9151713Z installing mingw-w64-x86_64-nettle...
2026-09-01T22:26:03.9654008Z installing mingw-w64-x86_64-gnutls...
2026-09-01T22:26:04.5115850Z ##[error]The operation was canceled.
2026-09-01T22:26:04.5264764Z Cleaning up orphan processes
2026-09-01T22:26:04.5799438Z Terminate orphan process: pid (7472) (bash)
