linux-python	Set up job	﻿2026-09-06T07:08:00.3299104Z Current runner version: '2.337.0'
linux-python	Set up job	2026-09-06T07:08:00.3321691Z ##[group]Runner Image Provisioner
linux-python	Set up job	2026-09-06T07:08:00.3322604Z Hosted Compute Agent
linux-python	Set up job	2026-09-06T07:08:00.3323236Z Version: 20260828.587
linux-python	Set up job	2026-09-06T07:08:00.3323857Z Commit: abac92662cab4cc7352de4f9f9d2e2419aad9c29
linux-python	Set up job	2026-09-06T07:08:00.3324550Z Build Date: 2026-08-28T16:44:25Z
linux-python	Set up job	2026-09-06T07:08:00.3325279Z Worker ID: {189b52a5-b83d-4654-9c9f-f3e1a1f8cf16}
linux-python	Set up job	2026-09-06T07:08:00.3325971Z Azure Region: westus3
linux-python	Set up job	2026-09-06T07:08:00.3326536Z ##[endgroup]
linux-python	Set up job	2026-09-06T07:08:00.3327792Z ##[group]Operating System
linux-python	Set up job	2026-09-06T07:08:00.3328398Z Ubuntu
linux-python	Set up job	2026-09-06T07:08:00.3328985Z 24.04.4
linux-python	Set up job	2026-09-06T07:08:00.3329489Z LTS
linux-python	Set up job	2026-09-06T07:08:00.3330004Z ##[endgroup]
linux-python	Set up job	2026-09-06T07:08:00.3330855Z ##[group]Runner Image
linux-python	Set up job	2026-09-06T07:08:00.3331473Z Image: ubuntu-24.04
linux-python	Set up job	2026-09-06T07:08:00.3332068Z Version: 20260831.293.1
linux-python	Set up job	2026-09-06T07:08:00.3333089Z Included Software: https://github.com/actions/runner-images/blob/ubuntu24/20260831.293/images/ubuntu/Ubuntu2404-Readme.md
linux-python	Set up job	2026-09-06T07:08:00.3334743Z Image Release: https://github.com/actions/runner-images/releases/tag/ubuntu24%2F20260831.293
linux-python	Set up job	2026-09-06T07:08:00.3335661Z ##[endgroup]
linux-python	Set up job	2026-09-06T07:08:00.3336845Z ##[group]GITHUB_TOKEN Permissions
linux-python	Set up job	2026-09-06T07:08:00.3339059Z Contents: read
linux-python	Set up job	2026-09-06T07:08:00.3339663Z Metadata: read
linux-python	Set up job	2026-09-06T07:08:00.3340199Z ##[endgroup]
linux-python	Set up job	2026-09-06T07:08:00.3342618Z Secret source: Actions
linux-python	Set up job	2026-09-06T07:08:00.3343773Z Prepare workflow directory
linux-python	Set up job	2026-09-06T07:08:00.3698043Z Prepare all required actions
linux-python	Set up job	2026-09-06T07:08:00.3766106Z Getting action download info
linux-python	Set up job	2026-09-06T07:08:00.6622647Z Download action repository 'actions/checkout@11d5960a326750d5838078e36cf38b85af677262' (SHA:11d5960a326750d5838078e36cf38b85af677262)
linux-python	Set up job	2026-09-06T07:08:00.7605348Z Download action repository 'actions/setup-python@a26af69be951a213d495a4c3e4e4022e16d87065' (SHA:a26af69be951a213d495a4c3e4e4022e16d87065)
linux-python	Set up job	2026-09-06T07:08:00.9414089Z Complete job name: linux-python
linux-python	Check out exact tested source	﻿2026-09-06T07:08:01.0059382Z Node 20 is being deprecated. This workflow is running with Node 24 by default. If you need to temporarily use Node 20, you can set the ACTIONS_ALLOW_USE_UNSECURE_NODE_VERSION=true environment variable. For more information see: https://github.blog/changelog/2025-09-19-deprecation-of-node-20-on-github-actions-runners/
linux-python	Check out exact tested source	2026-09-06T07:08:01.0068064Z ##[group]Run actions/checkout@11d5960a326750d5838078e36cf38b85af677262
linux-python	Check out exact tested source	2026-09-06T07:08:01.0068979Z with:
linux-python	Check out exact tested source	2026-09-06T07:08:01.0069595Z   ref: 0e3b82bdf71a49f21b497f4ad27a69792e18159a
linux-python	Check out exact tested source	2026-09-06T07:08:01.0070444Z   persist-credentials: false
linux-python	Check out exact tested source	2026-09-06T07:08:01.0071072Z   fetch-depth: 1
linux-python	Check out exact tested source	2026-09-06T07:08:01.0071645Z   repository: leemaple/20231788.
linux-python	Check out exact tested source	2026-09-06T07:08:01.0075380Z   token: ***
linux-python	Check out exact tested source	2026-09-06T07:08:01.0075923Z   ssh-strict: true
linux-python	Check out exact tested source	2026-09-06T07:08:01.0076431Z   ssh-user: git
linux-python	Check out exact tested source	2026-09-06T07:08:01.0076930Z   clean: true
linux-python	Check out exact tested source	2026-09-06T07:08:01.0077493Z   sparse-checkout-cone-mode: true
linux-python	Check out exact tested source	2026-09-06T07:08:01.0078085Z   fetch-tags: false
linux-python	Check out exact tested source	2026-09-06T07:08:01.0078618Z   show-progress: true
linux-python	Check out exact tested source	2026-09-06T07:08:01.0079261Z   lfs: false
linux-python	Check out exact tested source	2026-09-06T07:08:01.0079778Z   submodules: false
linux-python	Check out exact tested source	2026-09-06T07:08:01.0080489Z   set-safe-directory: true
linux-python	Check out exact tested source	2026-09-06T07:08:01.0081094Z   allow-unsafe-pr-checkout: false
linux-python	Check out exact tested source	2026-09-06T07:08:01.0081870Z env:
linux-python	Check out exact tested source	2026-09-06T07:08:01.0082406Z   RUN_ENDPOINT_NEGATIVE_GATE: 1
linux-python	Check out exact tested source	2026-09-06T07:08:01.0083034Z   PYTHONDONTWRITEBYTECODE: 1
linux-python	Check out exact tested source	2026-09-06T07:08:01.0083608Z   ENDPOINT_TEST_HOST: linux
linux-python	Check out exact tested source	2026-09-06T07:08:01.0084137Z ##[endgroup]
linux-python	Check out exact tested source	2026-09-06T07:08:01.1056414Z Syncing repository: leemaple/20231788.
linux-python	Check out exact tested source	2026-09-06T07:08:01.1059197Z ##[group]Getting Git version info
linux-python	Check out exact tested source	2026-09-06T07:08:01.1060522Z Working directory is '/home/runner/work/20231788./20231788.'
linux-python	Check out exact tested source	2026-09-06T07:08:01.1062373Z [command]/usr/bin/git version
linux-python	Check out exact tested source	2026-09-06T07:08:01.1101130Z git version 2.55.0
linux-python	Check out exact tested source	2026-09-06T07:08:01.1121540Z ##[endgroup]
linux-python	Check out exact tested source	2026-09-06T07:08:01.1137826Z Temporarily overriding HOME='/home/runner/work/_temp/f5b66f4b-1a0e-43af-bae1-b5704194af69' before making global git config changes
linux-python	Check out exact tested source	2026-09-06T07:08:01.1140472Z Adding repository directory to the temporary git global config as a safe directory
linux-python	Check out exact tested source	2026-09-06T07:08:01.1153106Z [command]/usr/bin/git config --global --add safe.directory /home/runner/work/20231788./20231788.
linux-python	Check out exact tested source	2026-09-06T07:08:01.1206132Z Deleting the contents of '/home/runner/work/20231788./20231788.'
linux-python	Check out exact tested source	2026-09-06T07:08:01.1219200Z ##[group]Initializing the repository
linux-python	Check out exact tested source	2026-09-06T07:08:01.1220880Z [command]/usr/bin/git init /home/runner/work/20231788./20231788.
linux-python	Check out exact tested source	2026-09-06T07:08:01.1318064Z hint: Using 'master' as the name for the initial branch. This default branch name
linux-python	Check out exact tested source	2026-09-06T07:08:01.1319927Z hint: will change to "main" in Git 3.0. To configure the initial branch name
linux-python	Check out exact tested source	2026-09-06T07:08:01.1322208Z hint: to use in all of your new repositories, which will suppress this warning,
linux-python	Check out exact tested source	2026-09-06T07:08:01.1323624Z hint: call:
linux-python	Check out exact tested source	2026-09-06T07:08:01.1324621Z hint:
linux-python	Check out exact tested source	2026-09-06T07:08:01.1325610Z hint: 	git config --global init.defaultBranch <name>
linux-python	Check out exact tested source	2026-09-06T07:08:01.1326805Z hint:
linux-python	Check out exact tested source	2026-09-06T07:08:01.1327842Z hint: Names commonly chosen instead of 'master' are 'main', 'trunk' and
linux-python	Check out exact tested source	2026-09-06T07:08:01.1329431Z hint: 'development'. The just-created branch can be renamed via this command:
linux-python	Check out exact tested source	2026-09-06T07:08:01.1330942Z hint:
linux-python	Check out exact tested source	2026-09-06T07:08:01.1331773Z hint: 	git branch -m <name>
linux-python	Check out exact tested source	2026-09-06T07:08:01.1332775Z hint:
linux-python	Check out exact tested source	2026-09-06T07:08:01.1334013Z hint: Disable this message with "git config set advice.defaultBranchName false"
linux-python	Check out exact tested source	2026-09-06T07:08:01.1335930Z Initialized empty Git repository in /home/runner/work/20231788./20231788./.git/
linux-python	Check out exact tested source	2026-09-06T07:08:01.1338625Z [command]/usr/bin/git remote add origin https://github.com/leemaple/20231788.
linux-python	Check out exact tested source	2026-09-06T07:08:01.1372454Z ##[endgroup]
linux-python	Check out exact tested source	2026-09-06T07:08:01.1373764Z ##[group]Disabling automatic garbage collection
linux-python	Check out exact tested source	2026-09-06T07:08:01.1375375Z [command]/usr/bin/git config --local gc.auto 0
linux-python	Check out exact tested source	2026-09-06T07:08:01.1402707Z ##[endgroup]
linux-python	Check out exact tested source	2026-09-06T07:08:01.1404162Z ##[group]Setting up auth
linux-python	Check out exact tested source	2026-09-06T07:08:01.1411981Z [command]/usr/bin/git config --local --name-only --get-regexp core\.sshCommand
linux-python	Check out exact tested source	2026-09-06T07:08:01.1437116Z [command]/usr/bin/git submodule foreach --recursive sh -c "git config --local --name-only --get-regexp 'core\.sshCommand' && git config --local --unset-all 'core.sshCommand' || :"
linux-python	Check out exact tested source	2026-09-06T07:08:01.1763225Z [command]/usr/bin/git config --local --name-only --get-regexp http\.https\:\/\/github\.com\/\.extraheader
linux-python	Check out exact tested source	2026-09-06T07:08:01.1791853Z [command]/usr/bin/git submodule foreach --recursive sh -c "git config --local --name-only --get-regexp 'http\.https\:\/\/github\.com\/\.extraheader' && git config --local --unset-all 'http.https://github.com/.extraheader' || :"
linux-python	Check out exact tested source	2026-09-06T07:08:01.1989653Z [command]/usr/bin/git config --local --name-only --get-regexp ^includeIf\.gitdir:
linux-python	Check out exact tested source	2026-09-06T07:08:01.2019435Z [command]/usr/bin/git submodule foreach --recursive git config --local --show-origin --name-only --get-regexp remote.origin.url
linux-python	Check out exact tested source	2026-09-06T07:08:01.2200911Z [command]/usr/bin/git config --local http.https://github.com/.extraheader AUTHORIZATION: basic ***
linux-python	Check out exact tested source	2026-09-06T07:08:01.2231109Z ##[endgroup]
linux-python	Check out exact tested source	2026-09-06T07:08:01.2232219Z ##[group]Fetching the repository
linux-python	Check out exact tested source	2026-09-06T07:08:01.2242050Z [command]/usr/bin/git -c protocol.version=2 fetch --no-tags --prune --no-recurse-submodules --depth=1 origin 0e3b82bdf71a49f21b497f4ad27a69792e18159a
linux-python	Check out exact tested source	2026-09-06T07:08:03.6706607Z From https://github.com/leemaple/20231788.
linux-python	Check out exact tested source	2026-09-06T07:08:03.6709021Z  * branch            0e3b82bdf71a49f21b497f4ad27a69792e18159a -> FETCH_HEAD
linux-python	Check out exact tested source	2026-09-06T07:08:03.6715196Z ##[endgroup]
linux-python	Check out exact tested source	2026-09-06T07:08:03.6717715Z ##[group]Determining the checkout info
linux-python	Check out exact tested source	2026-09-06T07:08:03.6720480Z ##[endgroup]
linux-python	Check out exact tested source	2026-09-06T07:08:03.6722400Z [command]/usr/bin/git sparse-checkout disable
linux-python	Check out exact tested source	2026-09-06T07:08:03.6762321Z [command]/usr/bin/git config --local --unset-all extensions.worktreeConfig
linux-python	Check out exact tested source	2026-09-06T07:08:03.6789212Z ##[group]Checking out the ref
linux-python	Check out exact tested source	2026-09-06T07:08:03.6792203Z [command]/usr/bin/git checkout --progress --force 0e3b82bdf71a49f21b497f4ad27a69792e18159a
linux-python	Check out exact tested source	2026-09-06T07:08:03.8866745Z Note: switching to '0e3b82bdf71a49f21b497f4ad27a69792e18159a'.
linux-python	Check out exact tested source	2026-09-06T07:08:03.8868568Z 
linux-python	Check out exact tested source	2026-09-06T07:08:03.8869795Z You are in 'detached HEAD' state. You can look around, make experimental
linux-python	Check out exact tested source	2026-09-06T07:08:03.8872188Z changes and commit them, and you can discard any commits you make in this
linux-python	Check out exact tested source	2026-09-06T07:08:03.8874301Z state without impacting any branches by switching back to a branch.
linux-python	Check out exact tested source	2026-09-06T07:08:03.8875283Z 
linux-python	Check out exact tested source	2026-09-06T07:08:03.8875982Z If you want to create a new branch to retain commits you create, you may
linux-python	Check out exact tested source	2026-09-06T07:08:03.8877521Z do so (now or later) by using -c with the switch command. Example:
linux-python	Check out exact tested source	2026-09-06T07:08:03.8878247Z 
linux-python	Check out exact tested source	2026-09-06T07:08:03.8878838Z   git switch -c <new-branch-name>
linux-python	Check out exact tested source	2026-09-06T07:08:03.8879410Z 
linux-python	Check out exact tested source	2026-09-06T07:08:03.8879883Z Or undo this operation with:
linux-python	Check out exact tested source	2026-09-06T07:08:03.8880656Z 
linux-python	Check out exact tested source	2026-09-06T07:08:03.8881048Z   git switch -
linux-python	Check out exact tested source	2026-09-06T07:08:03.8881727Z 
linux-python	Check out exact tested source	2026-09-06T07:08:03.8882267Z Turn off this advice by setting config variable advice.detachedHead to false
linux-python	Check out exact tested source	2026-09-06T07:08:03.8882856Z 
linux-python	Check out exact tested source	2026-09-06T07:08:03.8883328Z HEAD is now at 0e3b82b test: gate endpoint rejection and real CTest timeout transport
linux-python	Check out exact tested source	2026-09-06T07:08:03.8886666Z ##[endgroup]
linux-python	Check out exact tested source	2026-09-06T07:08:03.8932633Z [command]/usr/bin/git log -1 --format=%H
linux-python	Check out exact tested source	2026-09-06T07:08:03.8956500Z 0e3b82bdf71a49f21b497f4ad27a69792e18159a
linux-python	Check out exact tested source	2026-09-06T07:08:03.8965996Z ##[group]Removing auth
linux-python	Check out exact tested source	2026-09-06T07:08:03.8970410Z [command]/usr/bin/git config --local --name-only --get-regexp core\.sshCommand
linux-python	Check out exact tested source	2026-09-06T07:08:03.8996942Z [command]/usr/bin/git submodule foreach --recursive sh -c "git config --local --name-only --get-regexp 'core\.sshCommand' && git config --local --unset-all 'core.sshCommand' || :"
linux-python	Check out exact tested source	2026-09-06T07:08:03.9174938Z [command]/usr/bin/git config --local --name-only --get-regexp http\.https\:\/\/github\.com\/\.extraheader
linux-python	Check out exact tested source	2026-09-06T07:08:03.9197054Z http.https://github.com/.extraheader
linux-python	Check out exact tested source	2026-09-06T07:08:03.9202116Z [command]/usr/bin/git config --local --unset-all http.https://github.com/.extraheader
linux-python	Check out exact tested source	2026-09-06T07:08:03.9226873Z [command]/usr/bin/git submodule foreach --recursive sh -c "git config --local --name-only --get-regexp 'http\.https\:\/\/github\.com\/\.extraheader' && git config --local --unset-all 'http.https://github.com/.extraheader' || :"
linux-python	Check out exact tested source	2026-09-06T07:08:03.9398903Z [command]/usr/bin/git config --local --name-only --get-regexp ^includeIf\.gitdir:
linux-python	Check out exact tested source	2026-09-06T07:08:03.9419997Z [command]/usr/bin/git submodule foreach --recursive git config --local --show-origin --name-only --get-regexp remote.origin.url
linux-python	Check out exact tested source	2026-09-06T07:08:03.9591260Z ##[endgroup]
linux-python	Set up native Python 3.12	﻿2026-09-06T07:08:03.9820121Z Node 20 is being deprecated. This workflow is running with Node 24 by default. If you need to temporarily use Node 20, you can set the ACTIONS_ALLOW_USE_UNSECURE_NODE_VERSION=true environment variable. For more information see: https://github.blog/changelog/2025-09-19-deprecation-of-node-20-on-github-actions-runners/
linux-python	Set up native Python 3.12	2026-09-06T07:08:03.9822237Z ##[group]Run actions/setup-python@a26af69be951a213d495a4c3e4e4022e16d87065
linux-python	Set up native Python 3.12	2026-09-06T07:08:03.9822805Z with:
linux-python	Set up native Python 3.12	2026-09-06T07:08:03.9823165Z   python-version: 3.12
linux-python	Set up native Python 3.12	2026-09-06T07:08:03.9823571Z   check-latest: false
linux-python	Set up native Python 3.12	2026-09-06T07:08:03.9825997Z   token: ***
linux-python	Set up native Python 3.12	2026-09-06T07:08:03.9826358Z   update-environment: true
linux-python	Set up native Python 3.12	2026-09-06T07:08:03.9826784Z   allow-prereleases: false
linux-python	Set up native Python 3.12	2026-09-06T07:08:03.9827171Z   freethreaded: false
linux-python	Set up native Python 3.12	2026-09-06T07:08:03.9827519Z env:
linux-python	Set up native Python 3.12	2026-09-06T07:08:03.9827883Z   RUN_ENDPOINT_NEGATIVE_GATE: 1
linux-python	Set up native Python 3.12	2026-09-06T07:08:03.9828287Z   PYTHONDONTWRITEBYTECODE: 1
linux-python	Set up native Python 3.12	2026-09-06T07:08:03.9828692Z   ENDPOINT_TEST_HOST: linux
linux-python	Set up native Python 3.12	2026-09-06T07:08:03.9829121Z ##[endgroup]
linux-python	Set up native Python 3.12	2026-09-06T07:08:04.1116908Z ##[group]Installed versions
linux-python	Set up native Python 3.12	2026-09-06T07:08:04.1208220Z (node:2110) [DEP0040] DeprecationWarning: The `punycode` module is deprecated. Please use a userland alternative instead.
linux-python	Set up native Python 3.12	2026-09-06T07:08:04.1209270Z (Use `node --trace-deprecation ...` to show where the warning was created)
linux-python	Set up native Python 3.12	2026-09-06T07:08:04.1210163Z Successfully set up CPython (3.12.14)
linux-python	Set up native Python 3.12	2026-09-06T07:08:04.1211016Z ##[endgroup]
linux-python	Verify exact source and execute three negative finalizer cases	﻿2026-09-06T07:08:04.1367076Z ##[group]Run set -euo pipefail
linux-python	Verify exact source and execute three negative finalizer cases	2026-09-06T07:08:04.1367673Z ^[[36;1mset -euo pipefail^[[0m
linux-python	Verify exact source and execute three negative finalizer cases	2026-09-06T07:08:04.1368284Z ^[[36;1mtest "$(git rev-parse HEAD)" = "$GITHUB_SHA"^[[0m
linux-python	Verify exact source and execute three negative finalizer cases	2026-09-06T07:08:04.1368779Z ^[[36;1mtest -z "$(git status --porcelain)"^[[0m
linux-python	Verify exact source and execute three negative finalizer cases	2026-09-06T07:08:04.1370706Z ^[[36;1mpython -c 'import sys, platform, decimal, json, zlib; sys.exit("Python 3.12 required") if sys.version_info[:2] != (3, 12) else None; print(json.dumps({"python": sys.version, "implementation": platform.python_implementation(), "platform": sys.platform, "decimal": decimal.__version__, "libmpdec": decimal.__libmpdec_version__, "default_decimal_context": str(decimal.getcontext()), "zlib_build": zlib.ZLIB_VERSION, "zlib_runtime": zlib.ZLIB_RUNTIME_VERSION}, sort_keys=True))'^[[0m
linux-python	Verify exact source and execute three negative finalizer cases	2026-09-06T07:08:04.1372674Z ^[[36;1mpython -B tests/hosted_paper_endpoint_finalizer_negative.py^[[0m
linux-python	Verify exact source and execute three negative finalizer cases	2026-09-06T07:08:04.1413973Z shell: /usr/bin/bash --noprofile --norc -e -o pipefail {0}
linux-python	Verify exact source and execute three negative finalizer cases	2026-09-06T07:08:04.1414507Z env:
linux-python	Verify exact source and execute three negative finalizer cases	2026-09-06T07:08:04.1414842Z   RUN_ENDPOINT_NEGATIVE_GATE: 1
linux-python	Verify exact source and execute three negative finalizer cases	2026-09-06T07:08:04.1415465Z   PYTHONDONTWRITEBYTECODE: 1
linux-python	Verify exact source and execute three negative finalizer cases	2026-09-06T07:08:04.1415903Z   ENDPOINT_TEST_HOST: linux
linux-python	Verify exact source and execute three negative finalizer cases	2026-09-06T07:08:04.1416374Z   pythonLocation: /opt/hostedtoolcache/Python/3.12.14/x64
linux-python	Verify exact source and execute three negative finalizer cases	2026-09-06T07:08:04.1416990Z   PKG_CONFIG_PATH: /opt/hostedtoolcache/Python/3.12.14/x64/lib/pkgconfig
linux-python	Verify exact source and execute three negative finalizer cases	2026-09-06T07:08:04.1417579Z   Python_ROOT_DIR: /opt/hostedtoolcache/Python/3.12.14/x64
linux-python	Verify exact source and execute three negative finalizer cases	2026-09-06T07:08:04.1418116Z   Python2_ROOT_DIR: /opt/hostedtoolcache/Python/3.12.14/x64
linux-python	Verify exact source and execute three negative finalizer cases	2026-09-06T07:08:04.1418670Z   Python3_ROOT_DIR: /opt/hostedtoolcache/Python/3.12.14/x64
linux-python	Verify exact source and execute three negative finalizer cases	2026-09-06T07:08:04.1419249Z   LD_LIBRARY_PATH: /opt/hostedtoolcache/Python/3.12.14/x64/lib
linux-python	Verify exact source and execute three negative finalizer cases	2026-09-06T07:08:04.1419738Z ##[endgroup]
linux-python	Verify exact source and execute three negative finalizer cases	2026-09-06T07:08:04.3683044Z {"decimal": "1.70", "default_decimal_context": "Context(prec=28, rounding=ROUND_HALF_EVEN, Emin=-999999, Emax=999999, capitals=1, clamp=0, flags=[], traps=[InvalidOperation, DivisionByZero, Overflow])", "implementation": "CPython", "libmpdec": "2.5.1", "platform": "linux", "python": "3.12.14 (main, Aug 13 2026, 02:47:42) [GCC 13.3.0]", "zlib_build": "1.3", "zlib_runtime": "1.3"}
linux-python	Verify exact source and execute three negative finalizer cases	2026-09-06T07:08:04.8747141Z test_primary_sidecar_count_mismatch_is_integrity_status_only (__main__.HostedNegativeFinalizerTests.test_primary_sidecar_count_mismatch_is_integrity_status_only) ... ok
linux-python	Verify exact source and execute three negative finalizer cases	2026-09-06T07:08:08.0054427Z test_primary_signed_a8_imag_mismatch_is_integrity_status_only (__main__.HostedNegativeFinalizerTests.test_primary_signed_a8_imag_mismatch_is_integrity_status_only) ... ok
linux-python	Verify exact source and execute three negative finalizer cases	2026-09-06T07:08:08.3604684Z test_reconstructed_fresh_disk_excess_is_conditioning_status_only (__main__.HostedNegativeFinalizerTests.test_reconstructed_fresh_disk_excess_is_conditioning_status_only) ... ok
linux-python	Verify exact source and execute three negative finalizer cases	2026-09-06T07:08:08.3606657Z 
linux-python	Verify exact source and execute three negative finalizer cases	2026-09-06T07:08:08.3607056Z ----------------------------------------------------------------------
linux-python	Verify exact source and execute three negative finalizer cases	2026-09-06T07:08:08.3607920Z Ran 3 tests in 3.826s
linux-python	Verify exact source and execute three negative finalizer cases	2026-09-06T07:08:08.3608263Z 
linux-python	Verify exact source and execute three negative finalizer cases	2026-09-06T07:08:08.3608497Z OK
linux-python	Post Set up native Python 3.12	﻿2026-09-06T07:08:08.3832323Z Node 20 is being deprecated. This workflow is running with Node 24 by default. If you need to temporarily use Node 20, you can set the ACTIONS_ALLOW_USE_UNSECURE_NODE_VERSION=true environment variable. For more information see: https://github.blog/changelog/2025-09-19-deprecation-of-node-20-on-github-actions-runners/
linux-python	Post Set up native Python 3.12	2026-09-06T07:08:08.3833609Z Post job cleanup.
linux-python	Post Set up native Python 3.12	2026-09-06T07:08:08.5016881Z (node:2132) [DEP0040] DeprecationWarning: The `punycode` module is deprecated. Please use a userland alternative instead.
linux-python	Post Set up native Python 3.12	2026-09-06T07:08:08.5017812Z (Use `node --trace-deprecation ...` to show where the warning was created)
linux-python	Post Check out exact tested source	﻿2026-09-06T07:08:08.5194992Z Node 20 is being deprecated. This workflow is running with Node 24 by default. If you need to temporarily use Node 20, you can set the ACTIONS_ALLOW_USE_UNSECURE_NODE_VERSION=true environment variable. For more information see: https://github.blog/changelog/2025-09-19-deprecation-of-node-20-on-github-actions-runners/
linux-python	Post Check out exact tested source	2026-09-06T07:08:08.5196236Z Post job cleanup.
linux-python	Post Check out exact tested source	2026-09-06T07:08:08.5991775Z [command]/usr/bin/git version
linux-python	Post Check out exact tested source	2026-09-06T07:08:08.6026849Z git version 2.55.0
linux-python	Post Check out exact tested source	2026-09-06T07:08:08.6057053Z Temporarily overriding HOME='/home/runner/work/_temp/f8cbb0dc-794c-4425-b4bd-7740788b7be6' before making global git config changes
linux-python	Post Check out exact tested source	2026-09-06T07:08:08.6058794Z Adding repository directory to the temporary git global config as a safe directory
linux-python	Post Check out exact tested source	2026-09-06T07:08:08.6068765Z [command]/usr/bin/git config --global --add safe.directory /home/runner/work/20231788./20231788.
linux-python	Post Check out exact tested source	2026-09-06T07:08:08.6095873Z [command]/usr/bin/git config --local --name-only --get-regexp core\.sshCommand
linux-python	Post Check out exact tested source	2026-09-06T07:08:08.6125829Z [command]/usr/bin/git submodule foreach --recursive sh -c "git config --local --name-only --get-regexp 'core\.sshCommand' && git config --local --unset-all 'core.sshCommand' || :"
linux-python	Post Check out exact tested source	2026-09-06T07:08:08.6378443Z [command]/usr/bin/git config --local --name-only --get-regexp http\.https\:\/\/github\.com\/\.extraheader
linux-python	Post Check out exact tested source	2026-09-06T07:08:08.6404632Z [command]/usr/bin/git submodule foreach --recursive sh -c "git config --local --name-only --get-regexp 'http\.https\:\/\/github\.com\/\.extraheader' && git config --local --unset-all 'http.https://github.com/.extraheader' || :"
linux-python	Post Check out exact tested source	2026-09-06T07:08:08.6608336Z [command]/usr/bin/git config --local --name-only --get-regexp ^includeIf\.gitdir:
linux-python	Post Check out exact tested source	2026-09-06T07:08:08.6634605Z [command]/usr/bin/git submodule foreach --recursive git config --local --show-origin --name-only --get-regexp remote.origin.url
linux-python	Complete job	﻿2026-09-06T07:08:08.6974588Z Cleaning up orphan processes
linux-python	Complete job	2026-09-06T07:08:08.7208684Z ##[warning]Node.js 20 is deprecated. The following actions target Node.js 20 but are being forced to run on Node.js 24: actions/checkout@11d5960a326750d5838078e36cf38b85af677262, actions/setup-python@a26af69be951a213d495a4c3e4e4022e16d87065. For more information see: https://github.blog/changelog/2025-09-19-deprecation-of-node-20-on-github-actions-runners/
