2026-08-31T20:26:48.6891968Z Current runner version: '2.336.0'
2026-08-31T20:26:48.6919982Z ##[group]Runner Image Provisioner
2026-08-31T20:26:48.6920770Z Hosted Compute Agent
2026-08-31T20:26:48.6921971Z Version: 20260819.586
2026-08-31T20:26:48.6922586Z Commit: 3cc4a88dfa507ef76119ad1bb3eccc6378bb2b76
2026-08-31T20:26:48.6923278Z Build Date: 2026-08-18T23:20:18Z
2026-08-31T20:26:48.6923948Z Worker ID: {657fdbfb-1951-4428-a58c-8c8369f8a623}
2026-08-31T20:26:48.6924624Z Azure Region: eastus2
2026-08-31T20:26:48.6925231Z ##[endgroup]
2026-08-31T20:26:48.6926622Z ##[group]Operating System
2026-08-31T20:26:48.6927232Z Microsoft Windows Server 2022
2026-08-31T20:26:48.6927830Z 10.0.20348
2026-08-31T20:26:48.6928311Z Datacenter
2026-08-31T20:26:48.6928786Z ##[endgroup]
2026-08-31T20:26:48.6929300Z ##[group]Runner Image
2026-08-31T20:26:48.6929846Z Image: windows-2022
2026-08-31T20:26:48.6930377Z Version: 20260824.284.2
2026-08-31T20:26:48.6931701Z Included Software: https://github.com/actions/runner-images/blob/win22/20260824.284/images/windows/Windows2022-Readme.md
2026-08-31T20:26:48.6933161Z Image Release: https://github.com/actions/runner-images/releases/tag/win22%2F20260824.284
2026-08-31T20:26:48.6934047Z ##[endgroup]
2026-08-31T20:26:48.6935113Z ##[group]GITHUB_TOKEN Permissions
2026-08-31T20:26:48.6937015Z Contents: read
2026-08-31T20:26:48.6937603Z Metadata: read
2026-08-31T20:26:48.6938164Z ##[endgroup]
2026-08-31T20:26:48.6940229Z Secret source: Actions
2026-08-31T20:26:48.6941194Z Prepare workflow directory
2026-08-31T20:26:48.7539245Z Prepare all required actions
2026-08-31T20:26:48.7589426Z Getting action download info
2026-08-31T20:26:48.9299331Z Download action repository 'msys2/setup-msys2@v2' (SHA:66cd2cce69caa17b53920067426061ca1de3a884)
2026-08-31T20:26:49.1497566Z Complete job name: windows-mingw64
2026-08-31T20:26:49.3050786Z ##[group]Run git config --global core.autocrlf false
2026-08-31T20:26:49.3051708Z [36;1mgit config --global core.autocrlf false[0m
2026-08-31T20:26:49.3052344Z [36;1mgit config --global core.eol lf[0m
2026-08-31T20:26:49.3053129Z [36;1mNew-Item -ItemType Directory -Path $env:WINDOWS_ROOT | Out-Null[0m
2026-08-31T20:26:49.3053851Z [36;1m[0m
2026-08-31T20:26:49.3054271Z [36;1mgit init $env:PROJECT_SOURCE[0m
2026-08-31T20:26:49.3055147Z [36;1mgit -C $env:PROJECT_SOURCE remote add origin https://github.com/leemaple/20231788..git[0m
2026-08-31T20:26:49.3056150Z [36;1mgit -C $env:PROJECT_SOURCE fetch --depth 1 origin $env:GITHUB_SHA[0m
2026-08-31T20:26:49.3056973Z [36;1mgit -C $env:PROJECT_SOURCE checkout --detach FETCH_HEAD[0m
2026-08-31T20:26:49.3057773Z [36;1m$projectActual = git -C $env:PROJECT_SOURCE rev-parse HEAD[0m
2026-08-31T20:26:49.3058514Z [36;1mif ($projectActual -ne $env:GITHUB_SHA) {[0m
2026-08-31T20:26:49.3059248Z [36;1m  throw "Project checkout mismatch: $projectActual"[0m
2026-08-31T20:26:49.3059863Z [36;1m}[0m
2026-08-31T20:26:49.3060241Z [36;1m[0m
2026-08-31T20:26:49.3060647Z [36;1mgit init $env:OPENFHE_SOURCE[0m
2026-08-31T20:26:49.3061550Z [36;1mgit -C $env:OPENFHE_SOURCE remote add origin https://github.com/openfheorg/openfhe-development.git[0m
2026-08-31T20:26:49.3062642Z [36;1mgit -C $env:OPENFHE_SOURCE fetch --depth 1 origin $env:OPENFHE_COMMIT[0m
2026-08-31T20:26:49.3063476Z [36;1mgit -C $env:OPENFHE_SOURCE checkout --detach FETCH_HEAD[0m
2026-08-31T20:26:49.3064329Z [36;1mgit -C $env:OPENFHE_SOURCE submodule update --init --recursive --depth 1[0m
2026-08-31T20:26:49.3065068Z [36;1m[0m
2026-08-31T20:26:49.3065647Z [36;1m$projectStatus = @(git -C $env:PROJECT_SOURCE status --porcelain)[0m
2026-08-31T20:26:49.3066388Z [36;1mif ($projectStatus.Count -ne 0) {[0m
2026-08-31T20:26:49.3067104Z [36;1m  throw "Project checkout is dirty: $($projectStatus -join '; ')"[0m
2026-08-31T20:26:49.3067781Z [36;1m}[0m
2026-08-31T20:26:49.3068343Z [36;1m$openfheStatus = @(git -C $env:OPENFHE_SOURCE status --porcelain)[0m
2026-08-31T20:26:49.3069070Z [36;1mif ($openfheStatus.Count -ne 0) {[0m
2026-08-31T20:26:49.3071381Z [36;1m  throw "OpenFHE checkout is dirty: $($openfheStatus -join '; ')"[0m
2026-08-31T20:26:49.3072074Z [36;1m}[0m
2026-08-31T20:26:49.4966410Z shell: C:\Program Files\PowerShell\7\pwsh.EXE -command ". '{0}'"
2026-08-31T20:26:49.4967429Z env:
2026-08-31T20:26:49.4967957Z   OPENFHE_COMMIT: df495ba2e91739a6dc8f1de254fc5a41155ce504
2026-08-31T20:26:49.4968706Z   OPENFHE_PREFIX: C:\openfhe-2023-1788\openfhe-install
2026-08-31T20:26:49.4969352Z   WINDOWS_ROOT: C:\openfhe-2023-1788
2026-08-31T20:26:49.4969921Z   PROJECT_SOURCE: C:\openfhe-2023-1788\cleanroom
2026-08-31T20:26:49.4970563Z   OPENFHE_SOURCE: C:\openfhe-2023-1788\openfhe-src
2026-08-31T20:26:49.4971286Z   OPENFHE_BUILD: C:\openfhe-2023-1788\openfhe-build-33436068864-1
2026-08-31T20:26:49.4972108Z   PROJECT_BUILD: C:\openfhe-2023-1788\project-build-33436068864-1
2026-08-31T20:26:49.4972748Z ##[endgroup]
2026-08-31T20:26:50.5087379Z Initialized empty Git repository in C:/openfhe-2023-1788/cleanroom/.git/
2026-08-31T20:26:52.5216233Z From https://github.com/leemaple/20231788.
2026-08-31T20:26:52.5216913Z  * branch            9d1d10a3414dce68b84d9887337254c275098d79 -> FETCH_HEAD
2026-08-31T20:26:52.7290811Z HEAD is now at 9d1d10a test: preserve DCP empty-key-tag diagnostic
2026-08-31T20:26:52.8324861Z Initialized empty Git repository in C:/openfhe-2023-1788/openfhe-src/.git/
2026-08-31T20:26:53.6906649Z From https://github.com/openfheorg/openfhe-development
2026-08-31T20:26:53.6908085Z  * branch            df495ba2e91739a6dc8f1de254fc5a41155ce504 -> FETCH_HEAD
2026-08-31T20:26:54.7753227Z HEAD is now at df495ba Merge pull request #1130 from openfheorg/dev
2026-08-31T20:26:56.0585736Z Submodule 'third-party/cereal' (https://github.com/openfheorg/cereal.git) registered for path 'third-party/cereal'
2026-08-31T20:26:56.0610709Z Submodule 'third-party/google-benchmark' (https://github.com/google/benchmark.git) registered for path 'third-party/google-benchmark'
2026-08-31T20:26:56.0631329Z Submodule 'third-party/google-test' (https://github.com/google/googletest.git) registered for path 'third-party/google-test'
2026-08-31T20:26:56.0668754Z Submodule 'third-party/gperftools' (https://github.com/gperftools/gperftools.git) registered for path 'third-party/gperftools'
2026-08-31T20:26:56.1169611Z Cloning into 'C:/openfhe-2023-1788/openfhe-src/third-party/cereal'...
2026-08-31T20:26:56.5545142Z Cloning into 'C:/openfhe-2023-1788/openfhe-src/third-party/google-benchmark'...
2026-08-31T20:26:57.4769376Z Cloning into 'C:/openfhe-2023-1788/openfhe-src/third-party/google-test'...
2026-08-31T20:26:57.9144135Z Cloning into 'C:/openfhe-2023-1788/openfhe-src/third-party/gperftools'...
2026-08-31T20:26:58.9324903Z Submodule path 'third-party/cereal': checked out '984e3f194862b17916536b5fade40cba6e47a6fe'
2026-08-31T20:27:00.5351380Z From https://github.com/google/benchmark
2026-08-31T20:27:00.5352330Z  * branch            eddb0241389718a23a42db6af5f0164b6e0139af -> FETCH_HEAD
2026-08-31T20:27:00.9182630Z Submodule path 'third-party/google-benchmark': checked out 'eddb0241389718a23a42db6af5f0164b6e0139af'
2026-08-31T20:27:01.7890167Z From https://github.com/google/googletest
2026-08-31T20:27:01.7890983Z  * branch            52eb8108c5bdec04579160ae17225d66034bd723 -> FETCH_HEAD
2026-08-31T20:27:02.3454651Z Submodule path 'third-party/google-test': checked out '52eb8108c5bdec04579160ae17225d66034bd723'
2026-08-31T20:27:03.4158447Z From https://github.com/gperftools/gperftools
2026-08-31T20:27:03.4159312Z  * branch            83edb60836d87cf1b406e8846b9059c03031e8f5 -> FETCH_HEAD
2026-08-31T20:27:04.8668019Z Submodule path 'third-party/gperftools': checked out '83edb60836d87cf1b406e8846b9059c03031e8f5'
2026-08-31T20:27:05.2100778Z ##[group]Run msys2/setup-msys2@v2
2026-08-31T20:27:05.2101134Z with:
2026-08-31T20:27:05.2101327Z   msystem: MINGW64
2026-08-31T20:27:05.2101827Z   update: true
2026-08-31T20:27:05.2102107Z   cache: false
2026-08-31T20:27:05.2102445Z   install: git make mingw-w64-x86_64-boost mingw-w64-x86_64-cmake mingw-w64-x86_64-gcc
2026-08-31T20:27:05.2104366Z   path-type: minimal
2026-08-31T20:27:05.2104720Z   release: true
2026-08-31T20:27:05.2104932Z   platform-check-severity: fatal
2026-08-31T20:27:05.2105209Z env:
2026-08-31T20:27:05.2105440Z   OPENFHE_COMMIT: df495ba2e91739a6dc8f1de254fc5a41155ce504
2026-08-31T20:27:05.2105947Z   OPENFHE_PREFIX: C:\openfhe-2023-1788\openfhe-install
2026-08-31T20:27:05.2107091Z   WINDOWS_ROOT: C:\openfhe-2023-1788
2026-08-31T20:27:05.2107530Z   PROJECT_SOURCE: C:\openfhe-2023-1788\cleanroom
2026-08-31T20:27:05.2107888Z   OPENFHE_SOURCE: C:\openfhe-2023-1788\openfhe-src
2026-08-31T20:27:05.2108318Z   OPENFHE_BUILD: C:\openfhe-2023-1788\openfhe-build-33436068864-1
2026-08-31T20:27:05.2108753Z   PROJECT_BUILD: C:\openfhe-2023-1788\project-build-33436068864-1
2026-08-31T20:27:05.2109075Z ##[endgroup]
2026-08-31T20:27:05.8220239Z ##[group]Downloading MSYS2...
2026-08-31T20:27:06.4216700Z ##[endgroup]
2026-08-31T20:27:06.4217610Z ##[group]Extracting MSYS2...
2026-08-31T20:27:06.4236815Z [command]C:\hostedtoolcache\windows\msys2-installer\0.0.20260611\x64\base.exe -y
2026-08-31T20:27:06.7306831Z 
2026-08-31T20:27:06.7311049Z 7-Zip SFX 25.01 ZS v1.5.7 R4 (x64) : Copyright (c) 1999-2025 Igor Pavlov, 2016-2026 Tino Reichardt, 2022-2026 Sergey G. Brester : 2026-01-10
2026-08-31T20:27:06.7312182Z 
2026-08-31T20:27:06.7312722Z Extracting archive: C:\hostedtoolcache\windows\msys2-installer\0.0.20260611\x64\base.exe
2026-08-31T20:27:06.7313672Z --
2026-08-31T20:27:06.7314293Z Path = C:\hostedtoolcache\windows\msys2-installer\0.0.20260611\x64\base.exe
2026-08-31T20:27:06.7315124Z Type = 7z
2026-08-31T20:27:06.7315304Z 
2026-08-31T20:27:06.9234534Z   0%
2026-08-31T20:27:06.9234941Z     
2026-08-31T20:27:07.1269791Z   0% 1218 - msys64\usr\bin\zfgrep
2026-08-31T20:27:07.1270327Z                                  
2026-08-31T20:27:07.3305276Z   3% 2154 - msys64\usr\lib\terminfo\64\d463-unix-w
2026-08-31T20:27:07.5334852Z                                                   
2026-08-31T20:27:07.5335437Z   4% 3244 - msys64\usr\lib\terminfo\70\putty-noapp
2026-08-31T20:27:07.5335769Z                                                   
2026-08-31T20:27:07.7364213Z   4% 4298 - msys64\usr\lib\terminfo\78\xterm-x11mouse
2026-08-31T20:27:07.7364908Z                                                      
2026-08-31T20:27:07.9398131Z   5% 5357 - msys64\usr\share\bash-completion\completions\_kubeadm
2026-08-31T20:27:07.9398811Z                                                                  
2026-08-31T20:27:08.1434376Z  14% 6155 - msys64\usr\share\locale\eo\LC_MESSAGES\libgpg-error.mo
2026-08-31T20:27:08.1435096Z                                                                   
2026-08-31T20:27:08.3467274Z  27% 6729 - msys64\usr\share\locale\sr\LC_MESSAGES\tar.mo
2026-08-31T20:27:08.3467961Z                                                          
2026-08-31T20:27:08.5497112Z  32% 7472 - msys64\usr\share\man\man1\select.1.gz
2026-08-31T20:27:08.5498616Z                                                  
2026-08-31T20:27:08.7498985Z  33% 8521 - msys64\usr\share\man\man3\insnstr.3x.gz
2026-08-31T20:27:08.7499584Z                                                    
2026-08-31T20:27:08.9566314Z  35% 9549 - msys64\usr\share\mintty\icon\wsl.ico
2026-08-31T20:27:08.9567050Z                                                 
2026-08-31T20:27:09.1594619Z  43% 10288 - msys64\usr\share\perl5\core_perl\Unicode\Collate\CJK\Stroke.pm
2026-08-31T20:27:09.1595392Z                                                                            
2026-08-31T20:27:09.3625240Z  46% 11067 - msys64\usr\share\terminfo\50\P12-M
2026-08-31T20:27:09.3628056Z                                                
2026-08-31T20:27:09.5657047Z  47% 12083 - msys64\usr\share\terminfo\68\hp2621b-kx
2026-08-31T20:27:09.5657680Z                                                     
2026-08-31T20:27:09.7687168Z  47% 13062 - msys64\usr\share\terminfo\74\tek4027
2026-08-31T20:27:09.7687901Z                                                  
2026-08-31T20:27:09.9721418Z  48% 14067 - msys64\usr\share\zoneinfo\America\Juneau
2026-08-31T20:27:09.9721851Z                                                      
2026-08-31T20:27:10.1689612Z  48% 15108 - msys64\usr\share\zoneinfo\right\Africa\Asmara
2026-08-31T20:27:10.1690711Z                                                           
2026-08-31T20:27:10.3698429Z  48% 15800 - msys64\var\lib\pacman\local\gcc-libs-15.2.0-1\mtree
2026-08-31T20:27:10.3705660Z                                                                 
2026-08-31T20:27:10.5798606Z  50% 16171 - msys64\usr\bin\gdbm_dump.exe
2026-08-31T20:27:10.5799504Z                                          
2026-08-31T20:27:10.7839459Z  68% 16329 - msys64\usr\bin\msys-smartcols-1.dll
2026-08-31T20:27:10.7839997Z                                                 
2026-08-31T20:27:11.0048622Z  91% 16437 - msys64\usr\bin\tic.exe
2026-08-31T20:27:11.0049298Z                                    
2026-08-31T20:27:11.0049680Z Everything is Ok
2026-08-31T20:27:11.0075215Z ##[endgroup]
2026-08-31T20:27:11.0076924Z ##[group]Disable Key Refresh...
2026-08-31T20:27:11.0092308Z ##[endgroup]
2026-08-31T20:27:11.0112563Z ##[group]Starting MSYS2 for the first time...
2026-08-31T20:27:11.1341007Z [command]C:\Windows\system32\cmd.exe /D /S /C D:\a\_temp\setup-msys2\msys2.cmd -c "'uname' '-a'"
2026-08-31T20:27:11.2510582Z [1;32mMSYS2 is starting for the first time. Executing the initial setup.[1;0m
2026-08-31T20:27:11.2929176Z Copying skeleton files.
2026-08-31T20:27:11.2929920Z These files are for the users to personalise their msys2 experience.
2026-08-31T20:27:11.2930407Z 
2026-08-31T20:27:11.2930674Z They will never be overwritten nor automatically updated.
2026-08-31T20:27:11.2931078Z 
2026-08-31T20:27:11.3364438Z './.bashrc' -> '/home/runneradmin/.bashrc'
2026-08-31T20:27:11.3508737Z './.bash_profile' -> '/home/runneradmin/.bash_profile'
2026-08-31T20:27:11.3668428Z './.profile' -> '/home/runneradmin/.profile'
2026-08-31T20:27:11.4289254Z 'C:\Windows\system32\drivers\etc\hosts' -> '/etc/hosts'
2026-08-31T20:27:11.6700571Z 'C:\Windows\system32\drivers\etc\protocol' -> '/etc/protocols'
2026-08-31T20:27:11.7193142Z 'C:\Windows\system32\drivers\etc\services' -> '/etc/services'
2026-08-31T20:27:11.7682409Z 'C:\Windows\system32\drivers\etc\networks' -> '/etc/networks'
2026-08-31T20:27:11.9619923Z gpg: /etc/pacman.d/gnupg/trustdb.gpg: trustdb created
2026-08-31T20:27:11.9686017Z gpg: no ultimately trusted keys found
2026-08-31T20:27:12.2700691Z gpg: starting migration from earlier GnuPG versions
2026-08-31T20:27:12.3215416Z gpg: porting secret keys from '/etc/pacman.d/gnupg/secring.gpg' to gpg-agent
2026-08-31T20:27:12.3218756Z gpg: migration succeeded
2026-08-31T20:27:12.3448432Z ==> Generating pacman master key. This may take some time.
2026-08-31T20:27:12.3639941Z gpg: Generating pacman keyring master key...
2026-08-31T20:27:14.3706674Z gpg: directory '/etc/pacman.d/gnupg/openpgp-revocs.d' created
2026-08-31T20:27:14.3951928Z gpg: revocation certificate stored as '/etc/pacman.d/gnupg/openpgp-revocs.d/46F5688944AE634139AA50EB709E21AE2F208B0B.rev'
2026-08-31T20:27:14.3952839Z gpg: Done
2026-08-31T20:27:14.4103509Z ==> Updating trust database...
2026-08-31T20:27:14.4440951Z gpg: marginals needed: 3  completes needed: 1  trust model: pgp
2026-08-31T20:27:14.4441612Z gpg: depth: 0  valid:   1  signed:   0  trust: 0-, 0q, 0n, 0m, 0f, 1u
2026-08-31T20:27:14.5584678Z ==> Appending keys from msys2.gpg...
2026-08-31T20:27:15.1206217Z ==> Locally signing trusted keys in keyring...
2026-08-31T20:27:15.6061290Z   -> Locally signed 5 keys.
2026-08-31T20:27:15.6190910Z ==> Importing owner trust values...
2026-08-31T20:27:15.6349910Z gpg: setting ownertrust to 4
2026-08-31T20:27:15.6350527Z gpg: setting ownertrust to 4
2026-08-31T20:27:15.6350990Z gpg: setting ownertrust to 4
2026-08-31T20:27:15.6351416Z gpg: setting ownertrust to 4
2026-08-31T20:27:15.6351918Z gpg: setting ownertrust to 4
2026-08-31T20:27:15.6590642Z ==> Disabling revoked keys in keyring...
2026-08-31T20:27:15.9167169Z   -> Disabled 4 keys.
2026-08-31T20:27:15.9303475Z ==> Updating trust database...
2026-08-31T20:27:15.9661738Z gpg: marginals needed: 3  completes needed: 1  trust model: pgp
2026-08-31T20:27:15.9688283Z gpg: depth: 0  valid:   1  signed:   5  trust: 0-, 0q, 0n, 0m, 0f, 1u
2026-08-31T20:27:15.9720050Z gpg: depth: 1  valid:   5  signed:   6  trust: 0-, 0q, 0n, 5m, 0f, 0u
2026-08-31T20:27:15.9732657Z gpg: depth: 2  valid:   3  signed:   2  trust: 3-, 0q, 0n, 0m, 0f, 0u
2026-08-31T20:27:16.0082660Z pacman-key (pacman) 6.1.0
2026-08-31T20:27:16.0083361Z Copyright (c) 2010-2024 Pacman Development Team <pacman-dev@lists.archlinux.org>.
2026-08-31T20:27:16.0083721Z 
2026-08-31T20:27:16.0224600Z This is free software; see the source for copying conditions.
2026-08-31T20:27:16.0225389Z There is NO WARRANTY, to the extent permitted by law.
2026-08-31T20:27:16.2578010Z [1;32mInitial setup complete. MSYS2 is now ready to use.[1;0m
2026-08-31T20:27:16.2718040Z MINGW64_NT-10.0-20348 runnervm0js1w 3.6.9-01d6c708.x86_64 2026-05-24 10:45 UTC x86_64 Msys
2026-08-31T20:27:16.2761529Z ##[endgroup]
2026-08-31T20:27:16.2762486Z ##[group]Disable CheckSpace...
2026-08-31T20:27:16.3613174Z [command]C:\Windows\system32\cmd.exe /D /S /C D:\a\_temp\setup-msys2\msys2.cmd -c "'sed' '-i' 's/^CheckSpace/#CheckSpace/g' '/etc/pacman.conf'"
2026-08-31T20:27:16.5479978Z ##[endgroup]
2026-08-31T20:27:16.5480897Z ##[group]Updating packages...
2026-08-31T20:27:16.6295568Z [command]C:\Windows\system32\cmd.exe /D /S /C D:\a\_temp\setup-msys2\msys2.cmd -c "'pacman' '--noconfirm' '-Syuu' '--overwrite' '*'"
2026-08-31T20:27:17.2823698Z :: Synchronizing package databases...
2026-08-31T20:27:19.1528276Z  clangarm64 downloading...
2026-08-31T20:27:19.1528805Z  mingw32 downloading...
2026-08-31T20:27:19.1529260Z  mingw64 downloading...
2026-08-31T20:27:19.1529670Z  ucrt64 downloading...
2026-08-31T20:27:19.1530083Z  clang64 downloading...
2026-08-31T20:27:19.1530492Z  msys downloading...
2026-08-31T20:27:19.6140641Z :: Starting core system upgrade...
2026-08-31T20:27:19.7993117Z warning: terminate other MSYS2 programs before proceeding
2026-08-31T20:27:19.7993593Z resolving dependencies...
2026-08-31T20:27:19.7993888Z looking for conflicting packages...
2026-08-31T20:27:19.8096056Z 
2026-08-31T20:27:19.8096431Z Packages (1) msys2-runtime-3.6.10-3
2026-08-31T20:27:19.8096822Z 
2026-08-31T20:27:19.8097118Z Total Download Size:    1.97 MiB
2026-08-31T20:27:19.8097541Z Total Installed Size:   6.33 MiB
2026-08-31T20:27:19.8098006Z Net Upgrade Size:      -0.20 MiB
2026-08-31T20:27:19.8098284Z 
2026-08-31T20:27:19.8098556Z :: Proceed with installation? [Y/n] 
2026-08-31T20:27:19.8099021Z :: Retrieving packages...
2026-08-31T20:27:22.3622690Z  msys2-runtime-3.6.10-3-x86_64 downloading...
2026-08-31T20:27:22.3623501Z checking keyring...
2026-08-31T20:27:22.4213588Z checking package integrity...
2026-08-31T20:27:22.6173193Z loading package files...
2026-08-31T20:27:22.6196147Z checking for file conflicts...
2026-08-31T20:27:22.6224127Z :: Processing package changes...
2026-08-31T20:27:22.6224758Z upgrading msys2-runtime...
2026-08-31T20:27:22.7756149Z :: To complete this update all MSYS2 processes including this terminal will be closed. Confirm to proceed [Y/n] 
2026-08-31T20:27:23.0674624Z ##[endgroup]
2026-08-31T20:27:23.0675315Z ##[group]Killing remaining tasks...
2026-08-31T20:27:23.1528615Z [command]C:\Windows\system32\taskkill.exe /F /FI "MODULES eq msys-2.0.dll"
2026-08-31T20:27:23.2678067Z 
2026-08-31T20:27:23.2678595Z INFO: No tasks running with the specified criteria.
2026-08-31T20:27:23.2712535Z ##[endgroup]
2026-08-31T20:27:23.2713274Z ##[group]Final system upgrade...
2026-08-31T20:27:23.3566133Z [command]C:\Windows\system32\cmd.exe /D /S /C D:\a\_temp\setup-msys2\msys2.cmd -c "'pacman' '--noconfirm' '-Syuu' '--overwrite' '*'"
2026-08-31T20:27:24.0045820Z :: Synchronizing package databases...
2026-08-31T20:27:24.7407331Z  clangarm64 downloading...
2026-08-31T20:27:24.7408886Z  mingw32 downloading...
2026-08-31T20:27:24.7409169Z  mingw64 downloading...
2026-08-31T20:27:24.7409429Z  ucrt64 downloading...
2026-08-31T20:27:24.7409679Z  clang64 downloading...
2026-08-31T20:27:24.7409922Z  msys downloading...
2026-08-31T20:27:25.1938135Z :: Starting core system upgrade...
2026-08-31T20:27:25.3771853Z  there is nothing to do
2026-08-31T20:27:25.3772337Z :: Starting full system upgrade...
2026-08-31T20:27:25.4084029Z resolving dependencies...
2026-08-31T20:27:25.4148681Z looking for conflicting packages...
2026-08-31T20:27:25.4275887Z 
2026-08-31T20:27:25.4279461Z Packages (31) bash-completion-2.18.0-1  bsdtar-3.8.9-1  ca-certificates-20260816-1  curl-8.21.0-1  findutils-4.11.0-2  gawk-5.4.1-1  gcc-libs-15.3.0-1  gnupg-2.4.9-3  libcurl-8.21.0-1  libexpat-2.8.3-1  libffi-3.8.0-1  libgnutls-3.8.13-2  libhogweed-4.0-1  libnettle-4.0-1  libnghttp2-1.70.0-1  libnghttp3-1.18.0-1  libngtcp2-1.25.0-1  libopenssl-3.6.4-1  libp11-kit-0.26.5-1  libpsl-0.23.2-1  libsqlite-3.53.4-1  msys2-keyring-1~20260814-1  nano-9.2-1  nettle-4.0-1  openssl-3.6.4-1  p11-kit-0.26.5-1  pacman-contrib-1.10.6-2  perl-5.42.3-1  pinentry-1.3.3-1  tzcode-2026c-1  wget-1.25.0-2
2026-08-31T20:27:25.4283040Z 
2026-08-31T20:27:25.4283218Z Total Download Size:    27.05 MiB
2026-08-31T20:27:25.4283679Z Total Installed Size:  108.42 MiB
2026-08-31T20:27:25.4284118Z Net Upgrade Size:       -1.02 MiB
2026-08-31T20:27:25.4284397Z 
2026-08-31T20:27:25.4284987Z :: Proceed with installation? [Y/n] 
2026-08-31T20:27:25.4285557Z :: Retrieving packages...
2026-08-31T20:27:28.4956803Z  perl-5.42.3-1-x86_64 downloading...
2026-08-31T20:27:28.4957347Z  pacman-contrib-1.10.6-2-x86_64 downloading...
2026-08-31T20:27:28.4957824Z  gnupg-2.4.9-3-x86_64 downloading...
2026-08-31T20:27:28.4958245Z  libopenssl-3.6.4-1-x86_64 downloading...
2026-08-31T20:27:28.4958668Z  gawk-5.4.1-1-x86_64 downloading...
2026-08-31T20:27:28.4959060Z  libgnutls-3.8.13-2-x86_64 downloading...
2026-08-31T20:27:28.4959493Z  gcc-libs-15.3.0-1-x86_64 downloading...
2026-08-31T20:27:28.4959991Z  curl-8.21.0-1-x86_64 downloading...
2026-08-31T20:27:28.4960326Z  wget-1.25.0-2-x86_64 downloading...
2026-08-31T20:27:28.4960627Z  libsqlite-3.53.4-1-x86_64 downloading...
2026-08-31T20:27:28.4960933Z  nano-9.2-1-x86_64 downloading...
2026-08-31T20:27:28.4961221Z  openssl-3.6.4-1-x86_64 downloading...
2026-08-31T20:27:28.4961535Z  findutils-4.11.0-2-x86_64 downloading...
2026-08-31T20:27:28.4961844Z  p11-kit-0.26.5-1-x86_64 downloading...
2026-08-31T20:27:28.4962175Z  ca-certificates-20260816-1-any downloading...
2026-08-31T20:27:28.4962514Z  libcurl-8.21.0-1-x86_64 downloading...
2026-08-31T20:27:28.4962830Z  bsdtar-3.8.9-1-x86_64 downloading...
2026-08-31T20:27:28.4963128Z  tzcode-2026c-1-x86_64 downloading...
2026-08-31T20:27:28.4963431Z  libp11-kit-0.26.5-1-x86_64 downloading...
2026-08-31T20:27:28.4963767Z  bash-completion-2.18.0-1-any downloading...
2026-08-31T20:27:28.4964098Z  libhogweed-4.0-1-x86_64 downloading...
2026-08-31T20:27:28.4964412Z  libngtcp2-1.25.0-1-x86_64 downloading...
2026-08-31T20:27:28.4964734Z  libnettle-4.0-1-x86_64 downloading...
2026-08-31T20:27:28.4965036Z  nettle-4.0-1-x86_64 downloading...
2026-08-31T20:27:28.4965326Z  libpsl-0.23.2-1-x86_64 downloading...
2026-08-31T20:27:28.4965830Z  libnghttp3-1.18.0-1-x86_64 downloading...
2026-08-31T20:27:28.4966159Z  libnghttp2-1.70.0-1-x86_64 downloading...
2026-08-31T20:27:28.4966473Z  libexpat-2.8.3-1-x86_64 downloading...
2026-08-31T20:27:28.4966776Z  pinentry-1.3.3-1-x86_64 downloading...
2026-08-31T20:27:28.4967099Z  msys2-keyring-1~20260814-1-any downloading...
2026-08-31T20:27:28.4967678Z  libffi-3.8.0-1-x86_64 downloading...
2026-08-31T20:27:28.4967967Z checking keyring...
2026-08-31T20:27:28.5520255Z checking package integrity...
2026-08-31T20:27:33.0629051Z loading package files...
2026-08-31T20:27:33.1365928Z checking for file conflicts...
2026-08-31T20:27:33.1927940Z :: Running pre-transaction hooks...
2026-08-31T20:27:33.1929205Z (1/1) Removing old entries from the info directory file...
2026-08-31T20:27:33.3138091Z :: Processing package changes...
2026-08-31T20:27:33.3138603Z upgrading bash-completion...
2026-08-31T20:27:34.2155735Z upgrading gcc-libs...
2026-08-31T20:27:34.2338724Z upgrading libexpat...
2026-08-31T20:27:34.2381689Z upgrading libopenssl...
2026-08-31T20:27:34.2624538Z upgrading bsdtar...
2026-08-31T20:27:34.2715472Z upgrading openssl...
2026-08-31T20:27:34.3767408Z upgrading findutils...
2026-08-31T20:27:34.4512454Z upgrading libffi...
2026-08-31T20:27:34.4617517Z upgrading libp11-kit...
2026-08-31T20:27:34.4688628Z upgrading p11-kit...
2026-08-31T20:27:34.6206585Z upgrading ca-certificates...
2026-08-31T20:27:35.1702387Z upgrading libnghttp3...
2026-08-31T20:27:35.1762767Z upgrading libngtcp2...
2026-08-31T20:27:35.1841945Z upgrading libnghttp2...
2026-08-31T20:27:35.1902254Z upgrading libpsl...
2026-08-31T20:27:35.1992569Z upgrading libcurl...
2026-08-31T20:27:35.2056572Z upgrading curl...
2026-08-31T20:27:35.6501928Z upgrading gawk...
2026-08-31T20:27:35.7505665Z upgrading libhogweed...
2026-08-31T20:27:35.7552513Z upgrading libnettle...
2026-08-31T20:27:35.7604048Z upgrading libgnutls...
2026-08-31T20:27:35.8120667Z upgrading libsqlite...
2026-08-31T20:27:35.8224774Z upgrading nettle...
2026-08-31T20:27:35.8308031Z upgrading pinentry...
2026-08-31T20:27:35.8367111Z upgrading gnupg...
2026-08-31T20:27:40.3842241Z ==> Appending keys from msys2.gpg...
2026-08-31T20:27:40.8622530Z ==> Updating trust database...
2026-08-31T20:27:40.8799157Z gpg: no need for a trustdb check
2026-08-31T20:27:40.9734521Z upgrading msys2-keyring...
2026-08-31T20:27:41.3066143Z ==> Appending keys from msys2.gpg...
2026-08-31T20:27:41.8350313Z ==> Updating trust database...
2026-08-31T20:27:41.8521751Z gpg: next trustdb check due at 2027-02-10
2026-08-31T20:27:41.9368877Z upgrading nano...
2026-08-31T20:27:42.0437315Z upgrading pacman-contrib...
2026-08-31T20:27:42.1112045Z New optional dependencies for pacman-contrib
2026-08-31T20:27:42.1112636Z     perl: for pacsearch [installed]
2026-08-31T20:27:42.1112976Z     vim: default diff program for pacdiff
2026-08-31T20:27:42.1113306Z upgrading perl...
2026-08-31T20:27:43.8576377Z upgrading tzcode...
2026-08-31T20:27:45.7079535Z upgrading wget...
2026-08-31T20:27:45.8220678Z :: Running post-transaction hooks...
2026-08-31T20:27:45.8221268Z (1/1) Updating the info directory file...
2026-08-31T20:27:47.5403373Z ##[endgroup]
2026-08-31T20:27:47.5403880Z ##[group]Installing additional packages through pacman...
2026-08-31T20:27:47.6243552Z [command]C:\Windows\system32\cmd.exe /D /S /C D:\a\_temp\setup-msys2\msys2.cmd -c "'pacman' '--noconfirm' '-S' '--needed' '--overwrite' '*' 'git' 'make' 'mingw-w64-x86_64-boost' 'mingw-w64-x86_64-cmake' 'mingw-w64-x86_64-gcc'"
2026-08-31T20:27:48.4565171Z resolving dependencies...
2026-08-31T20:27:48.4701212Z looking for conflicting packages...
2026-08-31T20:27:48.4881443Z 
2026-08-31T20:27:48.4899136Z Packages (89) heimdal-7.8.0-5  heimdal-libs-7.8.0-5  libcbor-0.14.0-2  libedit-20240808_3.1-1  libfido2-1.17.0-1  mingw-w64-x86_64-binutils-2.47-3  mingw-w64-x86_64-boost-libs-1.91.0-3  mingw-w64-x86_64-brotli-1.2.0-1  mingw-w64-x86_64-bzip2-1.0.8-4  mingw-w64-x86_64-c-ares-1.34.8-1  mingw-w64-x86_64-ca-certificates-20260816-1  mingw-w64-x86_64-cppdap-1.65.r11.g6464cd7-1  mingw-w64-x86_64-crt-14.0.0.r302.gd7f3c5201-1  mingw-w64-x86_64-curl-8.21.0-2  mingw-w64-x86_64-expat-2.8.3-1  mingw-w64-x86_64-gcc-libs-16.2.0-3  mingw-w64-x86_64-gettext-runtime-1.0-1  mingw-w64-x86_64-gmp-6.3.0-2  mingw-w64-x86_64-gnutls-3.8.13-3  mingw-w64-x86_64-headers-14.0.0.r302.gd7f3c5201-1  mingw-w64-x86_64-icu-78.3-4  mingw-w64-x86_64-isl-0.28-1  mingw-w64-x86_64-jsoncpp-1.9.8-1  mingw-w64-x86_64-libarchive-3.8.9-5  mingw-w64-x86_64-libb2-0.98.1-3  mingw-w64-x86_64-libffi-3.8.0-1  mingw-w64-x86_64-libiconv-1.19-1  mingw-w64-x86_64-libidn2-2.3.8-4  mingw-w64-x86_64-libpsl-0.21.5-3  mingw-w64-x86_64-libssh2-1.11.1-2  mingw-w64-x86_64-libtasn1-4.21.0-1  mingw-w64-x86_64-libunistring-1.4.2-1  mingw-w64-x86_64-libuv-1.52.1-1  mingw-w64-x86_64-libwinpthread-14.0.0.r302.gd7f3c5201-1  mingw-w64-x86_64-lz4-1.10.0-1  mingw-w64-x86_64-mpc-1.4.1-1  mingw-w64-x86_64-mpfr-4.2.2-3  mingw-w64-x86_64-nettle-4.0-1  mingw-w64-x86_64-nghttp2-1.70.0-1  mingw-w64-x86_64-nghttp3-1.18.0-1  mingw-w64-x86_64-ngtcp2-1.25.0-1  mingw-w64-x86_64-ninja-1.13.2-1  mingw-w64-x86_64-openssl-3.6.4-1  mingw-w64-x86_64-p11-kit-0.26.5-1  mingw-w64-x86_64-pcre2-10.47-1  mingw-w64-x86_64-pkgconf-1~3.0.5-1  mingw-w64-x86_64-rhash-1.4.6-1  mingw-w64-x86_64-tzdata-2026c-1  mingw-w64-x86_64-windows-default-manifest-20260815-1  mingw-w64-x86_64-wineditline-2.208-1  mingw-w64-x86_64-winpthreads-14.0.0.r302.gd7f3c5201-1  mingw-w64-x86_64-xz-5.8.3-1  mingw-w64-x86_64-zlib-1.3.2-2  mingw-w64-x86_64-zstd-1.5.7-2  openssh-10.5p1-2  perl-Authen-SASL-2.2000-1  perl-Clone-0.50-2  perl-Convert-BinHex-1.125-2  perl-Encode-Locale-1.05-2  perl-Error-0.17030-1  perl-File-Listing-6.16-1  perl-HTML-Parser-3.85-1  perl-HTML-Tagset-3.24-1  perl-HTTP-Cookies-6.12-1  perl-HTTP-Daemon-6.17-1  perl-HTTP-Date-6.08-1  perl-HTTP-Message-7.04-1  perl-HTTP-Negotiate-6.01-3  perl-IO-HTML-1.004-2  perl-IO-Socket-SSL-2.099-1  perl-IO-Stringy-2.113-3  perl-LWP-MediaTypes-6.04-2  perl-MIME-tools-5.517-1  perl-MailTools-2.22-1  perl-Net-HTTP-6.24-1  perl-Net-SMTP-SSL-1.04-2  perl-Net-SSLeay-1.96-1  perl-TermReadKey-2.38-8  perl-TimeDate-2.35-1  perl-Try-Tiny-0.32-1  perl-URI-5.36-1  perl-WWW-RobotRules-6.03-1  perl-http-cookiejar-0.014-1  perl-libwww-6.83-2  git-2.55.0-1  make-4.4.1-3  mingw-w64-x86_64-boost-1.91.0-3  mingw-w64-x86_64-cmake-4.4.2-2  mingw-w64-x86_64-gcc-16.2.0-3
2026-08-31T20:27:48.4916195Z 
2026-08-31T20:27:48.4916366Z Total Download Size:    154.18 MiB
2026-08-31T20:27:48.4916819Z Total Installed Size:  1023.08 MiB
2026-08-31T20:27:48.4917109Z 
2026-08-31T20:27:48.4917325Z :: Proceed with installation? [Y/n] 
2026-08-31T20:27:48.4919209Z :: Retrieving packages...
2026-08-31T20:27:58.4549780Z ##[error]The operation was canceled.
2026-08-31T20:27:58.4716787Z Cleaning up orphan processes
2026-08-31T20:27:58.5372584Z Terminate orphan process: pid (1808) (bash)
