{
  "status": "FAIL",
  "scope": "Frozen documentation only; not production or FHE validation.",
  "field_count": 14,
  "errors": [
    "historical_heading_not_unique",
    "wrong_or_duplicate_current_field:COMPLETION_CONTRACT_ID",
    "wrong_or_duplicate_current_field:SOURCE_SNAPSHOT",
    "wrong_or_duplicate_current_field:ALGORITHM_CORRECTNESS",
    "wrong_or_duplicate_current_field:ORIGINAL_S100_LINUX_E80",
    "wrong_or_duplicate_current_field:ORIGINAL_S100_WINDOWS_E80",
    "wrong_or_duplicate_current_field:S116_LINUX_E80",
    "wrong_or_duplicate_current_field:S116_WINDOWS_E80",
    "wrong_or_duplicate_current_field:ANNULUS125_LINUX_E80",
    "wrong_or_duplicate_current_field:ANNULUS125_WINDOWS_E80",
    "wrong_or_duplicate_current_field:CURRENT_P_ECD",
    "wrong_or_duplicate_current_field:TABLE3_ORIGINAL_STATISTICS",
    "wrong_or_duplicate_current_field:DEPLOYMENT_SECURITY",
    "wrong_or_duplicate_current_field:OVERALL_FROZEN_ACCEPTANCE",
    "wrong_or_duplicate_current_field:NEXT_CRYPTO_RUN",
    "current_branch_missing",
    "task_snapshot_missing",
    "qualification_missing:conditional_correctness",
    "qualification_missing:not_original_p",
    "qualification_missing:no_source_changes",
    "qualification_missing:not_all_frozen_passed",
    "reproduce_current_scope_missing",
    "s116_success_not_locally_scoped",
    "reproduce_original_failure_missing"
  ]
}
