2026-09-01T21:20:17.2109900Z Current runner version: '2.337.0'
2026-09-01T21:20:17.2143617Z ##[group]Runner Image Provisioner
2026-09-01T21:20:17.2144703Z Hosted Compute Agent
2026-09-01T21:20:17.2145747Z Version: 20260819.586
2026-09-01T21:20:17.2146634Z Commit: 3cc4a88dfa507ef76119ad1bb3eccc6378bb2b76
2026-09-01T21:20:17.2147683Z Build Date: 2026-08-18T23:20:18Z
2026-09-01T21:20:17.2148642Z Worker ID: {164b5f88-0a61-40a5-b2ef-a9de6f13e256}
2026-09-01T21:20:17.2149707Z Azure Region: centralus
2026-09-01T21:20:17.2150518Z ##[endgroup]
2026-09-01T21:20:17.2152213Z ##[group]Operating System
2026-09-01T21:20:17.2153086Z Microsoft Windows Server 2022
2026-09-01T21:20:17.2153936Z 10.0.20348
2026-09-01T21:20:17.2154651Z Datacenter
2026-09-01T21:20:17.2155328Z ##[endgroup]
2026-09-01T21:20:17.2156035Z ##[group]Runner Image
2026-09-01T21:20:17.2156814Z Image: windows-2022
2026-09-01T21:20:17.2157625Z Version: 20260824.284.2
2026-09-01T21:20:17.2159615Z Included Software: https://github.com/actions/runner-images/blob/win22/20260824.284/images/windows/Windows2022-Readme.md
2026-09-01T21:20:17.2161974Z Image Release: https://github.com/actions/runner-images/releases/tag/win22%2F20260824.284
2026-09-01T21:20:17.2163408Z ##[endgroup]
2026-09-01T21:20:17.2164956Z ##[group]GITHUB_TOKEN Permissions
2026-09-01T21:20:17.2167889Z Contents: read
2026-09-01T21:20:17.2168677Z Metadata: read
2026-09-01T21:20:17.2169380Z ##[endgroup]
2026-09-01T21:20:17.2172321Z Secret source: Actions
2026-09-01T21:20:17.2173806Z Prepare workflow directory
2026-09-01T21:20:17.2717305Z Prepare all required actions
2026-09-01T21:20:17.2771235Z Getting action download info
2026-09-01T21:20:17.5191582Z Download action repository 'msys2/setup-msys2@v2' (SHA:66cd2cce69caa17b53920067426061ca1de3a884)
2026-09-01T21:20:17.8790978Z Complete job name: windows-mingw64
2026-09-01T21:20:18.0167358Z ##[group]Run git config --global core.autocrlf false
2026-09-01T21:20:18.0168291Z [36;1mgit config --global core.autocrlf false[0m
2026-09-01T21:20:18.0168918Z [36;1mgit config --global core.eol lf[0m
2026-09-01T21:20:18.0169727Z [36;1mNew-Item -ItemType Directory -Path $env:WINDOWS_ROOT | Out-Null[0m
2026-09-01T21:20:18.0170435Z [36;1m[0m
2026-09-01T21:20:18.0170831Z [36;1mgit init $env:PROJECT_SOURCE[0m
2026-09-01T21:20:18.0171655Z [36;1mgit -C $env:PROJECT_SOURCE remote add origin https://github.com/leemaple/20231788..git[0m
2026-09-01T21:20:18.0172649Z [36;1mgit -C $env:PROJECT_SOURCE fetch --depth 1 origin $env:GITHUB_SHA[0m
2026-09-01T21:20:18.0173456Z [36;1mgit -C $env:PROJECT_SOURCE checkout --detach FETCH_HEAD[0m
2026-09-01T21:20:18.0174228Z [36;1m$projectActual = git -C $env:PROJECT_SOURCE rev-parse HEAD[0m
2026-09-01T21:20:18.0174948Z [36;1mif ($projectActual -ne $env:GITHUB_SHA) {[0m
2026-09-01T21:20:18.0175669Z [36;1m  throw "Project checkout mismatch: $projectActual"[0m
2026-09-01T21:20:18.0176266Z [36;1m}[0m
2026-09-01T21:20:18.0176632Z [36;1m[0m
2026-09-01T21:20:18.0177020Z [36;1mgit init $env:OPENFHE_SOURCE[0m
2026-09-01T21:20:18.0177916Z [36;1mgit -C $env:OPENFHE_SOURCE remote add origin https://github.com/openfheorg/openfhe-development.git[0m
2026-09-01T21:20:18.0179029Z [36;1mgit -C $env:OPENFHE_SOURCE fetch --depth 1 origin $env:OPENFHE_COMMIT[0m
2026-09-01T21:20:18.0179848Z [36;1mgit -C $env:OPENFHE_SOURCE checkout --detach FETCH_HEAD[0m
2026-09-01T21:20:18.0180689Z [36;1mgit -C $env:OPENFHE_SOURCE submodule update --init --recursive --depth 1[0m
2026-09-01T21:20:18.0181395Z [36;1m[0m
2026-09-01T21:20:18.0181943Z [36;1m$projectStatus = @(git -C $env:PROJECT_SOURCE status --porcelain)[0m
2026-09-01T21:20:18.0182655Z [36;1mif ($projectStatus.Count -ne 0) {[0m
2026-09-01T21:20:18.0183358Z [36;1m  throw "Project checkout is dirty: $($projectStatus -join '; ')"[0m
2026-09-01T21:20:18.0184018Z [36;1m}[0m
2026-09-01T21:20:18.0184552Z [36;1m$openfheStatus = @(git -C $env:OPENFHE_SOURCE status --porcelain)[0m
2026-09-01T21:20:18.0185255Z [36;1mif ($openfheStatus.Count -ne 0) {[0m
2026-09-01T21:20:18.0187304Z [36;1m  throw "OpenFHE checkout is dirty: $($openfheStatus -join '; ')"[0m
2026-09-01T21:20:18.0187979Z [36;1m}[0m
2026-09-01T21:20:18.1785479Z shell: C:\Program Files\PowerShell\7\pwsh.EXE -command ". '{0}'"
2026-09-01T21:20:18.1786483Z env:
2026-09-01T21:20:18.1787027Z   OPENFHE_COMMIT: df495ba2e91739a6dc8f1de254fc5a41155ce504
2026-09-01T21:20:18.1787801Z   OPENFHE_PREFIX: C:\openfhe-2023-1788\openfhe-install
2026-09-01T21:20:18.1788470Z   WINDOWS_ROOT: C:\openfhe-2023-1788
2026-09-01T21:20:18.1789179Z   PROJECT_SOURCE: C:\openfhe-2023-1788\cleanroom
2026-09-01T21:20:18.1789866Z   OPENFHE_SOURCE: C:\openfhe-2023-1788\openfhe-src
2026-09-01T21:20:18.1790634Z   OPENFHE_BUILD: C:\openfhe-2023-1788\openfhe-build-33560502555-1
2026-09-01T21:20:18.1791530Z   PROJECT_BUILD: C:\openfhe-2023-1788\project-build-33560502555-1
2026-09-01T21:20:18.1792248Z ##[endgroup]
2026-09-01T21:20:19.0312646Z Initialized empty Git repository in C:/openfhe-2023-1788/cleanroom/.git/
2026-09-01T21:20:20.4682805Z From https://github.com/leemaple/20231788.
2026-09-01T21:20:20.4683481Z  * branch            342686ae1badbcfd700eff0ec473cac4168e491a -> FETCH_HEAD
2026-09-01T21:20:20.6170034Z HEAD is now at 342686a feat: reject empty Relin2 evaluation-key vector
2026-09-01T21:20:20.6971058Z Initialized empty Git repository in C:/openfhe-2023-1788/openfhe-src/.git/
2026-09-01T21:20:21.8056276Z From https://github.com/openfheorg/openfhe-development
2026-09-01T21:20:21.8057151Z  * branch            df495ba2e91739a6dc8f1de254fc5a41155ce504 -> FETCH_HEAD
2026-09-01T21:20:22.5135218Z HEAD is now at df495ba Merge pull request #1130 from openfheorg/dev
2026-09-01T21:20:24.0068637Z Submodule 'third-party/cereal' (https://github.com/openfheorg/cereal.git) registered for path 'third-party/cereal'
2026-09-01T21:20:24.0090416Z Submodule 'third-party/google-benchmark' (https://github.com/google/benchmark.git) registered for path 'third-party/google-benchmark'
2026-09-01T21:20:24.0108607Z Submodule 'third-party/google-test' (https://github.com/google/googletest.git) registered for path 'third-party/google-test'
2026-09-01T21:20:24.0156819Z Submodule 'third-party/gperftools' (https://github.com/gperftools/gperftools.git) registered for path 'third-party/gperftools'
2026-09-01T21:20:24.0793427Z Cloning into 'C:/openfhe-2023-1788/openfhe-src/third-party/cereal'...
2026-09-01T21:20:24.7672101Z Cloning into 'C:/openfhe-2023-1788/openfhe-src/third-party/google-benchmark'...
2026-09-01T21:20:25.8299249Z Cloning into 'C:/openfhe-2023-1788/openfhe-src/third-party/google-test'...
2026-09-01T21:20:26.4713053Z Cloning into 'C:/openfhe-2023-1788/openfhe-src/third-party/gperftools'...
2026-09-01T21:20:27.6114175Z Submodule path 'third-party/cereal': checked out '984e3f194862b17916536b5fade40cba6e47a6fe'
2026-09-01T21:20:28.7735996Z From https://github.com/google/benchmark
2026-09-01T21:20:29.1427424Z  * branch            eddb0241389718a23a42db6af5f0164b6e0139af -> FETCH_HEAD
2026-09-01T21:20:29.1428569Z Submodule path 'third-party/google-benchmark': checked out 'eddb0241389718a23a42db6af5f0164b6e0139af'
2026-09-01T21:20:30.4018430Z From https://github.com/google/googletest
2026-09-01T21:20:30.4019174Z  * branch            52eb8108c5bdec04579160ae17225d66034bd723 -> FETCH_HEAD
2026-09-01T21:20:30.9157437Z Submodule path 'third-party/google-test': checked out '52eb8108c5bdec04579160ae17225d66034bd723'
2026-09-01T21:20:32.3003229Z From https://github.com/gperftools/gperftools
2026-09-01T21:20:32.3003908Z  * branch            83edb60836d87cf1b406e8846b9059c03031e8f5 -> FETCH_HEAD
2026-09-01T21:20:33.4828295Z Submodule path 'third-party/gperftools': checked out '83edb60836d87cf1b406e8846b9059c03031e8f5'
2026-09-01T21:20:33.8443938Z ##[group]Run msys2/setup-msys2@v2
2026-09-01T21:20:33.8444280Z with:
2026-09-01T21:20:33.8444472Z   msystem: MINGW64
2026-09-01T21:20:33.8444676Z   update: true
2026-09-01T21:20:33.8444862Z   cache: false
2026-09-01T21:20:33.8445191Z   install: git make mingw-w64-x86_64-boost mingw-w64-x86_64-cmake mingw-w64-x86_64-gcc
2026-09-01T21:20:33.8446466Z   path-type: minimal
2026-09-01T21:20:33.8446662Z   release: true
2026-09-01T21:20:33.8446870Z   platform-check-severity: fatal
2026-09-01T21:20:33.8447108Z env:
2026-09-01T21:20:33.8447343Z   OPENFHE_COMMIT: df495ba2e91739a6dc8f1de254fc5a41155ce504
2026-09-01T21:20:33.8447690Z   OPENFHE_PREFIX: C:\openfhe-2023-1788\openfhe-install
2026-09-01T21:20:33.8447980Z   WINDOWS_ROOT: C:\openfhe-2023-1788
2026-09-01T21:20:33.8448247Z   PROJECT_SOURCE: C:\openfhe-2023-1788\cleanroom
2026-09-01T21:20:33.8448557Z   OPENFHE_SOURCE: C:\openfhe-2023-1788\openfhe-src
2026-09-01T21:20:33.8448951Z   OPENFHE_BUILD: C:\openfhe-2023-1788\openfhe-build-33560502555-1
2026-09-01T21:20:33.8449352Z   PROJECT_BUILD: C:\openfhe-2023-1788\project-build-33560502555-1
2026-09-01T21:20:33.8449655Z ##[endgroup]
2026-09-01T21:20:34.1692992Z ##[group]Downloading MSYS2...
2026-09-01T21:20:34.9161357Z ##[endgroup]
2026-09-01T21:20:34.9162026Z ##[group]Extracting MSYS2...
2026-09-01T21:20:34.9178431Z [command]C:\hostedtoolcache\windows\msys2-installer\0.0.20260611\x64\base.exe -y
2026-09-01T21:20:35.2057751Z 
2026-09-01T21:20:35.2059169Z 7-Zip SFX 25.01 ZS v1.5.7 R4 (x64) : Copyright (c) 1999-2025 Igor Pavlov, 2016-2026 Tino Reichardt, 2022-2026 Sergey G. Brester : 2026-01-10
2026-09-01T21:20:35.2062556Z 
2026-09-01T21:20:35.2064239Z Extracting archive: C:\hostedtoolcache\windows\msys2-installer\0.0.20260611\x64\base.exe
2026-09-01T21:20:35.2065504Z --
2026-09-01T21:20:35.2066093Z Path = C:\hostedtoolcache\windows\msys2-installer\0.0.20260611\x64\base.exe
2026-09-01T21:20:35.2066975Z Type = 7z
2026-09-01T21:20:35.2067252Z 
2026-09-01T21:20:35.4028523Z   0%
2026-09-01T21:20:35.4028891Z     
2026-09-01T21:20:35.6056772Z   1% 1278 - msys64\usr\lib\perl5\core_perl\CORE\libperl.dll.a
2026-09-01T21:20:35.6057452Z                                                              
2026-09-01T21:20:35.8086367Z   3% 2264 - msys64\usr\lib\terminfo\64\diablo1730
2026-09-01T21:20:35.8087008Z                                                  
2026-09-01T21:20:36.0113789Z   4% 3500 - msys64\usr\lib\terminfo\74\tek4113
2026-09-01T21:20:36.0114364Z                                               
2026-09-01T21:20:36.2159866Z   5% 4676 - msys64\usr\share\bash-completion\completions\help
2026-09-01T21:20:36.2160522Z                                                              
2026-09-01T21:20:36.4161416Z   8% 5736 - msys64\usr\share\doc\xz\api\lzma12_8h.html
2026-09-01T21:20:36.4162036Z                                                       
2026-09-01T21:20:36.6183890Z  19% 6416 - msys64\usr\share\locale\ja\LC_MESSAGES\grep.mo
2026-09-01T21:20:36.6184587Z                                                           
2026-09-01T21:20:36.8213489Z  32% 6982 - msys64\usr\share\man\ar\man1\lzgrep.1.gz
2026-09-01T21:20:36.8213971Z                                                     
2026-09-01T21:20:37.0313126Z  33% 7848 - msys64\usr\share\man\man3\CURLOPT_COOKIE.3.gz
2026-09-01T21:20:37.0313791Z                                                          
2026-09-01T21:20:37.2341608Z  34% 9001 - msys64\usr\share\man\man3\panel.3x.gz
2026-09-01T21:20:37.2342763Z                                                  
2026-09-01T21:20:37.4370271Z  41% 9893 - msys64\usr\share\perl5\core_perl\Math\BigRat\Trace.pm
2026-09-01T21:20:37.4370974Z                                                                  
2026-09-01T21:20:37.6405258Z  44% 10809 - msys64\usr\share\perl5\core_perl\unicore\lib\Sc\Tang.pl
2026-09-01T21:20:37.6406110Z                                                                     
2026-09-01T21:20:37.8432672Z  47% 11925 - msys64\usr\share\terminfo\65\ex155
2026-09-01T21:20:37.8435544Z                                                
2026-09-01T21:20:38.0461386Z  47% 13158 - msys64\usr\share\terminfo\74\tty40
2026-09-01T21:20:38.0461965Z                                                
2026-09-01T21:20:38.2437956Z  48% 14242 - msys64\usr\share\zoneinfo\Asia\Tashkent
2026-09-01T21:20:38.2439025Z                                                     
2026-09-01T21:20:38.4475147Z  48% 15427 - msys64\usr\share\zoneinfo\right\Asia\Tomsk
2026-09-01T21:20:38.4475748Z                                                        
2026-09-01T21:20:38.6545074Z  50% 16169 - msys64\usr\bin\gawk.exe
2026-09-01T21:20:38.6545732Z                                     
2026-09-01T21:20:38.8588939Z  68% 16334 - msys64\usr\bin\msys-tasn1-6.dll
2026-09-01T21:20:38.8589479Z                                             
2026-09-01T21:20:38.9338421Z  91% 16519 - msys64\usr\lib\perl5\core_perl\auto\Compress\Raw\Zlib\Zlib.dll
2026-09-01T21:20:38.9339183Z                                                                            
2026-09-01T21:20:38.9340720Z Everything is Ok
2026-09-01T21:20:38.9366291Z ##[endgroup]
2026-09-01T21:20:38.9367298Z ##[group]Disable Key Refresh...
2026-09-01T21:20:38.9390698Z ##[endgroup]
2026-09-01T21:20:38.9411896Z ##[group]Starting MSYS2 for the first time...
2026-09-01T21:20:39.0283524Z [command]C:\Windows\system32\cmd.exe /D /S /C D:\a\_temp\setup-msys2\msys2.cmd -c "'uname' '-a'"
2026-09-01T21:20:39.1384696Z [1;32mMSYS2 is starting for the first time. Executing the initial setup.[1;0m
2026-09-01T21:20:39.1863251Z Copying skeleton files.
2026-09-01T21:20:39.1863810Z These files are for the users to personalise their msys2 experience.
2026-09-01T21:20:39.1864224Z 
2026-09-01T21:20:39.1864438Z They will never be overwritten nor automatically updated.
2026-09-01T21:20:39.1864823Z 
2026-09-01T21:20:39.2297789Z './.bashrc' -> '/home/runneradmin/.bashrc'
2026-09-01T21:20:39.2467375Z './.bash_profile' -> '/home/runneradmin/.bash_profile'
2026-09-01T21:20:39.2622065Z './.profile' -> '/home/runneradmin/.profile'
2026-09-01T21:20:39.3199185Z 'C:\Windows\system32\drivers\etc\hosts' -> '/etc/hosts'
2026-09-01T21:20:39.5259659Z 'C:\Windows\system32\drivers\etc\protocol' -> '/etc/protocols'
2026-09-01T21:20:39.5755351Z 'C:\Windows\system32\drivers\etc\services' -> '/etc/services'
2026-09-01T21:20:39.6249171Z 'C:\Windows\system32\drivers\etc\networks' -> '/etc/networks'
2026-09-01T21:20:39.8025542Z gpg: /etc/pacman.d/gnupg/trustdb.gpg: trustdb created
2026-09-01T21:20:39.8108532Z gpg: no ultimately trusted keys found
2026-09-01T21:20:40.0784684Z gpg: starting migration from earlier GnuPG versions
2026-09-01T21:20:40.1369745Z gpg: porting secret keys from '/etc/pacman.d/gnupg/secring.gpg' to gpg-agent
2026-09-01T21:20:40.1372156Z gpg: migration succeeded
2026-09-01T21:20:40.1594936Z ==> Generating pacman master key. This may take some time.
2026-09-01T21:20:40.1779345Z gpg: Generating pacman keyring master key...
2026-09-01T21:20:40.7913934Z gpg: directory '/etc/pacman.d/gnupg/openpgp-revocs.d' created
2026-09-01T21:20:40.8189212Z gpg: revocation certificate stored as '/etc/pacman.d/gnupg/openpgp-revocs.d/71D8A851F187EC35F58ECBEF3A66E57F30930A32.rev'
2026-09-01T21:20:40.8190057Z gpg: Done
2026-09-01T21:20:40.8348273Z ==> Updating trust database...
2026-09-01T21:20:40.8780372Z gpg: marginals needed: 3  completes needed: 1  trust model: pgp
2026-09-01T21:20:40.8780946Z gpg: depth: 0  valid:   1  signed:   0  trust: 0-, 0q, 0n, 0m, 0f, 1u
2026-09-01T21:20:40.9883386Z ==> Appending keys from msys2.gpg...
2026-09-01T21:20:41.5025151Z ==> Locally signing trusted keys in keyring...
2026-09-01T21:20:42.0121755Z   -> Locally signed 5 keys.
2026-09-01T21:20:42.0246860Z ==> Importing owner trust values...
2026-09-01T21:20:42.0404785Z gpg: setting ownertrust to 4
2026-09-01T21:20:42.0405199Z gpg: setting ownertrust to 4
2026-09-01T21:20:42.0405444Z gpg: setting ownertrust to 4
2026-09-01T21:20:42.0405664Z gpg: setting ownertrust to 4
2026-09-01T21:20:42.0406888Z gpg: setting ownertrust to 4
2026-09-01T21:20:42.0700748Z ==> Disabling revoked keys in keyring...
2026-09-01T21:20:42.3220698Z   -> Disabled 4 keys.
2026-09-01T21:20:42.3345273Z ==> Updating trust database...
2026-09-01T21:20:42.3681369Z gpg: marginals needed: 3  completes needed: 1  trust model: pgp
2026-09-01T21:20:42.3705082Z gpg: depth: 0  valid:   1  signed:   5  trust: 0-, 0q, 0n, 0m, 0f, 1u
2026-09-01T21:20:42.3730827Z gpg: depth: 1  valid:   5  signed:   6  trust: 0-, 0q, 0n, 5m, 0f, 0u
2026-09-01T21:20:42.3742377Z gpg: depth: 2  valid:   3  signed:   2  trust: 3-, 0q, 0n, 0m, 0f, 0u
2026-09-01T21:20:42.4077863Z pacman-key (pacman) 6.1.0
2026-09-01T21:20:42.4078338Z Copyright (c) 2010-2024 Pacman Development Team <pacman-dev@lists.archlinux.org>.
2026-09-01T21:20:42.4078710Z 
2026-09-01T21:20:42.4208444Z This is free software; see the source for copying conditions.
2026-09-01T21:20:42.4209105Z There is NO WARRANTY, to the extent permitted by law.
2026-09-01T21:20:42.5997609Z [1;32mInitial setup complete. MSYS2 is now ready to use.[1;0m
2026-09-01T21:20:42.6140822Z MINGW64_NT-10.0-20348 runnervm0js1w 3.6.9-01d6c708.x86_64 2026-05-24 10:45 UTC x86_64 Msys
2026-09-01T21:20:42.6180274Z ##[endgroup]
2026-09-01T21:20:42.6180968Z ##[group]Disable CheckSpace...
2026-09-01T21:20:42.6757238Z [command]C:\Windows\system32\cmd.exe /D /S /C D:\a\_temp\setup-msys2\msys2.cmd -c "'sed' '-i' 's/^CheckSpace/#CheckSpace/g' '/etc/pacman.conf'"
2026-09-01T21:20:42.8477045Z ##[endgroup]
2026-09-01T21:20:42.8477563Z ##[group]Updating packages...
2026-09-01T21:20:42.9022534Z [command]C:\Windows\system32\cmd.exe /D /S /C D:\a\_temp\setup-msys2\msys2.cmd -c "'pacman' '--noconfirm' '-Syuu' '--overwrite' '*'"
2026-09-01T21:20:43.6612727Z :: Synchronizing package databases...
2026-09-01T21:20:45.2625041Z  clangarm64 downloading...
2026-09-01T21:20:45.2625365Z  mingw32 downloading...
2026-09-01T21:20:45.2625594Z  mingw64 downloading...
2026-09-01T21:20:45.2625804Z  ucrt64 downloading...
2026-09-01T21:20:45.2626038Z  clang64 downloading...
2026-09-01T21:20:45.2626242Z  msys downloading...
2026-09-01T21:20:45.7004169Z :: Starting core system upgrade...
2026-09-01T21:20:45.8897147Z warning: terminate other MSYS2 programs before proceeding
2026-09-01T21:20:45.8897544Z resolving dependencies...
2026-09-01T21:20:45.8897787Z looking for conflicting packages...
2026-09-01T21:20:45.8981240Z 
2026-09-01T21:20:45.8982041Z Packages (1) msys2-runtime-3.6.10-3
2026-09-01T21:20:45.8982526Z 
2026-09-01T21:20:45.8982672Z Total Download Size:    1.97 MiB
2026-09-01T21:20:45.8983033Z Total Installed Size:   6.33 MiB
2026-09-01T21:20:45.8983397Z Net Upgrade Size:      -0.20 MiB
2026-09-01T21:20:45.8983624Z 
2026-09-01T21:20:45.8983851Z :: Proceed with installation? [Y/n] 
2026-09-01T21:20:45.8984238Z :: Retrieving packages...
2026-09-01T21:20:47.4895335Z  msys2-runtime-3.6.10-3-x86_64 downloading...
2026-09-01T21:20:47.4895698Z checking keyring...
2026-09-01T21:20:47.5460715Z checking package integrity...
2026-09-01T21:20:47.7431003Z loading package files...
2026-09-01T21:20:47.7454767Z checking for file conflicts...
2026-09-01T21:20:47.7476491Z :: Processing package changes...
2026-09-01T21:20:47.7476898Z upgrading msys2-runtime...
2026-09-01T21:20:47.8814216Z :: To complete this update all MSYS2 processes including this terminal will be closed. Confirm to proceed [Y/n] 
2026-09-01T21:20:48.1222083Z ##[endgroup]
2026-09-01T21:20:48.1222578Z ##[group]Killing remaining tasks...
2026-09-01T21:20:48.1789914Z [command]C:\Windows\system32\taskkill.exe /F /FI "MODULES eq msys-2.0.dll"
2026-09-01T21:20:48.2928738Z 
2026-09-01T21:20:48.2929364Z INFO: No tasks running with the specified criteria.
2026-09-01T21:20:48.2959627Z ##[endgroup]
2026-09-01T21:20:48.2960155Z ##[group]Final system upgrade...
2026-09-01T21:20:48.3519285Z [command]C:\Windows\system32\cmd.exe /D /S /C D:\a\_temp\setup-msys2\msys2.cmd -c "'pacman' '--noconfirm' '-Syuu' '--overwrite' '*'"
2026-09-01T21:20:48.9602871Z :: Synchronizing package databases...
2026-09-01T21:20:49.8599858Z  clangarm64 downloading...
2026-09-01T21:20:49.8600297Z  mingw32 downloading...
2026-09-01T21:20:49.8600605Z  mingw64 downloading...
2026-09-01T21:20:49.8600907Z  ucrt64 downloading...
2026-09-01T21:20:49.8601199Z  clang64 downloading...
2026-09-01T21:20:49.8601489Z  msys downloading...
2026-09-01T21:20:50.2748226Z :: Starting core system upgrade...
2026-09-01T21:20:50.4702890Z  there is nothing to do
2026-09-01T21:20:50.4703425Z :: Starting full system upgrade...
2026-09-01T21:20:50.5071664Z resolving dependencies...
2026-09-01T21:20:50.5139216Z looking for conflicting packages...
2026-09-01T21:20:50.5259693Z 
2026-09-01T21:20:50.5262878Z Packages (31) bash-completion-2.18.0-1  bsdtar-3.8.9-1  ca-certificates-20260816-1  curl-8.21.0-1  findutils-4.11.0-2  gawk-5.4.1-1  gcc-libs-15.3.0-1  gnupg-2.4.9-3  libcurl-8.21.0-1  libexpat-2.8.3-1  libffi-3.8.0-1  libgnutls-3.8.13-2  libhogweed-4.0-1  libnettle-4.0-1  libnghttp2-1.70.0-1  libnghttp3-1.18.0-1  libngtcp2-1.25.0-1  libopenssl-3.6.4-1  libp11-kit-0.26.5-1  libpsl-0.23.2-1  libsqlite-3.53.4-1  msys2-keyring-1~20260814-1  nano-9.2-1  nettle-4.0-1  openssl-3.6.4-1  p11-kit-0.26.5-1  pacman-contrib-1.10.6-2  perl-5.42.3-1  pinentry-1.3.3-1  tzcode-2026c-1  wget-1.25.0-2
2026-09-01T21:20:50.5265986Z 
2026-09-01T21:20:50.5266148Z Total Download Size:    27.05 MiB
2026-09-01T21:20:50.5266529Z Total Installed Size:  108.42 MiB
2026-09-01T21:20:50.5266910Z Net Upgrade Size:       -1.02 MiB
2026-09-01T21:20:50.5267135Z 
2026-09-01T21:20:50.5267384Z :: Proceed with installation? [Y/n] 
2026-09-01T21:20:50.5267818Z :: Retrieving packages...
2026-09-01T21:20:53.4890627Z  perl-5.42.3-1-x86_64 downloading...
2026-09-01T21:20:53.4891125Z  pacman-contrib-1.10.6-2-x86_64 downloading...
2026-09-01T21:20:53.4891544Z  gnupg-2.4.9-3-x86_64 downloading...
2026-09-01T21:20:53.4891901Z  libopenssl-3.6.4-1-x86_64 downloading...
2026-09-01T21:20:53.4892254Z  gawk-5.4.1-1-x86_64 downloading...
2026-09-01T21:20:53.4892619Z  libgnutls-3.8.13-2-x86_64 downloading...
2026-09-01T21:20:53.4892972Z  gcc-libs-15.3.0-1-x86_64 downloading...
2026-09-01T21:20:53.4893316Z  curl-8.21.0-1-x86_64 downloading...
2026-09-01T21:20:53.4893633Z  wget-1.25.0-2-x86_64 downloading...
2026-09-01T21:20:53.4893969Z  libsqlite-3.53.4-1-x86_64 downloading...
2026-09-01T21:20:53.4894347Z  nano-9.2-1-x86_64 downloading...
2026-09-01T21:20:53.4894591Z  openssl-3.6.4-1-x86_64 downloading...
2026-09-01T21:20:53.4894860Z  findutils-4.11.0-2-x86_64 downloading...
2026-09-01T21:20:53.4895122Z  p11-kit-0.26.5-1-x86_64 downloading...
2026-09-01T21:20:53.4895418Z  ca-certificates-20260816-1-any downloading...
2026-09-01T21:20:53.4895701Z  libcurl-8.21.0-1-x86_64 downloading...
2026-09-01T21:20:53.4895965Z  bsdtar-3.8.9-1-x86_64 downloading...
2026-09-01T21:20:53.4896235Z  tzcode-2026c-1-x86_64 downloading...
2026-09-01T21:20:53.4896481Z  libp11-kit-0.26.5-1-x86_64 downloading...
2026-09-01T21:20:53.4896784Z  bash-completion-2.18.0-1-any downloading...
2026-09-01T21:20:53.4897056Z  libhogweed-4.0-1-x86_64 downloading...
2026-09-01T21:20:53.4897309Z  libngtcp2-1.25.0-1-x86_64 downloading...
2026-09-01T21:20:53.4897567Z  libnettle-4.0-1-x86_64 downloading...
2026-09-01T21:20:53.4897814Z  nettle-4.0-1-x86_64 downloading...
2026-09-01T21:20:53.4898057Z  libpsl-0.23.2-1-x86_64 downloading...
2026-09-01T21:20:53.4898459Z  libnghttp3-1.18.0-1-x86_64 downloading...
2026-09-01T21:20:53.4898805Z  libnghttp2-1.70.0-1-x86_64 downloading...
2026-09-01T21:20:53.4899063Z  libexpat-2.8.3-1-x86_64 downloading...
2026-09-01T21:20:53.4899323Z  pinentry-1.3.3-1-x86_64 downloading...
2026-09-01T21:20:53.4899616Z  msys2-keyring-1~20260814-1-any downloading...
2026-09-01T21:20:53.4899912Z  libffi-3.8.0-1-x86_64 downloading...
2026-09-01T21:20:53.4900175Z checking keyring...
2026-09-01T21:20:53.5470143Z checking package integrity...
2026-09-01T21:20:58.0723010Z loading package files...
2026-09-01T21:20:58.1483053Z checking for file conflicts...
2026-09-01T21:20:58.2019552Z :: Running pre-transaction hooks...
2026-09-01T21:20:58.2019986Z (1/1) Removing old entries from the info directory file...
2026-09-01T21:20:58.3248632Z :: Processing package changes...
2026-09-01T21:20:58.3249141Z upgrading bash-completion...
2026-09-01T21:20:59.1060678Z upgrading gcc-libs...
2026-09-01T21:20:59.1235519Z upgrading libexpat...
2026-09-01T21:20:59.1276612Z upgrading libopenssl...
2026-09-01T21:20:59.1540058Z upgrading bsdtar...
2026-09-01T21:20:59.1630363Z upgrading openssl...
2026-09-01T21:20:59.2559371Z upgrading findutils...
2026-09-01T21:20:59.3570788Z upgrading libffi...
2026-09-01T21:20:59.3665959Z upgrading libp11-kit...
2026-09-01T21:20:59.3738327Z upgrading p11-kit...
2026-09-01T21:20:59.5209286Z upgrading ca-certificates...
2026-09-01T21:21:00.1096071Z upgrading libnghttp3...
2026-09-01T21:21:00.1156433Z upgrading libngtcp2...
2026-09-01T21:21:00.1235103Z upgrading libnghttp2...
2026-09-01T21:21:00.1291481Z upgrading libpsl...
2026-09-01T21:21:00.1377862Z upgrading libcurl...
2026-09-01T21:21:00.1446418Z upgrading curl...
2026-09-01T21:21:00.5272901Z upgrading gawk...
2026-09-01T21:21:00.6197314Z upgrading libhogweed...
2026-09-01T21:21:00.6239268Z upgrading libnettle...
2026-09-01T21:21:00.6285729Z upgrading libgnutls...
2026-09-01T21:21:00.6750226Z upgrading libsqlite...
2026-09-01T21:21:00.6848568Z upgrading nettle...
2026-09-01T21:21:00.6921671Z upgrading pinentry...
2026-09-01T21:21:00.6978295Z upgrading gnupg...
2026-09-01T21:21:05.2633507Z ==> Appending keys from msys2.gpg...
2026-09-01T21:21:05.9486523Z ==> Updating trust database...
2026-09-01T21:21:05.9659070Z gpg: no need for a trustdb check
2026-09-01T21:21:06.0554223Z upgrading msys2-keyring...
2026-09-01T21:21:06.3996657Z ==> Appending keys from msys2.gpg...
2026-09-01T21:21:07.0163362Z ==> Updating trust database...
2026-09-01T21:21:07.0348809Z gpg: next trustdb check due at 2027-02-10
2026-09-01T21:21:07.1265983Z upgrading nano...
2026-09-01T21:21:07.2224269Z upgrading pacman-contrib...
2026-09-01T21:21:07.2899378Z New optional dependencies for pacman-contrib
2026-09-01T21:21:07.2899756Z     perl: for pacsearch [installed]
2026-09-01T21:21:07.2900034Z     vim: default diff program for pacdiff
2026-09-01T21:21:07.2900299Z upgrading perl...
2026-09-01T21:21:08.9297515Z upgrading tzcode...
2026-09-01T21:21:10.9438561Z upgrading wget...
2026-09-01T21:21:11.0468951Z :: Running post-transaction hooks...
2026-09-01T21:21:11.0469334Z (1/1) Updating the info directory file...
2026-09-01T21:21:12.8157492Z ##[endgroup]
2026-09-01T21:21:12.8158773Z ##[group]Installing additional packages through pacman...
2026-09-01T21:21:12.8751984Z [command]C:\Windows\system32\cmd.exe /D /S /C D:\a\_temp\setup-msys2\msys2.cmd -c "'pacman' '--noconfirm' '-S' '--needed' '--overwrite' '*' 'git' 'make' 'mingw-w64-x86_64-boost' 'mingw-w64-x86_64-cmake' 'mingw-w64-x86_64-gcc'"
2026-09-01T21:21:13.7112745Z resolving dependencies...
2026-09-01T21:21:13.7237426Z looking for conflicting packages...
2026-09-01T21:21:13.7378506Z 
2026-09-01T21:21:13.7388348Z Packages (89) heimdal-7.8.0-5  heimdal-libs-7.8.0-5  libcbor-0.14.0-2  libedit-20240808_3.1-1  libfido2-1.17.0-1  mingw-w64-x86_64-binutils-2.47-3  mingw-w64-x86_64-boost-libs-1.91.0-3  mingw-w64-x86_64-brotli-1.2.0-1  mingw-w64-x86_64-bzip2-1.0.8-4  mingw-w64-x86_64-c-ares-1.34.8-1  mingw-w64-x86_64-ca-certificates-20260816-1  mingw-w64-x86_64-cppdap-1.65.r11.g6464cd7-1  mingw-w64-x86_64-crt-14.0.0.r302.gd7f3c5201-1  mingw-w64-x86_64-curl-8.21.0-2  mingw-w64-x86_64-expat-2.8.3-1  mingw-w64-x86_64-gcc-libs-16.2.0-3  mingw-w64-x86_64-gettext-runtime-1.0-1  mingw-w64-x86_64-gmp-6.3.0-2  mingw-w64-x86_64-gnutls-3.8.13-3  mingw-w64-x86_64-headers-14.0.0.r302.gd7f3c5201-1  mingw-w64-x86_64-icu-78.3-4  mingw-w64-x86_64-isl-0.28-1  mingw-w64-x86_64-jsoncpp-1.9.8-1  mingw-w64-x86_64-libarchive-3.8.9-5  mingw-w64-x86_64-libb2-0.98.1-3  mingw-w64-x86_64-libffi-3.8.0-1  mingw-w64-x86_64-libiconv-1.19-1  mingw-w64-x86_64-libidn2-2.3.8-4  mingw-w64-x86_64-libpsl-0.21.5-3  mingw-w64-x86_64-libssh2-1.11.1-2  mingw-w64-x86_64-libtasn1-4.21.0-1  mingw-w64-x86_64-libunistring-1.4.2-1  mingw-w64-x86_64-libuv-1.52.1-1  mingw-w64-x86_64-libwinpthread-14.0.0.r302.gd7f3c5201-1  mingw-w64-x86_64-lz4-1.10.0-1  mingw-w64-x86_64-mpc-1.4.1-1  mingw-w64-x86_64-mpfr-4.2.2-3  mingw-w64-x86_64-nettle-4.0-1  mingw-w64-x86_64-nghttp2-1.70.0-1  mingw-w64-x86_64-nghttp3-1.18.0-1  mingw-w64-x86_64-ngtcp2-1.25.0-1  mingw-w64-x86_64-ninja-1.13.2-1  mingw-w64-x86_64-openssl-3.6.4-1  mingw-w64-x86_64-p11-kit-0.26.5-1  mingw-w64-x86_64-pcre2-10.47-1  mingw-w64-x86_64-pkgconf-1~3.0.5-1  mingw-w64-x86_64-rhash-1.4.6-1  mingw-w64-x86_64-tzdata-2026c-1  mingw-w64-x86_64-windows-default-manifest-20260815-1  mingw-w64-x86_64-wineditline-2.208-1  mingw-w64-x86_64-winpthreads-14.0.0.r302.gd7f3c5201-1  mingw-w64-x86_64-xz-5.8.3-1  mingw-w64-x86_64-zlib-1.3.2-2  mingw-w64-x86_64-zstd-1.5.7-2  openssh-10.5p1-2  perl-Authen-SASL-2.2000-1  perl-Clone-0.50-2  perl-Convert-BinHex-1.125-2  perl-Encode-Locale-1.05-2  perl-Error-0.17030-1  perl-File-Listing-6.16-1  perl-HTML-Parser-3.85-1  perl-HTML-Tagset-3.24-1  perl-HTTP-Cookies-6.12-1  perl-HTTP-Daemon-6.17-1  perl-HTTP-Date-6.08-1  perl-HTTP-Message-7.04-1  perl-HTTP-Negotiate-6.01-3  perl-IO-HTML-1.004-2  perl-IO-Socket-SSL-2.099-1  perl-IO-Stringy-2.113-3  perl-LWP-MediaTypes-6.04-2  perl-MIME-tools-5.517-1  perl-MailTools-2.22-1  perl-Net-HTTP-6.24-1  perl-Net-SMTP-SSL-1.04-2  perl-Net-SSLeay-1.96-1  perl-TermReadKey-2.38-8  perl-TimeDate-2.35-1  perl-Try-Tiny-0.32-1  perl-URI-5.36-1  perl-WWW-RobotRules-6.03-1  perl-http-cookiejar-0.014-1  perl-libwww-6.83-2  git-2.55.0-1  make-4.4.1-3  mingw-w64-x86_64-boost-1.91.0-3  mingw-w64-x86_64-cmake-4.4.2-2  mingw-w64-x86_64-gcc-16.2.0-3
2026-09-01T21:21:13.7397621Z 
2026-09-01T21:21:13.7397730Z Total Download Size:    154.18 MiB
2026-09-01T21:21:13.7397997Z Total Installed Size:  1023.08 MiB
2026-09-01T21:21:13.7398174Z 
2026-09-01T21:21:13.7398328Z :: Proceed with installation? [Y/n] 
2026-09-01T21:21:13.7398611Z :: Retrieving packages...
2026-09-01T21:21:44.3958452Z  mingw-w64-x86_64-gcc-16.2.0-3-any downloading...
2026-09-01T21:21:44.3959012Z  mingw-w64-x86_64-icu-78.3-4-any downloading...
2026-09-01T21:21:44.3959498Z  mingw-w64-x86_64-boost-1.91.0-3-any downloading...
2026-09-01T21:21:44.3960007Z  mingw-w64-x86_64-cmake-4.4.2-2-any downloading...
2026-09-01T21:21:44.3960535Z  mingw-w64-x86_64-openssl-3.6.4-1-any downloading...
2026-09-01T21:21:44.3960946Z  git-2.55.0-1-x86_64 downloading...
2026-09-01T21:21:44.3961616Z  mingw-w64-x86_64-headers-14.0.0.r302.gd7f3c5201-1-any downloading...
2026-09-01T21:21:44.3962218Z  mingw-w64-x86_64-binutils-2.47-3-any downloading...
2026-09-01T21:21:44.3962596Z  mingw-w64-x86_64-crt-14.0.0.r302.gd7f3c5201-1-any downloading...
2026-09-01T21:21:44.3962961Z  mingw-w64-x86_64-boost-libs-1.91.0-3-any downloading...
2026-09-01T21:21:44.3963283Z  mingw-w64-x86_64-gnutls-3.8.13-3-any downloading...
2026-09-01T21:21:44.3963613Z  mingw-w64-x86_64-libarchive-3.8.9-5-any downloading...
2026-09-01T21:21:44.3963926Z  mingw-w64-x86_64-curl-8.21.0-2-any downloading...
2026-09-01T21:21:44.3964222Z  mingw-w64-x86_64-isl-0.28-1-any downloading...
2026-09-01T21:21:44.3964515Z  mingw-w64-x86_64-pcre2-10.47-1-any downloading...
2026-09-01T21:21:44.3964793Z  openssh-10.5p1-2-x86_64 downloading...
2026-09-01T21:21:44.3965102Z  mingw-w64-x86_64-gcc-libs-16.2.0-3-any downloading...
2026-09-01T21:21:44.3965440Z  mingw-w64-x86_64-libunistring-1.4.2-1-any downloading...
2026-09-01T21:21:44.3965754Z  heimdal-libs-7.8.0-5-x86_64 downloading...
2026-09-01T21:21:44.3966044Z  mingw-w64-x86_64-libiconv-1.19-1-any downloading...
2026-09-01T21:21:44.3966344Z  mingw-w64-x86_64-zstd-1.5.7-2-any downloading...
2026-09-01T21:21:44.3966657Z  mingw-w64-x86_64-p11-kit-0.26.5-1-any downloading...
2026-09-01T21:21:44.3966999Z  mingw-w64-x86_64-gmp-6.3.0-2-any downloading...
2026-09-01T21:21:44.3967448Z  mingw-w64-x86_64-nettle-4.0-1-any downloading...
2026-09-01T21:21:44.3968090Z  heimdal-7.8.0-5-x86_64 downloading...
2026-09-01T21:21:44.3968378Z  mingw-w64-x86_64-mpfr-4.2.2-3-any downloading...
2026-09-01T21:21:44.3968738Z  mingw-w64-x86_64-cppdap-1.65.r11.g6464cd7-1-any downloading...
2026-09-01T21:21:44.3969067Z  make-4.4.1-3-x86_64 downloading...
2026-09-01T21:21:44.3969329Z  mingw-w64-x86_64-xz-5.8.3-1-any downloading...
2026-09-01T21:21:44.3969785Z  mingw-w64-x86_64-brotli-1.2.0-1-any downloading...
2026-09-01T21:21:44.3970127Z  mingw-w64-x86_64-gettext-runtime-1.0-1-any downloading...
2026-09-01T21:21:44.3970510Z  mingw-w64-x86_64-ca-certificates-20260816-1-any downloading...
2026-09-01T21:21:44.3970878Z  mingw-w64-x86_64-c-ares-1.34.8-1-any downloading...
2026-09-01T21:21:44.3971197Z  mingw-w64-x86_64-libssh2-1.11.1-2-any downloading...
2026-09-01T21:21:44.3971607Z  mingw-w64-x86_64-ngtcp2-1.25.0-1-any downloading...
2026-09-01T21:21:44.3972075Z  mingw-w64-x86_64-rhash-1.4.6-1-any downloading...
2026-09-01T21:21:44.3972541Z  perl-Net-SSLeay-1.96-1-x86_64 downloading...
2026-09-01T21:21:44.3973020Z  mingw-w64-x86_64-tzdata-2026c-1-any downloading...
2026-09-01T21:21:44.3973500Z  mingw-w64-x86_64-libuv-1.52.1-1-any downloading...
2026-09-01T21:21:44.3973976Z  mingw-w64-x86_64-jsoncpp-1.9.8-1-any downloading...
2026-09-01T21:21:44.3974448Z  mingw-w64-x86_64-nghttp2-1.70.0-1-any downloading...
2026-09-01T21:21:44.3974940Z  mingw-w64-x86_64-libtasn1-4.21.0-1-any downloading...
2026-09-01T21:21:44.3975380Z  mingw-w64-x86_64-expat-2.8.3-1-any downloading...
2026-09-01T21:21:44.3975845Z  mingw-w64-x86_64-ninja-1.13.2-1-any downloading...
2026-09-01T21:21:44.3976303Z  perl-MIME-tools-5.517-1-any downloading...
2026-09-01T21:21:44.3976765Z  mingw-w64-x86_64-libidn2-2.3.8-4-any downloading...
2026-09-01T21:21:44.3977244Z  mingw-w64-x86_64-lz4-1.10.0-1-any downloading...
2026-09-01T21:21:44.3977731Z  perl-IO-Socket-SSL-2.099-1-any downloading...
2026-09-01T21:21:44.3978235Z  mingw-w64-x86_64-pkgconf-1~3.0.5-1-any downloading...
2026-09-01T21:21:44.3978781Z  mingw-w64-x86_64-nghttp3-1.18.0-1-any downloading...
2026-09-01T21:21:44.3979271Z  mingw-w64-x86_64-mpc-1.4.1-1-any downloading...
2026-09-01T21:21:44.3979707Z  perl-libwww-6.83-2-any downloading...
2026-09-01T21:21:44.3980162Z  mingw-w64-x86_64-zlib-1.3.2-2-any downloading...
2026-09-01T21:21:44.3980579Z  perl-URI-5.36-1-any downloading...
2026-09-01T21:21:44.3981003Z  mingw-w64-x86_64-libpsl-0.21.5-3-any downloading...
2026-09-01T21:21:44.3981505Z  mingw-w64-x86_64-bzip2-1.0.8-4-any downloading...
2026-09-01T21:21:44.3981991Z  libedit-20240808_3.1-1-x86_64 downloading...
2026-09-01T21:21:44.3982425Z  libfido2-1.17.0-1-x86_64 downloading...
2026-09-01T21:21:44.3982876Z  perl-HTML-Parser-3.85-1-x86_64 downloading...
2026-09-01T21:21:44.3983354Z  perl-HTTP-Message-7.04-1-any downloading...
2026-09-01T21:21:44.3983774Z  perl-TimeDate-2.35-1-any downloading...
2026-09-01T21:21:44.3984248Z  mingw-w64-x86_64-wineditline-2.208-1-any downloading...
2026-09-01T21:21:44.3984684Z  perl-MailTools-2.22-1-any downloading...
2026-09-01T21:21:44.3984983Z  mingw-w64-x86_64-libffi-3.8.0-1-any downloading...
2026-09-01T21:21:44.3985286Z  perl-IO-Stringy-2.113-3-any downloading...
2026-09-01T21:21:44.3985678Z  mingw-w64-x86_64-winpthreads-14.0.0.r302.gd7f3c5201-1-any downloading...
2026-09-01T21:21:44.3986170Z  perl-Authen-SASL-2.2000-1-any downloading...
2026-09-01T21:21:44.3986550Z  mingw-w64-x86_64-libwinpthread-14.0.0.r302.gd7f3c5201-1-any downloading...
2026-09-01T21:21:44.3986947Z  perl-Convert-BinHex-1.125-2-any downloading...
2026-09-01T21:21:44.3987326Z  mingw-w64-x86_64-libb2-0.98.1-3-any downloading...
2026-09-01T21:21:44.3987764Z  libcbor-0.14.0-2-x86_64 downloading...
2026-09-01T21:21:44.3988167Z  perl-HTTP-Cookies-6.12-1-any downloading...
2026-09-01T21:21:44.3988592Z  perl-Net-HTTP-6.24-1-any downloading...
2026-09-01T21:21:44.3988996Z  perl-Error-0.17030-1-any downloading...
2026-09-01T21:21:44.3989429Z  perl-TermReadKey-2.38-8-x86_64 downloading...
2026-09-01T21:21:44.3990089Z  perl-HTTP-Daemon-6.17-1-any downloading...
2026-09-01T21:21:44.3990546Z  perl-LWP-MediaTypes-6.04-2-any downloading...
2026-09-01T21:21:44.3990998Z  perl-Try-Tiny-0.32-1-any downloading...
2026-09-01T21:21:44.3992084Z  perl-Clone-0.50-2-x86_64 downloading...
2026-09-01T21:21:44.3992471Z  perl-IO-HTML-1.004-2-any downloading...
2026-09-01T21:21:44.3992947Z  perl-WWW-RobotRules-6.03-1-any downloading...
2026-09-01T21:21:44.3994734Z  perl-http-cookiejar-0.014-1-any downloading...
2026-09-01T21:21:44.3995221Z  perl-HTTP-Negotiate-6.01-3-any downloading...
2026-09-01T21:21:44.3995690Z  perl-Encode-Locale-1.05-2-any downloading...
2026-09-01T21:21:44.3996173Z  perl-HTML-Tagset-3.24-1-any downloading...
2026-09-01T21:21:44.3996642Z  perl-File-Listing-6.16-1-any downloading...
2026-09-01T21:21:44.3997121Z  perl-HTTP-Date-6.08-1-any downloading...
2026-09-01T21:21:44.3997581Z  perl-Net-SMTP-SSL-1.04-2-any downloading...
2026-09-01T21:21:44.3998209Z  mingw-w64-x86_64-windows-default-manifest-20260815-1-any downloading...
2026-09-01T21:21:44.3998802Z checking keyring...
2026-09-01T21:21:44.4664940Z checking package integrity...
2026-09-01T21:21:56.8617657Z ##[error]The operation was canceled.
2026-09-01T21:21:56.8746273Z Cleaning up orphan processes
2026-09-01T21:21:56.9280306Z Terminate orphan process: pid (7704) (bash)
