2026-09-01T23:27:55.8323725Z Current runner version: '2.337.0'
2026-09-01T23:27:55.8348413Z ##[group]Runner Image Provisioner
2026-09-01T23:27:55.8349290Z Hosted Compute Agent
2026-09-01T23:27:55.8350195Z Version: 20260819.586
2026-09-01T23:27:55.8350793Z Commit: 3cc4a88dfa507ef76119ad1bb3eccc6378bb2b76
2026-09-01T23:27:55.8351479Z Build Date: 2026-08-18T23:20:18Z
2026-09-01T23:27:55.8352153Z Worker ID: {be23e66e-49ad-4b6c-a3ff-f63e34ff9ea6}
2026-09-01T23:27:55.8352820Z Azure Region: westus2
2026-09-01T23:27:55.8353375Z ##[endgroup]
2026-09-01T23:27:55.8355228Z ##[group]Operating System
2026-09-01T23:27:55.8355860Z Microsoft Windows Server 2022
2026-09-01T23:27:55.8356459Z 10.0.20348
2026-09-01T23:27:55.8356932Z Datacenter
2026-09-01T23:27:55.8357401Z ##[endgroup]
2026-09-01T23:27:55.8357922Z ##[group]Runner Image
2026-09-01T23:27:55.8358462Z Image: windows-2022
2026-09-01T23:27:55.8358978Z Version: 20260824.284.2
2026-09-01T23:27:55.8360294Z Included Software: https://github.com/actions/runner-images/blob/win22/20260824.284/images/windows/Windows2022-Readme.md
2026-09-01T23:27:55.8361765Z Image Release: https://github.com/actions/runner-images/releases/tag/win22%2F20260824.284
2026-09-01T23:27:55.8362649Z ##[endgroup]
2026-09-01T23:27:55.8363687Z ##[group]GITHUB_TOKEN Permissions
2026-09-01T23:27:55.8365563Z Contents: read
2026-09-01T23:27:55.8366179Z Metadata: read
2026-09-01T23:27:55.8366690Z ##[endgroup]
2026-09-01T23:27:55.8368694Z Secret source: Actions
2026-09-01T23:27:55.8369850Z Prepare workflow directory
2026-09-01T23:27:55.8959807Z Prepare all required actions
2026-09-01T23:27:55.9009314Z Getting action download info
2026-09-01T23:27:56.2951929Z Download action repository 'msys2/setup-msys2@v2' (SHA:66cd2cce69caa17b53920067426061ca1de3a884)
2026-09-01T23:27:56.5484329Z Complete job name: windows-mingw64
2026-09-01T23:27:56.6892251Z ##[group]Run git config --global core.autocrlf false
2026-09-01T23:27:56.6893153Z [36;1mgit config --global core.autocrlf false[0m
2026-09-01T23:27:56.6893784Z [36;1mgit config --global core.eol lf[0m
2026-09-01T23:27:56.6894540Z [36;1mNew-Item -ItemType Directory -Path $env:WINDOWS_ROOT | Out-Null[0m
2026-09-01T23:27:56.6895280Z [36;1m[0m
2026-09-01T23:27:56.6895695Z [36;1mgit init $env:PROJECT_SOURCE[0m
2026-09-01T23:27:56.6896514Z [36;1mgit -C $env:PROJECT_SOURCE remote add origin https://github.com/leemaple/20231788..git[0m
2026-09-01T23:27:56.6897503Z [36;1mgit -C $env:PROJECT_SOURCE fetch --depth 1 origin $env:GITHUB_SHA[0m
2026-09-01T23:27:56.6898349Z [36;1mgit -C $env:PROJECT_SOURCE checkout --detach FETCH_HEAD[0m
2026-09-01T23:27:56.6899156Z [36;1m$projectActual = git -C $env:PROJECT_SOURCE rev-parse HEAD[0m
2026-09-01T23:27:56.6899887Z [36;1mif ($projectActual -ne $env:GITHUB_SHA) {[0m
2026-09-01T23:27:56.6900594Z [36;1m  throw "Project checkout mismatch: $projectActual"[0m
2026-09-01T23:27:56.6901198Z [36;1m}[0m
2026-09-01T23:27:56.6901571Z [36;1m[0m
2026-09-01T23:27:56.6901968Z [36;1mgit init $env:OPENFHE_SOURCE[0m
2026-09-01T23:27:56.6902859Z [36;1mgit -C $env:OPENFHE_SOURCE remote add origin https://github.com/openfheorg/openfhe-development.git[0m
2026-09-01T23:27:56.6903945Z [36;1mgit -C $env:OPENFHE_SOURCE fetch --depth 1 origin $env:OPENFHE_COMMIT[0m
2026-09-01T23:27:56.6904767Z [36;1mgit -C $env:OPENFHE_SOURCE checkout --detach FETCH_HEAD[0m
2026-09-01T23:27:56.6905606Z [36;1mgit -C $env:OPENFHE_SOURCE submodule update --init --recursive --depth 1[0m
2026-09-01T23:27:56.6906315Z [36;1m[0m
2026-09-01T23:27:56.6906865Z [36;1m$projectStatus = @(git -C $env:PROJECT_SOURCE status --porcelain)[0m
2026-09-01T23:27:56.6907585Z [36;1mif ($projectStatus.Count -ne 0) {[0m
2026-09-01T23:27:56.6908287Z [36;1m  throw "Project checkout is dirty: $($projectStatus -join '; ')"[0m
2026-09-01T23:27:56.6908971Z [36;1m}[0m
2026-09-01T23:27:56.6909527Z [36;1m$openfheStatus = @(git -C $env:OPENFHE_SOURCE status --porcelain)[0m
2026-09-01T23:27:56.6910261Z [36;1mif ($openfheStatus.Count -ne 0) {[0m
2026-09-01T23:27:56.6912480Z [36;1m  throw "OpenFHE checkout is dirty: $($openfheStatus -join '; ')"[0m
2026-09-01T23:27:56.6913218Z [36;1m}[0m
2026-09-01T23:27:56.8585202Z shell: C:\Program Files\PowerShell\7\pwsh.EXE -command ". '{0}'"
2026-09-01T23:27:56.8586274Z env:
2026-09-01T23:27:56.8586836Z   OPENFHE_COMMIT: df495ba2e91739a6dc8f1de254fc5a41155ce504
2026-09-01T23:27:56.8587657Z   OPENFHE_PREFIX: C:\openfhe-2023-1788\openfhe-install
2026-09-01T23:27:56.8588359Z   WINDOWS_ROOT: C:\openfhe-2023-1788
2026-09-01T23:27:56.8588990Z   PROJECT_SOURCE: C:\openfhe-2023-1788\cleanroom
2026-09-01T23:27:56.8589706Z   OPENFHE_SOURCE: C:\openfhe-2023-1788\openfhe-src
2026-09-01T23:27:56.8590519Z   OPENFHE_BUILD: C:\openfhe-2023-1788\openfhe-build-33571134323-1
2026-09-01T23:27:56.8591447Z   PROJECT_BUILD: C:\openfhe-2023-1788\project-build-33571134323-1
2026-09-01T23:27:56.8592183Z ##[endgroup]
2026-09-01T23:27:57.7088808Z Initialized empty Git repository in C:/openfhe-2023-1788/cleanroom/.git/
2026-09-01T23:27:59.0300466Z From https://github.com/leemaple/20231788.
2026-09-01T23:27:59.0301114Z  * branch            331dd7d64d53e6a87d94555a00aab29b1eaa998e -> FETCH_HEAD
2026-09-01T23:27:59.2107502Z HEAD is now at 331dd7d feat: reject wrong-subtype Relin2 evaluation key
2026-09-01T23:27:59.2953122Z Initialized empty Git repository in C:/openfhe-2023-1788/openfhe-src/.git/
2026-09-01T23:28:00.1468386Z From https://github.com/openfheorg/openfhe-development
2026-09-01T23:28:00.1469358Z  * branch            df495ba2e91739a6dc8f1de254fc5a41155ce504 -> FETCH_HEAD
2026-09-01T23:28:00.9130339Z HEAD is now at df495ba Merge pull request #1130 from openfheorg/dev
2026-09-01T23:28:02.0540910Z Submodule 'third-party/cereal' (https://github.com/openfheorg/cereal.git) registered for path 'third-party/cereal'
2026-09-01T23:28:02.0569309Z Submodule 'third-party/google-benchmark' (https://github.com/google/benchmark.git) registered for path 'third-party/google-benchmark'
2026-09-01T23:28:02.0589471Z Submodule 'third-party/google-test' (https://github.com/google/googletest.git) registered for path 'third-party/google-test'
2026-09-01T23:28:02.0630325Z Submodule 'third-party/gperftools' (https://github.com/gperftools/gperftools.git) registered for path 'third-party/gperftools'
2026-09-01T23:28:02.0996713Z Cloning into 'C:/openfhe-2023-1788/openfhe-src/third-party/cereal'...
2026-09-01T23:28:02.6494307Z Cloning into 'C:/openfhe-2023-1788/openfhe-src/third-party/google-benchmark'...
2026-09-01T23:28:03.1809534Z Cloning into 'C:/openfhe-2023-1788/openfhe-src/third-party/google-test'...
2026-09-01T23:28:03.8685151Z Cloning into 'C:/openfhe-2023-1788/openfhe-src/third-party/gperftools'...
2026-09-01T23:28:04.9471571Z Submodule path 'third-party/cereal': checked out '984e3f194862b17916536b5fade40cba6e47a6fe'
2026-09-01T23:28:06.1499239Z From https://github.com/google/benchmark
2026-09-01T23:28:06.1500612Z  * branch            eddb0241389718a23a42db6af5f0164b6e0139af -> FETCH_HEAD
2026-09-01T23:28:06.5537583Z Submodule path 'third-party/google-benchmark': checked out 'eddb0241389718a23a42db6af5f0164b6e0139af'
2026-09-01T23:28:07.6208528Z From https://github.com/google/googletest
2026-09-01T23:28:07.6209309Z  * branch            52eb8108c5bdec04579160ae17225d66034bd723 -> FETCH_HEAD
2026-09-01T23:28:08.1292550Z Submodule path 'third-party/google-test': checked out '52eb8108c5bdec04579160ae17225d66034bd723'
2026-09-01T23:28:09.3913712Z From https://github.com/gperftools/gperftools
2026-09-01T23:28:09.3914566Z  * branch            83edb60836d87cf1b406e8846b9059c03031e8f5 -> FETCH_HEAD
2026-09-01T23:28:11.0324385Z Submodule path 'third-party/gperftools': checked out '83edb60836d87cf1b406e8846b9059c03031e8f5'
2026-09-01T23:28:11.3496754Z ##[group]Run msys2/setup-msys2@v2
2026-09-01T23:28:11.3497104Z with:
2026-09-01T23:28:11.3497303Z   msystem: MINGW64
2026-09-01T23:28:11.3497520Z   update: true
2026-09-01T23:28:11.3497736Z   cache: false
2026-09-01T23:28:11.3498067Z   install: git make mingw-w64-x86_64-boost mingw-w64-x86_64-cmake mingw-w64-x86_64-gcc
2026-09-01T23:28:11.3499303Z   path-type: minimal
2026-09-01T23:28:11.3499497Z   release: true
2026-09-01T23:28:11.3499697Z   platform-check-severity: fatal
2026-09-01T23:28:11.3499932Z env:
2026-09-01T23:28:11.3500158Z   OPENFHE_COMMIT: df495ba2e91739a6dc8f1de254fc5a41155ce504
2026-09-01T23:28:11.3500513Z   OPENFHE_PREFIX: C:\openfhe-2023-1788\openfhe-install
2026-09-01T23:28:11.3500802Z   WINDOWS_ROOT: C:\openfhe-2023-1788
2026-09-01T23:28:11.3501079Z   PROJECT_SOURCE: C:\openfhe-2023-1788\cleanroom
2026-09-01T23:28:11.3501378Z   OPENFHE_SOURCE: C:\openfhe-2023-1788\openfhe-src
2026-09-01T23:28:11.3501773Z   OPENFHE_BUILD: C:\openfhe-2023-1788\openfhe-build-33571134323-1
2026-09-01T23:28:11.3502195Z   PROJECT_BUILD: C:\openfhe-2023-1788\project-build-33571134323-1
2026-09-01T23:28:11.3502511Z ##[endgroup]
2026-09-01T23:28:11.5183437Z ##[group]Downloading MSYS2...
2026-09-01T23:28:12.2417075Z ##[endgroup]
2026-09-01T23:28:12.2417858Z ##[group]Extracting MSYS2...
2026-09-01T23:28:12.2434207Z [command]C:\hostedtoolcache\windows\msys2-installer\0.0.20260611\x64\base.exe -y
2026-09-01T23:28:12.5740997Z 
2026-09-01T23:28:12.5749137Z 7-Zip SFX 25.01 ZS v1.5.7 R4 (x64) : Copyright (c) 1999-2025 Igor Pavlov, 2016-2026 Tino Reichardt, 2022-2026 Sergey G. Brester : 2026-01-10
2026-09-01T23:28:12.5750184Z 
2026-09-01T23:28:12.5750661Z Extracting archive: C:\hostedtoolcache\windows\msys2-installer\0.0.20260611\x64\base.exe
2026-09-01T23:28:12.5751383Z --
2026-09-01T23:28:12.5751900Z Path = C:\hostedtoolcache\windows\msys2-installer\0.0.20260611\x64\base.exe
2026-09-01T23:28:12.5752497Z Type = 7z
2026-09-01T23:28:12.5752663Z 
2026-09-01T23:28:12.7684041Z   0%
2026-09-01T23:28:12.7684407Z     
2026-09-01T23:28:12.9714032Z   0% 1186 - msys64\usr\bin\paclog-pkglist
2026-09-01T23:28:13.1749250Z                                          
2026-09-01T23:28:13.1749927Z   3% 1967 - msys64\usr\lib\terminfo\63\concept108-w-8
2026-09-01T23:28:13.1750449Z                                                      
2026-09-01T23:28:13.3777057Z   4% 2974 - msys64\usr\lib\terminfo\6e\nsterm-7
2026-09-01T23:28:13.3777843Z                                                
2026-09-01T23:28:13.5821042Z   4% 4006 - msys64\usr\lib\terminfo\77\wy60-AT
2026-09-01T23:28:13.5821675Z                                               
2026-09-01T23:28:13.7869766Z   5% 4998 - msys64\usr\share\bash-completion\completions\pyvenv-3.10
2026-09-01T23:28:13.7870557Z                                                                     
2026-09-01T23:28:13.9904745Z   9% 5906 - msys64\usr\share\info\gnutls.info-2.gz
2026-09-01T23:28:13.9923069Z                                                   
2026-09-01T23:28:14.1959117Z  21% 6494 - msys64\usr\share\locale\mr\LC_MESSAGES\p11-kit.mo
2026-09-01T23:28:14.1959718Z                                                              
2026-09-01T23:28:14.3980458Z  32% 7105 - msys64\usr\share\man\man1\bzfgrep.1.gz
2026-09-01T23:28:14.3981085Z                                                   
2026-09-01T23:28:14.6020875Z  33% 7914 - msys64\usr\share\man\man3\CURLOPT_HTTPHEADER.3.gz
2026-09-01T23:28:14.6021693Z                                                              
2026-09-01T23:28:14.7984698Z  33% 8842 - msys64\usr\share\man\man3\menu_sub.3x.gz
2026-09-01T23:28:14.7985496Z                                                     
2026-09-01T23:28:15.0027867Z  39% 9701 - msys64\usr\share\perl5\core_perl\CPAN\Meta\History.pm
2026-09-01T23:28:15.0028600Z                                                                  
2026-09-01T23:28:15.2067974Z  44% 10449 - msys64\usr\share\perl5\core_perl\unicore\lib\Dia\Y.pl
2026-09-01T23:28:15.2070673Z                                                                   
2026-09-01T23:28:15.4097629Z  46% 11373 - msys64\usr\share\terminfo\61\att5430
2026-09-01T23:28:15.4098325Z                                                  
2026-09-01T23:28:15.6128642Z  47% 12456 - msys64\usr\share\terminfo\6e\ncr260vppp
2026-09-01T23:28:15.6129441Z                                                     
2026-09-01T23:28:15.8161975Z  47% 13505 - msys64\usr\share\terminfo\77\wy160-43-w
2026-09-01T23:28:15.8162422Z                                                     
2026-09-01T23:28:16.0193463Z  48% 14510 - msys64\usr\share\zoneinfo\posix\Africa\Bangui
2026-09-01T23:28:16.0194142Z                                                           
2026-09-01T23:28:16.2228551Z  48% 15557 - msys64\usr\share\zoneinfo\right\Europe\Ljubljana
2026-09-01T23:28:16.2229227Z                                                              
2026-09-01T23:28:16.4255821Z  56% 16215 - msys64\usr\bin\kill.exe
2026-09-01T23:28:16.4256383Z                                     
2026-09-01T23:28:16.5996203Z  79% 16359 - msys64\usr\bin\pacsort.exe
2026-09-01T23:28:16.5996848Z                                        
2026-09-01T23:28:16.5997298Z Everything is Ok
2026-09-01T23:28:16.6021230Z ##[endgroup]
2026-09-01T23:28:16.6022281Z ##[group]Disable Key Refresh...
2026-09-01T23:28:16.6042960Z ##[endgroup]
2026-09-01T23:28:16.6061013Z ##[group]Starting MSYS2 for the first time...
2026-09-01T23:28:16.6914077Z [command]C:\Windows\system32\cmd.exe /D /S /C D:\a\_temp\setup-msys2\msys2.cmd -c "'uname' '-a'"
2026-09-01T23:28:16.7992218Z [1;32mMSYS2 is starting for the first time. Executing the initial setup.[1;0m
2026-09-01T23:28:16.8288971Z Copying skeleton files.
2026-09-01T23:28:16.8289639Z These files are for the users to personalise their msys2 experience.
2026-09-01T23:28:16.8290155Z 
2026-09-01T23:28:16.8290413Z They will never be overwritten nor automatically updated.
2026-09-01T23:28:16.8290826Z 
2026-09-01T23:28:16.8699912Z './.bashrc' -> '/home/runneradmin/.bashrc'
2026-09-01T23:28:16.8843348Z './.bash_profile' -> '/home/runneradmin/.bash_profile'
2026-09-01T23:28:16.8982391Z './.profile' -> '/home/runneradmin/.profile'
2026-09-01T23:28:16.9560758Z 'C:\Windows\system32\drivers\etc\hosts' -> '/etc/hosts'
2026-09-01T23:28:17.0040860Z 'C:\Windows\system32\drivers\etc\protocol' -> '/etc/protocols'
2026-09-01T23:28:17.0846508Z 'C:\Windows\system32\drivers\etc\services' -> '/etc/services'
2026-09-01T23:28:17.1445400Z 'C:\Windows\system32\drivers\etc\networks' -> '/etc/networks'
2026-09-01T23:28:17.3225422Z gpg: /etc/pacman.d/gnupg/trustdb.gpg: trustdb created
2026-09-01T23:28:17.3294829Z gpg: no ultimately trusted keys found
2026-09-01T23:28:17.5697919Z gpg: starting migration from earlier GnuPG versions
2026-09-01T23:28:17.6154187Z gpg: porting secret keys from '/etc/pacman.d/gnupg/secring.gpg' to gpg-agent
2026-09-01T23:28:17.6157083Z gpg: migration succeeded
2026-09-01T23:28:17.6334376Z ==> Generating pacman master key. This may take some time.
2026-09-01T23:28:17.6499403Z gpg: Generating pacman keyring master key...
2026-09-01T23:28:18.2217514Z gpg: directory '/etc/pacman.d/gnupg/openpgp-revocs.d' created
2026-09-01T23:28:18.2464197Z gpg: revocation certificate stored as '/etc/pacman.d/gnupg/openpgp-revocs.d/8F5793A0CA89C3C9C569ACD5A67A6F1562AC4C96.rev'
2026-09-01T23:28:18.2465639Z gpg: Done
2026-09-01T23:28:18.2611485Z ==> Updating trust database...
2026-09-01T23:28:18.2940819Z gpg: marginals needed: 3  completes needed: 1  trust model: pgp
2026-09-01T23:28:18.2941594Z gpg: depth: 0  valid:   1  signed:   0  trust: 0-, 0q, 0n, 0m, 0f, 1u
2026-09-01T23:28:18.5149162Z ==> Appending keys from msys2.gpg...
2026-09-01T23:28:19.0080404Z ==> Locally signing trusted keys in keyring...
2026-09-01T23:28:19.4901921Z   -> Locally signed 5 keys.
2026-09-01T23:28:19.5022972Z ==> Importing owner trust values...
2026-09-01T23:28:19.5179757Z gpg: setting ownertrust to 4
2026-09-01T23:28:19.5180320Z gpg: setting ownertrust to 4
2026-09-01T23:28:19.5181864Z gpg: setting ownertrust to 4
2026-09-01T23:28:19.5182192Z gpg: setting ownertrust to 4
2026-09-01T23:28:19.5182469Z gpg: setting ownertrust to 4
2026-09-01T23:28:19.5409135Z ==> Disabling revoked keys in keyring...
2026-09-01T23:28:19.8019759Z   -> Disabled 4 keys.
2026-09-01T23:28:19.8151946Z ==> Updating trust database...
2026-09-01T23:28:19.8506542Z gpg: marginals needed: 3  completes needed: 1  trust model: pgp
2026-09-01T23:28:19.8533369Z gpg: depth: 0  valid:   1  signed:   5  trust: 0-, 0q, 0n, 0m, 0f, 1u
2026-09-01T23:28:19.8563127Z gpg: depth: 1  valid:   5  signed:   6  trust: 0-, 0q, 0n, 5m, 0f, 0u
2026-09-01T23:28:19.8576231Z gpg: depth: 2  valid:   3  signed:   2  trust: 3-, 0q, 0n, 0m, 0f, 0u
2026-09-01T23:28:19.8930732Z pacman-key (pacman) 6.1.0
2026-09-01T23:28:19.8931504Z Copyright (c) 2010-2024 Pacman Development Team <pacman-dev@lists.archlinux.org>.
2026-09-01T23:28:19.8932065Z 
2026-09-01T23:28:19.9070086Z This is free software; see the source for copying conditions.
2026-09-01T23:28:19.9070809Z There is NO WARRANTY, to the extent permitted by law.
2026-09-01T23:28:20.0956187Z [1;32mInitial setup complete. MSYS2 is now ready to use.[1;0m
2026-09-01T23:28:20.1105912Z MINGW64_NT-10.0-20348 runnervm0js1w 3.6.9-01d6c708.x86_64 2026-05-24 10:45 UTC x86_64 Msys
2026-09-01T23:28:20.1150213Z ##[endgroup]
2026-09-01T23:28:20.1150860Z ##[group]Disable CheckSpace...
2026-09-01T23:28:20.1937906Z [command]C:\Windows\system32\cmd.exe /D /S /C D:\a\_temp\setup-msys2\msys2.cmd -c "'sed' '-i' 's/^CheckSpace/#CheckSpace/g' '/etc/pacman.conf'"
2026-09-01T23:28:20.3720871Z ##[endgroup]
2026-09-01T23:28:20.3721427Z ##[group]Updating packages...
2026-09-01T23:28:20.4486412Z [command]C:\Windows\system32\cmd.exe /D /S /C D:\a\_temp\setup-msys2\msys2.cmd -c "'pacman' '--noconfirm' '-Syuu' '--overwrite' '*'"
2026-09-01T23:28:21.0969148Z :: Synchronizing package databases...
2026-09-01T23:28:22.1811980Z  clangarm64 downloading...
2026-09-01T23:28:22.1812523Z  mingw32 downloading...
2026-09-01T23:28:22.1812894Z  mingw64 downloading...
2026-09-01T23:28:22.1813218Z  ucrt64 downloading...
2026-09-01T23:28:22.1813555Z  clang64 downloading...
2026-09-01T23:28:22.1813890Z  msys downloading...
2026-09-01T23:28:22.6531891Z :: Starting core system upgrade...
2026-09-01T23:28:22.8342531Z warning: terminate other MSYS2 programs before proceeding
2026-09-01T23:28:22.8343226Z resolving dependencies...
2026-09-01T23:28:22.8343661Z looking for conflicting packages...
2026-09-01T23:28:22.8444179Z 
2026-09-01T23:28:22.8444471Z Packages (1) msys2-runtime-3.6.10-3
2026-09-01T23:28:22.8444796Z 
2026-09-01T23:28:22.8444971Z Total Download Size:    1.97 MiB
2026-09-01T23:28:22.8445397Z Total Installed Size:   6.33 MiB
2026-09-01T23:28:22.8445816Z Net Upgrade Size:      -0.20 MiB
2026-09-01T23:28:22.8446100Z 
2026-09-01T23:28:22.8446597Z :: Proceed with installation? [Y/n] 
2026-09-01T23:28:22.8447060Z :: Retrieving packages...
2026-09-01T23:28:23.3903466Z  msys2-runtime-3.6.10-3-x86_64 downloading...
2026-09-01T23:28:23.3904001Z checking keyring...
2026-09-01T23:28:23.4456629Z checking package integrity...
2026-09-01T23:28:23.6170592Z loading package files...
2026-09-01T23:28:23.6193819Z checking for file conflicts...
2026-09-01T23:28:23.6214987Z :: Processing package changes...
2026-09-01T23:28:23.6215754Z upgrading msys2-runtime...
2026-09-01T23:28:23.7697255Z :: To complete this update all MSYS2 processes including this terminal will be closed. Confirm to proceed [Y/n] 
2026-09-01T23:28:24.1299271Z ##[endgroup]
2026-09-01T23:28:24.1299847Z ##[group]Killing remaining tasks...
2026-09-01T23:28:24.2120669Z [command]C:\Windows\system32\taskkill.exe /F /FI "MODULES eq msys-2.0.dll"
2026-09-01T23:28:24.3237908Z 
2026-09-01T23:28:24.3238612Z INFO: No tasks running with the specified criteria.
2026-09-01T23:28:24.3267644Z ##[endgroup]
2026-09-01T23:28:24.3268037Z ##[group]Final system upgrade...
2026-09-01T23:28:24.4040518Z [command]C:\Windows\system32\cmd.exe /D /S /C D:\a\_temp\setup-msys2\msys2.cmd -c "'pacman' '--noconfirm' '-Syuu' '--overwrite' '*'"
2026-09-01T23:28:25.0300667Z :: Synchronizing package databases...
2026-09-01T23:28:26.1661158Z  clangarm64 downloading...
2026-09-01T23:28:26.1661519Z  mingw32 downloading...
2026-09-01T23:28:26.1661786Z  mingw64 downloading...
2026-09-01T23:28:26.1663298Z  ucrt64 downloading...
2026-09-01T23:28:26.1663542Z  clang64 downloading...
2026-09-01T23:28:26.1663780Z  msys downloading...
2026-09-01T23:28:26.5904466Z :: Starting core system upgrade...
2026-09-01T23:28:26.7739805Z  there is nothing to do
2026-09-01T23:28:26.7740308Z :: Starting full system upgrade...
2026-09-01T23:28:26.8049744Z resolving dependencies...
2026-09-01T23:28:26.8112174Z looking for conflicting packages...
2026-09-01T23:28:26.8238772Z 
2026-09-01T23:28:26.8241971Z Packages (31) bash-completion-2.18.0-1  bsdtar-3.8.9-1  ca-certificates-20260816-1  curl-8.21.0-1  findutils-4.11.0-2  gawk-5.4.1-1  gcc-libs-15.3.0-1  gnupg-2.4.9-3  libcurl-8.21.0-1  libexpat-2.8.3-1  libffi-3.8.0-1  libgnutls-3.8.13-2  libhogweed-4.0-1  libnettle-4.0-1  libnghttp2-1.70.0-1  libnghttp3-1.18.0-1  libngtcp2-1.25.0-1  libopenssl-3.6.4-1  libp11-kit-0.26.5-1  libpsl-0.23.2-1  libsqlite-3.53.4-1  msys2-keyring-1~20260814-1  nano-9.2-1  nettle-4.0-1  openssl-3.6.4-1  p11-kit-0.26.5-1  pacman-contrib-1.10.6-2  perl-5.42.3-1  pinentry-1.3.3-1  tzcode-2026c-1  wget-1.25.0-2
2026-09-01T23:28:26.8244446Z 
2026-09-01T23:28:26.8244571Z Total Download Size:    27.05 MiB
2026-09-01T23:28:26.8244887Z Total Installed Size:  108.42 MiB
2026-09-01T23:28:26.8245204Z Net Upgrade Size:       -1.02 MiB
2026-09-01T23:28:26.8245409Z 
2026-09-01T23:28:26.8245920Z :: Proceed with installation? [Y/n] 
2026-09-01T23:28:26.8246526Z :: Retrieving packages...
2026-09-01T23:28:29.0709969Z  perl-5.42.3-1-x86_64 downloading...
2026-09-01T23:28:29.0710654Z  pacman-contrib-1.10.6-2-x86_64 downloading...
2026-09-01T23:28:29.0711297Z  gnupg-2.4.9-3-x86_64 downloading...
2026-09-01T23:28:29.0711900Z  libopenssl-3.6.4-1-x86_64 downloading...
2026-09-01T23:28:29.0712489Z  gawk-5.4.1-1-x86_64 downloading...
2026-09-01T23:28:29.0712990Z  libgnutls-3.8.13-2-x86_64 downloading...
2026-09-01T23:28:29.0713526Z  gcc-libs-15.3.0-1-x86_64 downloading...
2026-09-01T23:28:29.0713940Z  curl-8.21.0-1-x86_64 downloading...
2026-09-01T23:28:29.0714337Z  wget-1.25.0-2-x86_64 downloading...
2026-09-01T23:28:29.0714728Z  libsqlite-3.53.4-1-x86_64 downloading...
2026-09-01T23:28:29.0715129Z  nano-9.2-1-x86_64 downloading...
2026-09-01T23:28:29.0715504Z  openssl-3.6.4-1-x86_64 downloading...
2026-09-01T23:28:29.0715905Z  findutils-4.11.0-2-x86_64 downloading...
2026-09-01T23:28:29.0716316Z  p11-kit-0.26.5-1-x86_64 downloading...
2026-09-01T23:28:29.0716748Z  ca-certificates-20260816-1-any downloading...
2026-09-01T23:28:29.0717192Z  libcurl-8.21.0-1-x86_64 downloading...
2026-09-01T23:28:29.0717583Z  bsdtar-3.8.9-1-x86_64 downloading...
2026-09-01T23:28:29.0718147Z  tzcode-2026c-1-x86_64 downloading...
2026-09-01T23:28:29.0718579Z  libp11-kit-0.26.5-1-x86_64 downloading...
2026-09-01T23:28:29.0719018Z  bash-completion-2.18.0-1-any downloading...
2026-09-01T23:28:29.0719380Z  libhogweed-4.0-1-x86_64 downloading...
2026-09-01T23:28:29.0719646Z  libngtcp2-1.25.0-1-x86_64 downloading...
2026-09-01T23:28:29.0719921Z  libnettle-4.0-1-x86_64 downloading...
2026-09-01T23:28:29.0720201Z  nettle-4.0-1-x86_64 downloading...
2026-09-01T23:28:29.0720456Z  libpsl-0.23.2-1-x86_64 downloading...
2026-09-01T23:28:29.0720729Z  libnghttp3-1.18.0-1-x86_64 downloading...
2026-09-01T23:28:29.0721018Z  libnghttp2-1.70.0-1-x86_64 downloading...
2026-09-01T23:28:29.0721305Z  libexpat-2.8.3-1-x86_64 downloading...
2026-09-01T23:28:29.0721706Z  pinentry-1.3.3-1-x86_64 downloading...
2026-09-01T23:28:29.0722155Z  msys2-keyring-1~20260814-1-any downloading...
2026-09-01T23:28:29.0722607Z  libffi-3.8.0-1-x86_64 downloading...
2026-09-01T23:28:29.0723010Z checking keyring...
2026-09-01T23:28:29.1278343Z checking package integrity...
2026-09-01T23:28:33.5398211Z loading package files...
2026-09-01T23:28:33.6116354Z checking for file conflicts...
2026-09-01T23:28:33.6673044Z :: Running pre-transaction hooks...
2026-09-01T23:28:33.6673641Z (1/1) Removing old entries from the info directory file...
2026-09-01T23:28:33.7833724Z :: Processing package changes...
2026-09-01T23:28:33.7834539Z upgrading bash-completion...
2026-09-01T23:28:34.6649382Z upgrading gcc-libs...
2026-09-01T23:28:34.6829961Z upgrading libexpat...
2026-09-01T23:28:34.6873575Z upgrading libopenssl...
2026-09-01T23:28:34.7136550Z upgrading bsdtar...
2026-09-01T23:28:34.7229286Z upgrading openssl...
2026-09-01T23:28:34.8298351Z upgrading findutils...
2026-09-01T23:28:34.9063413Z upgrading libffi...
2026-09-01T23:28:34.9169688Z upgrading libp11-kit...
2026-09-01T23:28:34.9241321Z upgrading p11-kit...
2026-09-01T23:28:35.0792183Z upgrading ca-certificates...
2026-09-01T23:28:35.6209283Z upgrading libnghttp3...
2026-09-01T23:28:35.6270074Z upgrading libngtcp2...
2026-09-01T23:28:35.6349539Z upgrading libnghttp2...
2026-09-01T23:28:35.6408756Z upgrading libpsl...
2026-09-01T23:28:35.6499505Z upgrading libcurl...
2026-09-01T23:28:35.6563274Z upgrading curl...
2026-09-01T23:28:36.0853608Z upgrading gawk...
2026-09-01T23:28:36.1834931Z upgrading libhogweed...
2026-09-01T23:28:36.1880390Z upgrading libnettle...
2026-09-01T23:28:36.1928309Z upgrading libgnutls...
2026-09-01T23:28:36.2419823Z upgrading libsqlite...
2026-09-01T23:28:36.2516744Z upgrading nettle...
2026-09-01T23:28:36.2593135Z upgrading pinentry...
2026-09-01T23:28:36.2651403Z upgrading gnupg...
2026-09-01T23:28:40.8288554Z ==> Appending keys from msys2.gpg...
2026-09-01T23:28:41.2984799Z ==> Updating trust database...
2026-09-01T23:28:41.3160729Z gpg: no need for a trustdb check
2026-09-01T23:28:41.4103038Z upgrading msys2-keyring...
2026-09-01T23:28:41.8615124Z ==> Appending keys from msys2.gpg...
2026-09-01T23:28:42.3402474Z ==> Updating trust database...
2026-09-01T23:28:42.3570484Z gpg: next trustdb check due at 2027-02-10
2026-09-01T23:28:42.4378314Z upgrading nano...
2026-09-01T23:28:42.5421542Z upgrading pacman-contrib...
2026-09-01T23:28:42.6063099Z New optional dependencies for pacman-contrib
2026-09-01T23:28:42.6063732Z     perl: for pacsearch [installed]
2026-09-01T23:28:42.6064162Z     vim: default diff program for pacdiff
2026-09-01T23:28:42.6064613Z upgrading perl...
2026-09-01T23:28:44.3367245Z upgrading tzcode...
2026-09-01T23:28:46.1882869Z upgrading wget...
2026-09-01T23:28:46.3032101Z :: Running post-transaction hooks...
2026-09-01T23:28:46.3032701Z (1/1) Updating the info directory file...
2026-09-01T23:28:47.9377804Z ##[endgroup]
2026-09-01T23:28:47.9378744Z ##[group]Installing additional packages through pacman...
2026-09-01T23:28:48.0253684Z [command]C:\Windows\system32\cmd.exe /D /S /C D:\a\_temp\setup-msys2\msys2.cmd -c "'pacman' '--noconfirm' '-S' '--needed' '--overwrite' '*' 'git' 'make' 'mingw-w64-x86_64-boost' 'mingw-w64-x86_64-cmake' 'mingw-w64-x86_64-gcc'"
2026-09-01T23:28:48.8089217Z resolving dependencies...
2026-09-01T23:28:48.8215020Z looking for conflicting packages...
2026-09-01T23:28:48.8373554Z 
2026-09-01T23:28:48.8395896Z Packages (89) heimdal-7.8.0-5  heimdal-libs-7.8.0-5  libcbor-0.14.0-2  libedit-20240808_3.1-1  libfido2-1.17.0-1  mingw-w64-x86_64-binutils-2.47-3  mingw-w64-x86_64-boost-libs-1.91.0-3  mingw-w64-x86_64-brotli-1.2.0-1  mingw-w64-x86_64-bzip2-1.0.8-4  mingw-w64-x86_64-c-ares-1.34.8-1  mingw-w64-x86_64-ca-certificates-20260816-1  mingw-w64-x86_64-cppdap-1.65.r11.g6464cd7-1  mingw-w64-x86_64-crt-14.0.0.r302.gd7f3c5201-1  mingw-w64-x86_64-curl-8.21.0-2  mingw-w64-x86_64-expat-2.8.3-1  mingw-w64-x86_64-gcc-libs-16.2.0-3  mingw-w64-x86_64-gettext-runtime-1.0-1  mingw-w64-x86_64-gmp-6.3.0-2  mingw-w64-x86_64-gnutls-3.8.13-3  mingw-w64-x86_64-headers-14.0.0.r302.gd7f3c5201-1  mingw-w64-x86_64-icu-78.3-4  mingw-w64-x86_64-isl-0.28-1  mingw-w64-x86_64-jsoncpp-1.9.8-1  mingw-w64-x86_64-libarchive-3.8.9-5  mingw-w64-x86_64-libb2-0.98.1-3  mingw-w64-x86_64-libffi-3.8.0-1  mingw-w64-x86_64-libiconv-1.19-1  mingw-w64-x86_64-libidn2-2.3.8-4  mingw-w64-x86_64-libpsl-0.21.5-3  mingw-w64-x86_64-libssh2-1.11.1-2  mingw-w64-x86_64-libtasn1-4.21.0-1  mingw-w64-x86_64-libunistring-1.4.2-1  mingw-w64-x86_64-libuv-1.52.1-1  mingw-w64-x86_64-libwinpthread-14.0.0.r302.gd7f3c5201-1  mingw-w64-x86_64-lz4-1.10.0-1  mingw-w64-x86_64-mpc-1.4.1-1  mingw-w64-x86_64-mpfr-4.2.2-3  mingw-w64-x86_64-nettle-4.0-1  mingw-w64-x86_64-nghttp2-1.70.0-1  mingw-w64-x86_64-nghttp3-1.18.0-1  mingw-w64-x86_64-ngtcp2-1.25.0-1  mingw-w64-x86_64-ninja-1.13.2-1  mingw-w64-x86_64-openssl-3.6.4-1  mingw-w64-x86_64-p11-kit-0.26.5-1  mingw-w64-x86_64-pcre2-10.47-1  mingw-w64-x86_64-pkgconf-1~3.0.5-1  mingw-w64-x86_64-rhash-1.4.6-1  mingw-w64-x86_64-tzdata-2026c-1  mingw-w64-x86_64-windows-default-manifest-20260815-1  mingw-w64-x86_64-wineditline-2.208-1  mingw-w64-x86_64-winpthreads-14.0.0.r302.gd7f3c5201-1  mingw-w64-x86_64-xz-5.8.3-1  mingw-w64-x86_64-zlib-1.3.2-2  mingw-w64-x86_64-zstd-1.5.7-2  openssh-10.5p1-2  perl-Authen-SASL-2.2000-1  perl-Clone-0.50-2  perl-Convert-BinHex-1.125-2  perl-Encode-Locale-1.05-2  perl-Error-0.17030-1  perl-File-Listing-6.16-1  perl-HTML-Parser-3.85-1  perl-HTML-Tagset-3.24-1  perl-HTTP-Cookies-6.12-1  perl-HTTP-Daemon-6.17-1  perl-HTTP-Date-6.08-1  perl-HTTP-Message-7.04-1  perl-HTTP-Negotiate-6.01-3  perl-IO-HTML-1.004-2  perl-IO-Socket-SSL-2.099-1  perl-IO-Stringy-2.113-3  perl-LWP-MediaTypes-6.04-2  perl-MIME-tools-5.517-1  perl-MailTools-2.22-1  perl-Net-HTTP-6.24-1  perl-Net-SMTP-SSL-1.04-2  perl-Net-SSLeay-1.96-1  perl-TermReadKey-2.38-8  perl-TimeDate-2.35-1  perl-Try-Tiny-0.32-1  perl-URI-5.36-1  perl-WWW-RobotRules-6.03-1  perl-http-cookiejar-0.014-1  perl-libwww-6.83-2  git-2.55.0-1  make-4.4.1-3  mingw-w64-x86_64-boost-1.91.0-3  mingw-w64-x86_64-cmake-4.4.2-2  mingw-w64-x86_64-gcc-16.2.0-3
2026-09-01T23:28:48.8413211Z 
2026-09-01T23:28:48.8413370Z Total Download Size:    154.18 MiB
2026-09-01T23:28:48.8413814Z Total Installed Size:  1023.08 MiB
2026-09-01T23:28:48.8414108Z 
2026-09-01T23:28:48.8414322Z :: Proceed with installation? [Y/n] 
2026-09-01T23:28:48.8416309Z :: Retrieving packages...
2026-09-01T23:28:57.9001684Z  mingw-w64-x86_64-gcc-16.2.0-3-any downloading...
2026-09-01T23:28:57.9002309Z  mingw-w64-x86_64-icu-78.3-4-any downloading...
2026-09-01T23:28:57.9002945Z  mingw-w64-x86_64-boost-1.91.0-3-any downloading...
2026-09-01T23:28:57.9003576Z  mingw-w64-x86_64-cmake-4.4.2-2-any downloading...
2026-09-01T23:28:57.9004242Z  mingw-w64-x86_64-openssl-3.6.4-1-any downloading...
2026-09-01T23:28:57.9004703Z  git-2.55.0-1-x86_64 downloading...
2026-09-01T23:28:57.9005601Z  mingw-w64-x86_64-headers-14.0.0.r302.gd7f3c5201-1-any downloading...
2026-09-01T23:28:57.9006140Z  mingw-w64-x86_64-binutils-2.47-3-any downloading...
2026-09-01T23:28:57.9006663Z  mingw-w64-x86_64-crt-14.0.0.r302.gd7f3c5201-1-any downloading...
2026-09-01T23:28:57.9007165Z  mingw-w64-x86_64-boost-libs-1.91.0-3-any downloading...
2026-09-01T23:28:57.9007619Z  mingw-w64-x86_64-gnutls-3.8.13-3-any downloading...
2026-09-01T23:28:57.9008057Z  mingw-w64-x86_64-libarchive-3.8.9-5-any downloading...
2026-09-01T23:28:57.9008476Z  mingw-w64-x86_64-curl-8.21.0-2-any downloading...
2026-09-01T23:28:57.9008870Z  mingw-w64-x86_64-isl-0.28-1-any downloading...
2026-09-01T23:28:57.9009269Z  mingw-w64-x86_64-pcre2-10.47-1-any downloading...
2026-09-01T23:28:57.9009662Z  openssh-10.5p1-2-x86_64 downloading...
2026-09-01T23:28:57.9010203Z  mingw-w64-x86_64-gcc-libs-16.2.0-3-any downloading...
2026-09-01T23:28:57.9010661Z  mingw-w64-x86_64-libunistring-1.4.2-1-any downloading...
2026-09-01T23:28:57.9010982Z  heimdal-libs-7.8.0-5-x86_64 downloading...
2026-09-01T23:28:57.9011286Z  mingw-w64-x86_64-libiconv-1.19-1-any downloading...
2026-09-01T23:28:57.9011642Z  mingw-w64-x86_64-zstd-1.5.7-2-any downloading...
2026-09-01T23:28:57.9011975Z  mingw-w64-x86_64-p11-kit-0.26.5-1-any downloading...
2026-09-01T23:28:57.9012287Z  mingw-w64-x86_64-gmp-6.3.0-2-any downloading...
2026-09-01T23:28:57.9012811Z  mingw-w64-x86_64-nettle-4.0-1-any downloading...
2026-09-01T23:28:57.9013106Z  heimdal-7.8.0-5-x86_64 downloading...
2026-09-01T23:28:57.9013379Z  mingw-w64-x86_64-mpfr-4.2.2-3-any downloading...
2026-09-01T23:28:57.9013858Z  mingw-w64-x86_64-cppdap-1.65.r11.g6464cd7-1-any downloading...
2026-09-01T23:28:57.9014612Z  make-4.4.1-3-x86_64 downloading...
2026-09-01T23:28:57.9015050Z  mingw-w64-x86_64-xz-5.8.3-1-any downloading...
2026-09-01T23:28:57.9015579Z  mingw-w64-x86_64-brotli-1.2.0-1-any downloading...
2026-09-01T23:28:57.9016158Z  mingw-w64-x86_64-gettext-runtime-1.0-1-any downloading...
2026-09-01T23:28:57.9016805Z  mingw-w64-x86_64-ca-certificates-20260816-1-any downloading...
2026-09-01T23:28:57.9017341Z  mingw-w64-x86_64-c-ares-1.34.8-1-any downloading...
2026-09-01T23:28:57.9017871Z  mingw-w64-x86_64-libssh2-1.11.1-2-any downloading...
2026-09-01T23:28:57.9018433Z  mingw-w64-x86_64-ngtcp2-1.25.0-1-any downloading...
2026-09-01T23:28:57.9018983Z  mingw-w64-x86_64-rhash-1.4.6-1-any downloading...
2026-09-01T23:28:57.9019500Z  perl-Net-SSLeay-1.96-1-x86_64 downloading...
2026-09-01T23:28:57.9020026Z  mingw-w64-x86_64-tzdata-2026c-1-any downloading...
2026-09-01T23:28:57.9020568Z  mingw-w64-x86_64-libuv-1.52.1-1-any downloading...
2026-09-01T23:28:57.9021083Z  mingw-w64-x86_64-jsoncpp-1.9.8-1-any downloading...
2026-09-01T23:28:57.9021650Z  mingw-w64-x86_64-nghttp2-1.70.0-1-any downloading...
2026-09-01T23:28:57.9022166Z  mingw-w64-x86_64-libtasn1-4.21.0-1-any downloading...
2026-09-01T23:28:57.9022674Z  mingw-w64-x86_64-expat-2.8.3-1-any downloading...
2026-09-01T23:28:57.9023188Z  mingw-w64-x86_64-ninja-1.13.2-1-any downloading...
2026-09-01T23:28:57.9023687Z  perl-MIME-tools-5.517-1-any downloading...
2026-09-01T23:28:57.9024175Z  mingw-w64-x86_64-libidn2-2.3.8-4-any downloading...
2026-09-01T23:28:57.9024688Z  mingw-w64-x86_64-lz4-1.10.0-1-any downloading...
2026-09-01T23:28:57.9025197Z  perl-IO-Socket-SSL-2.099-1-any downloading...
2026-09-01T23:28:57.9025703Z  mingw-w64-x86_64-pkgconf-1~3.0.5-1-any downloading...
2026-09-01T23:28:57.9026044Z  mingw-w64-x86_64-nghttp3-1.18.0-1-any downloading...
2026-09-01T23:28:57.9026349Z  mingw-w64-x86_64-mpc-1.4.1-1-any downloading...
2026-09-01T23:28:57.9026635Z  perl-libwww-6.83-2-any downloading...
2026-09-01T23:28:57.9026911Z  mingw-w64-x86_64-zlib-1.3.2-2-any downloading...
2026-09-01T23:28:57.9027197Z  perl-URI-5.36-1-any downloading...
2026-09-01T23:28:57.9027471Z  mingw-w64-x86_64-libpsl-0.21.5-3-any downloading...
2026-09-01T23:28:57.9027781Z  mingw-w64-x86_64-bzip2-1.0.8-4-any downloading...
2026-09-01T23:28:57.9028072Z  libedit-20240808_3.1-1-x86_64 downloading...
2026-09-01T23:28:57.9028343Z  libfido2-1.17.0-1-x86_64 downloading...
2026-09-01T23:28:57.9028636Z  perl-HTML-Parser-3.85-1-x86_64 downloading...
2026-09-01T23:28:57.9028947Z  perl-HTTP-Message-7.04-1-any downloading...
2026-09-01T23:28:57.9029231Z  perl-TimeDate-2.35-1-any downloading...
2026-09-01T23:28:57.9029542Z  mingw-w64-x86_64-wineditline-2.208-1-any downloading...
2026-09-01T23:28:57.9029866Z  perl-MailTools-2.22-1-any downloading...
2026-09-01T23:28:57.9030172Z  mingw-w64-x86_64-libffi-3.8.0-1-any downloading...
2026-09-01T23:28:57.9030472Z  perl-IO-Stringy-2.113-3-any downloading...
2026-09-01T23:28:57.9030868Z  mingw-w64-x86_64-winpthreads-14.0.0.r302.gd7f3c5201-1-any downloading...
2026-09-01T23:28:57.9031348Z  perl-Authen-SASL-2.2000-1-any downloading...
2026-09-01T23:28:57.9031738Z  mingw-w64-x86_64-libwinpthread-14.0.0.r302.gd7f3c5201-1-any downloading...
2026-09-01T23:28:57.9032149Z  perl-Convert-BinHex-1.125-2-any downloading...
2026-09-01T23:28:57.9032460Z  mingw-w64-x86_64-libb2-0.98.1-3-any downloading...
2026-09-01T23:28:57.9032757Z  libcbor-0.14.0-2-x86_64 downloading...
2026-09-01T23:28:57.9033036Z  perl-HTTP-Cookies-6.12-1-any downloading...
2026-09-01T23:28:57.9033316Z  perl-Net-HTTP-6.24-1-any downloading...
2026-09-01T23:28:57.9033579Z  perl-Error-0.17030-1-any downloading...
2026-09-01T23:28:57.9034015Z  perl-TermReadKey-2.38-8-x86_64 downloading...
2026-09-01T23:28:57.9034324Z  perl-HTTP-Daemon-6.17-1-any downloading...
2026-09-01T23:28:57.9034621Z  perl-LWP-MediaTypes-6.04-2-any downloading...
2026-09-01T23:28:57.9034909Z  perl-Try-Tiny-0.32-1-any downloading...
2026-09-01T23:28:57.9035171Z  perl-Clone-0.50-2-x86_64 downloading...
2026-09-01T23:28:57.9036673Z  perl-IO-HTML-1.004-2-any downloading...
2026-09-01T23:28:57.9037366Z  perl-WWW-RobotRules-6.03-1-any downloading...
2026-09-01T23:28:57.9037905Z  perl-http-cookiejar-0.014-1-any downloading...
2026-09-01T23:28:57.9038323Z  perl-HTTP-Negotiate-6.01-3-any downloading...
2026-09-01T23:28:57.9038631Z  perl-Encode-Locale-1.05-2-any downloading...
2026-09-01T23:28:57.9038922Z  perl-HTML-Tagset-3.24-1-any downloading...
2026-09-01T23:28:57.9039207Z  perl-File-Listing-6.16-1-any downloading...
2026-09-01T23:28:57.9039484Z  perl-HTTP-Date-6.08-1-any downloading...
2026-09-01T23:28:57.9039766Z  perl-Net-SMTP-SSL-1.04-2-any downloading...
2026-09-01T23:28:57.9040147Z  mingw-w64-x86_64-windows-default-manifest-20260815-1-any downloading...
2026-09-01T23:28:57.9040540Z checking keyring...
2026-09-01T23:28:57.9697627Z checking package integrity...
2026-09-01T23:29:12.5074823Z loading package files...
2026-09-01T23:29:12.8416550Z checking for file conflicts...
2026-09-01T23:29:15.2485746Z :: Processing package changes...
2026-09-01T23:29:15.2486331Z installing libedit...
2026-09-01T23:29:15.2825368Z installing heimdal-libs...
2026-09-01T23:29:15.3025405Z installing heimdal...
2026-09-01T23:29:15.9585757Z installing libcbor...
2026-09-01T23:29:15.9616693Z installing libfido2...
2026-09-01T23:29:15.9652807Z installing openssh...
2026-09-01T23:29:16.0053446Z installing perl-Error...
2026-09-01T23:29:16.0138988Z installing perl-Authen-SASL...
2026-09-01T23:29:16.0368209Z installing perl-Encode-Locale...
2026-09-01T23:29:16.0428229Z installing perl-HTTP-Date...
2026-09-01T23:29:16.0490244Z installing perl-File-Listing...
2026-09-01T23:29:16.0556237Z installing perl-HTML-Tagset...
2026-09-01T23:29:16.0618763Z installing perl-Clone...
2026-09-01T23:29:16.0672458Z installing perl-IO-HTML...
2026-09-01T23:29:16.0735442Z installing perl-LWP-MediaTypes...
2026-09-01T23:29:16.0805380Z installing perl-URI...
2026-09-01T23:29:16.1475527Z installing perl-HTTP-Message...
2026-09-01T23:29:16.1677448Z installing perl-HTML-Parser...
2026-09-01T23:29:16.1834585Z installing perl-HTTP-Cookies...
2026-09-01T23:29:16.1918611Z installing perl-HTTP-Daemon...
2026-09-01T23:29:16.1970940Z installing perl-http-cookiejar...
2026-09-01T23:29:16.2040352Z installing perl-HTTP-Negotiate...
2026-09-01T23:29:16.2088071Z installing perl-Net-HTTP...
2026-09-01T23:29:16.2197412Z installing perl-WWW-RobotRules...
2026-09-01T23:29:16.2294223Z installing perl-Try-Tiny...
2026-09-01T23:29:16.2370010Z installing perl-libwww...
2026-09-01T23:29:16.2722116Z Optional dependencies for perl-libwww
2026-09-01T23:29:16.2722775Z     perl-LWP-Protocol-https: for https:// url schemes
2026-09-01T23:29:16.2723433Z installing perl-TimeDate...
2026-09-01T23:29:16.3385567Z installing perl-MailTools...
2026-09-01T23:29:16.3670334Z installing perl-IO-Stringy...
2026-09-01T23:29:16.3810331Z installing perl-Convert-BinHex...
2026-09-01T23:29:16.5212002Z module test... pass.
2026-09-01T23:29:16.5221321Z installing perl-MIME-tools...
2026-09-01T23:29:16.5631820Z installing perl-Net-SSLeay...
2026-09-01T23:29:16.6405631Z installing perl-IO-Socket-SSL...
2026-09-01T23:29:16.6538086Z installing perl-Net-SMTP-SSL...
2026-09-01T23:29:16.6584997Z installing perl-TermReadKey...
2026-09-01T23:29:16.6667174Z installing git...
2026-09-01T23:29:17.2341419Z Optional dependencies for git
2026-09-01T23:29:17.2342029Z     python: various helper scripts
2026-09-01T23:29:17.2342489Z     subversion: git svn
2026-09-01T23:29:17.2342851Z     aspell: spell checking in git gui
2026-09-01T23:29:17.2343257Z installing make...
2026-09-01T23:29:17.2683976Z installing mingw-w64-x86_64-libwinpthread...
2026-09-01T23:29:17.2731017Z installing mingw-w64-x86_64-tzdata...
2026-09-01T23:29:18.9440956Z installing mingw-w64-x86_64-gcc-libs...
2026-09-01T23:29:18.9614604Z installing mingw-w64-x86_64-bzip2...
2026-09-01T23:29:18.9805191Z installing mingw-w64-x86_64-icu...
2026-09-01T23:29:19.3429401Z installing mingw-w64-x86_64-libiconv...
2026-09-01T23:29:19.3671383Z installing mingw-w64-x86_64-gettext-runtime...
2026-09-01T23:29:19.4992129Z installing mingw-w64-x86_64-xz...
2026-09-01T23:29:19.6104336Z installing mingw-w64-x86_64-zstd...
2026-09-01T23:29:19.6310897Z installing mingw-w64-x86_64-zlib...
2026-09-01T23:29:19.6538884Z installing mingw-w64-x86_64-boost-libs...
2026-09-01T23:29:19.7027873Z installing mingw-w64-x86_64-boost...
2026-09-01T23:29:28.9537020Z ##[error]The operation was canceled.
2026-09-01T23:29:28.9677562Z Cleaning up orphan processes
2026-09-01T23:29:28.9932103Z Terminate orphan process: pid (8132) (bash)
