2026-09-02T00:21:32.1083062Z Current runner version: '2.337.0'
2026-09-02T00:21:32.1110329Z ##[group]Runner Image Provisioner
2026-09-02T00:21:32.1111366Z Hosted Compute Agent
2026-09-02T00:21:32.1111957Z Version: 20260819.586
2026-09-02T00:21:32.1112532Z Commit: 3cc4a88dfa507ef76119ad1bb3eccc6378bb2b76
2026-09-02T00:21:32.1113240Z Build Date: 2026-08-18T23:20:18Z
2026-09-02T00:21:32.1113861Z Worker ID: {3d0ba68b-1b61-47c7-9898-ceb70b962c9b}
2026-09-02T00:21:32.1114508Z Azure Region: centralus
2026-09-02T00:21:32.1115054Z ##[endgroup]
2026-09-02T00:21:32.1116342Z ##[group]Operating System
2026-09-02T00:21:32.1116924Z Microsoft Windows Server 2022
2026-09-02T00:21:32.1117472Z 10.0.20348
2026-09-02T00:21:32.1117918Z Datacenter
2026-09-02T00:21:32.1118379Z ##[endgroup]
2026-09-02T00:21:32.1118858Z ##[group]Runner Image
2026-09-02T00:21:32.1119409Z Image: windows-2022
2026-09-02T00:21:32.1119941Z Version: 20260824.284.2
2026-09-02T00:21:32.1121257Z Included Software: https://github.com/actions/runner-images/blob/win22/20260824.284/images/windows/Windows2022-Readme.md
2026-09-02T00:21:32.1122657Z Image Release: https://github.com/actions/runner-images/releases/tag/win22%2F20260824.284
2026-09-02T00:21:32.1123542Z ##[endgroup]
2026-09-02T00:21:32.1124536Z ##[group]GITHUB_TOKEN Permissions
2026-09-02T00:21:32.1126708Z Contents: read
2026-09-02T00:21:32.1127246Z Metadata: read
2026-09-02T00:21:32.1127734Z ##[endgroup]
2026-09-02T00:21:32.1129742Z Secret source: Actions
2026-09-02T00:21:32.1130675Z Prepare workflow directory
2026-09-02T00:21:32.1639955Z Prepare all required actions
2026-09-02T00:21:32.1691043Z Getting action download info
2026-09-02T00:21:32.3868472Z Download action repository 'msys2/setup-msys2@v2' (SHA:66cd2cce69caa17b53920067426061ca1de3a884)
2026-09-02T00:21:32.7457007Z Complete job name: windows-mingw64
2026-09-02T00:21:32.8848079Z ##[group]Run git config --global core.autocrlf false
2026-09-02T00:21:32.8849076Z [36;1mgit config --global core.autocrlf false[0m
2026-09-02T00:21:32.8849713Z [36;1mgit config --global core.eol lf[0m
2026-09-02T00:21:32.8850481Z [36;1mNew-Item -ItemType Directory -Path $env:WINDOWS_ROOT | Out-Null[0m
2026-09-02T00:21:32.8851182Z [36;1m[0m
2026-09-02T00:21:32.8851582Z [36;1mgit init $env:PROJECT_SOURCE[0m
2026-09-02T00:21:32.8852408Z [36;1mgit -C $env:PROJECT_SOURCE remote add origin https://github.com/leemaple/20231788..git[0m
2026-09-02T00:21:32.8853416Z [36;1mgit -C $env:PROJECT_SOURCE fetch --depth 1 origin $env:GITHUB_SHA[0m
2026-09-02T00:21:32.8854221Z [36;1mgit -C $env:PROJECT_SOURCE checkout --detach FETCH_HEAD[0m
2026-09-02T00:21:32.8854996Z [36;1m$projectActual = git -C $env:PROJECT_SOURCE rev-parse HEAD[0m
2026-09-02T00:21:32.8855724Z [36;1mif ($projectActual -ne $env:GITHUB_SHA) {[0m
2026-09-02T00:21:32.8856439Z [36;1m  throw "Project checkout mismatch: $projectActual"[0m
2026-09-02T00:21:32.8857039Z [36;1m}[0m
2026-09-02T00:21:32.8857394Z [36;1m[0m
2026-09-02T00:21:32.8857778Z [36;1mgit init $env:OPENFHE_SOURCE[0m
2026-09-02T00:21:32.8858674Z [36;1mgit -C $env:OPENFHE_SOURCE remote add origin https://github.com/openfheorg/openfhe-development.git[0m
2026-09-02T00:21:32.8859759Z [36;1mgit -C $env:OPENFHE_SOURCE fetch --depth 1 origin $env:OPENFHE_COMMIT[0m
2026-09-02T00:21:32.8860580Z [36;1mgit -C $env:OPENFHE_SOURCE checkout --detach FETCH_HEAD[0m
2026-09-02T00:21:32.8861433Z [36;1mgit -C $env:OPENFHE_SOURCE submodule update --init --recursive --depth 1[0m
2026-09-02T00:21:32.8862152Z [36;1m[0m
2026-09-02T00:21:32.8862702Z [36;1m$projectStatus = @(git -C $env:PROJECT_SOURCE status --porcelain)[0m
2026-09-02T00:21:32.8863431Z [36;1mif ($projectStatus.Count -ne 0) {[0m
2026-09-02T00:21:32.8864193Z [36;1m  throw "Project checkout is dirty: $($projectStatus -join '; ')"[0m
2026-09-02T00:21:32.8864869Z [36;1m}[0m
2026-09-02T00:21:32.8865413Z [36;1m$openfheStatus = @(git -C $env:OPENFHE_SOURCE status --porcelain)[0m
2026-09-02T00:21:32.8866166Z [36;1mif ($openfheStatus.Count -ne 0) {[0m
2026-09-02T00:21:32.8868364Z [36;1m  throw "OpenFHE checkout is dirty: $($openfheStatus -join '; ')"[0m
2026-09-02T00:21:32.8869049Z [36;1m}[0m
2026-09-02T00:21:33.0593092Z shell: C:\Program Files\PowerShell\7\pwsh.EXE -command ". '{0}'"
2026-09-02T00:21:33.0595041Z env:
2026-09-02T00:21:33.0595672Z   OPENFHE_COMMIT: df495ba2e91739a6dc8f1de254fc5a41155ce504
2026-09-02T00:21:33.0596458Z   OPENFHE_PREFIX: C:\openfhe-2023-1788\openfhe-install
2026-09-02T00:21:33.0597123Z   WINDOWS_ROOT: C:\openfhe-2023-1788
2026-09-02T00:21:33.0597844Z   PROJECT_SOURCE: C:\openfhe-2023-1788\cleanroom
2026-09-02T00:21:33.0598531Z   OPENFHE_SOURCE: C:\openfhe-2023-1788\openfhe-src
2026-09-02T00:21:33.0599318Z   OPENFHE_BUILD: C:\openfhe-2023-1788\openfhe-build-33574998256-1
2026-09-02T00:21:33.0600378Z   PROJECT_BUILD: C:\openfhe-2023-1788\project-build-33574998256-1
2026-09-02T00:21:33.0601101Z ##[endgroup]
2026-09-02T00:21:33.9224447Z Initialized empty Git repository in C:/openfhe-2023-1788/cleanroom/.git/
2026-09-02T00:21:35.3520377Z From https://github.com/leemaple/20231788.
2026-09-02T00:21:35.3521329Z  * branch            0e240f37ca22fd683f50a108c40e3e4bfa62f593 -> FETCH_HEAD
2026-09-02T00:21:35.5037531Z HEAD is now at 0e240f3 feat: reject malformed Relin2 HYBRID B length
2026-09-02T00:21:35.5839338Z Initialized empty Git repository in C:/openfhe-2023-1788/openfhe-src/.git/
2026-09-02T00:21:36.9395128Z From https://github.com/openfheorg/openfhe-development
2026-09-02T00:21:36.9396054Z  * branch            df495ba2e91739a6dc8f1de254fc5a41155ce504 -> FETCH_HEAD
2026-09-02T00:21:37.5968317Z HEAD is now at df495ba Merge pull request #1130 from openfheorg/dev
2026-09-02T00:21:38.9557896Z Submodule 'third-party/cereal' (https://github.com/openfheorg/cereal.git) registered for path 'third-party/cereal'
2026-09-02T00:21:38.9579639Z Submodule 'third-party/google-benchmark' (https://github.com/google/benchmark.git) registered for path 'third-party/google-benchmark'
2026-09-02T00:21:38.9598840Z Submodule 'third-party/google-test' (https://github.com/google/googletest.git) registered for path 'third-party/google-test'
2026-09-02T00:21:38.9629155Z Submodule 'third-party/gperftools' (https://github.com/gperftools/gperftools.git) registered for path 'third-party/gperftools'
2026-09-02T00:21:39.0130781Z Cloning into 'C:/openfhe-2023-1788/openfhe-src/third-party/cereal'...
2026-09-02T00:21:39.6231290Z Cloning into 'C:/openfhe-2023-1788/openfhe-src/third-party/google-benchmark'...
2026-09-02T00:21:40.5933777Z Cloning into 'C:/openfhe-2023-1788/openfhe-src/third-party/google-test'...
2026-09-02T00:21:41.2048218Z Cloning into 'C:/openfhe-2023-1788/openfhe-src/third-party/gperftools'...
2026-09-02T00:21:42.2464176Z Submodule path 'third-party/cereal': checked out '984e3f194862b17916536b5fade40cba6e47a6fe'
2026-09-02T00:21:43.4170103Z From https://github.com/google/benchmark
2026-09-02T00:21:43.7356221Z  * branch            eddb0241389718a23a42db6af5f0164b6e0139af -> FETCH_HEAD
2026-09-02T00:21:43.7357002Z Submodule path 'third-party/google-benchmark': checked out 'eddb0241389718a23a42db6af5f0164b6e0139af'
2026-09-02T00:21:44.8966349Z From https://github.com/google/googletest
2026-09-02T00:21:44.8966891Z  * branch            52eb8108c5bdec04579160ae17225d66034bd723 -> FETCH_HEAD
2026-09-02T00:21:45.4005512Z Submodule path 'third-party/google-test': checked out '52eb8108c5bdec04579160ae17225d66034bd723'
2026-09-02T00:21:46.8355291Z From https://github.com/gperftools/gperftools
2026-09-02T00:21:46.8355995Z  * branch            83edb60836d87cf1b406e8846b9059c03031e8f5 -> FETCH_HEAD
2026-09-02T00:21:48.1788235Z Submodule path 'third-party/gperftools': checked out '83edb60836d87cf1b406e8846b9059c03031e8f5'
2026-09-02T00:21:48.4962922Z ##[group]Run msys2/setup-msys2@v2
2026-09-02T00:21:48.4963268Z with:
2026-09-02T00:21:48.4963500Z   msystem: MINGW64
2026-09-02T00:21:48.4963700Z   update: true
2026-09-02T00:21:48.4963878Z   cache: false
2026-09-02T00:21:48.4964213Z   install: git make mingw-w64-x86_64-boost mingw-w64-x86_64-cmake mingw-w64-x86_64-gcc
2026-09-02T00:21:48.4965364Z   path-type: minimal
2026-09-02T00:21:48.4965562Z   release: true
2026-09-02T00:21:48.4965765Z   platform-check-severity: fatal
2026-09-02T00:21:48.4966014Z env:
2026-09-02T00:21:48.4966248Z   OPENFHE_COMMIT: df495ba2e91739a6dc8f1de254fc5a41155ce504
2026-09-02T00:21:48.4966596Z   OPENFHE_PREFIX: C:\openfhe-2023-1788\openfhe-install
2026-09-02T00:21:48.4966888Z   WINDOWS_ROOT: C:\openfhe-2023-1788
2026-09-02T00:21:48.4967159Z   PROJECT_SOURCE: C:\openfhe-2023-1788\cleanroom
2026-09-02T00:21:48.4967455Z   OPENFHE_SOURCE: C:\openfhe-2023-1788\openfhe-src
2026-09-02T00:21:48.4967845Z   OPENFHE_BUILD: C:\openfhe-2023-1788\openfhe-build-33574998256-1
2026-09-02T00:21:48.4968244Z   PROJECT_BUILD: C:\openfhe-2023-1788\project-build-33574998256-1
2026-09-02T00:21:48.4968542Z ##[endgroup]
2026-09-02T00:21:48.6622459Z ##[group]Downloading MSYS2...
2026-09-02T00:21:49.4114340Z ##[endgroup]
2026-09-02T00:21:49.4114809Z ##[group]Extracting MSYS2...
2026-09-02T00:21:49.4135077Z [command]C:\hostedtoolcache\windows\msys2-installer\0.0.20260611\x64\base.exe -y
2026-09-02T00:21:49.6817135Z 
2026-09-02T00:21:49.6818252Z 7-Zip SFX 25.01 ZS v1.5.7 R4 (x64) : Copyright (c) 1999-2025 Igor Pavlov, 2016-2026 Tino Reichardt, 2022-2026 Sergey G. Brester : 2026-01-10
2026-09-02T00:21:49.6819940Z 
2026-09-02T00:21:49.6820340Z Extracting archive: C:\hostedtoolcache\windows\msys2-installer\0.0.20260611\x64\base.exe
2026-09-02T00:21:49.6821039Z --
2026-09-02T00:21:49.6821372Z Path = C:\hostedtoolcache\windows\msys2-installer\0.0.20260611\x64\base.exe
2026-09-02T00:21:49.6821731Z Type = 7z
2026-09-02T00:21:49.6822153Z 
2026-09-02T00:21:49.8682162Z   0%
2026-09-02T00:21:49.8682586Z     
2026-09-02T00:21:50.0736579Z   2% 1294 - msys64\usr\lib\perl5\core_perl\CORE\parser.h
2026-09-02T00:21:50.0737203Z                                                         
2026-09-02T00:21:50.2787297Z   3% 2363 - msys64\usr\lib\terminfo\66\f110-w
2026-09-02T00:21:50.2787779Z                                              
2026-09-02T00:21:50.4828781Z   4% 3576 - msys64\usr\lib\terminfo\74\ts100-sp
2026-09-02T00:21:50.4829351Z                                                
2026-09-02T00:21:50.6877352Z   5% 4611 - msys64\usr\share\bash-completion\completions\g77
2026-09-02T00:21:50.6878139Z                                                             
2026-09-02T00:21:50.8912432Z   8% 5756 - msys64\usr\share\doc\xz\api\structlzma__mt.js
2026-09-02T00:21:50.8913110Z                                                          
2026-09-02T00:21:51.0960444Z  20% 6471 - msys64\usr\share\locale\ko\LC_MESSAGES\wget.mo
2026-09-02T00:21:51.0961379Z                                                           
2026-09-02T00:21:51.2988121Z  32% 7144 - msys64\usr\share\man\man1\csplit.1.gz
2026-09-02T00:21:51.2988692Z                                                  
2026-09-02T00:21:51.5014565Z  33% 8324 - msys64\usr\share\man\man3\del_curterm_sp.3x.gz
2026-09-02T00:21:51.5015181Z                                                           
2026-09-02T00:21:51.7042636Z  34% 9468 - msys64\usr\share\man\ro\man1\unxz.1.gz
2026-09-02T00:21:51.7043233Z                                                   
2026-09-02T00:21:51.8998838Z  42% 10262 - msys64\usr\share\perl5\core_perl\Text\ParseWords.pm
2026-09-02T00:21:51.8999543Z                                                                 
2026-09-02T00:21:52.1036294Z  46% 11001 - msys64\usr\share\pki\ca-trust-source\ca-bundle.trust.crt
2026-09-02T00:21:52.1036967Z                                                                      
2026-09-02T00:21:52.3067178Z  47% 12259 - msys64\usr\share\terminfo\6b\kitty
2026-09-02T00:21:52.3069886Z                                                
2026-09-02T00:21:52.5096944Z  47% 13495 - msys64\usr\share\terminfo\77\wy150-25-w
2026-09-02T00:21:52.5097343Z                                                     
2026-09-02T00:21:52.7129963Z  48% 14747 - msys64\usr\share\zoneinfo\posix\Asia\Atyrau
2026-09-02T00:21:52.7130783Z                                                         
2026-09-02T00:21:52.9203825Z  49% 15978 - msys64\var\lib\pacman\local\pacman-6.1.0-25\files
2026-09-02T00:21:52.9204679Z                                                               
2026-09-02T00:21:53.1273182Z  62% 16297 - msys64\usr\bin\msys-gnutlsxx-30.dll
2026-09-02T00:21:53.1273735Z                                                 
2026-09-02T00:21:53.2265511Z  91% 16436 - msys64\usr\bin\testpkg.exe
2026-09-02T00:21:53.2265940Z                                        
2026-09-02T00:21:53.2266185Z Everything is Ok
2026-09-02T00:21:53.2282640Z ##[endgroup]
2026-09-02T00:21:53.2283414Z ##[group]Disable Key Refresh...
2026-09-02T00:21:53.2298859Z ##[endgroup]
2026-09-02T00:21:53.2314609Z ##[group]Starting MSYS2 for the first time...
2026-09-02T00:21:53.2916923Z [command]C:\Windows\system32\cmd.exe /D /S /C D:\a\_temp\setup-msys2\msys2.cmd -c "'uname' '-a'"
2026-09-02T00:21:53.3883496Z [1;32mMSYS2 is starting for the first time. Executing the initial setup.[1;0m
2026-09-02T00:21:53.4409995Z Copying skeleton files.
2026-09-02T00:21:53.4410496Z These files are for the users to personalise their msys2 experience.
2026-09-02T00:21:53.4410932Z 
2026-09-02T00:21:53.4411139Z They will never be overwritten nor automatically updated.
2026-09-02T00:21:53.4411492Z 
2026-09-02T00:21:53.4825968Z './.bashrc' -> '/home/runneradmin/.bashrc'
2026-09-02T00:21:53.4958662Z './.bash_profile' -> '/home/runneradmin/.bash_profile'
2026-09-02T00:21:53.5089781Z './.profile' -> '/home/runneradmin/.profile'
2026-09-02T00:21:53.5544889Z 'C:\Windows\system32\drivers\etc\hosts' -> '/etc/hosts'
2026-09-02T00:21:53.6084724Z 'C:\Windows\system32\drivers\etc\protocol' -> '/etc/protocols'
2026-09-02T00:21:53.6500051Z 'C:\Windows\system32\drivers\etc\services' -> '/etc/services'
2026-09-02T00:21:53.6902806Z 'C:\Windows\system32\drivers\etc\networks' -> '/etc/networks'
2026-09-02T00:21:53.8429018Z gpg: /etc/pacman.d/gnupg/trustdb.gpg: trustdb created
2026-09-02T00:21:53.8493273Z gpg: no ultimately trusted keys found
2026-09-02T00:21:54.0842672Z gpg: starting migration from earlier GnuPG versions
2026-09-02T00:21:54.1370553Z gpg: porting secret keys from '/etc/pacman.d/gnupg/secring.gpg' to gpg-agent
2026-09-02T00:21:54.1372883Z gpg: migration succeeded
2026-09-02T00:21:54.1546587Z ==> Generating pacman master key. This may take some time.
2026-09-02T00:21:54.1706786Z gpg: Generating pacman keyring master key...
2026-09-02T00:21:55.1652821Z gpg: directory '/etc/pacman.d/gnupg/openpgp-revocs.d' created
2026-09-02T00:21:55.1926303Z gpg: revocation certificate stored as '/etc/pacman.d/gnupg/openpgp-revocs.d/6BD472D3A5240484F77D14852FAC9CB276A645A6.rev'
2026-09-02T00:21:55.1927158Z gpg: Done
2026-09-02T00:21:55.2071140Z ==> Updating trust database...
2026-09-02T00:21:55.2399580Z gpg: marginals needed: 3  completes needed: 1  trust model: pgp
2026-09-02T00:21:55.2400174Z gpg: depth: 0  valid:   1  signed:   0  trust: 0-, 0q, 0n, 0m, 0f, 1u
2026-09-02T00:21:55.3458396Z ==> Appending keys from msys2.gpg...
2026-09-02T00:21:55.8527726Z ==> Locally signing trusted keys in keyring...
2026-09-02T00:21:56.3400805Z   -> Locally signed 5 keys.
2026-09-02T00:21:56.3523657Z ==> Importing owner trust values...
2026-09-02T00:21:56.3684691Z gpg: setting ownertrust to 4
2026-09-02T00:21:56.3685087Z gpg: setting ownertrust to 4
2026-09-02T00:21:56.3685412Z gpg: setting ownertrust to 4
2026-09-02T00:21:56.3685730Z gpg: setting ownertrust to 4
2026-09-02T00:21:56.3686033Z gpg: setting ownertrust to 4
2026-09-02T00:21:56.3917076Z ==> Disabling revoked keys in keyring...
2026-09-02T00:21:56.7298372Z   -> Disabled 4 keys.
2026-09-02T00:21:56.7427930Z ==> Updating trust database...
2026-09-02T00:21:56.7767146Z gpg: marginals needed: 3  completes needed: 1  trust model: pgp
2026-09-02T00:21:56.7794493Z gpg: depth: 0  valid:   1  signed:   5  trust: 0-, 0q, 0n, 0m, 0f, 1u
2026-09-02T00:21:56.7819366Z gpg: depth: 1  valid:   5  signed:   6  trust: 0-, 0q, 0n, 5m, 0f, 0u
2026-09-02T00:21:56.7831072Z gpg: depth: 2  valid:   3  signed:   2  trust: 3-, 0q, 0n, 0m, 0f, 0u
2026-09-02T00:21:56.8168014Z pacman-key (pacman) 6.1.0
2026-09-02T00:21:56.8168558Z Copyright (c) 2010-2024 Pacman Development Team <pacman-dev@lists.archlinux.org>.
2026-09-02T00:21:56.8168918Z 
2026-09-02T00:21:56.8304346Z This is free software; see the source for copying conditions.
2026-09-02T00:21:56.8304989Z There is NO WARRANTY, to the extent permitted by law.
2026-09-02T00:21:57.0102489Z [1;32mInitial setup complete. MSYS2 is now ready to use.[1;0m
2026-09-02T00:21:57.0243097Z MINGW64_NT-10.0-20348 runnervm0js1w 3.6.9-01d6c708.x86_64 2026-05-24 10:45 UTC x86_64 Msys
2026-09-02T00:21:57.0281607Z ##[endgroup]
2026-09-02T00:21:57.0282262Z ##[group]Disable CheckSpace...
2026-09-02T00:21:57.0831243Z [command]C:\Windows\system32\cmd.exe /D /S /C D:\a\_temp\setup-msys2\msys2.cmd -c "'sed' '-i' 's/^CheckSpace/#CheckSpace/g' '/etc/pacman.conf'"
2026-09-02T00:21:57.2648247Z ##[endgroup]
2026-09-02T00:21:57.2648820Z ##[group]Updating packages...
2026-09-02T00:21:57.3187323Z [command]C:\Windows\system32\cmd.exe /D /S /C D:\a\_temp\setup-msys2\msys2.cmd -c "'pacman' '--noconfirm' '-Syuu' '--overwrite' '*'"
2026-09-02T00:21:57.9449139Z :: Synchronizing package databases...
2026-09-02T00:21:59.3136038Z  clangarm64 downloading...
2026-09-02T00:21:59.3136363Z  mingw32 downloading...
2026-09-02T00:21:59.3136594Z  mingw64 downloading...
2026-09-02T00:21:59.3136800Z  ucrt64 downloading...
2026-09-02T00:21:59.3137006Z  clang64 downloading...
2026-09-02T00:21:59.3137204Z  msys downloading...
2026-09-02T00:21:59.7468241Z :: Starting core system upgrade...
2026-09-02T00:21:59.9337150Z warning: terminate other MSYS2 programs before proceeding
2026-09-02T00:21:59.9337758Z resolving dependencies...
2026-09-02T00:21:59.9338140Z looking for conflicting packages...
2026-09-02T00:21:59.9558459Z 
2026-09-02T00:21:59.9561100Z Packages (1) msys2-runtime-3.6.10-3
2026-09-02T00:21:59.9564175Z 
2026-09-02T00:21:59.9564391Z Total Download Size:    1.97 MiB
2026-09-02T00:21:59.9566711Z Total Installed Size:   6.33 MiB
2026-09-02T00:21:59.9567158Z Net Upgrade Size:      -0.20 MiB
2026-09-02T00:21:59.9567412Z 
2026-09-02T00:21:59.9567660Z :: Proceed with installation? [Y/n] 
2026-09-02T00:21:59.9568715Z :: Retrieving packages...
2026-09-02T00:22:01.5409431Z  msys2-runtime-3.6.10-3-x86_64 downloading...
2026-09-02T00:22:01.5409977Z checking keyring...
2026-09-02T00:22:01.5960594Z checking package integrity...
2026-09-02T00:22:01.7694808Z loading package files...
2026-09-02T00:22:01.7717660Z checking for file conflicts...
2026-09-02T00:22:01.7738176Z :: Processing package changes...
2026-09-02T00:22:01.7738809Z upgrading msys2-runtime...
2026-09-02T00:22:01.9096817Z :: To complete this update all MSYS2 processes including this terminal will be closed. Confirm to proceed [Y/n] 
2026-09-02T00:22:02.1597655Z ##[endgroup]
2026-09-02T00:22:02.1598180Z ##[group]Killing remaining tasks...
2026-09-02T00:22:02.2190182Z [command]C:\Windows\system32\taskkill.exe /F /FI "MODULES eq msys-2.0.dll"
2026-09-02T00:22:02.3316239Z 
2026-09-02T00:22:02.3316828Z INFO: No tasks running with the specified criteria.
2026-09-02T00:22:02.3347157Z ##[endgroup]
2026-09-02T00:22:02.3347580Z ##[group]Final system upgrade...
2026-09-02T00:22:02.3900520Z [command]C:\Windows\system32\cmd.exe /D /S /C D:\a\_temp\setup-msys2\msys2.cmd -c "'pacman' '--noconfirm' '-Syuu' '--overwrite' '*'"
2026-09-02T00:22:03.0250075Z :: Synchronizing package databases...
2026-09-02T00:22:03.9014626Z  clangarm64 downloading...
2026-09-02T00:22:03.9015042Z  mingw32 downloading...
2026-09-02T00:22:03.9015693Z  mingw64 downloading...
2026-09-02T00:22:03.9016027Z  ucrt64 downloading...
2026-09-02T00:22:03.9016356Z  clang64 downloading...
2026-09-02T00:22:03.9016673Z  msys downloading...
2026-09-02T00:22:04.3456185Z :: Starting core system upgrade...
2026-09-02T00:22:04.5384887Z  there is nothing to do
2026-09-02T00:22:04.5385276Z :: Starting full system upgrade...
2026-09-02T00:22:04.5735544Z resolving dependencies...
2026-09-02T00:22:04.5786429Z looking for conflicting packages...
2026-09-02T00:22:04.5901061Z 
2026-09-02T00:22:04.5903378Z Packages (31) bash-completion-2.18.0-1  bsdtar-3.8.9-1  ca-certificates-20260816-1  curl-8.21.0-1  findutils-4.11.0-2  gawk-5.4.1-1  gcc-libs-15.3.0-1  gnupg-2.4.9-3  libcurl-8.21.0-1  libexpat-2.8.3-1  libffi-3.8.0-1  libgnutls-3.8.13-2  libhogweed-4.0-1  libnettle-4.0-1  libnghttp2-1.70.0-1  libnghttp3-1.18.0-1  libngtcp2-1.25.0-1  libopenssl-3.6.4-1  libp11-kit-0.26.5-1  libpsl-0.23.2-1  libsqlite-3.53.4-1  msys2-keyring-1~20260814-1  nano-9.2-1  nettle-4.0-1  openssl-3.6.4-1  p11-kit-0.26.5-1  pacman-contrib-1.10.6-2  perl-5.42.3-1  pinentry-1.3.3-1  tzcode-2026c-1  wget-1.25.0-2
2026-09-02T00:22:04.5905260Z 
2026-09-02T00:22:04.5905366Z Total Download Size:    27.05 MiB
2026-09-02T00:22:04.5905622Z Total Installed Size:  108.42 MiB
2026-09-02T00:22:04.5905880Z Net Upgrade Size:       -1.02 MiB
2026-09-02T00:22:04.5906046Z 
2026-09-02T00:22:04.5907072Z :: Proceed with installation? [Y/n] 
2026-09-02T00:22:04.5907478Z :: Retrieving packages...
2026-09-02T00:22:08.1310181Z  perl-5.42.3-1-x86_64 downloading...
2026-09-02T00:22:08.1310703Z  pacman-contrib-1.10.6-2-x86_64 downloading...
2026-09-02T00:22:08.1311120Z  gnupg-2.4.9-3-x86_64 downloading...
2026-09-02T00:22:08.1311511Z  libopenssl-3.6.4-1-x86_64 downloading...
2026-09-02T00:22:08.1311891Z  gawk-5.4.1-1-x86_64 downloading...
2026-09-02T00:22:08.1312261Z  libgnutls-3.8.13-2-x86_64 downloading...
2026-09-02T00:22:08.1312656Z  gcc-libs-15.3.0-1-x86_64 downloading...
2026-09-02T00:22:08.1313087Z  curl-8.21.0-1-x86_64 downloading...
2026-09-02T00:22:08.1313445Z  wget-1.25.0-2-x86_64 downloading...
2026-09-02T00:22:08.1313806Z  libsqlite-3.53.4-1-x86_64 downloading...
2026-09-02T00:22:08.1314196Z  nano-9.2-1-x86_64 downloading...
2026-09-02T00:22:08.1314548Z  openssl-3.6.4-1-x86_64 downloading...
2026-09-02T00:22:08.1314923Z  findutils-4.11.0-2-x86_64 downloading...
2026-09-02T00:22:08.1315325Z  p11-kit-0.26.5-1-x86_64 downloading...
2026-09-02T00:22:08.1315737Z  ca-certificates-20260816-1-any downloading...
2026-09-02T00:22:08.1316191Z  libcurl-8.21.0-1-x86_64 downloading...
2026-09-02T00:22:08.1316561Z  bsdtar-3.8.9-1-x86_64 downloading...
2026-09-02T00:22:08.1316921Z  tzcode-2026c-1-x86_64 downloading...
2026-09-02T00:22:08.1317308Z  libp11-kit-0.26.5-1-x86_64 downloading...
2026-09-02T00:22:08.1317728Z  bash-completion-2.18.0-1-any downloading...
2026-09-02T00:22:08.1318151Z  libhogweed-4.0-1-x86_64 downloading...
2026-09-02T00:22:08.1318520Z  libngtcp2-1.25.0-1-x86_64 downloading...
2026-09-02T00:22:08.1318890Z  libnettle-4.0-1-x86_64 downloading...
2026-09-02T00:22:08.1319266Z  nettle-4.0-1-x86_64 downloading...
2026-09-02T00:22:08.1319636Z  libpsl-0.23.2-1-x86_64 downloading...
2026-09-02T00:22:08.1320003Z  libnghttp3-1.18.0-1-x86_64 downloading...
2026-09-02T00:22:08.1320402Z  libnghttp2-1.70.0-1-x86_64 downloading...
2026-09-02T00:22:08.1320804Z  libexpat-2.8.3-1-x86_64 downloading...
2026-09-02T00:22:08.1321205Z  pinentry-1.3.3-1-x86_64 downloading...
2026-09-02T00:22:08.1321620Z  msys2-keyring-1~20260814-1-any downloading...
2026-09-02T00:22:08.1322028Z  libffi-3.8.0-1-x86_64 downloading...
2026-09-02T00:22:08.1322408Z checking keyring...
2026-09-02T00:22:08.1883799Z checking package integrity...
2026-09-02T00:22:12.7275217Z loading package files...
2026-09-02T00:22:12.8034723Z checking for file conflicts...
2026-09-02T00:22:12.8572286Z :: Running pre-transaction hooks...
2026-09-02T00:22:12.8572689Z (1/1) Removing old entries from the info directory file...
2026-09-02T00:22:12.9767292Z :: Processing package changes...
2026-09-02T00:22:12.9768334Z upgrading bash-completion...
2026-09-02T00:22:13.7629215Z upgrading gcc-libs...
2026-09-02T00:22:13.7810451Z upgrading libexpat...
2026-09-02T00:22:13.7851873Z upgrading libopenssl...
2026-09-02T00:22:13.8132677Z upgrading bsdtar...
2026-09-02T00:22:13.8223800Z upgrading openssl...
2026-09-02T00:22:13.9169411Z upgrading findutils...
2026-09-02T00:22:13.9819623Z upgrading libffi...
2026-09-02T00:22:13.9915170Z upgrading libp11-kit...
2026-09-02T00:22:13.9983723Z upgrading p11-kit...
2026-09-02T00:22:14.1305588Z upgrading ca-certificates...
2026-09-02T00:22:14.8378526Z upgrading libnghttp3...
2026-09-02T00:22:14.8436712Z upgrading libngtcp2...
2026-09-02T00:22:14.8524049Z upgrading libnghttp2...
2026-09-02T00:22:14.8580236Z upgrading libpsl...
2026-09-02T00:22:14.8665290Z upgrading libcurl...
2026-09-02T00:22:14.8728710Z upgrading curl...
2026-09-02T00:22:15.2673831Z upgrading gawk...
2026-09-02T00:22:15.3576599Z upgrading libhogweed...
2026-09-02T00:22:15.3693478Z upgrading libnettle...
2026-09-02T00:22:15.3693944Z upgrading libgnutls...
2026-09-02T00:22:15.4141758Z upgrading libsqlite...
2026-09-02T00:22:15.4238424Z upgrading nettle...
2026-09-02T00:22:15.4309777Z upgrading pinentry...
2026-09-02T00:22:15.4365595Z upgrading gnupg...
2026-09-02T00:22:19.9728112Z ==> Appending keys from msys2.gpg...
2026-09-02T00:22:20.5597006Z ==> Updating trust database...
2026-09-02T00:22:20.5777342Z gpg: no need for a trustdb check
2026-09-02T00:22:20.6693073Z upgrading msys2-keyring...
2026-09-02T00:22:21.0195590Z ==> Appending keys from msys2.gpg...
2026-09-02T00:22:21.6224920Z ==> Updating trust database...
2026-09-02T00:22:21.6411559Z gpg: next trustdb check due at 2027-02-10
2026-09-02T00:22:21.7297852Z upgrading nano...
2026-09-02T00:22:21.8309328Z upgrading pacman-contrib...
2026-09-02T00:22:21.8966394Z New optional dependencies for pacman-contrib
2026-09-02T00:22:21.8966783Z     perl: for pacsearch [installed]
2026-09-02T00:22:21.8967224Z     vim: default diff program for pacdiff
2026-09-02T00:22:21.8967498Z upgrading perl...
2026-09-02T00:22:23.5708646Z upgrading tzcode...
2026-09-02T00:22:25.5195871Z upgrading wget...
2026-09-02T00:22:25.6233046Z :: Running post-transaction hooks...
2026-09-02T00:22:25.6233577Z (1/1) Updating the info directory file...
2026-09-02T00:22:27.4246008Z ##[endgroup]
2026-09-02T00:22:27.4247641Z ##[group]Installing additional packages through pacman...
2026-09-02T00:22:27.4859545Z [command]C:\Windows\system32\cmd.exe /D /S /C D:\a\_temp\setup-msys2\msys2.cmd -c "'pacman' '--noconfirm' '-S' '--needed' '--overwrite' '*' 'git' 'make' 'mingw-w64-x86_64-boost' 'mingw-w64-x86_64-cmake' 'mingw-w64-x86_64-gcc'"
2026-09-02T00:22:28.4271228Z resolving dependencies...
2026-09-02T00:22:28.4392667Z looking for conflicting packages...
2026-09-02T00:22:28.4568620Z 
2026-09-02T00:22:28.4585544Z Packages (89) heimdal-7.8.0-5  heimdal-libs-7.8.0-5  libcbor-0.14.0-2  libedit-20240808_3.1-1  libfido2-1.17.0-1  mingw-w64-x86_64-binutils-2.47-3  mingw-w64-x86_64-boost-libs-1.91.0-3  mingw-w64-x86_64-brotli-1.2.0-1  mingw-w64-x86_64-bzip2-1.0.8-4  mingw-w64-x86_64-c-ares-1.34.8-1  mingw-w64-x86_64-ca-certificates-20260816-1  mingw-w64-x86_64-cppdap-1.65.r11.g6464cd7-1  mingw-w64-x86_64-crt-14.0.0.r302.gd7f3c5201-1  mingw-w64-x86_64-curl-8.21.0-2  mingw-w64-x86_64-expat-2.8.3-1  mingw-w64-x86_64-gcc-libs-16.2.0-3  mingw-w64-x86_64-gettext-runtime-1.0-1  mingw-w64-x86_64-gmp-6.3.0-2  mingw-w64-x86_64-gnutls-3.8.13-3  mingw-w64-x86_64-headers-14.0.0.r302.gd7f3c5201-1  mingw-w64-x86_64-icu-78.3-4  mingw-w64-x86_64-isl-0.28-1  mingw-w64-x86_64-jsoncpp-1.9.8-1  mingw-w64-x86_64-libarchive-3.8.9-5  mingw-w64-x86_64-libb2-0.98.1-3  mingw-w64-x86_64-libffi-3.8.0-1  mingw-w64-x86_64-libiconv-1.19-1  mingw-w64-x86_64-libidn2-2.3.8-4  mingw-w64-x86_64-libpsl-0.21.5-3  mingw-w64-x86_64-libssh2-1.11.1-2  mingw-w64-x86_64-libtasn1-4.21.0-1  mingw-w64-x86_64-libunistring-1.4.2-1  mingw-w64-x86_64-libuv-1.52.1-1  mingw-w64-x86_64-libwinpthread-14.0.0.r302.gd7f3c5201-1  mingw-w64-x86_64-lz4-1.10.0-1  mingw-w64-x86_64-mpc-1.4.1-1  mingw-w64-x86_64-mpfr-4.2.2-3  mingw-w64-x86_64-nettle-4.0-1  mingw-w64-x86_64-nghttp2-1.70.0-1  mingw-w64-x86_64-nghttp3-1.18.0-1  mingw-w64-x86_64-ngtcp2-1.25.0-1  mingw-w64-x86_64-ninja-1.13.2-1  mingw-w64-x86_64-openssl-3.6.4-1  mingw-w64-x86_64-p11-kit-0.26.5-1  mingw-w64-x86_64-pcre2-10.47-1  mingw-w64-x86_64-pkgconf-1~3.0.5-1  mingw-w64-x86_64-rhash-1.4.6-1  mingw-w64-x86_64-tzdata-2026c-1  mingw-w64-x86_64-windows-default-manifest-20260815-1  mingw-w64-x86_64-wineditline-2.208-1  mingw-w64-x86_64-winpthreads-14.0.0.r302.gd7f3c5201-1  mingw-w64-x86_64-xz-5.8.3-1  mingw-w64-x86_64-zlib-1.3.2-2  mingw-w64-x86_64-zstd-1.5.7-2  openssh-10.5p1-2  perl-Authen-SASL-2.2000-1  perl-Clone-0.50-2  perl-Convert-BinHex-1.125-2  perl-Encode-Locale-1.05-2  perl-Error-0.17030-1  perl-File-Listing-6.16-1  perl-HTML-Parser-3.85-1  perl-HTML-Tagset-3.24-1  perl-HTTP-Cookies-6.12-1  perl-HTTP-Daemon-6.17-1  perl-HTTP-Date-6.08-1  perl-HTTP-Message-7.04-1  perl-HTTP-Negotiate-6.01-3  perl-IO-HTML-1.004-2  perl-IO-Socket-SSL-2.099-1  perl-IO-Stringy-2.113-3  perl-LWP-MediaTypes-6.04-2  perl-MIME-tools-5.517-1  perl-MailTools-2.22-1  perl-Net-HTTP-6.24-1  perl-Net-SMTP-SSL-1.04-2  perl-Net-SSLeay-1.96-1  perl-TermReadKey-2.38-8  perl-TimeDate-2.35-1  perl-Try-Tiny-0.32-1  perl-URI-5.36-1  perl-WWW-RobotRules-6.03-1  perl-http-cookiejar-0.014-1  perl-libwww-6.83-2  git-2.55.0-1  make-4.4.1-3  mingw-w64-x86_64-boost-1.91.0-3  mingw-w64-x86_64-cmake-4.4.2-2  mingw-w64-x86_64-gcc-16.2.0-3
2026-09-02T00:22:28.4602995Z 
2026-09-02T00:22:28.4603158Z Total Download Size:    154.18 MiB
2026-09-02T00:22:28.4603565Z Total Installed Size:  1023.08 MiB
2026-09-02T00:22:28.4603821Z 
2026-09-02T00:22:28.4604011Z :: Proceed with installation? [Y/n] 
2026-09-02T00:22:28.4605575Z :: Retrieving packages...
2026-09-02T00:22:59.2199769Z  mingw-w64-x86_64-gcc-16.2.0-3-any downloading...
2026-09-02T00:22:59.2200349Z  mingw-w64-x86_64-icu-78.3-4-any downloading...
2026-09-02T00:22:59.2200820Z  mingw-w64-x86_64-boost-1.91.0-3-any downloading...
2026-09-02T00:22:59.2201343Z  mingw-w64-x86_64-cmake-4.4.2-2-any downloading...
2026-09-02T00:22:59.2201677Z  mingw-w64-x86_64-openssl-3.6.4-1-any downloading...
2026-09-02T00:22:59.2201970Z  git-2.55.0-1-x86_64 downloading...
2026-09-02T00:22:59.2202325Z  mingw-w64-x86_64-headers-14.0.0.r302.gd7f3c5201-1-any downloading...
2026-09-02T00:22:59.2202709Z  mingw-w64-x86_64-binutils-2.47-3-any downloading...
2026-09-02T00:22:59.2203091Z  mingw-w64-x86_64-crt-14.0.0.r302.gd7f3c5201-1-any downloading...
2026-09-02T00:22:59.2203464Z  mingw-w64-x86_64-boost-libs-1.91.0-3-any downloading...
2026-09-02T00:22:59.2203792Z  mingw-w64-x86_64-gnutls-3.8.13-3-any downloading...
2026-09-02T00:22:59.2204122Z  mingw-w64-x86_64-libarchive-3.8.9-5-any downloading...
2026-09-02T00:22:59.2204435Z  mingw-w64-x86_64-curl-8.21.0-2-any downloading...
2026-09-02T00:22:59.2204736Z  mingw-w64-x86_64-isl-0.28-1-any downloading...
2026-09-02T00:22:59.2205035Z  mingw-w64-x86_64-pcre2-10.47-1-any downloading...
2026-09-02T00:22:59.2205317Z  openssh-10.5p1-2-x86_64 downloading...
2026-09-02T00:22:59.2205629Z  mingw-w64-x86_64-gcc-libs-16.2.0-3-any downloading...
2026-09-02T00:22:59.2205975Z  mingw-w64-x86_64-libunistring-1.4.2-1-any downloading...
2026-09-02T00:22:59.2206296Z  heimdal-libs-7.8.0-5-x86_64 downloading...
2026-09-02T00:22:59.2206585Z  mingw-w64-x86_64-libiconv-1.19-1-any downloading...
2026-09-02T00:22:59.2206894Z  mingw-w64-x86_64-zstd-1.5.7-2-any downloading...
2026-09-02T00:22:59.2207202Z  mingw-w64-x86_64-p11-kit-0.26.5-1-any downloading...
2026-09-02T00:22:59.2207503Z  mingw-w64-x86_64-gmp-6.3.0-2-any downloading...
2026-09-02T00:22:59.2207796Z  mingw-w64-x86_64-nettle-4.0-1-any downloading...
2026-09-02T00:22:59.2208076Z  heimdal-7.8.0-5-x86_64 downloading...
2026-09-02T00:22:59.2208428Z  mingw-w64-x86_64-mpfr-4.2.2-3-any downloading...
2026-09-02T00:22:59.2209118Z  mingw-w64-x86_64-cppdap-1.65.r11.g6464cd7-1-any downloading...
2026-09-02T00:22:59.2209453Z  make-4.4.1-3-x86_64 downloading...
2026-09-02T00:22:59.2209718Z  mingw-w64-x86_64-xz-5.8.3-1-any downloading...
2026-09-02T00:22:59.2210020Z  mingw-w64-x86_64-brotli-1.2.0-1-any downloading...
2026-09-02T00:22:59.2210361Z  mingw-w64-x86_64-gettext-runtime-1.0-1-any downloading...
2026-09-02T00:22:59.2210871Z  mingw-w64-x86_64-ca-certificates-20260816-1-any downloading...
2026-09-02T00:22:59.2211224Z  mingw-w64-x86_64-c-ares-1.34.8-1-any downloading...
2026-09-02T00:22:59.2211533Z  mingw-w64-x86_64-libssh2-1.11.1-2-any downloading...
2026-09-02T00:22:59.2211842Z  mingw-w64-x86_64-ngtcp2-1.25.0-1-any downloading...
2026-09-02T00:22:59.2212137Z  mingw-w64-x86_64-rhash-1.4.6-1-any downloading...
2026-09-02T00:22:59.2212439Z  perl-Net-SSLeay-1.96-1-x86_64 downloading...
2026-09-02T00:22:59.2212877Z  mingw-w64-x86_64-tzdata-2026c-1-any downloading...
2026-09-02T00:22:59.2213338Z  mingw-w64-x86_64-libuv-1.52.1-1-any downloading...
2026-09-02T00:22:59.2213832Z  mingw-w64-x86_64-jsoncpp-1.9.8-1-any downloading...
2026-09-02T00:22:59.2214327Z  mingw-w64-x86_64-nghttp2-1.70.0-1-any downloading...
2026-09-02T00:22:59.2214829Z  mingw-w64-x86_64-libtasn1-4.21.0-1-any downloading...
2026-09-02T00:22:59.2215305Z  mingw-w64-x86_64-expat-2.8.3-1-any downloading...
2026-09-02T00:22:59.2215766Z  mingw-w64-x86_64-ninja-1.13.2-1-any downloading...
2026-09-02T00:22:59.2216185Z  perl-MIME-tools-5.517-1-any downloading...
2026-09-02T00:22:59.2216610Z  mingw-w64-x86_64-libidn2-2.3.8-4-any downloading...
2026-09-02T00:22:59.2217089Z  mingw-w64-x86_64-lz4-1.10.0-1-any downloading...
2026-09-02T00:22:59.2217558Z  perl-IO-Socket-SSL-2.099-1-any downloading...
2026-09-02T00:22:59.2218069Z  mingw-w64-x86_64-pkgconf-1~3.0.5-1-any downloading...
2026-09-02T00:22:59.2218601Z  mingw-w64-x86_64-nghttp3-1.18.0-1-any downloading...
2026-09-02T00:22:59.2219093Z  mingw-w64-x86_64-mpc-1.4.1-1-any downloading...
2026-09-02T00:22:59.2219566Z  perl-libwww-6.83-2-any downloading...
2026-09-02T00:22:59.2220019Z  mingw-w64-x86_64-zlib-1.3.2-2-any downloading...
2026-09-02T00:22:59.2220441Z  perl-URI-5.36-1-any downloading...
2026-09-02T00:22:59.2220869Z  mingw-w64-x86_64-libpsl-0.21.5-3-any downloading...
2026-09-02T00:22:59.2221326Z  mingw-w64-x86_64-bzip2-1.0.8-4-any downloading...
2026-09-02T00:22:59.2221776Z  libedit-20240808_3.1-1-x86_64 downloading...
2026-09-02T00:22:59.2222202Z  libfido2-1.17.0-1-x86_64 downloading...
2026-09-02T00:22:59.2222661Z  perl-HTML-Parser-3.85-1-x86_64 downloading...
2026-09-02T00:22:59.2223157Z  perl-HTTP-Message-7.04-1-any downloading...
2026-09-02T00:22:59.2223618Z  perl-TimeDate-2.35-1-any downloading...
2026-09-02T00:22:59.2224106Z  mingw-w64-x86_64-wineditline-2.208-1-any downloading...
2026-09-02T00:22:59.2224574Z  perl-MailTools-2.22-1-any downloading...
2026-09-02T00:22:59.2225047Z  mingw-w64-x86_64-libffi-3.8.0-1-any downloading...
2026-09-02T00:22:59.2225424Z  perl-IO-Stringy-2.113-3-any downloading...
2026-09-02T00:22:59.2225850Z  mingw-w64-x86_64-winpthreads-14.0.0.r302.gd7f3c5201-1-any downloading...
2026-09-02T00:22:59.2226588Z  perl-Authen-SASL-2.2000-1-any downloading...
2026-09-02T00:22:59.2227188Z  mingw-w64-x86_64-libwinpthread-14.0.0.r302.gd7f3c5201-1-any downloading...
2026-09-02T00:22:59.2227867Z  perl-Convert-BinHex-1.125-2-any downloading...
2026-09-02T00:22:59.2228321Z  mingw-w64-x86_64-libb2-0.98.1-3-any downloading...
2026-09-02T00:22:59.2228610Z  libcbor-0.14.0-2-x86_64 downloading...
2026-09-02T00:22:59.2228881Z  perl-HTTP-Cookies-6.12-1-any downloading...
2026-09-02T00:22:59.2229159Z  perl-Net-HTTP-6.24-1-any downloading...
2026-09-02T00:22:59.2229423Z  perl-Error-0.17030-1-any downloading...
2026-09-02T00:22:59.2229704Z  perl-TermReadKey-2.38-8-x86_64 downloading...
2026-09-02T00:22:59.2229992Z  perl-HTTP-Daemon-6.17-1-any downloading...
2026-09-02T00:22:59.2230273Z  perl-LWP-MediaTypes-6.04-2-any downloading...
2026-09-02T00:22:59.2230555Z  perl-Try-Tiny-0.32-1-any downloading...
2026-09-02T00:22:59.2230990Z  perl-Clone-0.50-2-x86_64 downloading...
2026-09-02T00:22:59.2231246Z  perl-IO-HTML-1.004-2-any downloading...
2026-09-02T00:22:59.2231513Z  perl-WWW-RobotRules-6.03-1-any downloading...
2026-09-02T00:22:59.2231809Z  perl-http-cookiejar-0.014-1-any downloading...
2026-09-02T00:22:59.2232103Z  perl-HTTP-Negotiate-6.01-3-any downloading...
2026-09-02T00:22:59.2233286Z  perl-Encode-Locale-1.05-2-any downloading...
2026-09-02T00:22:59.2233573Z  perl-HTML-Tagset-3.24-1-any downloading...
2026-09-02T00:22:59.2233851Z  perl-File-Listing-6.16-1-any downloading...
2026-09-02T00:22:59.2234125Z  perl-HTTP-Date-6.08-1-any downloading...
2026-09-02T00:22:59.2234403Z  perl-Net-SMTP-SSL-1.04-2-any downloading...
2026-09-02T00:22:59.2234774Z  mingw-w64-x86_64-windows-default-manifest-20260815-1-any downloading...
2026-09-02T00:22:59.2235135Z checking keyring...
2026-09-02T00:22:59.2890560Z checking package integrity...
2026-09-02T00:23:13.8009558Z loading package files...
2026-09-02T00:23:14.1595391Z checking for file conflicts...
2026-09-02T00:23:16.4310330Z :: Processing package changes...
2026-09-02T00:23:16.4310794Z installing libedit...
2026-09-02T00:23:16.4609835Z installing heimdal-libs...
2026-09-02T00:23:16.4791985Z installing heimdal...
2026-09-02T00:23:17.1005603Z installing libcbor...
2026-09-02T00:23:17.1035119Z installing libfido2...
2026-09-02T00:23:17.1070227Z installing openssh...
2026-09-02T00:23:17.1469316Z installing perl-Error...
2026-09-02T00:23:17.1551063Z installing perl-Authen-SASL...
2026-09-02T00:23:17.1900039Z ##[error]The operation was canceled.
2026-09-02T00:23:17.2027777Z Cleaning up orphan processes
2026-09-02T00:23:17.2516357Z Terminate orphan process: pid (7780) (bash)
