windows-mingw64	Set up job	﻿2026-09-01T15:47:52.0629796Z Current runner version: '2.337.0'
windows-mingw64	Set up job	2026-09-01T15:47:52.0682659Z ##[group]Runner Image Provisioner
windows-mingw64	Set up job	2026-09-01T15:47:52.0684349Z Hosted Compute Agent
windows-mingw64	Set up job	2026-09-01T15:47:52.0684953Z Version: 20260819.586
windows-mingw64	Set up job	2026-09-01T15:47:52.0685568Z Commit: 3cc4a88dfa507ef76119ad1bb3eccc6378bb2b76
windows-mingw64	Set up job	2026-09-01T15:47:52.0686283Z Build Date: 2026-08-18T23:20:18Z
windows-mingw64	Set up job	2026-09-01T15:47:52.0686993Z Worker ID: {b29f2a40-a75d-4fc2-b6d8-dc539a739f29}
windows-mingw64	Set up job	2026-09-01T15:47:52.0687690Z Azure Region: northcentralus
windows-mingw64	Set up job	2026-09-01T15:47:52.0688294Z ##[endgroup]
windows-mingw64	Set up job	2026-09-01T15:47:52.0689662Z ##[group]Operating System
windows-mingw64	Set up job	2026-09-01T15:47:52.0690318Z Microsoft Windows Server 2022
windows-mingw64	Set up job	2026-09-01T15:47:52.0690901Z 10.0.20348
windows-mingw64	Set up job	2026-09-01T15:47:52.0691470Z Datacenter
windows-mingw64	Set up job	2026-09-01T15:47:52.0692004Z ##[endgroup]
windows-mingw64	Set up job	2026-09-01T15:47:52.0692517Z ##[group]Runner Image
windows-mingw64	Set up job	2026-09-01T15:47:52.0693104Z Image: windows-2022
windows-mingw64	Set up job	2026-09-01T15:47:52.0693657Z Version: 20260824.284.2
windows-mingw64	Set up job	2026-09-01T15:47:52.0694672Z Included Software: https://github.com/actions/runner-images/blob/win22/20260824.284/images/windows/Windows2022-Readme.md
windows-mingw64	Set up job	2026-09-01T15:47:52.0696628Z Image Release: https://github.com/actions/runner-images/releases/tag/win22%2F20260824.284
windows-mingw64	Set up job	2026-09-01T15:47:52.0697575Z ##[endgroup]
windows-mingw64	Set up job	2026-09-01T15:47:52.0698682Z ##[group]GITHUB_TOKEN Permissions
windows-mingw64	Set up job	2026-09-01T15:47:52.0700852Z Contents: read
windows-mingw64	Set up job	2026-09-01T15:47:52.0701433Z Metadata: read
windows-mingw64	Set up job	2026-09-01T15:47:52.0701979Z ##[endgroup]
windows-mingw64	Set up job	2026-09-01T15:47:52.0704058Z Secret source: Actions
windows-mingw64	Set up job	2026-09-01T15:47:52.0705067Z Prepare workflow directory
windows-mingw64	Set up job	2026-09-01T15:47:52.1239064Z Prepare all required actions
windows-mingw64	Set up job	2026-09-01T15:47:52.1311190Z Getting action download info
windows-mingw64	Set up job	2026-09-01T15:47:52.3585226Z Download action repository 'msys2/setup-msys2@v2' (SHA:66cd2cce69caa17b53920067426061ca1de3a884)
windows-mingw64	Set up job	2026-09-01T15:47:52.6857532Z Complete job name: windows-mingw64
windows-mingw64	Check out exact public source commits outside the dotted workspace	﻿2026-09-01T15:47:52.8158031Z ##[group]Run git config --global core.autocrlf false
windows-mingw64	Check out exact public source commits outside the dotted workspace	2026-09-01T15:47:52.8159077Z ^[[36;1mgit config --global core.autocrlf false^[[0m
windows-mingw64	Check out exact public source commits outside the dotted workspace	2026-09-01T15:47:52.8159708Z ^[[36;1mgit config --global core.eol lf^[[0m
windows-mingw64	Check out exact public source commits outside the dotted workspace	2026-09-01T15:47:52.8160477Z ^[[36;1mNew-Item -ItemType Directory -Path $env:WINDOWS_ROOT | Out-Null^[[0m
windows-mingw64	Check out exact public source commits outside the dotted workspace	2026-09-01T15:47:52.8161184Z ^[[36;1m^[[0m
windows-mingw64	Check out exact public source commits outside the dotted workspace	2026-09-01T15:47:52.8161590Z ^[[36;1mgit init $env:PROJECT_SOURCE^[[0m
windows-mingw64	Check out exact public source commits outside the dotted workspace	2026-09-01T15:47:52.8162407Z ^[[36;1mgit -C $env:PROJECT_SOURCE remote add origin https://github.com/leemaple/20231788..git^[[0m
windows-mingw64	Check out exact public source commits outside the dotted workspace	2026-09-01T15:47:52.8163444Z ^[[36;1mgit -C $env:PROJECT_SOURCE fetch --depth 1 origin $env:GITHUB_SHA^[[0m
windows-mingw64	Check out exact public source commits outside the dotted workspace	2026-09-01T15:47:52.8164250Z ^[[36;1mgit -C $env:PROJECT_SOURCE checkout --detach FETCH_HEAD^[[0m
windows-mingw64	Check out exact public source commits outside the dotted workspace	2026-09-01T15:47:52.8165032Z ^[[36;1m$projectActual = git -C $env:PROJECT_SOURCE rev-parse HEAD^[[0m
windows-mingw64	Check out exact public source commits outside the dotted workspace	2026-09-01T15:47:52.8165774Z ^[[36;1mif ($projectActual -ne $env:GITHUB_SHA) {^[[0m
windows-mingw64	Check out exact public source commits outside the dotted workspace	2026-09-01T15:47:52.8166458Z ^[[36;1m  throw "Project checkout mismatch: $projectActual"^[[0m
windows-mingw64	Check out exact public source commits outside the dotted workspace	2026-09-01T15:47:52.8167134Z ^[[36;1m}^[[0m
windows-mingw64	Check out exact public source commits outside the dotted workspace	2026-09-01T15:47:52.8167509Z ^[[36;1m^[[0m
windows-mingw64	Check out exact public source commits outside the dotted workspace	2026-09-01T15:47:52.8167901Z ^[[36;1mgit init $env:OPENFHE_SOURCE^[[0m
windows-mingw64	Check out exact public source commits outside the dotted workspace	2026-09-01T15:47:52.8168858Z ^[[36;1mgit -C $env:OPENFHE_SOURCE remote add origin https://github.com/openfheorg/openfhe-development.git^[[0m
windows-mingw64	Check out exact public source commits outside the dotted workspace	2026-09-01T15:47:52.8169982Z ^[[36;1mgit -C $env:OPENFHE_SOURCE fetch --depth 1 origin $env:OPENFHE_COMMIT^[[0m
windows-mingw64	Check out exact public source commits outside the dotted workspace	2026-09-01T15:47:52.8170808Z ^[[36;1mgit -C $env:OPENFHE_SOURCE checkout --detach FETCH_HEAD^[[0m
windows-mingw64	Check out exact public source commits outside the dotted workspace	2026-09-01T15:47:52.8171655Z ^[[36;1mgit -C $env:OPENFHE_SOURCE submodule update --init --recursive --depth 1^[[0m
windows-mingw64	Check out exact public source commits outside the dotted workspace	2026-09-01T15:47:52.8172385Z ^[[36;1m^[[0m
windows-mingw64	Check out exact public source commits outside the dotted workspace	2026-09-01T15:47:52.8172938Z ^[[36;1m$projectStatus = @(git -C $env:PROJECT_SOURCE status --porcelain)^[[0m
windows-mingw64	Check out exact public source commits outside the dotted workspace	2026-09-01T15:47:52.8173673Z ^[[36;1mif ($projectStatus.Count -ne 0) {^[[0m
windows-mingw64	Check out exact public source commits outside the dotted workspace	2026-09-01T15:47:52.8174375Z ^[[36;1m  throw "Project checkout is dirty: $($projectStatus -join '; ')"^[[0m
windows-mingw64	Check out exact public source commits outside the dotted workspace	2026-09-01T15:47:52.8175041Z ^[[36;1m}^[[0m
windows-mingw64	Check out exact public source commits outside the dotted workspace	2026-09-01T15:47:52.8175598Z ^[[36;1m$openfheStatus = @(git -C $env:OPENFHE_SOURCE status --porcelain)^[[0m
windows-mingw64	Check out exact public source commits outside the dotted workspace	2026-09-01T15:47:52.8176309Z ^[[36;1mif ($openfheStatus.Count -ne 0) {^[[0m
windows-mingw64	Check out exact public source commits outside the dotted workspace	2026-09-01T15:47:52.8178552Z ^[[36;1m  throw "OpenFHE checkout is dirty: $($openfheStatus -join '; ')"^[[0m
windows-mingw64	Check out exact public source commits outside the dotted workspace	2026-09-01T15:47:52.8179226Z ^[[36;1m}^[[0m
windows-mingw64	Check out exact public source commits outside the dotted workspace	2026-09-01T15:47:52.9815040Z shell: C:\Program Files\PowerShell\7\pwsh.EXE -command ". '{0}'"
windows-mingw64	Check out exact public source commits outside the dotted workspace	2026-09-01T15:47:52.9816196Z env:
windows-mingw64	Check out exact public source commits outside the dotted workspace	2026-09-01T15:47:52.9816807Z   OPENFHE_COMMIT: df495ba2e91739a6dc8f1de254fc5a41155ce504
windows-mingw64	Check out exact public source commits outside the dotted workspace	2026-09-01T15:47:52.9817588Z   OPENFHE_PREFIX: C:\openfhe-2023-1788\openfhe-install
windows-mingw64	Check out exact public source commits outside the dotted workspace	2026-09-01T15:47:52.9818250Z   WINDOWS_ROOT: C:\openfhe-2023-1788
windows-mingw64	Check out exact public source commits outside the dotted workspace	2026-09-01T15:47:52.9818971Z   PROJECT_SOURCE: C:\openfhe-2023-1788\cleanroom
windows-mingw64	Check out exact public source commits outside the dotted workspace	2026-09-01T15:47:52.9819664Z   OPENFHE_SOURCE: C:\openfhe-2023-1788\openfhe-src
windows-mingw64	Check out exact public source commits outside the dotted workspace	2026-09-01T15:47:52.9820442Z   OPENFHE_BUILD: C:\openfhe-2023-1788\openfhe-build-33527929014-1
windows-mingw64	Check out exact public source commits outside the dotted workspace	2026-09-01T15:47:52.9821288Z   PROJECT_BUILD: C:\openfhe-2023-1788\project-build-33527929014-1
windows-mingw64	Check out exact public source commits outside the dotted workspace	2026-09-01T15:47:52.9822022Z ##[endgroup]
windows-mingw64	Check out exact public source commits outside the dotted workspace	2026-09-01T15:47:53.8280626Z Initialized empty Git repository in C:/openfhe-2023-1788/cleanroom/.git/
windows-mingw64	Check out exact public source commits outside the dotted workspace	2026-09-01T15:47:55.7046108Z From https://github.com/leemaple/20231788.
windows-mingw64	Check out exact public source commits outside the dotted workspace	2026-09-01T15:47:55.7046868Z  * branch            557d2a331658a2cf16d47de36415c2d968e62b5f -> FETCH_HEAD
windows-mingw64	Check out exact public source commits outside the dotted workspace	2026-09-01T15:47:55.8710176Z HEAD is now at 557d2a3 test: retain Relin2 API compile red
windows-mingw64	Check out exact public source commits outside the dotted workspace	2026-09-01T15:47:55.9851475Z Initialized empty Git repository in C:/openfhe-2023-1788/openfhe-src/.git/
windows-mingw64	Check out exact public source commits outside the dotted workspace	2026-09-01T15:47:56.8969295Z From https://github.com/openfheorg/openfhe-development
windows-mingw64	Check out exact public source commits outside the dotted workspace	2026-09-01T15:47:56.8970323Z  * branch            df495ba2e91739a6dc8f1de254fc5a41155ce504 -> FETCH_HEAD
windows-mingw64	Check out exact public source commits outside the dotted workspace	2026-09-01T15:47:57.5844554Z HEAD is now at df495ba Merge pull request #1130 from openfheorg/dev
windows-mingw64	Check out exact public source commits outside the dotted workspace	2026-09-01T15:47:58.6316170Z Submodule 'third-party/cereal' (https://github.com/openfheorg/cereal.git) registered for path 'third-party/cereal'
windows-mingw64	Check out exact public source commits outside the dotted workspace	2026-09-01T15:47:58.6334924Z Submodule 'third-party/google-benchmark' (https://github.com/google/benchmark.git) registered for path 'third-party/google-benchmark'
windows-mingw64	Check out exact public source commits outside the dotted workspace	2026-09-01T15:47:58.6355481Z Submodule 'third-party/google-test' (https://github.com/google/googletest.git) registered for path 'third-party/google-test'
windows-mingw64	Check out exact public source commits outside the dotted workspace	2026-09-01T15:47:58.6385743Z Submodule 'third-party/gperftools' (https://github.com/gperftools/gperftools.git) registered for path 'third-party/gperftools'
windows-mingw64	Check out exact public source commits outside the dotted workspace	2026-09-01T15:47:58.7127549Z Cloning into 'C:/openfhe-2023-1788/openfhe-src/third-party/cereal'...
windows-mingw64	Check out exact public source commits outside the dotted workspace	2026-09-01T15:47:59.2909565Z Cloning into 'C:/openfhe-2023-1788/openfhe-src/third-party/google-benchmark'...
windows-mingw64	Check out exact public source commits outside the dotted workspace	2026-09-01T15:47:59.7917040Z Cloning into 'C:/openfhe-2023-1788/openfhe-src/third-party/google-test'...
windows-mingw64	Check out exact public source commits outside the dotted workspace	2026-09-01T15:48:00.3543169Z Cloning into 'C:/openfhe-2023-1788/openfhe-src/third-party/gperftools'...
windows-mingw64	Check out exact public source commits outside the dotted workspace	2026-09-01T15:48:01.4602876Z Submodule path 'third-party/cereal': checked out '984e3f194862b17916536b5fade40cba6e47a6fe'
windows-mingw64	Check out exact public source commits outside the dotted workspace	2026-09-01T15:48:03.5662135Z From https://github.com/google/benchmark
windows-mingw64	Check out exact public source commits outside the dotted workspace	2026-09-01T15:48:03.5662817Z  * branch            eddb0241389718a23a42db6af5f0164b6e0139af -> FETCH_HEAD
windows-mingw64	Check out exact public source commits outside the dotted workspace	2026-09-01T15:48:03.8946374Z Submodule path 'third-party/google-benchmark': checked out 'eddb0241389718a23a42db6af5f0164b6e0139af'
windows-mingw64	Check out exact public source commits outside the dotted workspace	2026-09-01T15:48:05.1337048Z From https://github.com/google/googletest
windows-mingw64	Check out exact public source commits outside the dotted workspace	2026-09-01T15:48:05.1337821Z  * branch            52eb8108c5bdec04579160ae17225d66034bd723 -> FETCH_HEAD
windows-mingw64	Check out exact public source commits outside the dotted workspace	2026-09-01T15:48:05.6607698Z Submodule path 'third-party/google-test': checked out '52eb8108c5bdec04579160ae17225d66034bd723'
windows-mingw64	Check out exact public source commits outside the dotted workspace	2026-09-01T15:48:07.0581937Z From https://github.com/gperftools/gperftools
windows-mingw64	Check out exact public source commits outside the dotted workspace	2026-09-01T15:48:07.0582623Z  * branch            83edb60836d87cf1b406e8846b9059c03031e8f5 -> FETCH_HEAD
windows-mingw64	Check out exact public source commits outside the dotted workspace	2026-09-01T15:48:08.1136743Z Submodule path 'third-party/gperftools': checked out '83edb60836d87cf1b406e8846b9059c03031e8f5'
windows-mingw64	Install official Windows toolchain	﻿2026-09-01T15:48:08.8286768Z ##[group]Run msys2/setup-msys2@v2
windows-mingw64	Install official Windows toolchain	2026-09-01T15:48:08.8287135Z with:
windows-mingw64	Install official Windows toolchain	2026-09-01T15:48:08.8287357Z   msystem: MINGW64
windows-mingw64	Install official Windows toolchain	2026-09-01T15:48:08.8287551Z   update: true
windows-mingw64	Install official Windows toolchain	2026-09-01T15:48:08.8287734Z   cache: false
windows-mingw64	Install official Windows toolchain	2026-09-01T15:48:08.8288058Z   install: git make mingw-w64-x86_64-boost mingw-w64-x86_64-cmake mingw-w64-x86_64-gcc
windows-mingw64	Install official Windows toolchain	2026-09-01T15:48:08.8289318Z   path-type: minimal
windows-mingw64	Install official Windows toolchain	2026-09-01T15:48:08.8289516Z   release: true
windows-mingw64	Install official Windows toolchain	2026-09-01T15:48:08.8289717Z   platform-check-severity: fatal
windows-mingw64	Install official Windows toolchain	2026-09-01T15:48:08.8289948Z env:
windows-mingw64	Install official Windows toolchain	2026-09-01T15:48:08.8290178Z   OPENFHE_COMMIT: df495ba2e91739a6dc8f1de254fc5a41155ce504
windows-mingw64	Install official Windows toolchain	2026-09-01T15:48:08.8290546Z   OPENFHE_PREFIX: C:\openfhe-2023-1788\openfhe-install
windows-mingw64	Install official Windows toolchain	2026-09-01T15:48:08.8290834Z   WINDOWS_ROOT: C:\openfhe-2023-1788
windows-mingw64	Install official Windows toolchain	2026-09-01T15:48:08.8291102Z   PROJECT_SOURCE: C:\openfhe-2023-1788\cleanroom
windows-mingw64	Install official Windows toolchain	2026-09-01T15:48:08.8291396Z   OPENFHE_SOURCE: C:\openfhe-2023-1788\openfhe-src
windows-mingw64	Install official Windows toolchain	2026-09-01T15:48:08.8291750Z   OPENFHE_BUILD: C:\openfhe-2023-1788\openfhe-build-33527929014-1
windows-mingw64	Install official Windows toolchain	2026-09-01T15:48:08.8292187Z   PROJECT_BUILD: C:\openfhe-2023-1788\project-build-33527929014-1
windows-mingw64	Install official Windows toolchain	2026-09-01T15:48:08.8292484Z ##[endgroup]
windows-mingw64	Install official Windows toolchain	2026-09-01T15:48:08.9943715Z ##[group]Downloading MSYS2...
windows-mingw64	Install official Windows toolchain	2026-09-01T15:48:09.5119419Z ##[endgroup]
windows-mingw64	Install official Windows toolchain	2026-09-01T15:48:09.5119917Z ##[group]Extracting MSYS2...
windows-mingw64	Install official Windows toolchain	2026-09-01T15:48:09.5120448Z [command]C:\hostedtoolcache\windows\msys2-installer\0.0.20260611\x64\base.exe -y
windows-mingw64	Install official Windows toolchain	2026-09-01T15:48:09.9805501Z 
windows-mingw64	Install official Windows toolchain	2026-09-01T15:48:09.9807416Z 7-Zip SFX 25.01 ZS v1.5.7 R4 (x64) : Copyright (c) 1999-2025 Igor Pavlov, 2016-2026 Tino Reichardt, 2022-2026 Sergey G. Brester : 2026-01-10
windows-mingw64	Install official Windows toolchain	2026-09-01T15:48:09.9808366Z 
windows-mingw64	Install official Windows toolchain	2026-09-01T15:48:09.9808777Z Extracting archive: C:\hostedtoolcache\windows\msys2-installer\0.0.20260611\x64\base.exe
windows-mingw64	Install official Windows toolchain	2026-09-01T15:48:09.9809705Z --
windows-mingw64	Install official Windows toolchain	2026-09-01T15:48:09.9810832Z Path = C:\hostedtoolcache\windows\msys2-installer\0.0.20260611\x64\base.exe
windows-mingw64	Install official Windows toolchain	2026-09-01T15:48:09.9811414Z Type = 7z
windows-mingw64	Install official Windows toolchain	2026-09-01T15:48:09.9811575Z 
windows-mingw64	Install official Windows toolchain	2026-09-01T15:48:10.1785116Z   0%
windows-mingw64	Install official Windows toolchain	2026-09-01T15:48:10.1785526Z     
windows-mingw64	Install official Windows toolchain	2026-09-01T15:48:10.3814977Z   2% 1329 - msys64\usr\lib\perl5\core_perl\CORE\utf8.h
windows-mingw64	Install official Windows toolchain	2026-09-01T15:48:10.3815406Z                                                       
windows-mingw64	Install official Windows toolchain	2026-09-01T15:48:10.5846426Z   4% 2512 - msys64\usr\lib\terminfo\68\hp2621p
windows-mingw64	Install official Windows toolchain	2026-09-01T15:48:10.5847057Z                                               
windows-mingw64	Install official Windows toolchain	2026-09-01T15:48:10.7877053Z   4% 3743 - msys64\usr\lib\terminfo\76\vc403a
windows-mingw64	Install official Windows toolchain	2026-09-01T15:48:10.7877644Z                                              
windows-mingw64	Install official Windows toolchain	2026-09-01T15:48:10.9911329Z   5% 4950 - msys64\usr\share\bash-completion\completions\pushd
windows-mingw64	Install official Windows toolchain	2026-09-01T15:48:10.9911994Z                                                               
windows-mingw64	Install official Windows toolchain	2026-09-01T15:48:11.1939692Z  10% 6003 - msys64\usr\share\locale\bg\LC_MESSAGES\findutils.mo
windows-mingw64	Install official Windows toolchain	2026-09-01T15:48:11.1940413Z                                                                
windows-mingw64	Install official Windows toolchain	2026-09-01T15:48:11.3952667Z  24% 6616 - msys64\usr\share\locale\pt_BR\LC_MESSAGES\util-linux.mo
windows-mingw64	Install official Windows toolchain	2026-09-01T15:48:11.3953470Z                                                                    
windows-mingw64	Install official Windows toolchain	2026-09-01T15:48:11.6014362Z  32% 7503 - msys64\usr\share\man\man1\storeutl.1ssl.gz
windows-mingw64	Install official Windows toolchain	2026-09-01T15:48:11.6015068Z                                                       
windows-mingw64	Install official Windows toolchain	2026-09-01T15:48:11.8046692Z  33% 8731 - msys64\usr\share\man\man3\libssh2_session_init_ex.3.gz
windows-mingw64	Install official Windows toolchain	2026-09-01T15:48:11.8047424Z                                                                   
windows-mingw64	Install official Windows toolchain	2026-09-01T15:48:12.0075720Z  40% 9786 - msys64\usr\share\perl5\core_perl\ExtUtils\MM.pm
windows-mingw64	Install official Windows toolchain	2026-09-01T15:48:12.0076179Z                                                            
windows-mingw64	Install official Windows toolchain	2026-09-01T15:48:12.2108855Z  44% 10699 - msys64\usr\share\perl5\core_perl\unicore\lib\Nv\20000.pl
windows-mingw64	Install official Windows toolchain	2026-09-01T15:48:12.2109573Z                                                                      
windows-mingw64	Install official Windows toolchain	2026-09-01T15:48:12.4138505Z  47% 11813 - msys64\usr\share\terminfo\64\dg100
windows-mingw64	Install official Windows toolchain	2026-09-01T15:48:12.4139074Z                                                
windows-mingw64	Install official Windows toolchain	2026-09-01T15:48:12.6173360Z  47% 12980 - msys64\usr\share\terminfo\73\st-0.6
windows-mingw64	Install official Windows toolchain	2026-09-01T15:48:12.6176046Z                                                 
windows-mingw64	Install official Windows toolchain	2026-09-01T15:48:12.8203733Z  48% 14225 - msys64\usr\share\zoneinfo\Asia\Oral
windows-mingw64	Install official Windows toolchain	2026-09-01T15:48:12.8204315Z                                                 
windows-mingw64	Install official Windows toolchain	2026-09-01T15:48:13.0234072Z  48% 15472 - msys64\usr\share\zoneinfo\right\Australia\West
windows-mingw64	Install official Windows toolchain	2026-09-01T15:48:13.0234827Z                                                            
windows-mingw64	Install official Windows toolchain	2026-09-01T15:48:13.2388785Z  56% 16207 - msys64\usr\bin\infocmp.exe
windows-mingw64	Install official Windows toolchain	2026-09-01T15:48:13.2389326Z                                        
windows-mingw64	Install official Windows toolchain	2026-09-01T15:48:13.4157399Z  79% 16359 - msys64\usr\bin\pacsort.exe
windows-mingw64	Install official Windows toolchain	2026-09-01T15:48:13.4157903Z                                        
windows-mingw64	Install official Windows toolchain	2026-09-01T15:48:13.4158389Z Everything is Ok
windows-mingw64	Install official Windows toolchain	2026-09-01T15:48:13.4178964Z ##[endgroup]
windows-mingw64	Install official Windows toolchain	2026-09-01T15:48:13.4179506Z ##[group]Disable Key Refresh...
windows-mingw64	Install official Windows toolchain	2026-09-01T15:48:13.4198758Z ##[endgroup]
windows-mingw64	Install official Windows toolchain	2026-09-01T15:48:13.4213637Z ##[group]Starting MSYS2 for the first time...
windows-mingw64	Install official Windows toolchain	2026-09-01T15:48:13.4828481Z [command]C:\Windows\system32\cmd.exe /D /S /C D:\a\_temp\setup-msys2\msys2.cmd -c "'uname' '-a'"
windows-mingw64	Install official Windows toolchain	2026-09-01T15:48:13.5844185Z ^[[1;32mMSYS2 is starting for the first time. Executing the initial setup.^[[1;0m
windows-mingw64	Install official Windows toolchain	2026-09-01T15:48:13.6235401Z Copying skeleton files.
windows-mingw64	Install official Windows toolchain	2026-09-01T15:48:13.6235954Z These files are for the users to personalise their msys2 experience.
windows-mingw64	Install official Windows toolchain	2026-09-01T15:48:13.6236402Z 
windows-mingw64	Install official Windows toolchain	2026-09-01T15:48:13.6236604Z They will never be overwritten nor automatically updated.
windows-mingw64	Install official Windows toolchain	2026-09-01T15:48:13.6236936Z 
windows-mingw64	Install official Windows toolchain	2026-09-01T15:48:13.6638917Z './.bashrc' -> '/home/runneradmin/.bashrc'
windows-mingw64	Install official Windows toolchain	2026-09-01T15:48:13.6784238Z './.bash_profile' -> '/home/runneradmin/.bash_profile'
windows-mingw64	Install official Windows toolchain	2026-09-01T15:48:13.6927345Z './.profile' -> '/home/runneradmin/.profile'
windows-mingw64	Install official Windows toolchain	2026-09-01T15:48:13.7459748Z 'C:\Windows\system32\drivers\etc\hosts' -> '/etc/hosts'
windows-mingw64	Install official Windows toolchain	2026-09-01T15:48:13.8255239Z 'C:\Windows\system32\drivers\etc\protocol' -> '/etc/protocols'
windows-mingw64	Install official Windows toolchain	2026-09-01T15:48:13.8732747Z 'C:\Windows\system32\drivers\etc\services' -> '/etc/services'
windows-mingw64	Install official Windows toolchain	2026-09-01T15:48:13.9138611Z 'C:\Windows\system32\drivers\etc\networks' -> '/etc/networks'
windows-mingw64	Install official Windows toolchain	2026-09-01T15:48:14.0702083Z gpg: /etc/pacman.d/gnupg/trustdb.gpg: trustdb created
windows-mingw64	Install official Windows toolchain	2026-09-01T15:48:14.0767494Z gpg: no ultimately trusted keys found
windows-mingw64	Install official Windows toolchain	2026-09-01T15:48:14.3227298Z gpg: starting migration from earlier GnuPG versions
windows-mingw64	Install official Windows toolchain	2026-09-01T15:48:14.3785700Z gpg: porting secret keys from '/etc/pacman.d/gnupg/secring.gpg' to gpg-agent
windows-mingw64	Install official Windows toolchain	2026-09-01T15:48:14.3787926Z gpg: migration succeeded
windows-mingw64	Install official Windows toolchain	2026-09-01T15:48:14.3978898Z ==> Generating pacman master key. This may take some time.
windows-mingw64	Install official Windows toolchain	2026-09-01T15:48:14.4145595Z gpg: Generating pacman keyring master key...
windows-mingw64	Install official Windows toolchain	2026-09-01T15:48:15.3597548Z gpg: directory '/etc/pacman.d/gnupg/openpgp-revocs.d' created
windows-mingw64	Install official Windows toolchain	2026-09-01T15:48:15.3868727Z gpg: revocation certificate stored as '/etc/pacman.d/gnupg/openpgp-revocs.d/E323A546E9D462AE49E2BA5E44793E5E1C98050F.rev'
windows-mingw64	Install official Windows toolchain	2026-09-01T15:48:15.3869482Z gpg: Done
windows-mingw64	Install official Windows toolchain	2026-09-01T15:48:15.4018590Z ==> Updating trust database...
windows-mingw64	Install official Windows toolchain	2026-09-01T15:48:15.4349270Z gpg: marginals needed: 3  completes needed: 1  trust model: pgp
windows-mingw64	Install official Windows toolchain	2026-09-01T15:48:15.4349884Z gpg: depth: 0  valid:   1  signed:   0  trust: 0-, 0q, 0n, 0m, 0f, 1u
windows-mingw64	Install official Windows toolchain	2026-09-01T15:48:15.5412471Z ==> Appending keys from msys2.gpg...
windows-mingw64	Install official Windows toolchain	2026-09-01T15:48:16.0311480Z ==> Locally signing trusted keys in keyring...
windows-mingw64	Install official Windows toolchain	2026-09-01T15:48:16.5236043Z   -> Locally signed 5 keys.
windows-mingw64	Install official Windows toolchain	2026-09-01T15:48:16.5435254Z ==> Importing owner trust values...
windows-mingw64	Install official Windows toolchain	2026-09-01T15:48:16.5599952Z gpg: setting ownertrust to 4
windows-mingw64	Install official Windows toolchain	2026-09-01T15:48:16.5600383Z gpg: setting ownertrust to 4
windows-mingw64	Install official Windows toolchain	2026-09-01T15:48:16.5600625Z gpg: setting ownertrust to 4
windows-mingw64	Install official Windows toolchain	2026-09-01T15:48:16.5600863Z gpg: setting ownertrust to 4
windows-mingw64	Install official Windows toolchain	2026-09-01T15:48:16.5601071Z gpg: setting ownertrust to 4
windows-mingw64	Install official Windows toolchain	2026-09-01T15:48:16.5832051Z ==> Disabling revoked keys in keyring...
windows-mingw64	Install official Windows toolchain	2026-09-01T15:48:16.8004676Z   -> Disabled 4 keys.
windows-mingw64	Install official Windows toolchain	2026-09-01T15:48:16.8136900Z ==> Updating trust database...
windows-mingw64	Install official Windows toolchain	2026-09-01T15:48:16.8476233Z gpg: marginals needed: 3  completes needed: 1  trust model: pgp
windows-mingw64	Install official Windows toolchain	2026-09-01T15:48:16.8499574Z gpg: depth: 0  valid:   1  signed:   5  trust: 0-, 0q, 0n, 0m, 0f, 1u
windows-mingw64	Install official Windows toolchain	2026-09-01T15:48:16.8525213Z gpg: depth: 1  valid:   5  signed:   6  trust: 0-, 0q, 0n, 5m, 0f, 0u
windows-mingw64	Install official Windows toolchain	2026-09-01T15:48:16.8536808Z gpg: depth: 2  valid:   3  signed:   2  trust: 3-, 0q, 0n, 0m, 0f, 0u
windows-mingw64	Install official Windows toolchain	2026-09-01T15:48:16.8886765Z pacman-key (pacman) 6.1.0
windows-mingw64	Install official Windows toolchain	2026-09-01T15:48:16.8887637Z Copyright (c) 2010-2024 Pacman Development Team <pacman-dev@lists.archlinux.org>.
windows-mingw64	Install official Windows toolchain	2026-09-01T15:48:16.8887999Z 
windows-mingw64	Install official Windows toolchain	2026-09-01T15:48:16.9024160Z This is free software; see the source for copying conditions.
windows-mingw64	Install official Windows toolchain	2026-09-01T15:48:16.9024856Z There is NO WARRANTY, to the extent permitted by law.
windows-mingw64	Install official Windows toolchain	2026-09-01T15:48:17.0831657Z ^[[1;32mInitial setup complete. MSYS2 is now ready to use.^[[1;0m
windows-mingw64	Install official Windows toolchain	2026-09-01T15:48:17.0974668Z MINGW64_NT-10.0-20348 runnervm0js1w 3.6.9-01d6c708.x86_64 2026-05-24 10:45 UTC x86_64 Msys
windows-mingw64	Install official Windows toolchain	2026-09-01T15:48:17.1014956Z ##[endgroup]
windows-mingw64	Install official Windows toolchain	2026-09-01T15:48:17.1015643Z ##[group]Disable CheckSpace...
windows-mingw64	Install official Windows toolchain	2026-09-01T15:48:17.1549530Z [command]C:\Windows\system32\cmd.exe /D /S /C D:\a\_temp\setup-msys2\msys2.cmd -c "'sed' '-i' 's/^CheckSpace/#CheckSpace/g' '/etc/pacman.conf'"
windows-mingw64	Install official Windows toolchain	2026-09-01T15:48:17.3274433Z ##[endgroup]
windows-mingw64	Install official Windows toolchain	2026-09-01T15:48:17.3274994Z ##[group]Updating packages...
windows-mingw64	Install official Windows toolchain	2026-09-01T15:48:17.3808626Z [command]C:\Windows\system32\cmd.exe /D /S /C D:\a\_temp\setup-msys2\msys2.cmd -c "'pacman' '--noconfirm' '-Syuu' '--overwrite' '*'"
windows-mingw64	Install official Windows toolchain	2026-09-01T15:48:18.0129728Z :: Synchronizing package databases...
windows-mingw64	Install official Windows toolchain	2026-09-01T15:48:19.6419275Z  clangarm64 downloading...
windows-mingw64	Install official Windows toolchain	2026-09-01T15:48:19.6419757Z  mingw32 downloading...
windows-mingw64	Install official Windows toolchain	2026-09-01T15:48:19.6420074Z  mingw64 downloading...
windows-mingw64	Install official Windows toolchain	2026-09-01T15:48:19.6420358Z  ucrt64 downloading...
windows-mingw64	Install official Windows toolchain	2026-09-01T15:48:19.6420684Z  clang64 downloading...
windows-mingw64	Install official Windows toolchain	2026-09-01T15:48:19.6421000Z  msys downloading...
windows-mingw64	Install official Windows toolchain	2026-09-01T15:48:20.0837814Z :: Starting core system upgrade...
windows-mingw64	Install official Windows toolchain	2026-09-01T15:48:20.2714524Z warning: terminate other MSYS2 programs before proceeding
windows-mingw64	Install official Windows toolchain	2026-09-01T15:48:20.2715170Z resolving dependencies...
windows-mingw64	Install official Windows toolchain	2026-09-01T15:48:20.2715547Z looking for conflicting packages...
windows-mingw64	Install official Windows toolchain	2026-09-01T15:48:20.2796809Z 
windows-mingw64	Install official Windows toolchain	2026-09-01T15:48:20.2797087Z Packages (1) msys2-runtime-3.6.10-3
windows-mingw64	Install official Windows toolchain	2026-09-01T15:48:20.2797400Z 
windows-mingw64	Install official Windows toolchain	2026-09-01T15:48:20.2797528Z Total Download Size:    1.97 MiB
windows-mingw64	Install official Windows toolchain	2026-09-01T15:48:20.2798498Z Total Installed Size:   6.33 MiB
windows-mingw64	Install official Windows toolchain	2026-09-01T15:48:20.2798950Z Net Upgrade Size:      -0.20 MiB
windows-mingw64	Install official Windows toolchain	2026-09-01T15:48:20.2799753Z 
windows-mingw64	Install official Windows toolchain	2026-09-01T15:48:20.2800025Z :: Proceed with installation? [Y/n] 
windows-mingw64	Install official Windows toolchain	2026-09-01T15:48:20.2800437Z :: Retrieving packages...
windows-mingw64	Install official Windows toolchain	2026-09-01T15:48:22.3289548Z  msys2-runtime-3.6.10-3-x86_64 downloading...
windows-mingw64	Install official Windows toolchain	2026-09-01T15:48:22.3289958Z checking keyring...
windows-mingw64	Install official Windows toolchain	2026-09-01T15:48:22.3845249Z checking package integrity...
windows-mingw64	Install official Windows toolchain	2026-09-01T15:48:22.5437605Z loading package files...
windows-mingw64	Install official Windows toolchain	2026-09-01T15:48:22.5463563Z checking for file conflicts...
windows-mingw64	Install official Windows toolchain	2026-09-01T15:48:22.5484781Z :: Processing package changes...
windows-mingw64	Install official Windows toolchain	2026-09-01T15:48:22.5485229Z upgrading msys2-runtime...
windows-mingw64	Install official Windows toolchain	2026-09-01T15:48:22.6785834Z :: To complete this update all MSYS2 processes including this terminal will be closed. Confirm to proceed [Y/n] 
windows-mingw64	Install official Windows toolchain	2026-09-01T15:48:22.9157452Z ##[endgroup]
windows-mingw64	Install official Windows toolchain	2026-09-01T15:48:22.9158116Z ##[group]Killing remaining tasks...
windows-mingw64	Install official Windows toolchain	2026-09-01T15:48:22.9719651Z [command]C:\Windows\system32\taskkill.exe /F /FI "MODULES eq msys-2.0.dll"
windows-mingw64	Install official Windows toolchain	2026-09-01T15:48:23.1071365Z 
windows-mingw64	Install official Windows toolchain	2026-09-01T15:48:23.1071892Z INFO: No tasks running with the specified criteria.
windows-mingw64	Install official Windows toolchain	2026-09-01T15:48:23.1102019Z ##[endgroup]
windows-mingw64	Install official Windows toolchain	2026-09-01T15:48:23.1102463Z ##[group]Final system upgrade...
windows-mingw64	Install official Windows toolchain	2026-09-01T15:48:23.1653991Z [command]C:\Windows\system32\cmd.exe /D /S /C D:\a\_temp\setup-msys2\msys2.cmd -c "'pacman' '--noconfirm' '-Syuu' '--overwrite' '*'"
windows-mingw64	Install official Windows toolchain	2026-09-01T15:48:23.8048008Z :: Synchronizing package databases...
windows-mingw64	Install official Windows toolchain	2026-09-01T15:48:24.6698889Z  clangarm64 downloading...
windows-mingw64	Install official Windows toolchain	2026-09-01T15:48:24.6699256Z  mingw32 downloading...
windows-mingw64	Install official Windows toolchain	2026-09-01T15:48:24.6699478Z  mingw64 downloading...
windows-mingw64	Install official Windows toolchain	2026-09-01T15:48:24.6699689Z  ucrt64 downloading...
windows-mingw64	Install official Windows toolchain	2026-09-01T15:48:24.6699900Z  clang64 downloading...
windows-mingw64	Install official Windows toolchain	2026-09-01T15:48:24.6700108Z  msys downloading...
windows-mingw64	Install official Windows toolchain	2026-09-01T15:48:25.0928051Z :: Starting core system upgrade...
windows-mingw64	Install official Windows toolchain	2026-09-01T15:48:25.2870469Z  there is nothing to do
windows-mingw64	Install official Windows toolchain	2026-09-01T15:48:25.2871011Z :: Starting full system upgrade...
windows-mingw64	Install official Windows toolchain	2026-09-01T15:48:25.3226164Z resolving dependencies...
windows-mingw64	Install official Windows toolchain	2026-09-01T15:48:25.3279298Z looking for conflicting packages...
windows-mingw64	Install official Windows toolchain	2026-09-01T15:48:25.3393115Z 
windows-mingw64	Install official Windows toolchain	2026-09-01T15:48:25.3396409Z Packages (31) bash-completion-2.18.0-1  bsdtar-3.8.9-1  ca-certificates-20260816-1  curl-8.21.0-1  findutils-4.11.0-2  gawk-5.4.1-1  gcc-libs-15.3.0-1  gnupg-2.4.9-3  libcurl-8.21.0-1  libexpat-2.8.3-1  libffi-3.8.0-1  libgnutls-3.8.13-2  libhogweed-4.0-1  libnettle-4.0-1  libnghttp2-1.70.0-1  libnghttp3-1.18.0-1  libngtcp2-1.25.0-1  libopenssl-3.6.4-1  libp11-kit-0.26.5-1  libpsl-0.23.2-1  libsqlite-3.53.4-1  msys2-keyring-1~20260814-1  nano-9.2-1  nettle-4.0-1  openssl-3.6.4-1  p11-kit-0.26.5-1  pacman-contrib-1.10.6-2  perl-5.42.3-1  pinentry-1.3.3-1  tzcode-2026c-1  wget-1.25.0-2
windows-mingw64	Install official Windows toolchain	2026-09-01T15:48:25.3398270Z 
windows-mingw64	Install official Windows toolchain	2026-09-01T15:48:25.3398365Z Total Download Size:    27.05 MiB
windows-mingw64	Install official Windows toolchain	2026-09-01T15:48:25.3398640Z Total Installed Size:  108.42 MiB
windows-mingw64	Install official Windows toolchain	2026-09-01T15:48:25.3398896Z Net Upgrade Size:       -1.02 MiB
windows-mingw64	Install official Windows toolchain	2026-09-01T15:48:25.3399053Z 
windows-mingw64	Install official Windows toolchain	2026-09-01T15:48:25.3399447Z :: Proceed with installation? [Y/n] 
windows-mingw64	Install official Windows toolchain	2026-09-01T15:48:25.3399831Z :: Retrieving packages...
windows-mingw64	Install official Windows toolchain	2026-09-01T15:48:31.7533835Z  perl-5.42.3-1-x86_64 downloading...
windows-mingw64	Install official Windows toolchain	2026-09-01T15:48:31.7534442Z  pacman-contrib-1.10.6-2-x86_64 downloading...
windows-mingw64	Install official Windows toolchain	2026-09-01T15:48:31.7534842Z  gnupg-2.4.9-3-x86_64 downloading...
windows-mingw64	Install official Windows toolchain	2026-09-01T15:48:31.7535207Z  libopenssl-3.6.4-1-x86_64 downloading...
windows-mingw64	Install official Windows toolchain	2026-09-01T15:48:31.7535475Z  gawk-5.4.1-1-x86_64 downloading...
windows-mingw64	Install official Windows toolchain	2026-09-01T15:48:31.7535734Z  libgnutls-3.8.13-2-x86_64 downloading...
windows-mingw64	Install official Windows toolchain	2026-09-01T15:48:31.7536003Z  gcc-libs-15.3.0-1-x86_64 downloading...
windows-mingw64	Install official Windows toolchain	2026-09-01T15:48:31.7536258Z  curl-8.21.0-1-x86_64 downloading...
windows-mingw64	Install official Windows toolchain	2026-09-01T15:48:31.7536494Z  wget-1.25.0-2-x86_64 downloading...
windows-mingw64	Install official Windows toolchain	2026-09-01T15:48:31.7536734Z  libsqlite-3.53.4-1-x86_64 downloading...
windows-mingw64	Install official Windows toolchain	2026-09-01T15:48:31.7536989Z  nano-9.2-1-x86_64 downloading...
windows-mingw64	Install official Windows toolchain	2026-09-01T15:48:31.7537243Z  openssl-3.6.4-1-x86_64 downloading...
windows-mingw64	Install official Windows toolchain	2026-09-01T15:48:31.7537501Z  findutils-4.11.0-2-x86_64 downloading...
windows-mingw64	Install official Windows toolchain	2026-09-01T15:48:31.7537758Z  p11-kit-0.26.5-1-x86_64 downloading...
windows-mingw64	Install official Windows toolchain	2026-09-01T15:48:31.7538049Z  ca-certificates-20260816-1-any downloading...
windows-mingw64	Install official Windows toolchain	2026-09-01T15:48:31.7538337Z  libcurl-8.21.0-1-x86_64 downloading...
windows-mingw64	Install official Windows toolchain	2026-09-01T15:48:31.7538579Z  bsdtar-3.8.9-1-x86_64 downloading...
windows-mingw64	Install official Windows toolchain	2026-09-01T15:48:31.7538819Z  tzcode-2026c-1-x86_64 downloading...
windows-mingw64	Install official Windows toolchain	2026-09-01T15:48:31.7539061Z  libp11-kit-0.26.5-1-x86_64 downloading...
windows-mingw64	Install official Windows toolchain	2026-09-01T15:48:31.7539338Z  bash-completion-2.18.0-1-any downloading...
windows-mingw64	Install official Windows toolchain	2026-09-01T15:48:31.7539608Z  libhogweed-4.0-1-x86_64 downloading...
windows-mingw64	Install official Windows toolchain	2026-09-01T15:48:31.7539858Z  libngtcp2-1.25.0-1-x86_64 downloading...
windows-mingw64	Install official Windows toolchain	2026-09-01T15:48:31.7540116Z  libnettle-4.0-1-x86_64 downloading...
windows-mingw64	Install official Windows toolchain	2026-09-01T15:48:31.7540358Z  nettle-4.0-1-x86_64 downloading...
windows-mingw64	Install official Windows toolchain	2026-09-01T15:48:31.7540596Z  libpsl-0.23.2-1-x86_64 downloading...
windows-mingw64	Install official Windows toolchain	2026-09-01T15:48:31.7541002Z  libnghttp3-1.18.0-1-x86_64 downloading...
windows-mingw64	Install official Windows toolchain	2026-09-01T15:48:31.7541280Z  libnghttp2-1.70.0-1-x86_64 downloading...
windows-mingw64	Install official Windows toolchain	2026-09-01T15:48:31.7541536Z  libexpat-2.8.3-1-x86_64 downloading...
windows-mingw64	Install official Windows toolchain	2026-09-01T15:48:31.7541787Z  pinentry-1.3.3-1-x86_64 downloading...
windows-mingw64	Install official Windows toolchain	2026-09-01T15:48:31.7542051Z  msys2-keyring-1~20260814-1-any downloading...
windows-mingw64	Install official Windows toolchain	2026-09-01T15:48:31.7542331Z  libffi-3.8.0-1-x86_64 downloading...
windows-mingw64	Install official Windows toolchain	2026-09-01T15:48:31.7542571Z checking keyring...
windows-mingw64	Install official Windows toolchain	2026-09-01T15:48:31.8094010Z checking package integrity...
windows-mingw64	Install official Windows toolchain	2026-09-01T15:48:36.4036199Z loading package files...
windows-mingw64	Install official Windows toolchain	2026-09-01T15:48:36.4863544Z checking for file conflicts...
windows-mingw64	Install official Windows toolchain	2026-09-01T15:48:36.5398040Z :: Running pre-transaction hooks...
windows-mingw64	Install official Windows toolchain	2026-09-01T15:48:36.5398666Z (1/1) Removing old entries from the info directory file...
windows-mingw64	Install official Windows toolchain	2026-09-01T15:48:36.6603709Z :: Processing package changes...
windows-mingw64	Install official Windows toolchain	2026-09-01T15:48:36.6604251Z upgrading bash-completion...
windows-mingw64	Install official Windows toolchain	2026-09-01T15:48:37.4359162Z upgrading gcc-libs...
windows-mingw64	Install official Windows toolchain	2026-09-01T15:48:37.4529805Z upgrading libexpat...
windows-mingw64	Install official Windows toolchain	2026-09-01T15:48:37.4570227Z upgrading libopenssl...
windows-mingw64	Install official Windows toolchain	2026-09-01T15:48:37.4824611Z upgrading bsdtar...
windows-mingw64	Install official Windows toolchain	2026-09-01T15:48:37.4912334Z upgrading openssl...
windows-mingw64	Install official Windows toolchain	2026-09-01T15:48:37.5855439Z upgrading findutils...
windows-mingw64	Install official Windows toolchain	2026-09-01T15:48:37.6512097Z upgrading libffi...
windows-mingw64	Install official Windows toolchain	2026-09-01T15:48:37.6605096Z upgrading libp11-kit...
windows-mingw64	Install official Windows toolchain	2026-09-01T15:48:37.6675541Z upgrading p11-kit...
windows-mingw64	Install official Windows toolchain	2026-09-01T15:48:37.8009743Z upgrading ca-certificates...
windows-mingw64	Install official Windows toolchain	2026-09-01T15:48:38.3504326Z upgrading libnghttp3...
windows-mingw64	Install official Windows toolchain	2026-09-01T15:48:38.3561455Z upgrading libngtcp2...
windows-mingw64	Install official Windows toolchain	2026-09-01T15:48:38.3636532Z upgrading libnghttp2...
windows-mingw64	Install official Windows toolchain	2026-09-01T15:48:38.3692450Z upgrading libpsl...
windows-mingw64	Install official Windows toolchain	2026-09-01T15:48:38.3774842Z upgrading libcurl...
windows-mingw64	Install official Windows toolchain	2026-09-01T15:48:38.3839104Z upgrading curl...
windows-mingw64	Install official Windows toolchain	2026-09-01T15:48:38.7783458Z upgrading gawk...
windows-mingw64	Install official Windows toolchain	2026-09-01T15:48:38.8678296Z upgrading libhogweed...
windows-mingw64	Install official Windows toolchain	2026-09-01T15:48:38.8720367Z upgrading libnettle...
windows-mingw64	Install official Windows toolchain	2026-09-01T15:48:38.8765579Z upgrading libgnutls...
windows-mingw64	Install official Windows toolchain	2026-09-01T15:48:38.9222117Z upgrading libsqlite...
windows-mingw64	Install official Windows toolchain	2026-09-01T15:48:38.9316683Z upgrading nettle...
windows-mingw64	Install official Windows toolchain	2026-09-01T15:48:38.9386867Z upgrading pinentry...
windows-mingw64	Install official Windows toolchain	2026-09-01T15:48:38.9441151Z upgrading gnupg...
windows-mingw64	Install official Windows toolchain	2026-09-01T15:48:43.5186674Z ==> Appending keys from msys2.gpg...
windows-mingw64	Install official Windows toolchain	2026-09-01T15:48:44.2152535Z ==> Updating trust database...
windows-mingw64	Install official Windows toolchain	2026-09-01T15:48:44.2326109Z gpg: no need for a trustdb check
windows-mingw64	Install official Windows toolchain	2026-09-01T15:48:44.3223668Z upgrading msys2-keyring...
windows-mingw64	Install official Windows toolchain	2026-09-01T15:48:44.6910171Z ==> Appending keys from msys2.gpg...
windows-mingw64	Install official Windows toolchain	2026-09-01T15:48:45.4081586Z ==> Updating trust database...
windows-mingw64	Install official Windows toolchain	2026-09-01T15:48:45.4259052Z gpg: next trustdb check due at 2027-02-10
windows-mingw64	Install official Windows toolchain	2026-09-01T15:48:45.5113617Z upgrading nano...
windows-mingw64	Install official Windows toolchain	2026-09-01T15:48:45.6136507Z upgrading pacman-contrib...
windows-mingw64	Install official Windows toolchain	2026-09-01T15:48:45.6790976Z New optional dependencies for pacman-contrib
windows-mingw64	Install official Windows toolchain	2026-09-01T15:48:45.6791406Z     perl: for pacsearch [installed]
windows-mingw64	Install official Windows toolchain	2026-09-01T15:48:45.6791681Z     vim: default diff program for pacdiff
windows-mingw64	Install official Windows toolchain	2026-09-01T15:48:45.6791942Z upgrading perl...
windows-mingw64	Install official Windows toolchain	2026-09-01T15:48:47.2388675Z upgrading tzcode...
windows-mingw64	Install official Windows toolchain	2026-09-01T15:48:48.8433970Z upgrading wget...
windows-mingw64	Install official Windows toolchain	2026-09-01T15:48:48.9455262Z :: Running post-transaction hooks...
windows-mingw64	Install official Windows toolchain	2026-09-01T15:48:48.9455874Z (1/1) Updating the info directory file...
windows-mingw64	Install official Windows toolchain	2026-09-01T15:48:50.6603243Z ##[endgroup]
windows-mingw64	Install official Windows toolchain	2026-09-01T15:48:50.6604033Z ##[group]Installing additional packages through pacman...
windows-mingw64	Install official Windows toolchain	2026-09-01T15:48:50.7179774Z [command]C:\Windows\system32\cmd.exe /D /S /C D:\a\_temp\setup-msys2\msys2.cmd -c "'pacman' '--noconfirm' '-S' '--needed' '--overwrite' '*' 'git' 'make' 'mingw-w64-x86_64-boost' 'mingw-w64-x86_64-cmake' 'mingw-w64-x86_64-gcc'"
windows-mingw64	Install official Windows toolchain	2026-09-01T15:48:51.5170294Z resolving dependencies...
windows-mingw64	Install official Windows toolchain	2026-09-01T15:48:51.5288812Z looking for conflicting packages...
windows-mingw64	Install official Windows toolchain	2026-09-01T15:48:51.5426547Z 
windows-mingw64	Install official Windows toolchain	2026-09-01T15:48:51.5435608Z Packages (89) heimdal-7.8.0-5  heimdal-libs-7.8.0-5  libcbor-0.14.0-2  libedit-20240808_3.1-1  libfido2-1.17.0-1  mingw-w64-x86_64-binutils-2.47-3  mingw-w64-x86_64-boost-libs-1.91.0-3  mingw-w64-x86_64-brotli-1.2.0-1  mingw-w64-x86_64-bzip2-1.0.8-4  mingw-w64-x86_64-c-ares-1.34.8-1  mingw-w64-x86_64-ca-certificates-20260816-1  mingw-w64-x86_64-cppdap-1.65.r11.g6464cd7-1  mingw-w64-x86_64-crt-14.0.0.r302.gd7f3c5201-1  mingw-w64-x86_64-curl-8.21.0-2  mingw-w64-x86_64-expat-2.8.3-1  mingw-w64-x86_64-gcc-libs-16.2.0-3  mingw-w64-x86_64-gettext-runtime-1.0-1  mingw-w64-x86_64-gmp-6.3.0-2  mingw-w64-x86_64-gnutls-3.8.13-3  mingw-w64-x86_64-headers-14.0.0.r302.gd7f3c5201-1  mingw-w64-x86_64-icu-78.3-4  mingw-w64-x86_64-isl-0.28-1  mingw-w64-x86_64-jsoncpp-1.9.8-1  mingw-w64-x86_64-libarchive-3.8.9-5  mingw-w64-x86_64-libb2-0.98.1-3  mingw-w64-x86_64-libffi-3.8.0-1  mingw-w64-x86_64-libiconv-1.19-1  mingw-w64-x86_64-libidn2-2.3.8-4  mingw-w64-x86_64-libpsl-0.21.5-3  mingw-w64-x86_64-libssh2-1.11.1-2  mingw-w64-x86_64-libtasn1-4.21.0-1  mingw-w64-x86_64-libunistring-1.4.2-1  mingw-w64-x86_64-libuv-1.52.1-1  mingw-w64-x86_64-libwinpthread-14.0.0.r302.gd7f3c5201-1  mingw-w64-x86_64-lz4-1.10.0-1  mingw-w64-x86_64-mpc-1.4.1-1  mingw-w64-x86_64-mpfr-4.2.2-3  mingw-w64-x86_64-nettle-4.0-1  mingw-w64-x86_64-nghttp2-1.70.0-1  mingw-w64-x86_64-nghttp3-1.18.0-1  mingw-w64-x86_64-ngtcp2-1.25.0-1  mingw-w64-x86_64-ninja-1.13.2-1  mingw-w64-x86_64-openssl-3.6.4-1  mingw-w64-x86_64-p11-kit-0.26.5-1  mingw-w64-x86_64-pcre2-10.47-1  mingw-w64-x86_64-pkgconf-1~3.0.5-1  mingw-w64-x86_64-rhash-1.4.6-1  mingw-w64-x86_64-tzdata-2026c-1  mingw-w64-x86_64-windows-default-manifest-20260815-1  mingw-w64-x86_64-wineditline-2.208-1  mingw-w64-x86_64-winpthreads-14.0.0.r302.gd7f3c5201-1  mingw-w64-x86_64-xz-5.8.3-1  mingw-w64-x86_64-zlib-1.3.2-2  mingw-w64-x86_64-zstd-1.5.7-2  openssh-10.5p1-2  perl-Authen-SASL-2.2000-1  perl-Clone-0.50-2  perl-Convert-BinHex-1.125-2  perl-Encode-Locale-1.05-2  perl-Error-0.17030-1  perl-File-Listing-6.16-1  perl-HTML-Parser-3.85-1  perl-HTML-Tagset-3.24-1  perl-HTTP-Cookies-6.12-1  perl-HTTP-Daemon-6.17-1  perl-HTTP-Date-6.08-1  perl-HTTP-Message-7.04-1  perl-HTTP-Negotiate-6.01-3  perl-IO-HTML-1.004-2  perl-IO-Socket-SSL-2.099-1  perl-IO-Stringy-2.113-3  perl-LWP-MediaTypes-6.04-2  perl-MIME-tools-5.517-1  perl-MailTools-2.22-1  perl-Net-HTTP-6.24-1  perl-Net-SMTP-SSL-1.04-2  perl-Net-SSLeay-1.96-1  perl-TermReadKey-2.38-8  perl-TimeDate-2.35-1  perl-Try-Tiny-0.32-1  perl-URI-5.36-1  perl-WWW-RobotRules-6.03-1  perl-http-cookiejar-0.014-1  perl-libwww-6.83-2  git-2.55.0-1  make-4.4.1-3  mingw-w64-x86_64-boost-1.91.0-3  mingw-w64-x86_64-cmake-4.4.2-2  mingw-w64-x86_64-gcc-16.2.0-3
windows-mingw64	Install official Windows toolchain	2026-09-01T15:48:51.5445218Z 
windows-mingw64	Install official Windows toolchain	2026-09-01T15:48:51.5445330Z Total Download Size:    154.18 MiB
windows-mingw64	Install official Windows toolchain	2026-09-01T15:48:51.5445582Z Total Installed Size:  1023.08 MiB
windows-mingw64	Install official Windows toolchain	2026-09-01T15:48:51.5445743Z 
windows-mingw64	Install official Windows toolchain	2026-09-01T15:48:51.5445895Z :: Proceed with installation? [Y/n] 
windows-mingw64	Install official Windows toolchain	2026-09-01T15:48:51.5446156Z :: Retrieving packages...
windows-mingw64	Install official Windows toolchain	2026-09-01T15:49:04.7312811Z  mingw-w64-x86_64-gcc-16.2.0-3-any downloading...
windows-mingw64	Install official Windows toolchain	2026-09-01T15:49:04.7313412Z  mingw-w64-x86_64-icu-78.3-4-any downloading...
windows-mingw64	Install official Windows toolchain	2026-09-01T15:49:04.7313909Z  mingw-w64-x86_64-boost-1.91.0-3-any downloading...
windows-mingw64	Install official Windows toolchain	2026-09-01T15:49:04.7314408Z  mingw-w64-x86_64-cmake-4.4.2-2-any downloading...
windows-mingw64	Install official Windows toolchain	2026-09-01T15:49:04.7314940Z  mingw-w64-x86_64-openssl-3.6.4-1-any downloading...
windows-mingw64	Install official Windows toolchain	2026-09-01T15:49:04.7315359Z  git-2.55.0-1-x86_64 downloading...
windows-mingw64	Install official Windows toolchain	2026-09-01T15:49:04.7316028Z  mingw-w64-x86_64-headers-14.0.0.r302.gd7f3c5201-1-any downloading...
windows-mingw64	Install official Windows toolchain	2026-09-01T15:49:04.7316624Z  mingw-w64-x86_64-binutils-2.47-3-any downloading...
windows-mingw64	Install official Windows toolchain	2026-09-01T15:49:04.7317148Z  mingw-w64-x86_64-crt-14.0.0.r302.gd7f3c5201-1-any downloading...
windows-mingw64	Install official Windows toolchain	2026-09-01T15:49:04.7317517Z  mingw-w64-x86_64-boost-libs-1.91.0-3-any downloading...
windows-mingw64	Install official Windows toolchain	2026-09-01T15:49:04.7317844Z  mingw-w64-x86_64-gnutls-3.8.13-3-any downloading...
windows-mingw64	Install official Windows toolchain	2026-09-01T15:49:04.7318167Z  mingw-w64-x86_64-libarchive-3.8.9-5-any downloading...
windows-mingw64	Install official Windows toolchain	2026-09-01T15:49:04.7318482Z  mingw-w64-x86_64-curl-8.21.0-2-any downloading...
windows-mingw64	Install official Windows toolchain	2026-09-01T15:49:04.7318781Z  mingw-w64-x86_64-isl-0.28-1-any downloading...
windows-mingw64	Install official Windows toolchain	2026-09-01T15:49:04.7319090Z  mingw-w64-x86_64-pcre2-10.47-1-any downloading...
windows-mingw64	Install official Windows toolchain	2026-09-01T15:49:04.7319395Z  openssh-10.5p1-2-x86_64 downloading...
windows-mingw64	Install official Windows toolchain	2026-09-01T15:49:04.7319692Z  mingw-w64-x86_64-gcc-libs-16.2.0-3-any downloading...
windows-mingw64	Install official Windows toolchain	2026-09-01T15:49:04.7320052Z  mingw-w64-x86_64-libunistring-1.4.2-1-any downloading...
windows-mingw64	Install official Windows toolchain	2026-09-01T15:49:04.7320365Z  heimdal-libs-7.8.0-5-x86_64 downloading...
windows-mingw64	Install official Windows toolchain	2026-09-01T15:49:04.7320669Z  mingw-w64-x86_64-libiconv-1.19-1-any downloading...
windows-mingw64	Install official Windows toolchain	2026-09-01T15:49:04.7321130Z  mingw-w64-x86_64-zstd-1.5.7-2-any downloading...
windows-mingw64	Install official Windows toolchain	2026-09-01T15:49:04.7321505Z  mingw-w64-x86_64-p11-kit-0.26.5-1-any downloading...
windows-mingw64	Install official Windows toolchain	2026-09-01T15:49:04.7321824Z  mingw-w64-x86_64-gmp-6.3.0-2-any downloading...
windows-mingw64	Install official Windows toolchain	2026-09-01T15:49:04.7322141Z  mingw-w64-x86_64-nettle-4.0-1-any downloading...
windows-mingw64	Install official Windows toolchain	2026-09-01T15:49:04.7322430Z  heimdal-7.8.0-5-x86_64 downloading...
windows-mingw64	Install official Windows toolchain	2026-09-01T15:49:04.7322701Z  mingw-w64-x86_64-mpfr-4.2.2-3-any downloading...
windows-mingw64	Install official Windows toolchain	2026-09-01T15:49:04.7323154Z  mingw-w64-x86_64-cppdap-1.65.r11.g6464cd7-1-any downloading...
windows-mingw64	Install official Windows toolchain	2026-09-01T15:49:04.7323570Z  make-4.4.1-3-x86_64 downloading...
windows-mingw64	Install official Windows toolchain	2026-09-01T15:49:04.7323830Z  mingw-w64-x86_64-xz-5.8.3-1-any downloading...
windows-mingw64	Install official Windows toolchain	2026-09-01T15:49:04.7324126Z  mingw-w64-x86_64-brotli-1.2.0-1-any downloading...
windows-mingw64	Install official Windows toolchain	2026-09-01T15:49:04.7324695Z  mingw-w64-x86_64-gettext-runtime-1.0-1-any downloading...
windows-mingw64	Install official Windows toolchain	2026-09-01T15:49:04.7325066Z  mingw-w64-x86_64-ca-certificates-20260816-1-any downloading...
windows-mingw64	Install official Windows toolchain	2026-09-01T15:49:04.7325413Z  mingw-w64-x86_64-c-ares-1.34.8-1-any downloading...
windows-mingw64	Install official Windows toolchain	2026-09-01T15:49:04.7325855Z  mingw-w64-x86_64-libssh2-1.11.1-2-any downloading...
windows-mingw64	Install official Windows toolchain	2026-09-01T15:49:04.7326155Z  mingw-w64-x86_64-ngtcp2-1.25.0-1-any downloading...
windows-mingw64	Install official Windows toolchain	2026-09-01T15:49:04.7326449Z  mingw-w64-x86_64-rhash-1.4.6-1-any downloading...
windows-mingw64	Install official Windows toolchain	2026-09-01T15:49:04.7326752Z  perl-Net-SSLeay-1.96-1-x86_64 downloading...
windows-mingw64	Install official Windows toolchain	2026-09-01T15:49:04.7327044Z  mingw-w64-x86_64-tzdata-2026c-1-any downloading...
windows-mingw64	Install official Windows toolchain	2026-09-01T15:49:04.7327502Z  mingw-w64-x86_64-libuv-1.52.1-1-any downloading...
windows-mingw64	Install official Windows toolchain	2026-09-01T15:49:04.7327964Z  mingw-w64-x86_64-jsoncpp-1.9.8-1-any downloading...
windows-mingw64	Install official Windows toolchain	2026-09-01T15:49:04.7328445Z  mingw-w64-x86_64-nghttp2-1.70.0-1-any downloading...
windows-mingw64	Install official Windows toolchain	2026-09-01T15:49:04.7328957Z  mingw-w64-x86_64-libtasn1-4.21.0-1-any downloading...
windows-mingw64	Install official Windows toolchain	2026-09-01T15:49:04.7329454Z  mingw-w64-x86_64-expat-2.8.3-1-any downloading...
windows-mingw64	Install official Windows toolchain	2026-09-01T15:49:04.7329912Z  mingw-w64-x86_64-ninja-1.13.2-1-any downloading...
windows-mingw64	Install official Windows toolchain	2026-09-01T15:49:04.7330355Z  perl-MIME-tools-5.517-1-any downloading...
windows-mingw64	Install official Windows toolchain	2026-09-01T15:49:04.7330772Z  mingw-w64-x86_64-libidn2-2.3.8-4-any downloading...
windows-mingw64	Install official Windows toolchain	2026-09-01T15:49:04.7331225Z  mingw-w64-x86_64-lz4-1.10.0-1-any downloading...
windows-mingw64	Install official Windows toolchain	2026-09-01T15:49:04.7331703Z  perl-IO-Socket-SSL-2.099-1-any downloading...
windows-mingw64	Install official Windows toolchain	2026-09-01T15:49:04.7332189Z  mingw-w64-x86_64-pkgconf-1~3.0.5-1-any downloading...
windows-mingw64	Install official Windows toolchain	2026-09-01T15:49:04.7332699Z  mingw-w64-x86_64-nghttp3-1.18.0-1-any downloading...
windows-mingw64	Install official Windows toolchain	2026-09-01T15:49:04.7333189Z  mingw-w64-x86_64-mpc-1.4.1-1-any downloading...
windows-mingw64	Install official Windows toolchain	2026-09-01T15:49:04.7333649Z  perl-libwww-6.83-2-any downloading...
windows-mingw64	Install official Windows toolchain	2026-09-01T15:49:04.7334100Z  mingw-w64-x86_64-zlib-1.3.2-2-any downloading...
windows-mingw64	Install official Windows toolchain	2026-09-01T15:49:04.7334553Z  perl-URI-5.36-1-any downloading...
windows-mingw64	Install official Windows toolchain	2026-09-01T15:49:04.7334991Z  mingw-w64-x86_64-libpsl-0.21.5-3-any downloading...
windows-mingw64	Install official Windows toolchain	2026-09-01T15:49:04.7335493Z  mingw-w64-x86_64-bzip2-1.0.8-4-any downloading...
windows-mingw64	Install official Windows toolchain	2026-09-01T15:49:04.7335927Z  libedit-20240808_3.1-1-x86_64 downloading...
windows-mingw64	Install official Windows toolchain	2026-09-01T15:49:04.7336340Z  libfido2-1.17.0-1-x86_64 downloading...
windows-mingw64	Install official Windows toolchain	2026-09-01T15:49:04.7336804Z  perl-HTML-Parser-3.85-1-x86_64 downloading...
windows-mingw64	Install official Windows toolchain	2026-09-01T15:49:04.7337305Z  perl-HTTP-Message-7.04-1-any downloading...
windows-mingw64	Install official Windows toolchain	2026-09-01T15:49:04.7337772Z  perl-TimeDate-2.35-1-any downloading...
windows-mingw64	Install official Windows toolchain	2026-09-01T15:49:04.7338266Z  mingw-w64-x86_64-wineditline-2.208-1-any downloading...
windows-mingw64	Install official Windows toolchain	2026-09-01T15:49:04.7338742Z  perl-MailTools-2.22-1-any downloading...
windows-mingw64	Install official Windows toolchain	2026-09-01T15:49:04.7339183Z  mingw-w64-x86_64-libffi-3.8.0-1-any downloading...
windows-mingw64	Install official Windows toolchain	2026-09-01T15:49:04.7339673Z  perl-IO-Stringy-2.113-3-any downloading...
windows-mingw64	Install official Windows toolchain	2026-09-01T15:49:04.7340081Z  mingw-w64-x86_64-winpthreads-14.0.0.r302.gd7f3c5201-1-any downloading...
windows-mingw64	Install official Windows toolchain	2026-09-01T15:49:04.7340531Z  perl-Authen-SASL-2.2000-1-any downloading...
windows-mingw64	Install official Windows toolchain	2026-09-01T15:49:04.7340915Z  mingw-w64-x86_64-libwinpthread-14.0.0.r302.gd7f3c5201-1-any downloading...
windows-mingw64	Install official Windows toolchain	2026-09-01T15:49:04.7341328Z  perl-Convert-BinHex-1.125-2-any downloading...
windows-mingw64	Install official Windows toolchain	2026-09-01T15:49:04.7341644Z  mingw-w64-x86_64-libb2-0.98.1-3-any downloading...
windows-mingw64	Install official Windows toolchain	2026-09-01T15:49:04.7341931Z  libcbor-0.14.0-2-x86_64 downloading...
windows-mingw64	Install official Windows toolchain	2026-09-01T15:49:04.7342208Z  perl-HTTP-Cookies-6.12-1-any downloading...
windows-mingw64	Install official Windows toolchain	2026-09-01T15:49:04.7342689Z  perl-Net-HTTP-6.24-1-any downloading...
windows-mingw64	Install official Windows toolchain	2026-09-01T15:49:04.7343089Z  perl-Error-0.17030-1-any downloading...
windows-mingw64	Install official Windows toolchain	2026-09-01T15:49:04.7343499Z  perl-TermReadKey-2.38-8-x86_64 downloading...
windows-mingw64	Install official Windows toolchain	2026-09-01T15:49:04.7343943Z  perl-HTTP-Daemon-6.17-1-any downloading...
windows-mingw64	Install official Windows toolchain	2026-09-01T15:49:04.7344393Z  perl-LWP-MediaTypes-6.04-2-any downloading...
windows-mingw64	Install official Windows toolchain	2026-09-01T15:49:04.7344830Z  perl-Try-Tiny-0.32-1-any downloading...
windows-mingw64	Install official Windows toolchain	2026-09-01T15:49:04.7345442Z  perl-Clone-0.50-2-x86_64 downloading...
windows-mingw64	Install official Windows toolchain	2026-09-01T15:49:04.7345869Z  perl-IO-HTML-1.004-2-any downloading...
windows-mingw64	Install official Windows toolchain	2026-09-01T15:49:04.7346296Z  perl-WWW-RobotRules-6.03-1-any downloading...
windows-mingw64	Install official Windows toolchain	2026-09-01T15:49:04.7346982Z  perl-http-cookiejar-0.014-1-any downloading...
windows-mingw64	Install official Windows toolchain	2026-09-01T15:49:04.7347451Z  perl-HTTP-Negotiate-6.01-3-any downloading...
windows-mingw64	Install official Windows toolchain	2026-09-01T15:49:04.7347920Z  perl-Encode-Locale-1.05-2-any downloading...
windows-mingw64	Install official Windows toolchain	2026-09-01T15:49:04.7348374Z  perl-HTML-Tagset-3.24-1-any downloading...
windows-mingw64	Install official Windows toolchain	2026-09-01T15:49:04.7349976Z  perl-File-Listing-6.16-1-any downloading...
windows-mingw64	Install official Windows toolchain	2026-09-01T15:49:04.7350443Z  perl-HTTP-Date-6.08-1-any downloading...
windows-mingw64	Install official Windows toolchain	2026-09-01T15:49:04.7350910Z  perl-Net-SMTP-SSL-1.04-2-any downloading...
windows-mingw64	Install official Windows toolchain	2026-09-01T15:49:04.7351535Z  mingw-w64-x86_64-windows-default-manifest-20260815-1-any downloading...
windows-mingw64	Install official Windows toolchain	2026-09-01T15:49:04.7352136Z checking keyring...
windows-mingw64	Install official Windows toolchain	2026-09-01T15:49:04.7980241Z checking package integrity...
windows-mingw64	Install official Windows toolchain	2026-09-01T15:49:19.4664735Z loading package files...
windows-mingw64	Install official Windows toolchain	2026-09-01T15:49:19.8281191Z checking for file conflicts...
windows-mingw64	Install official Windows toolchain	2026-09-01T15:49:22.1090238Z :: Processing package changes...
windows-mingw64	Install official Windows toolchain	2026-09-01T15:49:22.1090617Z installing libedit...
windows-mingw64	Install official Windows toolchain	2026-09-01T15:49:22.1393206Z installing heimdal-libs...
windows-mingw64	Install official Windows toolchain	2026-09-01T15:49:22.1578983Z installing heimdal...
windows-mingw64	Install official Windows toolchain	2026-09-01T15:49:22.7313817Z installing libcbor...
windows-mingw64	Install official Windows toolchain	2026-09-01T15:49:22.7342016Z installing libfido2...
windows-mingw64	Install official Windows toolchain	2026-09-01T15:49:22.7377030Z installing openssh...
windows-mingw64	Install official Windows toolchain	2026-09-01T15:49:22.7755032Z installing perl-Error...
windows-mingw64	Install official Windows toolchain	2026-09-01T15:49:22.7828498Z installing perl-Authen-SASL...
windows-mingw64	Install official Windows toolchain	2026-09-01T15:49:22.8031777Z installing perl-Encode-Locale...
windows-mingw64	Install official Windows toolchain	2026-09-01T15:49:22.8085520Z installing perl-HTTP-Date...
windows-mingw64	Install official Windows toolchain	2026-09-01T15:49:22.8139383Z installing perl-File-Listing...
windows-mingw64	Install official Windows toolchain	2026-09-01T15:49:22.8199004Z installing perl-HTML-Tagset...
windows-mingw64	Install official Windows toolchain	2026-09-01T15:49:22.8255267Z installing perl-Clone...
windows-mingw64	Install official Windows toolchain	2026-09-01T15:49:22.8305241Z installing perl-IO-HTML...
windows-mingw64	Install official Windows toolchain	2026-09-01T15:49:22.8360204Z installing perl-LWP-MediaTypes...
windows-mingw64	Install official Windows toolchain	2026-09-01T15:49:22.8425189Z installing perl-URI...
windows-mingw64	Install official Windows toolchain	2026-09-01T15:49:22.9016877Z installing perl-HTTP-Message...
windows-mingw64	Install official Windows toolchain	2026-09-01T15:49:22.9195139Z installing perl-HTML-Parser...
windows-mingw64	Install official Windows toolchain	2026-09-01T15:49:22.9337261Z installing perl-HTTP-Cookies...
windows-mingw64	Install official Windows toolchain	2026-09-01T15:49:22.9412860Z installing perl-HTTP-Daemon...
windows-mingw64	Install official Windows toolchain	2026-09-01T15:49:22.9457065Z installing perl-http-cookiejar...
windows-mingw64	Install official Windows toolchain	2026-09-01T15:49:22.9518994Z installing perl-HTTP-Negotiate...
windows-mingw64	Install official Windows toolchain	2026-09-01T15:49:22.9563693Z installing perl-Net-HTTP...
windows-mingw64	Install official Windows toolchain	2026-09-01T15:49:22.9662780Z installing perl-WWW-RobotRules...
windows-mingw64	Install official Windows toolchain	2026-09-01T15:49:22.9748762Z installing perl-Try-Tiny...
windows-mingw64	Install official Windows toolchain	2026-09-01T15:49:22.9818808Z installing perl-libwww...
windows-mingw64	Install official Windows toolchain	2026-09-01T15:49:23.0137612Z Optional dependencies for perl-libwww
windows-mingw64	Install official Windows toolchain	2026-09-01T15:49:23.0138276Z     perl-LWP-Protocol-https: for https:// url schemes
windows-mingw64	Install official Windows toolchain	2026-09-01T15:49:23.0138801Z installing perl-TimeDate...
windows-mingw64	Install official Windows toolchain	2026-09-01T15:49:23.0735572Z installing perl-MailTools...
windows-mingw64	Install official Windows toolchain	2026-09-01T15:49:23.0990438Z installing perl-IO-Stringy...
windows-mingw64	Install official Windows toolchain	2026-09-01T15:49:23.1118826Z installing perl-Convert-BinHex...
windows-mingw64	Install official Windows toolchain	2026-09-01T15:49:23.2532672Z module test... pass.
windows-mingw64	Install official Windows toolchain	2026-09-01T15:49:23.2541430Z installing perl-MIME-tools...
windows-mingw64	Install official Windows toolchain	2026-09-01T15:49:23.2901090Z installing perl-Net-SSLeay...
windows-mingw64	Install official Windows toolchain	2026-09-01T15:49:23.3579842Z installing perl-IO-Socket-SSL...
windows-mingw64	Install official Windows toolchain	2026-09-01T15:49:23.3704398Z installing perl-Net-SMTP-SSL...
windows-mingw64	Install official Windows toolchain	2026-09-01T15:49:23.3750147Z installing perl-TermReadKey...
windows-mingw64	Install official Windows toolchain	2026-09-01T15:49:23.3825511Z installing git...
windows-mingw64	Install official Windows toolchain	2026-09-01T15:49:23.8791937Z Optional dependencies for git
windows-mingw64	Install official Windows toolchain	2026-09-01T15:49:23.8792479Z     python: various helper scripts
windows-mingw64	Install official Windows toolchain	2026-09-01T15:49:23.8792920Z     subversion: git svn
windows-mingw64	Install official Windows toolchain	2026-09-01T15:49:23.8793253Z     aspell: spell checking in git gui
windows-mingw64	Install official Windows toolchain	2026-09-01T15:49:23.9212159Z installing make...
windows-mingw64	Install official Windows toolchain	2026-09-01T15:49:23.9212650Z installing mingw-w64-x86_64-libwinpthread...
windows-mingw64	Install official Windows toolchain	2026-09-01T15:49:23.9267212Z installing mingw-w64-x86_64-tzdata...
windows-mingw64	Install official Windows toolchain	2026-09-01T15:49:25.3936058Z installing mingw-w64-x86_64-gcc-libs...
windows-mingw64	Install official Windows toolchain	2026-09-01T15:49:25.4105749Z installing mingw-w64-x86_64-bzip2...
windows-mingw64	Install official Windows toolchain	2026-09-01T15:49:25.4276980Z installing mingw-w64-x86_64-icu...
windows-mingw64	Install official Windows toolchain	2026-09-01T15:49:25.7828945Z installing mingw-w64-x86_64-libiconv...
windows-mingw64	Install official Windows toolchain	2026-09-01T15:49:25.8051016Z installing mingw-w64-x86_64-gettext-runtime...
windows-mingw64	Install official Windows toolchain	2026-09-01T15:49:25.9208705Z installing mingw-w64-x86_64-xz...
windows-mingw64	Install official Windows toolchain	2026-09-01T15:49:26.0201499Z installing mingw-w64-x86_64-zstd...
windows-mingw64	Install official Windows toolchain	2026-09-01T15:49:26.0389597Z installing mingw-w64-x86_64-zlib...
windows-mingw64	Install official Windows toolchain	2026-09-01T15:49:26.0465391Z installing mingw-w64-x86_64-boost-libs...
windows-mingw64	Install official Windows toolchain	2026-09-01T15:49:26.0926919Z installing mingw-w64-x86_64-boost...
windows-mingw64	Install official Windows toolchain	2026-09-01T15:49:38.6347968Z Optional dependencies for mingw-w64-x86_64-boost
windows-mingw64	Install official Windows toolchain	2026-09-01T15:49:38.6348674Z     mingw-w64-x86_64-python: For Boost.Python
windows-mingw64	Install official Windows toolchain	2026-09-01T15:49:38.6349018Z     mingw-w64-x86_64-python-numpy: For Boost.Python (NumPy)
windows-mingw64	Install official Windows toolchain	2026-09-01T15:49:38.6349347Z installing mingw-w64-x86_64-cppdap...
windows-mingw64	Install official Windows toolchain	2026-09-01T15:49:38.6580539Z installing mingw-w64-x86_64-c-ares...
windows-mingw64	Install official Windows toolchain	2026-09-01T15:49:38.7587672Z installing mingw-w64-x86_64-brotli...
windows-mingw64	Install official Windows toolchain	2026-09-01T15:49:38.7792580Z installing mingw-w64-x86_64-libunistring...
windows-mingw64	Install official Windows toolchain	2026-09-01T15:49:38.8237743Z installing mingw-w64-x86_64-libidn2...
windows-mingw64	Install official Windows toolchain	2026-09-01T15:49:38.8495908Z installing mingw-w64-x86_64-libpsl...
windows-mingw64	Install official Windows toolchain	2026-09-01T15:49:38.8580208Z installing mingw-w64-x86_64-libtasn1...
windows-mingw64	Install official Windows toolchain	2026-09-01T15:49:38.8944199Z installing mingw-w64-x86_64-libffi...
windows-mingw64	Install official Windows toolchain	2026-09-01T15:49:38.9039902Z installing mingw-w64-x86_64-p11-kit...
windows-mingw64	Install official Windows toolchain	2026-09-01T15:49:39.0972284Z installing mingw-w64-x86_64-ca-certificates...
windows-mingw64	Install official Windows toolchain	2026-09-01T15:49:39.7340015Z installing mingw-w64-x86_64-openssl...
windows-mingw64	Install official Windows toolchain	2026-09-01T15:49:45.0283118Z Optional dependencies for mingw-w64-x86_64-openssl
windows-mingw64	Install official Windows toolchain	2026-09-01T15:49:45.0283612Z     mingw-w64-x86_64-ca-certificates [installed]
windows-mingw64	Install official Windows toolchain	2026-09-01T15:49:45.0283930Z installing mingw-w64-x86_64-libssh2...
windows-mingw64	Install official Windows toolchain	2026-09-01T15:49:45.1479998Z installing mingw-w64-x86_64-nghttp2...
windows-mingw64	Install official Windows toolchain	2026-09-01T15:49:45.1631770Z installing mingw-w64-x86_64-gmp...
windows-mingw64	Install official Windows toolchain	2026-09-01T15:49:45.1779619Z installing mingw-w64-x86_64-nettle...
windows-mingw64	Install official Windows toolchain	2026-09-01T15:49:45.2322632Z installing mingw-w64-x86_64-gnutls...
windows-mingw64	Install official Windows toolchain	2026-09-01T15:49:46.1609000Z installing mingw-w64-x86_64-ngtcp2...
windows-mingw64	Install official Windows toolchain	2026-09-01T15:49:46.1807316Z installing mingw-w64-x86_64-nghttp3...
windows-mingw64	Install official Windows toolchain	2026-09-01T15:49:46.1928016Z installing mingw-w64-x86_64-curl...
windows-mingw64	Install official Windows toolchain	2026-09-01T15:49:46.5534570Z installing mingw-w64-x86_64-expat...
windows-mingw64	Install official Windows toolchain	2026-09-01T15:49:46.5677018Z installing mingw-w64-x86_64-jsoncpp...
windows-mingw64	Install official Windows toolchain	2026-09-01T15:49:46.5851996Z installing mingw-w64-x86_64-libb2...
windows-mingw64	Install official Windows toolchain	2026-09-01T15:49:46.5913499Z installing mingw-w64-x86_64-lz4...
windows-mingw64	Install official Windows toolchain	2026-09-01T15:49:46.6050047Z installing mingw-w64-x86_64-wineditline...
windows-mingw64	Install official Windows toolchain	2026-09-01T15:49:46.6127827Z installing mingw-w64-x86_64-pcre2...
windows-mingw64	Install official Windows toolchain	2026-09-01T15:49:46.7752999Z installing mingw-w64-x86_64-libarchive...
windows-mingw64	Install official Windows toolchain	2026-09-01T15:49:46.8476317Z installing mingw-w64-x86_64-libuv...
windows-mingw64	Install official Windows toolchain	2026-09-01T15:49:46.8675968Z installing mingw-w64-x86_64-ninja...
windows-mingw64	Install official Windows toolchain	2026-09-01T15:49:46.8728006Z installing mingw-w64-x86_64-pkgconf...
windows-mingw64	Install official Windows toolchain	2026-09-01T15:49:46.8926243Z installing mingw-w64-x86_64-rhash...
windows-mingw64	Install official Windows toolchain	2026-09-01T15:49:46.9250339Z installing mingw-w64-x86_64-cmake...
windows-mingw64	Install official Windows toolchain	2026-09-01T15:49:50.0182470Z Optional dependencies for mingw-w64-x86_64-cmake
windows-mingw64	Install official Windows toolchain	2026-09-01T15:49:50.0183556Z     mingw-w64-x86_64-emacs: for cmake emacs mode
windows-mingw64	Install official Windows toolchain	2026-09-01T15:49:50.0184050Z installing mingw-w64-x86_64-binutils...
windows-mingw64	Install official Windows toolchain	2026-09-01T15:49:50.3841819Z installing mingw-w64-x86_64-headers...
windows-mingw64	Install official Windows toolchain	2026-09-01T15:49:51.5357205Z installing mingw-w64-x86_64-crt...
windows-mingw64	Install official Windows toolchain	2026-09-01T15:49:52.3680209Z installing mingw-w64-x86_64-isl...
windows-mingw64	Install official Windows toolchain	2026-09-01T15:49:52.4355324Z installing mingw-w64-x86_64-mpfr...
windows-mingw64	Install official Windows toolchain	2026-09-01T15:49:52.4565104Z installing mingw-w64-x86_64-mpc...
windows-mingw64	Install official Windows toolchain	2026-09-01T15:49:52.4634408Z installing mingw-w64-x86_64-windows-default-manifest...
windows-mingw64	Install official Windows toolchain	2026-09-01T15:49:52.4661258Z installing mingw-w64-x86_64-winpthreads...
windows-mingw64	Install official Windows toolchain	2026-09-01T15:49:52.4755733Z installing mingw-w64-x86_64-gcc...
windows-mingw64	Install official Windows toolchain	2026-09-01T15:49:53.8009907Z :: Running post-transaction hooks...
windows-mingw64	Install official Windows toolchain	2026-09-01T15:49:53.8010463Z (1/1) Updating the info directory file...
windows-mingw64	Install official Windows toolchain	2026-09-01T15:49:54.1187291Z ##[endgroup]
windows-mingw64	Report toolchain versions	﻿2026-09-01T15:49:54.1413818Z ##[group]Run cmake --version
windows-mingw64	Report toolchain versions	2026-09-01T15:49:54.1414218Z ^[[36;1mcmake --version^[[0m
windows-mingw64	Report toolchain versions	2026-09-01T15:49:54.1414456Z ^[[36;1mg++ --version^[[0m
windows-mingw64	Report toolchain versions	2026-09-01T15:49:54.1418735Z shell: D:\a\_temp\setup-msys2\msys2.CMD {0}
windows-mingw64	Report toolchain versions	2026-09-01T15:49:54.1419024Z env:
windows-mingw64	Report toolchain versions	2026-09-01T15:49:54.1419275Z   OPENFHE_COMMIT: df495ba2e91739a6dc8f1de254fc5a41155ce504
windows-mingw64	Report toolchain versions	2026-09-01T15:49:54.1419637Z   OPENFHE_PREFIX: C:\openfhe-2023-1788\openfhe-install
windows-mingw64	Report toolchain versions	2026-09-01T15:49:54.1419935Z   WINDOWS_ROOT: C:\openfhe-2023-1788
windows-mingw64	Report toolchain versions	2026-09-01T15:49:54.1420224Z   PROJECT_SOURCE: C:\openfhe-2023-1788\cleanroom
windows-mingw64	Report toolchain versions	2026-09-01T15:49:54.1420535Z   OPENFHE_SOURCE: C:\openfhe-2023-1788\openfhe-src
windows-mingw64	Report toolchain versions	2026-09-01T15:49:54.1421062Z   OPENFHE_BUILD: C:\openfhe-2023-1788\openfhe-build-33527929014-1
windows-mingw64	Report toolchain versions	2026-09-01T15:49:54.1421458Z   PROJECT_BUILD: C:\openfhe-2023-1788\project-build-33527929014-1
windows-mingw64	Report toolchain versions	2026-09-01T15:49:54.1421759Z   MSYSTEM: MINGW64
windows-mingw64	Report toolchain versions	2026-09-01T15:49:54.1421943Z ##[endgroup]
windows-mingw64	Report toolchain versions	2026-09-01T15:49:54.3719672Z cmake version 4.4.2
windows-mingw64	Report toolchain versions	2026-09-01T15:49:54.3719910Z 
windows-mingw64	Report toolchain versions	2026-09-01T15:49:54.3720205Z CMake suite maintained and supported by Kitware (kitware.com/cmake).
windows-mingw64	Report toolchain versions	2026-09-01T15:49:54.3993385Z g++.exe (Rev3, Built by MSYS2 project) 16.2.0
windows-mingw64	Report toolchain versions	2026-09-01T15:49:54.3993853Z Copyright (C) 2026 Free Software Foundation, Inc.
windows-mingw64	Report toolchain versions	2026-09-01T15:49:54.3994259Z This is free software; see the source for copying conditions.  There is NO
windows-mingw64	Report toolchain versions	2026-09-01T15:49:54.3994876Z warranty; not even for MERCHANTABILITY or FITNESS FOR A PARTICULAR PURPOSE.
windows-mingw64	Report toolchain versions	2026-09-01T15:49:54.3995201Z 
windows-mingw64	Verify OpenFHE provenance	﻿2026-09-01T15:49:54.4164717Z ##[group]Run source="$(cygpath -u "$OPENFHE_SOURCE")"
windows-mingw64	Verify OpenFHE provenance	2026-09-01T15:49:54.4165220Z ^[[36;1msource="$(cygpath -u "$OPENFHE_SOURCE")"^[[0m
windows-mingw64	Verify OpenFHE provenance	2026-09-01T15:49:54.4165593Z ^[[36;1mactual="$(git -C "$source" rev-parse HEAD)"^[[0m
windows-mingw64	Verify OpenFHE provenance	2026-09-01T15:49:54.4165909Z ^[[36;1mtest "$actual" = "$OPENFHE_COMMIT"^[[0m
windows-mingw64	Verify OpenFHE provenance	2026-09-01T15:49:54.4166237Z ^[[36;1mtest -z "$(git -C "$source" status --porcelain)"^[[0m
windows-mingw64	Verify OpenFHE provenance	2026-09-01T15:49:54.4166599Z ^[[36;1mgit -C "$source" submodule status --recursive^[[0m
windows-mingw64	Verify OpenFHE provenance	2026-09-01T15:49:54.4168653Z shell: D:\a\_temp\setup-msys2\msys2.CMD {0}
windows-mingw64	Verify OpenFHE provenance	2026-09-01T15:49:54.4168915Z env:
windows-mingw64	Verify OpenFHE provenance	2026-09-01T15:49:54.4169162Z   OPENFHE_COMMIT: df495ba2e91739a6dc8f1de254fc5a41155ce504
windows-mingw64	Verify OpenFHE provenance	2026-09-01T15:49:54.4169522Z   OPENFHE_PREFIX: C:\openfhe-2023-1788\openfhe-install
windows-mingw64	Verify OpenFHE provenance	2026-09-01T15:49:54.4169829Z   WINDOWS_ROOT: C:\openfhe-2023-1788
windows-mingw64	Verify OpenFHE provenance	2026-09-01T15:49:54.4170113Z   PROJECT_SOURCE: C:\openfhe-2023-1788\cleanroom
windows-mingw64	Verify OpenFHE provenance	2026-09-01T15:49:54.4170414Z   OPENFHE_SOURCE: C:\openfhe-2023-1788\openfhe-src
windows-mingw64	Verify OpenFHE provenance	2026-09-01T15:49:54.4170768Z   OPENFHE_BUILD: C:\openfhe-2023-1788\openfhe-build-33527929014-1
windows-mingw64	Verify OpenFHE provenance	2026-09-01T15:49:54.4171207Z   PROJECT_BUILD: C:\openfhe-2023-1788\project-build-33527929014-1
windows-mingw64	Verify OpenFHE provenance	2026-09-01T15:49:54.4171523Z   MSYSTEM: MINGW64
windows-mingw64	Verify OpenFHE provenance	2026-09-01T15:49:54.4171709Z ##[endgroup]
windows-mingw64	Verify OpenFHE provenance	2026-09-01T15:49:55.7716077Z  984e3f194862b17916536b5fade40cba6e47a6fe third-party/cereal (heads/main)
windows-mingw64	Verify OpenFHE provenance	2026-09-01T15:49:55.9005554Z  eddb0241389718a23a42db6af5f0164b6e0139af third-party/google-benchmark (eddb024)
windows-mingw64	Verify OpenFHE provenance	2026-09-01T15:49:56.1013379Z  52eb8108c5bdec04579160ae17225d66034bd723 third-party/google-test (52eb810)
windows-mingw64	Verify OpenFHE provenance	2026-09-01T15:49:56.1996885Z  83edb60836d87cf1b406e8846b9059c03031e8f5 third-party/gperftools (83edb60)
windows-mingw64	Configure OpenFHE	﻿2026-09-01T15:49:56.2326042Z ##[group]Run prefix="$(cygpath -u "$OPENFHE_PREFIX")"
windows-mingw64	Configure OpenFHE	2026-09-01T15:49:56.2326535Z ^[[36;1mprefix="$(cygpath -u "$OPENFHE_PREFIX")"^[[0m
windows-mingw64	Configure OpenFHE	2026-09-01T15:49:56.2326859Z ^[[36;1msource="$(cygpath -u "$OPENFHE_SOURCE")"^[[0m
windows-mingw64	Configure OpenFHE	2026-09-01T15:49:56.2327154Z ^[[36;1mbuild="$(cygpath -u "$OPENFHE_BUILD")"^[[0m
windows-mingw64	Configure OpenFHE	2026-09-01T15:49:56.2327437Z ^[[36;1mcmake -S "$source" -B "$build" \^[[0m
windows-mingw64	Configure OpenFHE	2026-09-01T15:49:56.2327708Z ^[[36;1m  -DCMAKE_BUILD_TYPE=Release \^[[0m
windows-mingw64	Configure OpenFHE	2026-09-01T15:49:56.2328068Z ^[[36;1m  -DCMAKE_INSTALL_PREFIX="$prefix" \^[[0m
windows-mingw64	Configure OpenFHE	2026-09-01T15:49:56.2328374Z ^[[36;1m  -DBUILD_UNITTESTS=OFF \^[[0m
windows-mingw64	Configure OpenFHE	2026-09-01T15:49:56.2328625Z ^[[36;1m  -DBUILD_EXAMPLES=OFF \^[[0m
windows-mingw64	Configure OpenFHE	2026-09-01T15:49:56.2328868Z ^[[36;1m  -DBUILD_BENCHMARKS=OFF \^[[0m
windows-mingw64	Configure OpenFHE	2026-09-01T15:49:56.2329107Z ^[[36;1m  -DBUILD_EXTRAS=OFF \^[[0m
windows-mingw64	Configure OpenFHE	2026-09-01T15:49:56.2329339Z ^[[36;1m  -DWITH_OPENMP=ON^[[0m
windows-mingw64	Configure OpenFHE	2026-09-01T15:49:56.2331176Z shell: D:\a\_temp\setup-msys2\msys2.CMD {0}
windows-mingw64	Configure OpenFHE	2026-09-01T15:49:56.2331432Z env:
windows-mingw64	Configure OpenFHE	2026-09-01T15:49:56.2331673Z   OPENFHE_COMMIT: df495ba2e91739a6dc8f1de254fc5a41155ce504
windows-mingw64	Configure OpenFHE	2026-09-01T15:49:56.2332068Z   OPENFHE_PREFIX: C:\openfhe-2023-1788\openfhe-install
windows-mingw64	Configure OpenFHE	2026-09-01T15:49:56.2332361Z   WINDOWS_ROOT: C:\openfhe-2023-1788
windows-mingw64	Configure OpenFHE	2026-09-01T15:49:56.2332631Z   PROJECT_SOURCE: C:\openfhe-2023-1788\cleanroom
windows-mingw64	Configure OpenFHE	2026-09-01T15:49:56.2332929Z   OPENFHE_SOURCE: C:\openfhe-2023-1788\openfhe-src
windows-mingw64	Configure OpenFHE	2026-09-01T15:49:56.2333288Z   OPENFHE_BUILD: C:\openfhe-2023-1788\openfhe-build-33527929014-1
windows-mingw64	Configure OpenFHE	2026-09-01T15:49:56.2333828Z   PROJECT_BUILD: C:\openfhe-2023-1788\project-build-33527929014-1
windows-mingw64	Configure OpenFHE	2026-09-01T15:49:56.2334126Z   MSYSTEM: MINGW64
windows-mingw64	Configure OpenFHE	2026-09-01T15:49:56.2334312Z ##[endgroup]
windows-mingw64	Configure OpenFHE	2026-09-01T15:49:56.6282422Z -- The C compiler identification is GNU 16.2.0
windows-mingw64	Configure OpenFHE	2026-09-01T15:49:56.8035721Z -- The CXX compiler identification is GNU 16.2.0
windows-mingw64	Configure OpenFHE	2026-09-01T15:49:56.8466063Z -- Detecting C compiler ABI info
windows-mingw64	Configure OpenFHE	2026-09-01T15:49:57.2360221Z -- Detecting C compiler ABI info - done
windows-mingw64	Configure OpenFHE	2026-09-01T15:49:57.2694731Z -- Check for working C compiler: D:/a/_temp/msys64/mingw64/bin/cc.exe - skipped
windows-mingw64	Configure OpenFHE	2026-09-01T15:49:57.2698963Z -- Detecting C compile features
windows-mingw64	Configure OpenFHE	2026-09-01T15:49:57.2704948Z -- Detecting C compile features - done
windows-mingw64	Configure OpenFHE	2026-09-01T15:49:57.3086535Z -- Detecting CXX compiler ABI info
windows-mingw64	Configure OpenFHE	2026-09-01T15:49:57.6896431Z -- Detecting CXX compiler ABI info - done
windows-mingw64	Configure OpenFHE	2026-09-01T15:49:57.7230641Z -- Check for working CXX compiler: D:/a/_temp/msys64/mingw64/bin/c++.exe - skipped
windows-mingw64	Configure OpenFHE	2026-09-01T15:49:57.7235137Z -- Detecting CXX compile features
windows-mingw64	Configure OpenFHE	2026-09-01T15:49:57.7243356Z -- Detecting CXX compile features - done
windows-mingw64	Configure OpenFHE	2026-09-01T15:49:57.7390906Z -- Building in Release mode
windows-mingw64	Configure OpenFHE	2026-09-01T15:49:57.7391956Z -- BUILD_UNITTESTS:    OFF
windows-mingw64	Configure OpenFHE	2026-09-01T15:49:57.7392317Z -- BUILD_EXAMPLES:     OFF
windows-mingw64	Configure OpenFHE	2026-09-01T15:49:57.7392607Z -- BUILD_BENCHMARKS:   OFF
windows-mingw64	Configure OpenFHE	2026-09-01T15:49:57.7392885Z -- BUILD_EXTRAS:       OFF
windows-mingw64	Configure OpenFHE	2026-09-01T15:49:57.7393188Z -- BUILD_STATIC:       OFF
windows-mingw64	Configure OpenFHE	2026-09-01T15:49:57.7393438Z -- BUILD_SHARED:       ON
windows-mingw64	Configure OpenFHE	2026-09-01T15:49:57.7393658Z -- GIT_SUBMOD_AUTO:    ON
windows-mingw64	Configure OpenFHE	2026-09-01T15:49:57.7393863Z -- WITH_BE2:           OFF
windows-mingw64	Configure OpenFHE	2026-09-01T15:49:57.7394095Z -- WITH_BE4:           OFF
windows-mingw64	Configure OpenFHE	2026-09-01T15:49:57.7394416Z -- WITH_NTL:           OFF
windows-mingw64	Configure OpenFHE	2026-09-01T15:49:57.7394692Z -- WITH_TCM:           OFF
windows-mingw64	Configure OpenFHE	2026-09-01T15:49:57.7394895Z -- WITH_OPENMP:        ON
windows-mingw64	Configure OpenFHE	2026-09-01T15:49:57.7395100Z -- NATIVE_SIZE:        64
windows-mingw64	Configure OpenFHE	2026-09-01T15:49:57.7414414Z -- CKKS_M_FACTOR:      1
windows-mingw64	Configure OpenFHE	2026-09-01T15:49:57.7414958Z -- WITH_NATIVEOPT:     OFF
windows-mingw64	Configure OpenFHE	2026-09-01T15:49:57.7415895Z -- WITH_COVTEST:       OFF
windows-mingw64	Configure OpenFHE	2026-09-01T15:49:57.7416262Z -- WITH_NOISE_DEBUG:   OFF
windows-mingw64	Configure OpenFHE	2026-09-01T15:49:57.7416583Z -- WITH_REDUCED_NOISE: OFF
windows-mingw64	Configure OpenFHE	2026-09-01T15:49:57.7416889Z -- USE_MACPORTS:       OFF
windows-mingw64	Configure OpenFHE	2026-09-01T15:49:57.7417223Z -- BUILTIN_INFO_AVAILABLE is defined
windows-mingw64	Configure OpenFHE	2026-09-01T15:49:57.7418025Z ***** INSTALL IS AT C:/openfhe-2023-1788/openfhe-install; to change, run cmake with -DCMAKE_INSTALL_PREFIX=/your/path
windows-mingw64	Configure OpenFHE	2026-09-01T15:49:57.7622822Z -- Architecture is x86_64
windows-mingw64	Configure OpenFHE	2026-09-01T15:49:57.7641369Z -- Looking for sys/types.h
windows-mingw64	Configure OpenFHE	2026-09-01T15:49:58.1410733Z -- Looking for sys/types.h - found
windows-mingw64	Configure OpenFHE	2026-09-01T15:49:58.1413210Z -- Looking for stdint.h
windows-mingw64	Configure OpenFHE	2026-09-01T15:49:58.5002181Z -- Looking for stdint.h - found
windows-mingw64	Configure OpenFHE	2026-09-01T15:49:58.5003421Z -- Looking for stddef.h
windows-mingw64	Configure OpenFHE	2026-09-01T15:49:58.8929833Z -- Looking for stddef.h - found
windows-mingw64	Configure OpenFHE	2026-09-01T15:49:58.8930208Z -- Check size of __int128
windows-mingw64	Configure OpenFHE	2026-09-01T15:49:59.2694401Z -- Check size of __int128 - done
windows-mingw64	Configure OpenFHE	2026-09-01T15:49:59.2697103Z -- Check size of uint64_t
windows-mingw64	Configure OpenFHE	2026-09-01T15:49:59.6591899Z -- Check size of uint64_t - done
windows-mingw64	Configure OpenFHE	2026-09-01T15:49:59.6592419Z -- NATIVEINT is set to 64
windows-mingw64	Configure OpenFHE	2026-09-01T15:49:59.6592759Z -- MATHBACKEND is set to 4
windows-mingw64	Configure OpenFHE	2026-09-01T15:49:59.6593131Z -- MATHBACKEND set to 4. Setting WITH_BE4 to ON
windows-mingw64	Configure OpenFHE	2026-09-01T15:50:00.8576994Z -- Found OpenMP_C: -fopenmp (found version "5.2")
windows-mingw64	Configure OpenFHE	2026-09-01T15:50:01.2590609Z -- Found OpenMP_CXX: -fopenmp (found version "5.2")
windows-mingw64	Configure OpenFHE	2026-09-01T15:50:01.2594581Z -- Found OpenMP: TRUE (found version "5.2")
windows-mingw64	Configure OpenFHE	2026-09-01T15:50:01.2763713Z -- Found Git: D:/a/_temp/msys64/usr/bin/git.exe (found version "2.55.0")
windows-mingw64	Configure OpenFHE	2026-09-01T15:50:01.2764162Z -- Submodule update
windows-mingw64	Configure OpenFHE	2026-09-01T15:50:01.6513542Z Synchronizing submodule url for 'third-party/cereal'
windows-mingw64	Configure OpenFHE	2026-09-01T15:50:01.6806078Z Synchronizing submodule url for 'third-party/google-benchmark'
windows-mingw64	Configure OpenFHE	2026-09-01T15:50:01.7088719Z Synchronizing submodule url for 'third-party/google-test'
windows-mingw64	Configure OpenFHE	2026-09-01T15:50:01.7366644Z Synchronizing submodule url for 'third-party/gperftools'
windows-mingw64	Configure OpenFHE	2026-09-01T15:50:02.2484676Z -- Configuring done (5.8s)
windows-mingw64	Configure OpenFHE	2026-09-01T15:50:02.4887750Z -- Generating done (0.2s)
windows-mingw64	Configure OpenFHE	2026-09-01T15:50:02.4901293Z -- Build files have been written to: C:/openfhe-2023-1788/openfhe-build-33527929014-1
windows-mingw64	Build and install OpenFHE	﻿2026-09-01T15:50:02.5168894Z ##[group]Run build="$(cygpath -u "$OPENFHE_BUILD")"
windows-mingw64	Build and install OpenFHE	2026-09-01T15:50:02.5169400Z ^[[36;1mbuild="$(cygpath -u "$OPENFHE_BUILD")"^[[0m
windows-mingw64	Build and install OpenFHE	2026-09-01T15:50:02.5169725Z ^[[36;1mcmake --build "$build" --parallel 2^[[0m
windows-mingw64	Build and install OpenFHE	2026-09-01T15:50:02.5170013Z ^[[36;1mcmake --install "$build"^[[0m
windows-mingw64	Build and install OpenFHE	2026-09-01T15:50:02.5171985Z shell: D:\a\_temp\setup-msys2\msys2.CMD {0}
windows-mingw64	Build and install OpenFHE	2026-09-01T15:50:02.5172253Z env:
windows-mingw64	Build and install OpenFHE	2026-09-01T15:50:02.5172497Z   OPENFHE_COMMIT: df495ba2e91739a6dc8f1de254fc5a41155ce504
windows-mingw64	Build and install OpenFHE	2026-09-01T15:50:02.5172857Z   OPENFHE_PREFIX: C:\openfhe-2023-1788\openfhe-install
windows-mingw64	Build and install OpenFHE	2026-09-01T15:50:02.5173144Z   WINDOWS_ROOT: C:\openfhe-2023-1788
windows-mingw64	Build and install OpenFHE	2026-09-01T15:50:02.5173409Z   PROJECT_SOURCE: C:\openfhe-2023-1788\cleanroom
windows-mingw64	Build and install OpenFHE	2026-09-01T15:50:02.5173716Z   OPENFHE_SOURCE: C:\openfhe-2023-1788\openfhe-src
windows-mingw64	Build and install OpenFHE	2026-09-01T15:50:02.5174068Z   OPENFHE_BUILD: C:\openfhe-2023-1788\openfhe-build-33527929014-1
windows-mingw64	Build and install OpenFHE	2026-09-01T15:50:02.5174467Z   PROJECT_BUILD: C:\openfhe-2023-1788\project-build-33527929014-1
windows-mingw64	Build and install OpenFHE	2026-09-01T15:50:02.5174762Z   MSYSTEM: MINGW64
windows-mingw64	Build and install OpenFHE	2026-09-01T15:50:02.5175008Z ##[endgroup]
windows-mingw64	Build and install OpenFHE	2026-09-01T15:50:02.9320507Z -- Copied demoData files
windows-mingw64	Build and install OpenFHE	2026-09-01T15:50:02.9774828Z [  0%] Built target third-party
windows-mingw64	Build and install OpenFHE	2026-09-01T15:50:03.1063250Z [  1%] Building CXX object src/core/CMakeFiles/coreobj.dir/lib/lattice/constants-lattice-impl.cpp.obj
windows-mingw64	Build and install OpenFHE	2026-09-01T15:50:03.1110317Z [  2%] Building CXX object src/core/CMakeFiles/coreobj.dir/lib/lattice/lattice.cpp.obj
windows-mingw64	Build and install OpenFHE	2026-09-01T15:50:03.8235652Z [  3%] Building CXX object src/core/CMakeFiles/coreobj.dir/lib/lattice/stdlatticeparms.cpp.obj
windows-mingw64	Build and install OpenFHE	2026-09-01T15:50:05.0398197Z [  4%] Building CXX object src/core/CMakeFiles/coreobj.dir/lib/lattice/trapdoor-dcrtpoly.cpp.obj
windows-mingw64	Build and install OpenFHE	2026-09-01T15:50:14.0657802Z [  5%] Building CXX object src/core/CMakeFiles/coreobj.dir/lib/lattice/trapdoor-poly.cpp.obj
windows-mingw64	Build and install OpenFHE	2026-09-01T15:50:24.6366464Z [  6%] Building CXX object src/core/CMakeFiles/coreobj.dir/lib/math/chebyshev.cpp.obj
windows-mingw64	Build and install OpenFHE	2026-09-01T15:50:25.5682218Z [  6%] Building CXX object src/core/CMakeFiles/coreobj.dir/lib/math/dftransform.cpp.obj
windows-mingw64	Build and install OpenFHE	2026-09-01T15:50:27.2553119Z [  7%] Building CXX object src/core/CMakeFiles/coreobj.dir/lib/math/discretegaussiangeneratorgeneric.cpp.obj
windows-mingw64	Build and install OpenFHE	2026-09-01T15:50:27.3015502Z [  8%] Building CXX object src/core/CMakeFiles/coreobj.dir/lib/math/distributiongenerator.cpp.obj
windows-mingw64	Build and install OpenFHE	2026-09-01T15:50:28.1371083Z [  9%] Building CXX object src/core/CMakeFiles/coreobj.dir/lib/math/hal/bigintdyn/be4-math-impl.cpp.obj
windows-mingw64	Build and install OpenFHE	2026-09-01T15:50:29.0838176Z [ 10%] Building CXX object src/core/CMakeFiles/coreobj.dir/lib/math/hal/bigintdyn/mubintvecdyn.cpp.obj
windows-mingw64	Build and install OpenFHE	2026-09-01T15:50:32.3566273Z [ 11%] Building CXX object src/core/CMakeFiles/coreobj.dir/lib/math/hal/bigintdyn/ubintdyn.cpp.obj
windows-mingw64	Build and install OpenFHE	2026-09-01T15:50:34.4539929Z [ 12%] Building CXX object src/core/CMakeFiles/coreobj.dir/lib/math/hal/bigintfxd/be2-math-impl.cpp.obj
windows-mingw64	Build and install OpenFHE	2026-09-01T15:50:34.5725175Z [ 13%] Building CXX object src/core/CMakeFiles/coreobj.dir/lib/math/hal/bigintfxd/mubintvecfxd.cpp.obj
windows-mingw64	Build and install OpenFHE	2026-09-01T15:50:34.6882178Z [ 14%] Building CXX object src/core/CMakeFiles/coreobj.dir/lib/math/hal/bigintfxd/ubintfxd.cpp.obj
windows-mingw64	Build and install OpenFHE	2026-09-01T15:50:34.8067533Z [ 15%] Building CXX object src/core/CMakeFiles/coreobj.dir/lib/math/hal/bigintntl/be6-math-impl.cpp.obj
windows-mingw64	Build and install OpenFHE	2026-09-01T15:50:34.9210768Z [ 15%] Building CXX object src/core/CMakeFiles/coreobj.dir/lib/math/hal/bigintntl/mubintvecntl.cpp.obj
windows-mingw64	Build and install OpenFHE	2026-09-01T15:50:35.0395489Z [ 16%] Building CXX object src/core/CMakeFiles/coreobj.dir/lib/math/hal/bigintntl/ubintntl.cpp.obj
windows-mingw64	Build and install OpenFHE	2026-09-01T15:50:35.1478929Z [ 17%] Building CXX object src/core/CMakeFiles/coreobj.dir/lib/math/hal/intnat/benative-math-impl.cpp.obj
windows-mingw64	Build and install OpenFHE	2026-09-01T15:50:35.7752191Z [ 18%] Building CXX object src/core/CMakeFiles/coreobj.dir/lib/math/hal/intnat/mubintvecnat.cpp.obj
windows-mingw64	Build and install OpenFHE	2026-09-01T15:50:38.5486594Z [ 19%] Building CXX object src/core/CMakeFiles/coreobj.dir/lib/math/hermite.cpp.obj
windows-mingw64	Build and install OpenFHE	2026-09-01T15:50:39.7972048Z [ 20%] Building CXX object src/core/CMakeFiles/coreobj.dir/lib/math/matrix.cpp.obj
windows-mingw64	Build and install OpenFHE	2026-09-01T15:50:41.1921733Z [ 21%] Building CXX object src/core/CMakeFiles/coreobj.dir/lib/math/nbtheory2.cpp.obj
windows-mingw64	Build and install OpenFHE	2026-09-01T15:50:43.0279886Z [ 22%] Building CXX object src/core/CMakeFiles/coreobj.dir/lib/utils/blockAllocator/blockAllocator.cpp.obj
windows-mingw64	Build and install OpenFHE	2026-09-01T15:50:43.7722318Z [ 23%] Building CXX object src/core/CMakeFiles/coreobj.dir/lib/utils/blockAllocator/xallocator.cpp.obj
windows-mingw64	Build and install OpenFHE	2026-09-01T15:50:44.7777278Z [ 24%] Building CXX object src/core/CMakeFiles/coreobj.dir/lib/utils/debug.cpp.obj
windows-mingw64	Build and install OpenFHE	2026-09-01T15:50:45.0482576Z [ 24%] Building CXX object src/core/CMakeFiles/coreobj.dir/lib/utils/demangle.cpp.obj
windows-mingw64	Build and install OpenFHE	2026-09-01T15:50:45.3063023Z [ 25%] Building CXX object src/core/CMakeFiles/coreobj.dir/lib/utils/get-call-stack.cpp.obj
windows-mingw64	Build and install OpenFHE	2026-09-01T15:50:45.4618473Z [ 26%] Building CXX object src/core/CMakeFiles/coreobj.dir/lib/utils/hashutil.cpp.obj
windows-mingw64	Build and install OpenFHE	2026-09-01T15:50:45.6908258Z [ 27%] Building CXX object src/core/CMakeFiles/coreobj.dir/lib/utils/inttypes.cpp.obj
windows-mingw64	Build and install OpenFHE	2026-09-01T15:50:46.1391195Z [ 28%] Building CXX object src/core/CMakeFiles/coreobj.dir/lib/utils/memory.cpp.obj
windows-mingw64	Build and install OpenFHE	2026-09-01T15:50:46.3206783Z [ 29%] Building CXX object src/core/CMakeFiles/coreobj.dir/lib/utils/openfhebase64.cpp.obj
windows-mingw64	Build and install OpenFHE	2026-09-01T15:50:46.5821915Z [ 30%] Building CXX object src/core/CMakeFiles/coreobj.dir/lib/utils/parallel.cpp.obj
windows-mingw64	Build and install OpenFHE	2026-09-01T15:50:46.7113197Z [ 31%] Building C object src/core/CMakeFiles/coreobj.dir/lib/utils/prng/blake2b-ref.c.obj
windows-mingw64	Build and install OpenFHE	2026-09-01T15:50:46.8089195Z [ 32%] Building CXX object src/core/CMakeFiles/coreobj.dir/lib/utils/prng/blake2engine.cpp.obj
windows-mingw64	Build and install OpenFHE	2026-09-01T15:50:47.1822181Z [ 34%] Building C object src/core/CMakeFiles/coreobj.dir/lib/utils/prng/blake2xb-ref.c.obj
windows-mingw64	Build and install OpenFHE	2026-09-01T15:50:47.3861454Z [ 34%] Building CXX object src/core/CMakeFiles/coreobj.dir/lib/utils/utilities.cpp.obj
windows-mingw64	Build and install OpenFHE	2026-09-01T15:50:47.9408266Z [ 34%] Built target coreobj
windows-mingw64	Build and install OpenFHE	2026-09-01T15:50:48.0787709Z [ 35%] Linking CXX shared library ../../lib/libOPENFHEcore.dll
windows-mingw64	Build and install OpenFHE	2026-09-01T15:50:48.6352789Z [ 35%] Built target OPENFHEcore
windows-mingw64	Build and install OpenFHE	2026-09-01T15:50:48.7627262Z [ 36%] Building CXX object src/binfhe/CMakeFiles/binfheobj.dir/lib/binfhe-base-scheme.cpp.obj
windows-mingw64	Build and install OpenFHE	2026-09-01T15:50:48.7682676Z [ 37%] Building CXX object src/binfhe/CMakeFiles/binfheobj.dir/lib/binfhe-constants-impl.cpp.obj
windows-mingw64	Build and install OpenFHE	2026-09-01T15:50:49.5101017Z [ 38%] Building CXX object src/binfhe/CMakeFiles/binfheobj.dir/lib/binfhecontext.cpp.obj
windows-mingw64	Build and install OpenFHE	2026-09-01T15:50:53.9345023Z [ 39%] Building CXX object src/binfhe/CMakeFiles/binfheobj.dir/lib/lwe-pke.cpp.obj
windows-mingw64	Build and install OpenFHE	2026-09-01T15:50:54.0810244Z [ 40%] Building CXX object src/binfhe/CMakeFiles/binfheobj.dir/lib/rgsw-acc-cggi.cpp.obj
windows-mingw64	Build and install OpenFHE	2026-09-01T15:50:56.4961357Z [ 41%] Building CXX object src/binfhe/CMakeFiles/binfheobj.dir/lib/rgsw-acc-dm.cpp.obj
windows-mingw64	Build and install OpenFHE	2026-09-01T15:50:57.0309359Z [ 41%] Building CXX object src/binfhe/CMakeFiles/binfheobj.dir/lib/rgsw-acc-lmkcdey.cpp.obj
windows-mingw64	Build and install OpenFHE	2026-09-01T15:50:59.3968185Z [ 42%] Building CXX object src/binfhe/CMakeFiles/binfheobj.dir/lib/rgsw-acc.cpp.obj
windows-mingw64	Build and install OpenFHE	2026-09-01T15:51:00.6338285Z [ 43%] Building CXX object src/binfhe/CMakeFiles/binfheobj.dir/lib/rgsw-cryptoparameters.cpp.obj
windows-mingw64	Build and install OpenFHE	2026-09-01T15:51:03.0419574Z [ 43%] Built target binfheobj
windows-mingw64	Build and install OpenFHE	2026-09-01T15:51:03.1632592Z [ 43%] Linking CXX shared library ../../lib/libOPENFHEbinfhe.dll
windows-mingw64	Build and install OpenFHE	2026-09-01T15:51:03.4940526Z [ 43%] Built target OPENFHEbinfhe
windows-mingw64	Build and install OpenFHE	2026-09-01T15:51:03.6235055Z [ 44%] Building CXX object src/pke/CMakeFiles/pkeobj.dir/lib/ciphertext-impl.cpp.obj
windows-mingw64	Build and install OpenFHE	2026-09-01T15:51:03.6303249Z [ 45%] Building CXX object src/pke/CMakeFiles/pkeobj.dir/lib/constants-impl.cpp.obj
windows-mingw64	Build and install OpenFHE	2026-09-01T15:51:05.4658834Z [ 46%] Building CXX object src/pke/CMakeFiles/pkeobj.dir/lib/cryptocontext.cpp.obj
windows-mingw64	Build and install OpenFHE	2026-09-01T15:51:10.1581325Z [ 47%] Building CXX object src/pke/CMakeFiles/pkeobj.dir/lib/cryptocontextfactory.cpp.obj
windows-mingw64	Build and install OpenFHE	2026-09-01T15:51:16.0345376Z [ 48%] Building CXX object src/pke/CMakeFiles/pkeobj.dir/lib/cryptoobject-impl.cpp.obj
windows-mingw64	Build and install OpenFHE	2026-09-01T15:51:18.9498552Z [ 49%] Building CXX object src/pke/CMakeFiles/pkeobj.dir/lib/encoding/ckkspackedencoding.cpp.obj
windows-mingw64	Build and install OpenFHE	2026-09-01T15:51:19.4940609Z Terminate batch job (Y/N)? 
windows-mingw64	Build and install OpenFHE	2026-09-01T15:51:19.4947624Z ^C
windows-mingw64	Build and install OpenFHE	2026-09-01T15:51:19.5067223Z ##[error]The operation was canceled.
windows-mingw64	Complete job	﻿2026-09-01T15:51:19.5185980Z Cleaning up orphan processes
