2026-09-01T21:44:55.4875058Z Current runner version: '2.337.0'
2026-09-01T21:44:55.4899874Z ##[group]Runner Image Provisioner
2026-09-01T21:44:55.4900636Z Hosted Compute Agent
2026-09-01T21:44:55.4901767Z Version: 20260819.586
2026-09-01T21:44:55.4902446Z Commit: 3cc4a88dfa507ef76119ad1bb3eccc6378bb2b76
2026-09-01T21:44:55.4903166Z Build Date: 2026-08-18T23:20:18Z
2026-09-01T21:44:55.4903898Z Worker ID: {33cda56b-d2fd-497e-931b-86fd354f54db}
2026-09-01T21:44:55.4904597Z Azure Region: eastus2
2026-09-01T21:44:55.4905170Z ##[endgroup]
2026-09-01T21:44:55.4906428Z ##[group]Operating System
2026-09-01T21:44:55.4907098Z Microsoft Windows Server 2022
2026-09-01T21:44:55.4907679Z 10.0.20348
2026-09-01T21:44:55.4908158Z Datacenter
2026-09-01T21:44:55.4908694Z ##[endgroup]
2026-09-01T21:44:55.4909213Z ##[group]Runner Image
2026-09-01T21:44:55.4909762Z Image: windows-2022
2026-09-01T21:44:55.4910338Z Version: 20260824.284.2
2026-09-01T21:44:55.4911681Z Included Software: https://github.com/actions/runner-images/blob/win22/20260824.284/images/windows/Windows2022-Readme.md
2026-09-01T21:44:55.4913198Z Image Release: https://github.com/actions/runner-images/releases/tag/win22%2F20260824.284
2026-09-01T21:44:55.4914161Z ##[endgroup]
2026-09-01T21:44:55.4915265Z ##[group]GITHUB_TOKEN Permissions
2026-09-01T21:44:55.4917200Z Contents: read
2026-09-01T21:44:55.4917844Z Metadata: read
2026-09-01T21:44:55.4918359Z ##[endgroup]
2026-09-01T21:44:55.4920341Z Secret source: Actions
2026-09-01T21:44:55.4921269Z Prepare workflow directory
2026-09-01T21:44:55.5455869Z Prepare all required actions
2026-09-01T21:44:55.5525814Z Getting action download info
2026-09-01T21:44:55.7191133Z Download action repository 'msys2/setup-msys2@v2' (SHA:66cd2cce69caa17b53920067426061ca1de3a884)
2026-09-01T21:44:55.9370919Z Complete job name: windows-mingw64
2026-09-01T21:44:56.0770070Z ##[group]Run git config --global core.autocrlf false
2026-09-01T21:44:56.0770974Z [36;1mgit config --global core.autocrlf false[0m
2026-09-01T21:44:56.0771594Z [36;1mgit config --global core.eol lf[0m
2026-09-01T21:44:56.0772355Z [36;1mNew-Item -ItemType Directory -Path $env:WINDOWS_ROOT | Out-Null[0m
2026-09-01T21:44:56.0773073Z [36;1m[0m
2026-09-01T21:44:56.0773472Z [36;1mgit init $env:PROJECT_SOURCE[0m
2026-09-01T21:44:56.0774289Z [36;1mgit -C $env:PROJECT_SOURCE remote add origin https://github.com/leemaple/20231788..git[0m
2026-09-01T21:44:56.0775268Z [36;1mgit -C $env:PROJECT_SOURCE fetch --depth 1 origin $env:GITHUB_SHA[0m
2026-09-01T21:44:56.0776066Z [36;1mgit -C $env:PROJECT_SOURCE checkout --detach FETCH_HEAD[0m
2026-09-01T21:44:56.0776841Z [36;1m$projectActual = git -C $env:PROJECT_SOURCE rev-parse HEAD[0m
2026-09-01T21:44:56.0777558Z [36;1mif ($projectActual -ne $env:GITHUB_SHA) {[0m
2026-09-01T21:44:56.0778261Z [36;1m  throw "Project checkout mismatch: $projectActual"[0m
2026-09-01T21:44:56.0778854Z [36;1m}[0m
2026-09-01T21:44:56.0779232Z [36;1m[0m
2026-09-01T21:44:56.0779622Z [36;1mgit init $env:OPENFHE_SOURCE[0m
2026-09-01T21:44:56.0780510Z [36;1mgit -C $env:OPENFHE_SOURCE remote add origin https://github.com/openfheorg/openfhe-development.git[0m
2026-09-01T21:44:56.0781582Z [36;1mgit -C $env:OPENFHE_SOURCE fetch --depth 1 origin $env:OPENFHE_COMMIT[0m
2026-09-01T21:44:56.0782397Z [36;1mgit -C $env:OPENFHE_SOURCE checkout --detach FETCH_HEAD[0m
2026-09-01T21:44:56.0783240Z [36;1mgit -C $env:OPENFHE_SOURCE submodule update --init --recursive --depth 1[0m
2026-09-01T21:44:56.0783948Z [36;1m[0m
2026-09-01T21:44:56.0784498Z [36;1m$projectStatus = @(git -C $env:PROJECT_SOURCE status --porcelain)[0m
2026-09-01T21:44:56.0785216Z [36;1mif ($projectStatus.Count -ne 0) {[0m
2026-09-01T21:44:56.0785913Z [36;1m  throw "Project checkout is dirty: $($projectStatus -join '; ')"[0m
2026-09-01T21:44:56.0786585Z [36;1m}[0m
2026-09-01T21:44:56.0787140Z [36;1m$openfheStatus = @(git -C $env:OPENFHE_SOURCE status --porcelain)[0m
2026-09-01T21:44:56.0787846Z [36;1mif ($openfheStatus.Count -ne 0) {[0m
2026-09-01T21:44:56.0790013Z [36;1m  throw "OpenFHE checkout is dirty: $($openfheStatus -join '; ')"[0m
2026-09-01T21:44:56.0790682Z [36;1m}[0m
2026-09-01T21:44:56.2443784Z shell: C:\Program Files\PowerShell\7\pwsh.EXE -command ". '{0}'"
2026-09-01T21:44:56.2444736Z env:
2026-09-01T21:44:56.2445234Z   OPENFHE_COMMIT: df495ba2e91739a6dc8f1de254fc5a41155ce504
2026-09-01T21:44:56.2445916Z   OPENFHE_PREFIX: C:\openfhe-2023-1788\openfhe-install
2026-09-01T21:44:56.2446505Z   WINDOWS_ROOT: C:\openfhe-2023-1788
2026-09-01T21:44:56.2447043Z   PROJECT_SOURCE: C:\openfhe-2023-1788\cleanroom
2026-09-01T21:44:56.2447649Z   OPENFHE_SOURCE: C:\openfhe-2023-1788\openfhe-src
2026-09-01T21:44:56.2448347Z   OPENFHE_BUILD: C:\openfhe-2023-1788\openfhe-build-33562728326-1
2026-09-01T21:44:56.2449130Z   PROJECT_BUILD: C:\openfhe-2023-1788\project-build-33562728326-1
2026-09-01T21:44:56.2449748Z ##[endgroup]
2026-09-01T21:44:57.0976908Z Initialized empty Git repository in C:/openfhe-2023-1788/cleanroom/.git/
2026-09-01T21:44:58.3432211Z From https://github.com/leemaple/20231788.
2026-09-01T21:44:58.3433562Z  * branch            37d1758b515a77e3a6f880f182462e223b2d2bd5 -> FETCH_HEAD
2026-09-01T21:44:58.5138054Z HEAD is now at 37d1758 feat: reject null first Relin2 evaluation key
2026-09-01T21:44:58.5958511Z Initialized empty Git repository in C:/openfhe-2023-1788/openfhe-src/.git/
2026-09-01T21:44:59.4347237Z From https://github.com/openfheorg/openfhe-development
2026-09-01T21:44:59.4348088Z  * branch            df495ba2e91739a6dc8f1de254fc5a41155ce504 -> FETCH_HEAD
2026-09-01T21:45:00.0467989Z HEAD is now at df495ba Merge pull request #1130 from openfheorg/dev
2026-09-01T21:45:01.4575783Z Submodule 'third-party/cereal' (https://github.com/openfheorg/cereal.git) registered for path 'third-party/cereal'
2026-09-01T21:45:01.4595107Z Submodule 'third-party/google-benchmark' (https://github.com/google/benchmark.git) registered for path 'third-party/google-benchmark'
2026-09-01T21:45:01.4612419Z Submodule 'third-party/google-test' (https://github.com/google/googletest.git) registered for path 'third-party/google-test'
2026-09-01T21:45:01.4659006Z Submodule 'third-party/gperftools' (https://github.com/gperftools/gperftools.git) registered for path 'third-party/gperftools'
2026-09-01T21:45:01.5187613Z Cloning into 'C:/openfhe-2023-1788/openfhe-src/third-party/cereal'...
2026-09-01T21:45:01.9720355Z Cloning into 'C:/openfhe-2023-1788/openfhe-src/third-party/google-benchmark'...
2026-09-01T21:45:02.3784829Z Cloning into 'C:/openfhe-2023-1788/openfhe-src/third-party/google-test'...
2026-09-01T21:45:02.7850691Z Cloning into 'C:/openfhe-2023-1788/openfhe-src/third-party/gperftools'...
2026-09-01T21:45:03.7730370Z Submodule path 'third-party/cereal': checked out '984e3f194862b17916536b5fade40cba6e47a6fe'
2026-09-01T21:45:04.5622830Z From https://github.com/google/benchmark
2026-09-01T21:45:04.5623460Z  * branch            eddb0241389718a23a42db6af5f0164b6e0139af -> FETCH_HEAD
2026-09-01T21:45:04.9512702Z Submodule path 'third-party/google-benchmark': checked out 'eddb0241389718a23a42db6af5f0164b6e0139af'
2026-09-01T21:45:05.8711539Z From https://github.com/google/googletest
2026-09-01T21:45:05.8712297Z  * branch            52eb8108c5bdec04579160ae17225d66034bd723 -> FETCH_HEAD
2026-09-01T21:45:06.4609644Z Submodule path 'third-party/google-test': checked out '52eb8108c5bdec04579160ae17225d66034bd723'
2026-09-01T21:45:07.5539955Z From https://github.com/gperftools/gperftools
2026-09-01T21:45:07.5540529Z  * branch            83edb60836d87cf1b406e8846b9059c03031e8f5 -> FETCH_HEAD
2026-09-01T21:45:08.6603504Z Submodule path 'third-party/gperftools': checked out '83edb60836d87cf1b406e8846b9059c03031e8f5'
2026-09-01T21:45:09.3123172Z ##[group]Run msys2/setup-msys2@v2
2026-09-01T21:45:09.3123535Z with:
2026-09-01T21:45:09.3123741Z   msystem: MINGW64
2026-09-01T21:45:09.3124028Z   update: true
2026-09-01T21:45:09.3124255Z   cache: false
2026-09-01T21:45:09.3124597Z   install: git make mingw-w64-x86_64-boost mingw-w64-x86_64-cmake mingw-w64-x86_64-gcc
2026-09-01T21:45:09.3125782Z   path-type: minimal
2026-09-01T21:45:09.3125991Z   release: true
2026-09-01T21:45:09.3126203Z   platform-check-severity: fatal
2026-09-01T21:45:09.3126439Z env:
2026-09-01T21:45:09.3126671Z   OPENFHE_COMMIT: df495ba2e91739a6dc8f1de254fc5a41155ce504
2026-09-01T21:45:09.3127027Z   OPENFHE_PREFIX: C:\openfhe-2023-1788\openfhe-install
2026-09-01T21:45:09.3127321Z   WINDOWS_ROOT: C:\openfhe-2023-1788
2026-09-01T21:45:09.3127588Z   PROJECT_SOURCE: C:\openfhe-2023-1788\cleanroom
2026-09-01T21:45:09.3127887Z   OPENFHE_SOURCE: C:\openfhe-2023-1788\openfhe-src
2026-09-01T21:45:09.3128329Z   OPENFHE_BUILD: C:\openfhe-2023-1788\openfhe-build-33562728326-1
2026-09-01T21:45:09.3128725Z   PROJECT_BUILD: C:\openfhe-2023-1788\project-build-33562728326-1
2026-09-01T21:45:09.3129031Z ##[endgroup]
2026-09-01T21:45:09.4728704Z ##[group]Downloading MSYS2...
2026-09-01T21:45:09.9708350Z ##[endgroup]
2026-09-01T21:45:09.9708956Z ##[group]Extracting MSYS2...
2026-09-01T21:45:09.9723468Z [command]C:\hostedtoolcache\windows\msys2-installer\0.0.20260611\x64\base.exe -y
2026-09-01T21:45:10.2115751Z 
2026-09-01T21:45:10.2116665Z 7-Zip SFX 25.01 ZS v1.5.7 R4 (x64) : Copyright (c) 1999-2025 Igor Pavlov, 2016-2026 Tino Reichardt, 2022-2026 Sergey G. Brester : 2026-01-10
2026-09-01T21:45:10.2118285Z 
2026-09-01T21:45:10.2118713Z Extracting archive: C:\hostedtoolcache\windows\msys2-installer\0.0.20260611\x64\base.exe
2026-09-01T21:45:10.2119452Z --
2026-09-01T21:45:10.2119809Z Path = C:\hostedtoolcache\windows\msys2-installer\0.0.20260611\x64\base.exe
2026-09-01T21:45:10.2120184Z Type = 7z
2026-09-01T21:45:10.2120286Z 
2026-09-01T21:45:10.4133950Z   0%
2026-09-01T21:45:10.4134279Z     
2026-09-01T21:45:10.6166912Z   2% 1338 - msys64\usr\lib\perl5\core_perl\Data\Dumper.pm
2026-09-01T21:45:10.6167317Z                                                          
2026-09-01T21:45:10.8197306Z   4% 2532 - msys64\usr\lib\terminfo\68\hp2626-ns
2026-09-01T21:45:10.8197882Z                                                 
2026-09-01T21:45:11.0228891Z   4% 3779 - msys64\usr\lib\terminfo\76\vk100
2026-09-01T21:45:11.0229356Z                                             
2026-09-01T21:45:11.2261862Z   5% 4982 - msys64\usr\share\bash-completion\completions\python
2026-09-01T21:45:11.2262290Z                                                                
2026-09-01T21:45:11.4295383Z  11% 6040 - msys64\usr\share\locale\ca\LC_MESSAGES\wget.mo
2026-09-01T21:45:11.4295793Z                                                           
2026-09-01T21:45:11.6325349Z  26% 6672 - msys64\usr\share\locale\sk\LC_MESSAGES\findutils.mo
2026-09-01T21:45:11.6326078Z                                                                
2026-09-01T21:45:11.8355526Z  33% 7622 - msys64\usr\share\man\man3\asn1_decode_simple_der.3.gz
2026-09-01T21:45:11.8356248Z                                                                  
2026-09-01T21:45:12.0387336Z  33% 8762 - msys64\usr\share\man\man3\libssh2_sftp_posix_rename_ex.3.gz
2026-09-01T21:45:12.0388176Z                                                                        
2026-09-01T21:45:12.2419836Z  39% 9760 - msys64\usr\share\perl5\core_ . ilder\Platform\Windows\BCC.pm
2026-09-01T21:45:12.2420694Z                                                                         
2026-09-01T21:45:12.4450587Z  44% 10668 - msys64\usr\share\perl5\core_perl\unicore\lib\NFKDQC\N.pl
2026-09-01T21:45:12.4451293Z                                                                      
2026-09-01T21:45:12.6484954Z  47% 11791 - msys64\usr\share\terminfo\64\dataspeed40
2026-09-01T21:45:12.6487948Z                                                      
2026-09-01T21:45:12.8515657Z  47% 13045 - msys64\usr\share\terminfo\74\tandem653
2026-09-01T21:45:12.8516165Z                                                    
2026-09-01T21:45:13.0546629Z  48% 14279 - msys64\usr\share\zoneinfo\Australia\Darwin
2026-09-01T21:45:13.0546996Z                                                        
2026-09-01T21:45:13.2589385Z  48% 15394 - msys64\usr\share\zoneinfo\right\Asia\Macau
2026-09-01T21:45:13.2590146Z                                                        
2026-09-01T21:45:13.4669300Z  56% 16190 - msys64\usr\bin\gpgparsemail.exe
2026-09-01T21:45:13.4669780Z                                             
2026-09-01T21:45:13.6887035Z  74% 16358 - msys64\usr\bin\pacman.exe
2026-09-01T21:45:13.6887806Z                                       
2026-09-01T21:45:13.6888546Z Everything is Ok
2026-09-01T21:45:13.6908287Z ##[endgroup]
2026-09-01T21:45:13.6910576Z ##[group]Disable Key Refresh...
2026-09-01T21:45:13.6925459Z ##[endgroup]
2026-09-01T21:45:13.6940684Z ##[group]Starting MSYS2 for the first time...
2026-09-01T21:45:13.7607181Z [command]C:\Windows\system32\cmd.exe /D /S /C D:\a\_temp\setup-msys2\msys2.cmd -c "'uname' '-a'"
2026-09-01T21:45:13.9844527Z [1;32mMSYS2 is starting for the first time. Executing the initial setup.[1;0m
2026-09-01T21:45:13.9845348Z Copying skeleton files.
2026-09-01T21:45:13.9845823Z These files are for the users to personalise their msys2 experience.
2026-09-01T21:45:13.9846229Z 
2026-09-01T21:45:13.9846422Z They will never be overwritten nor automatically updated.
2026-09-01T21:45:13.9846772Z 
2026-09-01T21:45:13.9846930Z './.bashrc' -> '/home/runneradmin/.bashrc'
2026-09-01T21:45:13.9847363Z './.bash_profile' -> '/home/runneradmin/.bash_profile'
2026-09-01T21:45:13.9847837Z './.profile' -> '/home/runneradmin/.profile'
2026-09-01T21:45:14.0235282Z 'C:\Windows\system32\drivers\etc\hosts' -> '/etc/hosts'
2026-09-01T21:45:14.0725661Z 'C:\Windows\system32\drivers\etc\protocol' -> '/etc/protocols'
2026-09-01T21:45:14.1268456Z 'C:\Windows\system32\drivers\etc\services' -> '/etc/services'
2026-09-01T21:45:14.1724461Z 'C:\Windows\system32\drivers\etc\networks' -> '/etc/networks'
2026-09-01T21:45:14.3351499Z gpg: /etc/pacman.d/gnupg/trustdb.gpg: trustdb created
2026-09-01T21:45:14.3420027Z gpg: no ultimately trusted keys found
2026-09-01T21:45:14.7627912Z gpg: starting migration from earlier GnuPG versions
2026-09-01T21:45:14.8261048Z gpg: porting secret keys from '/etc/pacman.d/gnupg/secring.gpg' to gpg-agent
2026-09-01T21:45:14.8264686Z gpg: migration succeeded
2026-09-01T21:45:14.8521668Z ==> Generating pacman master key. This may take some time.
2026-09-01T21:45:14.8736121Z gpg: Generating pacman keyring master key...
2026-09-01T21:45:15.8405294Z gpg: directory '/etc/pacman.d/gnupg/openpgp-revocs.d' created
2026-09-01T21:45:15.8779862Z gpg: revocation certificate stored as '/etc/pacman.d/gnupg/openpgp-revocs.d/D782F9B7919AF852E482C5A7D9025C2555F81280.rev'
2026-09-01T21:45:15.8781897Z gpg: Done
2026-09-01T21:45:15.9183393Z ==> Updating trust database...
2026-09-01T21:45:15.9725907Z gpg: marginals needed: 3  completes needed: 1  trust model: pgp
2026-09-01T21:45:15.9727696Z gpg: depth: 0  valid:   1  signed:   0  trust: 0-, 0q, 0n, 0m, 0f, 1u
2026-09-01T21:45:16.1567517Z ==> Appending keys from msys2.gpg...
2026-09-01T21:45:16.8021383Z ==> Locally signing trusted keys in keyring...
2026-09-01T21:45:17.3408018Z   -> Locally signed 5 keys.
2026-09-01T21:45:17.3531201Z ==> Importing owner trust values...
2026-09-01T21:45:17.3687841Z gpg: setting ownertrust to 4
2026-09-01T21:45:17.3688225Z gpg: setting ownertrust to 4
2026-09-01T21:45:17.3688476Z gpg: setting ownertrust to 4
2026-09-01T21:45:17.3688737Z gpg: setting ownertrust to 4
2026-09-01T21:45:17.3688969Z gpg: setting ownertrust to 4
2026-09-01T21:45:17.3918267Z ==> Disabling revoked keys in keyring...
2026-09-01T21:45:17.6046902Z   -> Disabled 4 keys.
2026-09-01T21:45:17.6175527Z ==> Updating trust database...
2026-09-01T21:45:17.6516675Z gpg: marginals needed: 3  completes needed: 1  trust model: pgp
2026-09-01T21:45:17.6538467Z gpg: depth: 0  valid:   1  signed:   5  trust: 0-, 0q, 0n, 0m, 0f, 1u
2026-09-01T21:45:17.6568296Z gpg: depth: 1  valid:   5  signed:   6  trust: 0-, 0q, 0n, 5m, 0f, 0u
2026-09-01T21:45:17.6579515Z gpg: depth: 2  valid:   3  signed:   2  trust: 3-, 0q, 0n, 0m, 0f, 0u
2026-09-01T21:45:17.6913491Z pacman-key (pacman) 6.1.0
2026-09-01T21:45:17.6913970Z Copyright (c) 2010-2024 Pacman Development Team <pacman-dev@lists.archlinux.org>.
2026-09-01T21:45:17.6914530Z 
2026-09-01T21:45:17.7050883Z This is free software; see the source for copying conditions.
2026-09-01T21:45:17.7051563Z There is NO WARRANTY, to the extent permitted by law.
2026-09-01T21:45:17.8835392Z [1;32mInitial setup complete. MSYS2 is now ready to use.[1;0m
2026-09-01T21:45:17.8975307Z MINGW64_NT-10.0-20348 runnervm0js1w 3.6.9-01d6c708.x86_64 2026-05-24 10:45 UTC x86_64 Msys
2026-09-01T21:45:17.9019411Z ##[endgroup]
2026-09-01T21:45:17.9020038Z ##[group]Disable CheckSpace...
2026-09-01T21:45:17.9573412Z [command]C:\Windows\system32\cmd.exe /D /S /C D:\a\_temp\setup-msys2\msys2.cmd -c "'sed' '-i' 's/^CheckSpace/#CheckSpace/g' '/etc/pacman.conf'"
2026-09-01T21:45:18.1263560Z ##[endgroup]
2026-09-01T21:45:18.1264015Z ##[group]Updating packages...
2026-09-01T21:45:18.1791902Z [command]C:\Windows\system32\cmd.exe /D /S /C D:\a\_temp\setup-msys2\msys2.cmd -c "'pacman' '--noconfirm' '-Syuu' '--overwrite' '*'"
2026-09-01T21:45:18.8241612Z :: Synchronizing package databases...
2026-09-01T21:45:21.2177139Z  clangarm64 downloading...
2026-09-01T21:45:21.2177488Z  mingw32 downloading...
2026-09-01T21:45:21.2177714Z  mingw64 downloading...
2026-09-01T21:45:21.2182782Z  ucrt64 downloading...
2026-09-01T21:45:21.2185879Z  clang64 downloading...
2026-09-01T21:45:21.2188052Z  msys downloading...
2026-09-01T21:45:21.6574744Z :: Starting core system upgrade...
2026-09-01T21:45:21.8397868Z warning: terminate other MSYS2 programs before proceeding
2026-09-01T21:45:21.8398514Z resolving dependencies...
2026-09-01T21:45:21.8398891Z looking for conflicting packages...
2026-09-01T21:45:21.8480152Z 
2026-09-01T21:45:21.8480970Z Packages (1) msys2-runtime-3.6.10-3
2026-09-01T21:45:21.8481210Z 
2026-09-01T21:45:21.8481306Z Total Download Size:    1.97 MiB
2026-09-01T21:45:21.8481567Z Total Installed Size:   6.33 MiB
2026-09-01T21:45:21.8481852Z Net Upgrade Size:      -0.20 MiB
2026-09-01T21:45:21.8482020Z 
2026-09-01T21:45:21.8482434Z :: Proceed with installation? [Y/n] 
2026-09-01T21:45:21.8482784Z :: Retrieving packages...
2026-09-01T21:45:24.3288390Z  msys2-runtime-3.6.10-3-x86_64 downloading...
2026-09-01T21:45:24.3288750Z checking keyring...
2026-09-01T21:45:24.3829169Z checking package integrity...
2026-09-01T21:45:24.5390853Z loading package files...
2026-09-01T21:45:24.5416663Z checking for file conflicts...
2026-09-01T21:45:24.5437786Z :: Processing package changes...
2026-09-01T21:45:24.5438264Z upgrading msys2-runtime...
2026-09-01T21:45:24.6743935Z :: To complete this update all MSYS2 processes including this terminal will be closed. Confirm to proceed [Y/n] 
2026-09-01T21:45:24.9105684Z ##[endgroup]
2026-09-01T21:45:24.9106213Z ##[group]Killing remaining tasks...
2026-09-01T21:45:24.9668325Z [command]C:\Windows\system32\taskkill.exe /F /FI "MODULES eq msys-2.0.dll"
2026-09-01T21:45:25.0750718Z 
2026-09-01T21:45:25.0751332Z INFO: No tasks running with the specified criteria.
2026-09-01T21:45:25.0785589Z ##[endgroup]
2026-09-01T21:45:25.0786376Z ##[group]Final system upgrade...
2026-09-01T21:45:25.1322438Z [command]C:\Windows\system32\cmd.exe /D /S /C D:\a\_temp\setup-msys2\msys2.cmd -c "'pacman' '--noconfirm' '-Syuu' '--overwrite' '*'"
2026-09-01T21:45:25.7358750Z :: Synchronizing package databases...
2026-09-01T21:45:26.4204208Z  clangarm64 downloading...
2026-09-01T21:45:26.4204628Z  mingw32 downloading...
2026-09-01T21:45:26.4204962Z  mingw64 downloading...
2026-09-01T21:45:26.4205253Z  ucrt64 downloading...
2026-09-01T21:45:26.4206004Z  clang64 downloading...
2026-09-01T21:45:26.4206334Z  msys downloading...
2026-09-01T21:45:26.9330217Z :: Starting core system upgrade...
2026-09-01T21:45:27.1150072Z  there is nothing to do
2026-09-01T21:45:27.1150555Z :: Starting full system upgrade...
2026-09-01T21:45:27.1504164Z resolving dependencies...
2026-09-01T21:45:27.1555588Z looking for conflicting packages...
2026-09-01T21:45:27.1667186Z 
2026-09-01T21:45:27.1670344Z Packages (31) bash-completion-2.18.0-1  bsdtar-3.8.9-1  ca-certificates-20260816-1  curl-8.21.0-1  findutils-4.11.0-2  gawk-5.4.1-1  gcc-libs-15.3.0-1  gnupg-2.4.9-3  libcurl-8.21.0-1  libexpat-2.8.3-1  libffi-3.8.0-1  libgnutls-3.8.13-2  libhogweed-4.0-1  libnettle-4.0-1  libnghttp2-1.70.0-1  libnghttp3-1.18.0-1  libngtcp2-1.25.0-1  libopenssl-3.6.4-1  libp11-kit-0.26.5-1  libpsl-0.23.2-1  libsqlite-3.53.4-1  msys2-keyring-1~20260814-1  nano-9.2-1  nettle-4.0-1  openssl-3.6.4-1  p11-kit-0.26.5-1  pacman-contrib-1.10.6-2  perl-5.42.3-1  pinentry-1.3.3-1  tzcode-2026c-1  wget-1.25.0-2
2026-09-01T21:45:27.1673654Z 
2026-09-01T21:45:27.1673801Z Total Download Size:    27.05 MiB
2026-09-01T21:45:27.1674210Z Total Installed Size:  108.42 MiB
2026-09-01T21:45:27.1674611Z Net Upgrade Size:       -1.02 MiB
2026-09-01T21:45:27.1674870Z 
2026-09-01T21:45:27.1675349Z :: Proceed with installation? [Y/n] 
2026-09-01T21:45:27.1675841Z :: Retrieving packages...
2026-09-01T21:45:30.0982206Z  perl-5.42.3-1-x86_64 downloading...
2026-09-01T21:45:30.0982746Z  pacman-contrib-1.10.6-2-x86_64 downloading...
2026-09-01T21:45:30.0983215Z  gnupg-2.4.9-3-x86_64 downloading...
2026-09-01T21:45:30.0983509Z  libopenssl-3.6.4-1-x86_64 downloading...
2026-09-01T21:45:30.0983774Z  gawk-5.4.1-1-x86_64 downloading...
2026-09-01T21:45:30.0984036Z  libgnutls-3.8.13-2-x86_64 downloading...
2026-09-01T21:45:30.0984291Z  gcc-libs-15.3.0-1-x86_64 downloading...
2026-09-01T21:45:30.0984545Z  curl-8.21.0-1-x86_64 downloading...
2026-09-01T21:45:30.0984781Z  wget-1.25.0-2-x86_64 downloading...
2026-09-01T21:45:30.0985052Z  libsqlite-3.53.4-1-x86_64 downloading...
2026-09-01T21:45:30.0985305Z  nano-9.2-1-x86_64 downloading...
2026-09-01T21:45:30.0985542Z  openssl-3.6.4-1-x86_64 downloading...
2026-09-01T21:45:30.0985789Z  findutils-4.11.0-2-x86_64 downloading...
2026-09-01T21:45:30.0986051Z  p11-kit-0.26.5-1-x86_64 downloading...
2026-09-01T21:45:30.0986339Z  ca-certificates-20260816-1-any downloading...
2026-09-01T21:45:30.0986613Z  libcurl-8.21.0-1-x86_64 downloading...
2026-09-01T21:45:30.0986855Z  bsdtar-3.8.9-1-x86_64 downloading...
2026-09-01T21:45:30.0987103Z  tzcode-2026c-1-x86_64 downloading...
2026-09-01T21:45:30.0987350Z  libp11-kit-0.26.5-1-x86_64 downloading...
2026-09-01T21:45:30.0987627Z  bash-completion-2.18.0-1-any downloading...
2026-09-01T21:45:30.0987898Z  libhogweed-4.0-1-x86_64 downloading...
2026-09-01T21:45:30.0988143Z  libngtcp2-1.25.0-1-x86_64 downloading...
2026-09-01T21:45:30.0988393Z  libnettle-4.0-1-x86_64 downloading...
2026-09-01T21:45:30.0988660Z  nettle-4.0-1-x86_64 downloading...
2026-09-01T21:45:30.0988907Z  libpsl-0.23.2-1-x86_64 downloading...
2026-09-01T21:45:30.0989160Z  libnghttp3-1.18.0-1-x86_64 downloading...
2026-09-01T21:45:30.0989435Z  libnghttp2-1.70.0-1-x86_64 downloading...
2026-09-01T21:45:30.0989697Z  libexpat-2.8.3-1-x86_64 downloading...
2026-09-01T21:45:30.0989954Z  pinentry-1.3.3-1-x86_64 downloading...
2026-09-01T21:45:30.0990273Z  msys2-keyring-1~20260814-1-any downloading...
2026-09-01T21:45:30.0990657Z  libffi-3.8.0-1-x86_64 downloading...
2026-09-01T21:45:30.0990900Z checking keyring...
2026-09-01T21:45:30.1539259Z checking package integrity...
2026-09-01T21:45:34.4403973Z loading package files...
2026-09-01T21:45:34.5159849Z checking for file conflicts...
2026-09-01T21:45:34.5688365Z :: Running pre-transaction hooks...
2026-09-01T21:45:34.5688780Z (1/1) Removing old entries from the info directory file...
2026-09-01T21:45:34.6892280Z :: Processing package changes...
2026-09-01T21:45:34.6893277Z upgrading bash-completion...
2026-09-01T21:45:35.4799710Z upgrading gcc-libs...
2026-09-01T21:45:35.4967657Z upgrading libexpat...
2026-09-01T21:45:35.5008363Z upgrading libopenssl...
2026-09-01T21:45:35.5249779Z upgrading bsdtar...
2026-09-01T21:45:35.5335397Z upgrading openssl...
2026-09-01T21:45:35.6258216Z upgrading findutils...
2026-09-01T21:45:35.6911631Z upgrading libffi...
2026-09-01T21:45:35.7007585Z upgrading libp11-kit...
2026-09-01T21:45:35.7080345Z upgrading p11-kit...
2026-09-01T21:45:35.8384440Z upgrading ca-certificates...
2026-09-01T21:45:36.3939128Z upgrading libnghttp3...
2026-09-01T21:45:36.3994147Z upgrading libngtcp2...
2026-09-01T21:45:36.4070759Z upgrading libnghttp2...
2026-09-01T21:45:36.4124723Z upgrading libpsl...
2026-09-01T21:45:36.4208160Z upgrading libcurl...
2026-09-01T21:45:36.4269186Z upgrading curl...
2026-09-01T21:45:36.8089403Z upgrading gawk...
2026-09-01T21:45:36.8963310Z upgrading libhogweed...
2026-09-01T21:45:36.9005082Z upgrading libnettle...
2026-09-01T21:45:36.9052442Z upgrading libgnutls...
2026-09-01T21:45:36.9506225Z upgrading libsqlite...
2026-09-01T21:45:36.9603631Z upgrading nettle...
2026-09-01T21:45:36.9675787Z upgrading pinentry...
2026-09-01T21:45:36.9731531Z upgrading gnupg...
2026-09-01T21:45:41.6008886Z ==> Appending keys from msys2.gpg...
2026-09-01T21:45:42.0531455Z ==> Updating trust database...
2026-09-01T21:45:42.0694478Z gpg: no need for a trustdb check
2026-09-01T21:45:42.1535024Z upgrading msys2-keyring...
2026-09-01T21:45:42.4914642Z ==> Appending keys from msys2.gpg...
2026-09-01T21:45:42.9628815Z ==> Updating trust database...
2026-09-01T21:45:42.9791258Z gpg: next trustdb check due at 2027-02-10
2026-09-01T21:45:43.0601481Z upgrading nano...
2026-09-01T21:45:43.1554992Z upgrading pacman-contrib...
2026-09-01T21:45:43.2158230Z New optional dependencies for pacman-contrib
2026-09-01T21:45:43.2158832Z     perl: for pacsearch [installed]
2026-09-01T21:45:43.2159276Z     vim: default diff program for pacdiff
2026-09-01T21:45:43.2159746Z upgrading perl...
2026-09-01T21:45:44.7541482Z upgrading tzcode...
2026-09-01T21:45:46.4274952Z upgrading wget...
2026-09-01T21:45:46.5302510Z :: Running post-transaction hooks...
2026-09-01T21:45:46.5303042Z (1/1) Updating the info directory file...
2026-09-01T21:45:48.2764088Z ##[endgroup]
2026-09-01T21:45:48.2764812Z ##[group]Installing additional packages through pacman...
2026-09-01T21:45:48.3352391Z [command]C:\Windows\system32\cmd.exe /D /S /C D:\a\_temp\setup-msys2\msys2.cmd -c "'pacman' '--noconfirm' '-S' '--needed' '--overwrite' '*' 'git' 'make' 'mingw-w64-x86_64-boost' 'mingw-w64-x86_64-cmake' 'mingw-w64-x86_64-gcc'"
2026-09-01T21:45:49.1053111Z resolving dependencies...
2026-09-01T21:45:49.1162331Z looking for conflicting packages...
2026-09-01T21:45:49.1303540Z 
2026-09-01T21:45:49.1314899Z Packages (89) heimdal-7.8.0-5  heimdal-libs-7.8.0-5  libcbor-0.14.0-2  libedit-20240808_3.1-1  libfido2-1.17.0-1  mingw-w64-x86_64-binutils-2.47-3  mingw-w64-x86_64-boost-libs-1.91.0-3  mingw-w64-x86_64-brotli-1.2.0-1  mingw-w64-x86_64-bzip2-1.0.8-4  mingw-w64-x86_64-c-ares-1.34.8-1  mingw-w64-x86_64-ca-certificates-20260816-1  mingw-w64-x86_64-cppdap-1.65.r11.g6464cd7-1  mingw-w64-x86_64-crt-14.0.0.r302.gd7f3c5201-1  mingw-w64-x86_64-curl-8.21.0-2  mingw-w64-x86_64-expat-2.8.3-1  mingw-w64-x86_64-gcc-libs-16.2.0-3  mingw-w64-x86_64-gettext-runtime-1.0-1  mingw-w64-x86_64-gmp-6.3.0-2  mingw-w64-x86_64-gnutls-3.8.13-3  mingw-w64-x86_64-headers-14.0.0.r302.gd7f3c5201-1  mingw-w64-x86_64-icu-78.3-4  mingw-w64-x86_64-isl-0.28-1  mingw-w64-x86_64-jsoncpp-1.9.8-1  mingw-w64-x86_64-libarchive-3.8.9-5  mingw-w64-x86_64-libb2-0.98.1-3  mingw-w64-x86_64-libffi-3.8.0-1  mingw-w64-x86_64-libiconv-1.19-1  mingw-w64-x86_64-libidn2-2.3.8-4  mingw-w64-x86_64-libpsl-0.21.5-3  mingw-w64-x86_64-libssh2-1.11.1-2  mingw-w64-x86_64-libtasn1-4.21.0-1  mingw-w64-x86_64-libunistring-1.4.2-1  mingw-w64-x86_64-libuv-1.52.1-1  mingw-w64-x86_64-libwinpthread-14.0.0.r302.gd7f3c5201-1  mingw-w64-x86_64-lz4-1.10.0-1  mingw-w64-x86_64-mpc-1.4.1-1  mingw-w64-x86_64-mpfr-4.2.2-3  mingw-w64-x86_64-nettle-4.0-1  mingw-w64-x86_64-nghttp2-1.70.0-1  mingw-w64-x86_64-nghttp3-1.18.0-1  mingw-w64-x86_64-ngtcp2-1.25.0-1  mingw-w64-x86_64-ninja-1.13.2-1  mingw-w64-x86_64-openssl-3.6.4-1  mingw-w64-x86_64-p11-kit-0.26.5-1  mingw-w64-x86_64-pcre2-10.47-1  mingw-w64-x86_64-pkgconf-1~3.0.5-1  mingw-w64-x86_64-rhash-1.4.6-1  mingw-w64-x86_64-tzdata-2026c-1  mingw-w64-x86_64-windows-default-manifest-20260815-1  mingw-w64-x86_64-wineditline-2.208-1  mingw-w64-x86_64-winpthreads-14.0.0.r302.gd7f3c5201-1  mingw-w64-x86_64-xz-5.8.3-1  mingw-w64-x86_64-zlib-1.3.2-2  mingw-w64-x86_64-zstd-1.5.7-2  openssh-10.5p1-2  perl-Authen-SASL-2.2000-1  perl-Clone-0.50-2  perl-Convert-BinHex-1.125-2  perl-Encode-Locale-1.05-2  perl-Error-0.17030-1  perl-File-Listing-6.16-1  perl-HTML-Parser-3.85-1  perl-HTML-Tagset-3.24-1  perl-HTTP-Cookies-6.12-1  perl-HTTP-Daemon-6.17-1  perl-HTTP-Date-6.08-1  perl-HTTP-Message-7.04-1  perl-HTTP-Negotiate-6.01-3  perl-IO-HTML-1.004-2  perl-IO-Socket-SSL-2.099-1  perl-IO-Stringy-2.113-3  perl-LWP-MediaTypes-6.04-2  perl-MIME-tools-5.517-1  perl-MailTools-2.22-1  perl-Net-HTTP-6.24-1  perl-Net-SMTP-SSL-1.04-2  perl-Net-SSLeay-1.96-1  perl-TermReadKey-2.38-8  perl-TimeDate-2.35-1  perl-Try-Tiny-0.32-1  perl-URI-5.36-1  perl-WWW-RobotRules-6.03-1  perl-http-cookiejar-0.014-1  perl-libwww-6.83-2  git-2.55.0-1  make-4.4.1-3  mingw-w64-x86_64-boost-1.91.0-3  mingw-w64-x86_64-cmake-4.4.2-2  mingw-w64-x86_64-gcc-16.2.0-3
2026-09-01T21:45:49.1325086Z 
2026-09-01T21:45:49.1325186Z Total Download Size:    154.18 MiB
2026-09-01T21:45:49.1325646Z Total Installed Size:  1023.08 MiB
2026-09-01T21:45:49.1325891Z 
2026-09-01T21:45:49.1326105Z :: Proceed with installation? [Y/n] 
2026-09-01T21:45:49.1326505Z :: Retrieving packages...
2026-09-01T21:45:58.9813922Z  mingw-w64-x86_64-gcc-16.2.0-3-any downloading...
2026-09-01T21:45:58.9814476Z  mingw-w64-x86_64-icu-78.3-4-any downloading...
2026-09-01T21:45:58.9815001Z  mingw-w64-x86_64-boost-1.91.0-3-any downloading...
2026-09-01T21:45:58.9815514Z  mingw-w64-x86_64-cmake-4.4.2-2-any downloading...
2026-09-01T21:45:58.9816001Z  mingw-w64-x86_64-openssl-3.6.4-1-any downloading...
2026-09-01T21:45:58.9816437Z  git-2.55.0-1-x86_64 downloading...
2026-09-01T21:45:58.9816782Z  mingw-w64-x86_64-headers-14.0.0.r302.gd7f3c5201-1-any downloading...
2026-09-01T21:45:58.9817183Z  mingw-w64-x86_64-binutils-2.47-3-any downloading...
2026-09-01T21:45:58.9817537Z  mingw-w64-x86_64-crt-14.0.0.r302.gd7f3c5201-1-any downloading...
2026-09-01T21:45:58.9817905Z  mingw-w64-x86_64-boost-libs-1.91.0-3-any downloading...
2026-09-01T21:45:58.9818226Z  mingw-w64-x86_64-gnutls-3.8.13-3-any downloading...
2026-09-01T21:45:58.9818541Z  mingw-w64-x86_64-libarchive-3.8.9-5-any downloading...
2026-09-01T21:45:58.9818868Z  mingw-w64-x86_64-curl-8.21.0-2-any downloading...
2026-09-01T21:45:58.9819169Z  mingw-w64-x86_64-isl-0.28-1-any downloading...
2026-09-01T21:45:58.9819469Z  mingw-w64-x86_64-pcre2-10.47-1-any downloading...
2026-09-01T21:45:58.9819760Z  openssh-10.5p1-2-x86_64 downloading...
2026-09-01T21:45:58.9820057Z  mingw-w64-x86_64-gcc-libs-16.2.0-3-any downloading...
2026-09-01T21:45:58.9820391Z  mingw-w64-x86_64-libunistring-1.4.2-1-any downloading...
2026-09-01T21:45:58.9820705Z  heimdal-libs-7.8.0-5-x86_64 downloading...
2026-09-01T21:45:58.9821004Z  mingw-w64-x86_64-libiconv-1.19-1-any downloading...
2026-09-01T21:45:58.9821432Z  mingw-w64-x86_64-zstd-1.5.7-2-any downloading...
2026-09-01T21:45:58.9821781Z  mingw-w64-x86_64-p11-kit-0.26.5-1-any downloading...
2026-09-01T21:45:58.9822080Z  mingw-w64-x86_64-gmp-6.3.0-2-any downloading...
2026-09-01T21:45:58.9822371Z  mingw-w64-x86_64-nettle-4.0-1-any downloading...
2026-09-01T21:45:58.9822647Z  heimdal-7.8.0-5-x86_64 downloading...
2026-09-01T21:45:58.9822920Z  mingw-w64-x86_64-mpfr-4.2.2-3-any downloading...
2026-09-01T21:45:58.9823263Z  mingw-w64-x86_64-cppdap-1.65.r11.g6464cd7-1-any downloading...
2026-09-01T21:45:58.9823826Z  make-4.4.1-3-x86_64 downloading...
2026-09-01T21:45:58.9824091Z  mingw-w64-x86_64-xz-5.8.3-1-any downloading...
2026-09-01T21:45:58.9824394Z  mingw-w64-x86_64-brotli-1.2.0-1-any downloading...
2026-09-01T21:45:58.9824730Z  mingw-w64-x86_64-gettext-runtime-1.0-1-any downloading...
2026-09-01T21:45:58.9825114Z  mingw-w64-x86_64-ca-certificates-20260816-1-any downloading...
2026-09-01T21:45:58.9825652Z  mingw-w64-x86_64-c-ares-1.34.8-1-any downloading...
2026-09-01T21:45:58.9826136Z  mingw-w64-x86_64-libssh2-1.11.1-2-any downloading...
2026-09-01T21:45:58.9826611Z  mingw-w64-x86_64-ngtcp2-1.25.0-1-any downloading...
2026-09-01T21:45:58.9827097Z  mingw-w64-x86_64-rhash-1.4.6-1-any downloading...
2026-09-01T21:45:58.9827576Z  perl-Net-SSLeay-1.96-1-x86_64 downloading...
2026-09-01T21:45:58.9828040Z  mingw-w64-x86_64-tzdata-2026c-1-any downloading...
2026-09-01T21:45:58.9828499Z  mingw-w64-x86_64-libuv-1.52.1-1-any downloading...
2026-09-01T21:45:58.9828951Z  mingw-w64-x86_64-jsoncpp-1.9.8-1-any downloading...
2026-09-01T21:45:58.9829409Z  mingw-w64-x86_64-nghttp2-1.70.0-1-any downloading...
2026-09-01T21:45:58.9829908Z  mingw-w64-x86_64-libtasn1-4.21.0-1-any downloading...
2026-09-01T21:45:58.9830423Z  mingw-w64-x86_64-expat-2.8.3-1-any downloading...
2026-09-01T21:45:58.9830913Z  mingw-w64-x86_64-ninja-1.13.2-1-any downloading...
2026-09-01T21:45:58.9831384Z  perl-MIME-tools-5.517-1-any downloading...
2026-09-01T21:45:58.9831861Z  mingw-w64-x86_64-libidn2-2.3.8-4-any downloading...
2026-09-01T21:45:58.9832370Z  mingw-w64-x86_64-lz4-1.10.0-1-any downloading...
2026-09-01T21:45:58.9832860Z  perl-IO-Socket-SSL-2.099-1-any downloading...
2026-09-01T21:45:58.9833362Z  mingw-w64-x86_64-pkgconf-1~3.0.5-1-any downloading...
2026-09-01T21:45:58.9833872Z  mingw-w64-x86_64-nghttp3-1.18.0-1-any downloading...
2026-09-01T21:45:58.9834342Z  mingw-w64-x86_64-mpc-1.4.1-1-any downloading...
2026-09-01T21:45:58.9834795Z  perl-libwww-6.83-2-any downloading...
2026-09-01T21:45:58.9835273Z  mingw-w64-x86_64-zlib-1.3.2-2-any downloading...
2026-09-01T21:45:58.9835732Z  perl-URI-5.36-1-any downloading...
2026-09-01T21:45:58.9836169Z  mingw-w64-x86_64-libpsl-0.21.5-3-any downloading...
2026-09-01T21:45:58.9836652Z  mingw-w64-x86_64-bzip2-1.0.8-4-any downloading...
2026-09-01T21:45:58.9837081Z  libedit-20240808_3.1-1-x86_64 downloading...
2026-09-01T21:45:58.9837477Z  libfido2-1.17.0-1-x86_64 downloading...
2026-09-01T21:45:58.9837943Z  perl-HTML-Parser-3.85-1-x86_64 downloading...
2026-09-01T21:45:58.9838291Z  perl-HTTP-Message-7.04-1-any downloading...
2026-09-01T21:45:58.9838577Z  perl-TimeDate-2.35-1-any downloading...
2026-09-01T21:45:58.9838884Z  mingw-w64-x86_64-wineditline-2.208-1-any downloading...
2026-09-01T21:45:58.9839193Z  perl-MailTools-2.22-1-any downloading...
2026-09-01T21:45:58.9839485Z  mingw-w64-x86_64-libffi-3.8.0-1-any downloading...
2026-09-01T21:45:58.9839779Z  perl-IO-Stringy-2.113-3-any downloading...
2026-09-01T21:45:58.9840163Z  mingw-w64-x86_64-winpthreads-14.0.0.r302.gd7f3c5201-1-any downloading...
2026-09-01T21:45:58.9840647Z  perl-Authen-SASL-2.2000-1-any downloading...
2026-09-01T21:45:58.9841027Z  mingw-w64-x86_64-libwinpthread-14.0.0.r302.gd7f3c5201-1-any downloading...
2026-09-01T21:45:58.9841427Z  perl-Convert-BinHex-1.125-2-any downloading...
2026-09-01T21:45:58.9841723Z  mingw-w64-x86_64-libb2-0.98.1-3-any downloading...
2026-09-01T21:45:58.9842009Z  libcbor-0.14.0-2-x86_64 downloading...
2026-09-01T21:45:58.9842278Z  perl-HTTP-Cookies-6.12-1-any downloading...
2026-09-01T21:45:58.9842556Z  perl-Net-HTTP-6.24-1-any downloading...
2026-09-01T21:45:58.9842815Z  perl-Error-0.17030-1-any downloading...
2026-09-01T21:45:58.9843093Z  perl-TermReadKey-2.38-8-x86_64 downloading...
2026-09-01T21:45:58.9843385Z  perl-HTTP-Daemon-6.17-1-any downloading...
2026-09-01T21:45:58.9843691Z  perl-LWP-MediaTypes-6.04-2-any downloading...
2026-09-01T21:45:58.9843969Z  perl-Try-Tiny-0.32-1-any downloading...
2026-09-01T21:45:58.9844217Z  perl-Clone-0.50-2-x86_64 downloading...
2026-09-01T21:45:58.9844636Z  perl-IO-HTML-1.004-2-any downloading...
2026-09-01T21:45:58.9845207Z  perl-WWW-RobotRules-6.03-1-any downloading...
2026-09-01T21:45:58.9845622Z  perl-http-cookiejar-0.014-1-any downloading...
2026-09-01T21:45:58.9846062Z  perl-HTTP-Negotiate-6.01-3-any downloading...
2026-09-01T21:45:58.9846486Z  perl-Encode-Locale-1.05-2-any downloading...
2026-09-01T21:45:58.9847974Z  perl-HTML-Tagset-3.24-1-any downloading...
2026-09-01T21:45:58.9848389Z  perl-File-Listing-6.16-1-any downloading...
2026-09-01T21:45:58.9848855Z  perl-HTTP-Date-6.08-1-any downloading...
2026-09-01T21:45:58.9849340Z  perl-Net-SMTP-SSL-1.04-2-any downloading...
2026-09-01T21:45:58.9849830Z  mingw-w64-x86_64-windows-default-manifest-20260815-1-any downloading...
2026-09-01T21:45:58.9850202Z checking keyring...
2026-09-01T21:45:59.0463752Z checking package integrity...
2026-09-01T21:46:13.2913549Z loading package files...
2026-09-01T21:46:13.6478600Z checking for file conflicts...
2026-09-01T21:46:15.9429697Z :: Processing package changes...
2026-09-01T21:46:15.9430030Z installing libedit...
2026-09-01T21:46:15.9727091Z installing heimdal-libs...
2026-09-01T21:46:15.9903154Z installing heimdal...
2026-09-01T21:46:16.5636555Z installing libcbor...
2026-09-01T21:46:16.5665726Z installing libfido2...
2026-09-01T21:46:16.5699082Z installing openssh...
2026-09-01T21:46:16.6068983Z installing perl-Error...
2026-09-01T21:46:16.6143089Z installing perl-Authen-SASL...
2026-09-01T21:46:16.6350288Z installing perl-Encode-Locale...
2026-09-01T21:46:16.6403988Z installing perl-HTTP-Date...
2026-09-01T21:46:16.6459323Z installing perl-File-Listing...
2026-09-01T21:46:16.6519981Z installing perl-HTML-Tagset...
2026-09-01T21:46:16.6579815Z installing perl-Clone...
2026-09-01T21:46:16.6628151Z installing perl-IO-HTML...
2026-09-01T21:46:16.6681650Z installing perl-LWP-MediaTypes...
2026-09-01T21:46:16.6750490Z installing perl-URI...
2026-09-01T21:46:16.7349842Z installing perl-HTTP-Message...
2026-09-01T21:46:16.7528322Z installing perl-HTML-Parser...
2026-09-01T21:46:16.7668224Z installing perl-HTTP-Cookies...
2026-09-01T21:46:16.7744239Z installing perl-HTTP-Daemon...
2026-09-01T21:46:16.7788194Z installing perl-http-cookiejar...
2026-09-01T21:46:16.7851757Z installing perl-HTTP-Negotiate...
2026-09-01T21:46:16.7895887Z installing perl-Net-HTTP...
2026-09-01T21:46:16.7995614Z installing perl-WWW-RobotRules...
2026-09-01T21:46:16.8081668Z installing perl-Try-Tiny...
2026-09-01T21:46:16.8153331Z installing perl-libwww...
2026-09-01T21:46:16.8475838Z Optional dependencies for perl-libwww
2026-09-01T21:46:16.8476422Z     perl-LWP-Protocol-https: for https:// url schemes
2026-09-01T21:46:16.8476949Z installing perl-TimeDate...
2026-09-01T21:46:16.9076096Z installing perl-MailTools...
2026-09-01T21:46:16.9330447Z installing perl-IO-Stringy...
2026-09-01T21:46:16.9458911Z installing perl-Convert-BinHex...
2026-09-01T21:46:17.0832583Z module test... pass.
2026-09-01T21:46:17.0841115Z installing perl-MIME-tools...
2026-09-01T21:46:17.1204285Z installing perl-Net-SSLeay...
2026-09-01T21:46:17.1887852Z installing perl-IO-Socket-SSL...
2026-09-01T21:46:17.2004615Z installing perl-Net-SMTP-SSL...
2026-09-01T21:46:17.2046922Z installing perl-TermReadKey...
2026-09-01T21:46:17.2117202Z installing git...
2026-09-01T21:46:17.7165187Z Optional dependencies for git
2026-09-01T21:46:17.7168570Z     python: various helper scripts
2026-09-01T21:46:17.7171184Z     subversion: git svn
2026-09-01T21:46:17.7171578Z     aspell: spell checking in git gui
2026-09-01T21:46:17.7172354Z installing make...
2026-09-01T21:46:17.7528842Z installing mingw-w64-x86_64-libwinpthread...
2026-09-01T21:46:17.7571419Z installing mingw-w64-x86_64-tzdata...
2026-09-01T21:46:19.2162769Z installing mingw-w64-x86_64-gcc-libs...
2026-09-01T21:46:19.2324567Z installing mingw-w64-x86_64-bzip2...
2026-09-01T21:46:19.2493965Z installing mingw-w64-x86_64-icu...
2026-09-01T21:46:19.5952725Z installing mingw-w64-x86_64-libiconv...
2026-09-01T21:46:19.6169643Z installing mingw-w64-x86_64-gettext-runtime...
2026-09-01T21:46:19.7302608Z installing mingw-w64-x86_64-xz...
2026-09-01T21:46:19.8301873Z installing mingw-w64-x86_64-zstd...
2026-09-01T21:46:19.8485484Z installing mingw-w64-x86_64-zlib...
2026-09-01T21:46:19.8561269Z installing mingw-w64-x86_64-boost-libs...
2026-09-01T21:46:19.8995782Z installing mingw-w64-x86_64-boost...
2026-09-01T21:46:32.3148545Z Optional dependencies for mingw-w64-x86_64-boost
2026-09-01T21:46:32.3149167Z     mingw-w64-x86_64-python: For Boost.Python
2026-09-01T21:46:32.3149704Z     mingw-w64-x86_64-python-numpy: For Boost.Python (NumPy)
2026-09-01T21:46:32.3150243Z installing mingw-w64-x86_64-cppdap...
2026-09-01T21:46:32.3378738Z installing mingw-w64-x86_64-c-ares...
2026-09-01T21:46:32.4384931Z installing mingw-w64-x86_64-brotli...
2026-09-01T21:46:32.4586315Z installing mingw-w64-x86_64-libunistring...
2026-09-01T21:46:32.5022605Z installing mingw-w64-x86_64-libidn2...
2026-09-01T21:46:32.5280143Z installing mingw-w64-x86_64-libpsl...
2026-09-01T21:46:32.5364001Z installing mingw-w64-x86_64-libtasn1...
2026-09-01T21:46:32.5717848Z installing mingw-w64-x86_64-libffi...
2026-09-01T21:46:32.5812980Z installing mingw-w64-x86_64-p11-kit...
2026-09-01T21:46:32.7510044Z installing mingw-w64-x86_64-ca-certificates...
2026-09-01T21:46:33.3760861Z installing mingw-w64-x86_64-openssl...
2026-09-01T21:46:38.2498449Z Optional dependencies for mingw-w64-x86_64-openssl
2026-09-01T21:46:38.2499058Z     mingw-w64-x86_64-ca-certificates [installed]
2026-09-01T21:46:38.2499555Z installing mingw-w64-x86_64-libssh2...
2026-09-01T21:46:38.3672467Z installing mingw-w64-x86_64-nghttp2...
2026-09-01T21:46:38.3822059Z installing mingw-w64-x86_64-gmp...
2026-09-01T21:46:38.3969103Z installing mingw-w64-x86_64-nettle...
2026-09-01T21:46:38.4475008Z installing mingw-w64-x86_64-gnutls...
2026-09-01T21:46:39.3046487Z installing mingw-w64-x86_64-ngtcp2...
2026-09-01T21:46:39.3239123Z installing mingw-w64-x86_64-nghttp3...
2026-09-01T21:46:39.3360522Z installing mingw-w64-x86_64-curl...
2026-09-01T21:46:39.6899696Z installing mingw-w64-x86_64-expat...
2026-09-01T21:46:39.7040262Z installing mingw-w64-x86_64-jsoncpp...
2026-09-01T21:46:39.7208678Z installing mingw-w64-x86_64-libb2...
2026-09-01T21:46:39.7269577Z installing mingw-w64-x86_64-lz4...
2026-09-01T21:46:39.7402637Z installing mingw-w64-x86_64-wineditline...
2026-09-01T21:46:39.7479383Z installing mingw-w64-x86_64-pcre2...
2026-09-01T21:46:39.9063754Z installing mingw-w64-x86_64-libarchive...
2026-09-01T21:46:39.9784009Z installing mingw-w64-x86_64-libuv...
2026-09-01T21:46:39.9982368Z installing mingw-w64-x86_64-ninja...
2026-09-01T21:46:40.0032162Z installing mingw-w64-x86_64-pkgconf...
2026-09-01T21:46:40.0223320Z installing mingw-w64-x86_64-rhash...
2026-09-01T21:46:40.0541254Z installing mingw-w64-x86_64-cmake...
2026-09-01T21:46:42.9187392Z Optional dependencies for mingw-w64-x86_64-cmake
2026-09-01T21:46:42.9188006Z     mingw-w64-x86_64-emacs: for cmake emacs mode
2026-09-01T21:46:42.9188532Z installing mingw-w64-x86_64-binutils...
2026-09-01T21:46:43.1363829Z installing mingw-w64-x86_64-headers...
2026-09-01T21:46:44.2412648Z installing mingw-w64-x86_64-crt...
2026-09-01T21:46:45.0714634Z installing mingw-w64-x86_64-isl...
2026-09-01T21:46:45.1332261Z installing mingw-w64-x86_64-mpfr...
2026-09-01T21:46:45.1535254Z installing mingw-w64-x86_64-mpc...
2026-09-01T21:46:45.1600560Z installing mingw-w64-x86_64-windows-default-manifest...
2026-09-01T21:46:45.1628340Z installing mingw-w64-x86_64-winpthreads...
2026-09-01T21:46:45.1719949Z installing mingw-w64-x86_64-gcc...
2026-09-01T21:46:46.4967907Z :: Running post-transaction hooks...
2026-09-01T21:46:46.4968442Z (1/1) Updating the info directory file...
2026-09-01T21:46:46.7898934Z ##[endgroup]
2026-09-01T21:46:46.8127112Z ##[group]Run cmake --version
2026-09-01T21:46:46.8127468Z [36;1mcmake --version[0m
2026-09-01T21:46:46.8127697Z [36;1mg++ --version[0m
2026-09-01T21:46:46.8131691Z shell: D:\a\_temp\setup-msys2\msys2.CMD {0}
2026-09-01T21:46:46.8131971Z env:
2026-09-01T21:46:46.8132220Z   OPENFHE_COMMIT: df495ba2e91739a6dc8f1de254fc5a41155ce504
2026-09-01T21:46:46.8132595Z   OPENFHE_PREFIX: C:\openfhe-2023-1788\openfhe-install
2026-09-01T21:46:46.8132908Z   WINDOWS_ROOT: C:\openfhe-2023-1788
2026-09-01T21:46:46.8133181Z   PROJECT_SOURCE: C:\openfhe-2023-1788\cleanroom
2026-09-01T21:46:46.8133662Z   OPENFHE_SOURCE: C:\openfhe-2023-1788\openfhe-src
2026-09-01T21:46:46.8134028Z   OPENFHE_BUILD: C:\openfhe-2023-1788\openfhe-build-33562728326-1
2026-09-01T21:46:46.8134422Z   PROJECT_BUILD: C:\openfhe-2023-1788\project-build-33562728326-1
2026-09-01T21:46:46.8134730Z   MSYSTEM: MINGW64
2026-09-01T21:46:46.8134922Z ##[endgroup]
2026-09-01T21:46:47.0004392Z cmake version 4.4.2
2026-09-01T21:46:47.0004746Z 
2026-09-01T21:46:47.0005056Z CMake suite maintained and supported by Kitware (kitware.com/cmake).
2026-09-01T21:46:47.0311348Z g++.exe (Rev3, Built by MSYS2 project) 16.2.0
2026-09-01T21:46:47.0311920Z Copyright (C) 2026 Free Software Foundation, Inc.
2026-09-01T21:46:47.0312732Z This is free software; see the source for copying conditions.  There is NO
2026-09-01T21:46:47.0313264Z warranty; not even for MERCHANTABILITY or FITNESS FOR A PARTICULAR PURPOSE.
2026-09-01T21:46:47.0313563Z 
2026-09-01T21:46:47.0485088Z ##[group]Run source="$(cygpath -u "$OPENFHE_SOURCE")"
2026-09-01T21:46:47.0485573Z [36;1msource="$(cygpath -u "$OPENFHE_SOURCE")"[0m
2026-09-01T21:46:47.0485916Z [36;1mactual="$(git -C "$source" rev-parse HEAD)"[0m
2026-09-01T21:46:47.0486227Z [36;1mtest "$actual" = "$OPENFHE_COMMIT"[0m
2026-09-01T21:46:47.0486545Z [36;1mtest -z "$(git -C "$source" status --porcelain)"[0m
2026-09-01T21:46:47.0486901Z [36;1mgit -C "$source" submodule status --recursive[0m
2026-09-01T21:46:47.0488768Z shell: D:\a\_temp\setup-msys2\msys2.CMD {0}
2026-09-01T21:46:47.0489034Z env:
2026-09-01T21:46:47.0489280Z   OPENFHE_COMMIT: df495ba2e91739a6dc8f1de254fc5a41155ce504
2026-09-01T21:46:47.0489633Z   OPENFHE_PREFIX: C:\openfhe-2023-1788\openfhe-install
2026-09-01T21:46:47.0489927Z   WINDOWS_ROOT: C:\openfhe-2023-1788
2026-09-01T21:46:47.0490195Z   PROJECT_SOURCE: C:\openfhe-2023-1788\cleanroom
2026-09-01T21:46:47.0490492Z   OPENFHE_SOURCE: C:\openfhe-2023-1788\openfhe-src
2026-09-01T21:46:47.0490883Z   OPENFHE_BUILD: C:\openfhe-2023-1788\openfhe-build-33562728326-1
2026-09-01T21:46:47.0491277Z   PROJECT_BUILD: C:\openfhe-2023-1788\project-build-33562728326-1
2026-09-01T21:46:47.0491592Z   MSYSTEM: MINGW64
2026-09-01T21:46:47.0491778Z ##[endgroup]
2026-09-01T21:46:48.2553892Z  984e3f194862b17916536b5fade40cba6e47a6fe third-party/cereal (heads/main)
2026-09-01T21:46:48.3468743Z  eddb0241389718a23a42db6af5f0164b6e0139af third-party/google-benchmark (eddb024)
2026-09-01T21:46:48.4392533Z  52eb8108c5bdec04579160ae17225d66034bd723 third-party/google-test (52eb810)
2026-09-01T21:46:48.5371733Z  83edb60836d87cf1b406e8846b9059c03031e8f5 third-party/gperftools (83edb60)
2026-09-01T21:46:48.5683497Z ##[group]Run prefix="$(cygpath -u "$OPENFHE_PREFIX")"
2026-09-01T21:46:48.5683970Z [36;1mprefix="$(cygpath -u "$OPENFHE_PREFIX")"[0m
2026-09-01T21:46:48.5684305Z [36;1msource="$(cygpath -u "$OPENFHE_SOURCE")"[0m
2026-09-01T21:46:48.5684599Z [36;1mbuild="$(cygpath -u "$OPENFHE_BUILD")"[0m
2026-09-01T21:46:48.5684883Z [36;1mcmake -S "$source" -B "$build" \[0m
2026-09-01T21:46:48.5685173Z [36;1m  -DCMAKE_BUILD_TYPE=Release \[0m
2026-09-01T21:46:48.5685455Z [36;1m  -DCMAKE_INSTALL_PREFIX="$prefix" \[0m
2026-09-01T21:46:48.5685724Z [36;1m  -DBUILD_UNITTESTS=OFF \[0m
2026-09-01T21:46:48.5685964Z [36;1m  -DBUILD_EXAMPLES=OFF \[0m
2026-09-01T21:46:48.5686199Z [36;1m  -DBUILD_BENCHMARKS=OFF \[0m
2026-09-01T21:46:48.5686435Z [36;1m  -DBUILD_EXTRAS=OFF \[0m
2026-09-01T21:46:48.5686663Z [36;1m  -DWITH_OPENMP=ON[0m
2026-09-01T21:46:48.5688346Z shell: D:\a\_temp\setup-msys2\msys2.CMD {0}
2026-09-01T21:46:48.5688603Z env:
2026-09-01T21:46:48.5688884Z   OPENFHE_COMMIT: df495ba2e91739a6dc8f1de254fc5a41155ce504
2026-09-01T21:46:48.5689236Z   OPENFHE_PREFIX: C:\openfhe-2023-1788\openfhe-install
2026-09-01T21:46:48.5689524Z   WINDOWS_ROOT: C:\openfhe-2023-1788
2026-09-01T21:46:48.5689783Z   PROJECT_SOURCE: C:\openfhe-2023-1788\cleanroom
2026-09-01T21:46:48.5690097Z   OPENFHE_SOURCE: C:\openfhe-2023-1788\openfhe-src
2026-09-01T21:46:48.5690667Z   OPENFHE_BUILD: C:\openfhe-2023-1788\openfhe-build-33562728326-1
2026-09-01T21:46:48.5691047Z   PROJECT_BUILD: C:\openfhe-2023-1788\project-build-33562728326-1
2026-09-01T21:46:48.5691349Z   MSYSTEM: MINGW64
2026-09-01T21:46:48.5691533Z ##[endgroup]
2026-09-01T21:46:48.9680944Z -- The C compiler identification is GNU 16.2.0
2026-09-01T21:46:49.1284057Z -- The CXX compiler identification is GNU 16.2.0
2026-09-01T21:46:49.1690191Z -- Detecting C compiler ABI info
2026-09-01T21:46:49.5222910Z -- Detecting C compiler ABI info - done
2026-09-01T21:46:49.5673726Z -- Check for working C compiler: D:/a/_temp/msys64/mingw64/bin/cc.exe - skipped
2026-09-01T21:46:49.5678309Z -- Detecting C compile features
2026-09-01T21:46:49.5684285Z -- Detecting C compile features - done
2026-09-01T21:46:49.6046297Z -- Detecting CXX compiler ABI info
2026-09-01T21:46:49.9597501Z -- Detecting CXX compiler ABI info - done
2026-09-01T21:46:49.9923133Z -- Check for working CXX compiler: D:/a/_temp/msys64/mingw64/bin/c++.exe - skipped
2026-09-01T21:46:49.9927800Z -- Detecting CXX compile features
2026-09-01T21:46:49.9935373Z -- Detecting CXX compile features - done
2026-09-01T21:46:50.0199749Z -- Building in Release mode
2026-09-01T21:46:50.0200817Z -- BUILD_UNITTESTS:    OFF
2026-09-01T21:46:50.0201180Z -- BUILD_EXAMPLES:     OFF
2026-09-01T21:46:50.0201502Z -- BUILD_BENCHMARKS:   OFF
2026-09-01T21:46:50.0201803Z -- BUILD_EXTRAS:       OFF
2026-09-01T21:46:50.0202170Z -- BUILD_STATIC:       OFF
2026-09-01T21:46:50.0225584Z -- BUILD_SHARED:       ON
2026-09-01T21:46:50.0225961Z -- GIT_SUBMOD_AUTO:    ON
2026-09-01T21:46:50.0226328Z -- WITH_BE2:           OFF
2026-09-01T21:46:50.0226662Z -- WITH_BE4:           OFF
2026-09-01T21:46:50.0226994Z -- WITH_NTL:           OFF
2026-09-01T21:46:50.0227309Z -- WITH_TCM:           OFF
2026-09-01T21:46:50.0227602Z -- WITH_OPENMP:        ON
2026-09-01T21:46:50.0227925Z -- NATIVE_SIZE:        64
2026-09-01T21:46:50.0228223Z -- CKKS_M_FACTOR:      1
2026-09-01T21:46:50.0228551Z -- WITH_NATIVEOPT:     OFF
2026-09-01T21:46:50.0228899Z -- WITH_COVTEST:       OFF
2026-09-01T21:46:50.0229240Z -- WITH_NOISE_DEBUG:   OFF
2026-09-01T21:46:50.0229569Z -- WITH_REDUCED_NOISE: OFF
2026-09-01T21:46:50.0229894Z -- USE_MACPORTS:       OFF
2026-09-01T21:46:50.0230949Z ***** INSTALL IS AT C:/openfhe-2023-1788/openfhe-install; to change, run cmake with -DCMAKE_INSTALL_PREFIX=/your/path
2026-09-01T21:46:50.0231805Z -- BUILTIN_INFO_AVAILABLE is defined
2026-09-01T21:46:50.0423347Z -- Architecture is x86_64
2026-09-01T21:46:50.0441384Z -- Looking for sys/types.h
2026-09-01T21:46:50.3966776Z -- Looking for sys/types.h - found
2026-09-01T21:46:50.3967163Z -- Looking for stdint.h
2026-09-01T21:46:50.7573062Z -- Looking for stdint.h - found
2026-09-01T21:46:50.7574217Z -- Looking for stddef.h
2026-09-01T21:46:51.0996828Z -- Looking for stddef.h - found
2026-09-01T21:46:51.0997157Z -- Check size of __int128
2026-09-01T21:46:51.4772381Z -- Check size of __int128 - done
2026-09-01T21:46:51.4774949Z -- Check size of uint64_t
2026-09-01T21:46:51.8364250Z -- Check size of uint64_t - done
2026-09-01T21:46:51.8365209Z -- NATIVEINT is set to 64
2026-09-01T21:46:51.8365551Z -- MATHBACKEND is set to 4
2026-09-01T21:46:51.8365842Z -- MATHBACKEND set to 4. Setting WITH_BE4 to ON
2026-09-01T21:46:52.9778118Z -- Found OpenMP_C: -fopenmp (found version "5.2")
2026-09-01T21:46:53.3526736Z -- Found OpenMP_CXX: -fopenmp (found version "5.2")
2026-09-01T21:46:53.3530686Z -- Found OpenMP: TRUE (found version "5.2")
2026-09-01T21:46:53.3690846Z -- Found Git: D:/a/_temp/msys64/usr/bin/git.exe (found version "2.55.0")
2026-09-01T21:46:53.3691283Z -- Submodule update
2026-09-01T21:46:53.7260963Z Synchronizing submodule url for 'third-party/cereal'
2026-09-01T21:46:53.7562016Z Synchronizing submodule url for 'third-party/google-benchmark'
2026-09-01T21:46:53.7826474Z Synchronizing submodule url for 'third-party/google-test'
2026-09-01T21:46:53.8078701Z Synchronizing submodule url for 'third-party/gperftools'
2026-09-01T21:46:54.4114643Z -- Configuring done (5.6s)
2026-09-01T21:46:54.6602441Z -- Generating done (0.2s)
2026-09-01T21:46:54.6615437Z -- Build files have been written to: C:/openfhe-2023-1788/openfhe-build-33562728326-1
2026-09-01T21:46:54.6867846Z ##[group]Run build="$(cygpath -u "$OPENFHE_BUILD")"
2026-09-01T21:46:54.6868322Z [36;1mbuild="$(cygpath -u "$OPENFHE_BUILD")"[0m
2026-09-01T21:46:54.6868646Z [36;1mcmake --build "$build" --parallel 2[0m
2026-09-01T21:46:54.6868925Z [36;1mcmake --install "$build"[0m
2026-09-01T21:46:54.6870735Z shell: D:\a\_temp\setup-msys2\msys2.CMD {0}
2026-09-01T21:46:54.6870994Z env:
2026-09-01T21:46:54.6871237Z   OPENFHE_COMMIT: df495ba2e91739a6dc8f1de254fc5a41155ce504
2026-09-01T21:46:54.6871589Z   OPENFHE_PREFIX: C:\openfhe-2023-1788\openfhe-install
2026-09-01T21:46:54.6871884Z   WINDOWS_ROOT: C:\openfhe-2023-1788
2026-09-01T21:46:54.6872153Z   PROJECT_SOURCE: C:\openfhe-2023-1788\cleanroom
2026-09-01T21:46:54.6872456Z   OPENFHE_SOURCE: C:\openfhe-2023-1788\openfhe-src
2026-09-01T21:46:54.6872836Z   OPENFHE_BUILD: C:\openfhe-2023-1788\openfhe-build-33562728326-1
2026-09-01T21:46:54.6873229Z   PROJECT_BUILD: C:\openfhe-2023-1788\project-build-33562728326-1
2026-09-01T21:46:54.6873583Z   MSYSTEM: MINGW64
2026-09-01T21:46:54.6873775Z ##[endgroup]
2026-09-01T21:46:55.0946003Z -- Copied demoData files
2026-09-01T21:46:55.1337466Z [  0%] Built target third-party
2026-09-01T21:46:55.2601375Z [  1%] Building CXX object src/core/CMakeFiles/coreobj.dir/lib/lattice/constants-lattice-impl.cpp.obj
2026-09-01T21:46:55.2657225Z [  2%] Building CXX object src/core/CMakeFiles/coreobj.dir/lib/lattice/lattice.cpp.obj
2026-09-01T21:46:56.0388219Z [  3%] Building CXX object src/core/CMakeFiles/coreobj.dir/lib/lattice/stdlatticeparms.cpp.obj
2026-09-01T21:46:57.3388816Z [  4%] Building CXX object src/core/CMakeFiles/coreobj.dir/lib/lattice/trapdoor-dcrtpoly.cpp.obj
2026-09-01T21:47:05.9030651Z [  5%] Building CXX object src/core/CMakeFiles/coreobj.dir/lib/lattice/trapdoor-poly.cpp.obj
2026-09-01T21:47:16.3035236Z [  6%] Building CXX object src/core/CMakeFiles/coreobj.dir/lib/math/chebyshev.cpp.obj
2026-09-01T21:47:17.0432574Z Terminate batch job (Y/N)? 
2026-09-01T21:47:17.0439205Z ^C
2026-09-01T21:47:17.0552086Z ##[error]The operation was canceled.
2026-09-01T21:47:17.0666974Z Cleaning up orphan processes
