2026-08-31T18:44:47.9465077Z Current runner version: '2.337.0'
2026-08-31T18:44:47.9490712Z ##[group]Runner Image Provisioner
2026-08-31T18:44:47.9491475Z Hosted Compute Agent
2026-08-31T18:44:47.9492029Z Version: 20260819.586
2026-08-31T18:44:47.9492602Z Commit: 3cc4a88dfa507ef76119ad1bb3eccc6378bb2b76
2026-08-31T18:44:47.9493546Z Build Date: 2026-08-18T23:20:18Z
2026-08-31T18:44:47.9494214Z Worker ID: {ee2ec960-e6e3-4aad-b2ae-18420f96b4d1}
2026-08-31T18:44:47.9494885Z Azure Region: westcentralus
2026-08-31T18:44:47.9495439Z ##[endgroup]
2026-08-31T18:44:47.9497262Z ##[group]Operating System
2026-08-31T18:44:47.9497890Z Microsoft Windows Server 2022
2026-08-31T18:44:47.9498455Z 10.0.20348
2026-08-31T18:44:47.9498915Z Datacenter
2026-08-31T18:44:47.9499380Z ##[endgroup]
2026-08-31T18:44:47.9499869Z ##[group]Runner Image
2026-08-31T18:44:47.9500425Z Image: windows-2022
2026-08-31T18:44:47.9500940Z Version: 20260824.284.2
2026-08-31T18:44:47.9502219Z Included Software: https://github.com/actions/runner-images/blob/win22/20260824.284/images/windows/Windows2022-Readme.md
2026-08-31T18:44:47.9503664Z Image Release: https://github.com/actions/runner-images/releases/tag/win22%2F20260824.284
2026-08-31T18:44:47.9504629Z ##[endgroup]
2026-08-31T18:44:47.9505610Z ##[group]GITHUB_TOKEN Permissions
2026-08-31T18:44:47.9507506Z Contents: read
2026-08-31T18:44:47.9508051Z Metadata: read
2026-08-31T18:44:47.9508546Z ##[endgroup]
2026-08-31T18:44:47.9510508Z Secret source: Actions
2026-08-31T18:44:47.9511624Z Prepare workflow directory
2026-08-31T18:44:48.0100468Z Prepare all required actions
2026-08-31T18:44:48.0149653Z Getting action download info
2026-08-31T18:44:48.3242403Z Download action repository 'msys2/setup-msys2@v2' (SHA:66cd2cce69caa17b53920067426061ca1de3a884)
2026-08-31T18:44:48.8984440Z Complete job name: windows-mingw64
2026-08-31T18:44:49.0501338Z ##[group]Run git config --global core.autocrlf false
2026-08-31T18:44:49.0502438Z [36;1mgit config --global core.autocrlf false[0m
2026-08-31T18:44:49.0503239Z [36;1mgit config --global core.eol lf[0m
2026-08-31T18:44:49.0504010Z [36;1mNew-Item -ItemType Directory -Path $env:WINDOWS_ROOT | Out-Null[0m
2026-08-31T18:44:49.0504731Z [36;1m[0m
2026-08-31T18:44:49.0505144Z [36;1mgit init $env:PROJECT_SOURCE[0m
2026-08-31T18:44:49.0505966Z [36;1mgit -C $env:PROJECT_SOURCE remote add origin https://github.com/leemaple/20231788..git[0m
2026-08-31T18:44:49.0506973Z [36;1mgit -C $env:PROJECT_SOURCE fetch --depth 1 origin $env:GITHUB_SHA[0m
2026-08-31T18:44:49.0507798Z [36;1mgit -C $env:PROJECT_SOURCE checkout --detach FETCH_HEAD[0m
2026-08-31T18:44:49.0508601Z [36;1m$projectActual = git -C $env:PROJECT_SOURCE rev-parse HEAD[0m
2026-08-31T18:44:49.0509349Z [36;1mif ($projectActual -ne $env:GITHUB_SHA) {[0m
2026-08-31T18:44:49.0510084Z [36;1m  throw "Project checkout mismatch: $projectActual"[0m
2026-08-31T18:44:49.0510732Z [36;1m}[0m
2026-08-31T18:44:49.0511118Z [36;1m[0m
2026-08-31T18:44:49.0511515Z [36;1mgit init $env:OPENFHE_SOURCE[0m
2026-08-31T18:44:49.0512426Z [36;1mgit -C $env:OPENFHE_SOURCE remote add origin https://github.com/openfheorg/openfhe-development.git[0m
2026-08-31T18:44:49.0513523Z [36;1mgit -C $env:OPENFHE_SOURCE fetch --depth 1 origin $env:OPENFHE_COMMIT[0m
2026-08-31T18:44:49.0514357Z [36;1mgit -C $env:OPENFHE_SOURCE checkout --detach FETCH_HEAD[0m
2026-08-31T18:44:49.0515214Z [36;1mgit -C $env:OPENFHE_SOURCE submodule update --init --recursive --depth 1[0m
2026-08-31T18:44:49.0515928Z [36;1m[0m
2026-08-31T18:44:49.0516494Z [36;1m$projectStatus = @(git -C $env:PROJECT_SOURCE status --porcelain)[0m
2026-08-31T18:44:49.0517225Z [36;1mif ($projectStatus.Count -ne 0) {[0m
2026-08-31T18:44:49.0517937Z [36;1m  throw "Project checkout is dirty: $($projectStatus -join '; ')"[0m
2026-08-31T18:44:49.0518630Z [36;1m}[0m
2026-08-31T18:44:49.0519228Z [36;1m$openfheStatus = @(git -C $env:OPENFHE_SOURCE status --porcelain)[0m
2026-08-31T18:44:49.0519955Z [36;1mif ($openfheStatus.Count -ne 0) {[0m
2026-08-31T18:44:49.0522335Z [36;1m  throw "OpenFHE checkout is dirty: $($openfheStatus -join '; ')"[0m
2026-08-31T18:44:49.0523024Z [36;1m}[0m
2026-08-31T18:44:49.2636247Z shell: C:\Program Files\PowerShell\7\pwsh.EXE -command ". '{0}'"
2026-08-31T18:44:49.2637674Z env:
2026-08-31T18:44:49.2638269Z   OPENFHE_COMMIT: df495ba2e91739a6dc8f1de254fc5a41155ce504
2026-08-31T18:44:49.2639082Z   OPENFHE_PREFIX: C:\openfhe-2023-1788\openfhe-install
2026-08-31T18:44:49.2639789Z   WINDOWS_ROOT: C:\openfhe-2023-1788
2026-08-31T18:44:49.2640418Z   PROJECT_SOURCE: C:\openfhe-2023-1788\cleanroom
2026-08-31T18:44:49.2641135Z   OPENFHE_SOURCE: C:\openfhe-2023-1788\openfhe-src
2026-08-31T18:44:49.2641953Z   OPENFHE_BUILD: C:\openfhe-2023-1788\openfhe-build-33426712752-1
2026-08-31T18:44:49.2642896Z   PROJECT_BUILD: C:\openfhe-2023-1788\project-build-33426712752-1
2026-08-31T18:44:49.2643636Z ##[endgroup]
2026-08-31T18:44:50.1798709Z Initialized empty Git repository in C:/openfhe-2023-1788/cleanroom/.git/
2026-08-31T18:44:52.4489184Z From https://github.com/leemaple/20231788.
2026-08-31T18:44:52.4490574Z  * branch            482d27d0c43c22779aa548e00955ed90175dee97 -> FETCH_HEAD
2026-08-31T18:44:52.6131194Z HEAD is now at 482d27d test: prove Tensor2 compatibility precedes arithmetic
2026-08-31T18:44:52.7160758Z Initialized empty Git repository in C:/openfhe-2023-1788/openfhe-src/.git/
2026-08-31T18:44:53.9453672Z From https://github.com/openfheorg/openfhe-development
2026-08-31T18:44:53.9454794Z  * branch            df495ba2e91739a6dc8f1de254fc5a41155ce504 -> FETCH_HEAD
2026-08-31T18:44:54.6617612Z HEAD is now at df495ba Merge pull request #1130 from openfheorg/dev
2026-08-31T18:44:56.0608112Z Submodule 'third-party/cereal' (https://github.com/openfheorg/cereal.git) registered for path 'third-party/cereal'
2026-08-31T18:44:56.0632577Z Submodule 'third-party/google-benchmark' (https://github.com/google/benchmark.git) registered for path 'third-party/google-benchmark'
2026-08-31T18:44:56.0654439Z Submodule 'third-party/google-test' (https://github.com/google/googletest.git) registered for path 'third-party/google-test'
2026-08-31T18:44:56.0690282Z Submodule 'third-party/gperftools' (https://github.com/gperftools/gperftools.git) registered for path 'third-party/gperftools'
2026-08-31T18:44:56.1209151Z Cloning into 'C:/openfhe-2023-1788/openfhe-src/third-party/cereal'...
2026-08-31T18:44:57.0906760Z Cloning into 'C:/openfhe-2023-1788/openfhe-src/third-party/google-benchmark'...
2026-08-31T18:44:57.8570269Z Cloning into 'C:/openfhe-2023-1788/openfhe-src/third-party/google-test'...
2026-08-31T18:44:58.7794426Z Cloning into 'C:/openfhe-2023-1788/openfhe-src/third-party/gperftools'...
2026-08-31T18:45:00.1584997Z Submodule path 'third-party/cereal': checked out '984e3f194862b17916536b5fade40cba6e47a6fe'
2026-08-31T18:45:02.5293803Z From https://github.com/google/benchmark
2026-08-31T18:45:02.9133910Z  * branch            eddb0241389718a23a42db6af5f0164b6e0139af -> FETCH_HEAD
2026-08-31T18:45:02.9134776Z Submodule path 'third-party/google-benchmark': checked out 'eddb0241389718a23a42db6af5f0164b6e0139af'
2026-08-31T18:45:04.3627850Z From https://github.com/google/googletest
2026-08-31T18:45:04.3628571Z  * branch            52eb8108c5bdec04579160ae17225d66034bd723 -> FETCH_HEAD
2026-08-31T18:45:04.9908110Z Submodule path 'third-party/google-test': checked out '52eb8108c5bdec04579160ae17225d66034bd723'
2026-08-31T18:45:06.7331259Z From https://github.com/gperftools/gperftools
2026-08-31T18:45:06.7332189Z  * branch            83edb60836d87cf1b406e8846b9059c03031e8f5 -> FETCH_HEAD
2026-08-31T18:45:07.9583972Z Submodule path 'third-party/gperftools': checked out '83edb60836d87cf1b406e8846b9059c03031e8f5'
2026-08-31T18:45:08.3472436Z ##[group]Run msys2/setup-msys2@v2
2026-08-31T18:45:08.3472782Z with:
2026-08-31T18:45:08.3472960Z   msystem: MINGW64
2026-08-31T18:45:08.3473187Z   update: true
2026-08-31T18:45:08.3473425Z   cache: false
2026-08-31T18:45:08.3473757Z   install: git make mingw-w64-x86_64-boost mingw-w64-x86_64-cmake mingw-w64-x86_64-gcc
2026-08-31T18:45:08.3475066Z   path-type: minimal
2026-08-31T18:45:08.3475271Z   release: true
2026-08-31T18:45:08.3475469Z   platform-check-severity: fatal
2026-08-31T18:45:08.3475698Z env:
2026-08-31T18:45:08.3475925Z   OPENFHE_COMMIT: df495ba2e91739a6dc8f1de254fc5a41155ce504
2026-08-31T18:45:08.3476283Z   OPENFHE_PREFIX: C:\openfhe-2023-1788\openfhe-install
2026-08-31T18:45:08.3476573Z   WINDOWS_ROOT: C:\openfhe-2023-1788
2026-08-31T18:45:08.3476833Z   PROJECT_SOURCE: C:\openfhe-2023-1788\cleanroom
2026-08-31T18:45:08.3477131Z   OPENFHE_SOURCE: C:\openfhe-2023-1788\openfhe-src
2026-08-31T18:45:08.3477523Z   OPENFHE_BUILD: C:\openfhe-2023-1788\openfhe-build-33426712752-1
2026-08-31T18:45:08.3477917Z   PROJECT_BUILD: C:\openfhe-2023-1788\project-build-33426712752-1
2026-08-31T18:45:08.3478225Z ##[endgroup]
2026-08-31T18:45:08.5224898Z ##[group]Downloading MSYS2...
2026-08-31T18:45:09.5285940Z ##[endgroup]
2026-08-31T18:45:09.5286392Z ##[group]Extracting MSYS2...
2026-08-31T18:45:09.5302366Z [command]C:\hostedtoolcache\windows\msys2-installer\0.0.20260611\x64\base.exe -y
2026-08-31T18:45:09.7879323Z 
2026-08-31T18:45:09.7883789Z 7-Zip SFX 25.01 ZS v1.5.7 R4 (x64) : Copyright (c) 1999-2025 Igor Pavlov, 2016-2026 Tino Reichardt, 2022-2026 Sergey G. Brester : 2026-01-10
2026-08-31T18:45:09.7884512Z 
2026-08-31T18:45:09.7884781Z Extracting archive: C:\hostedtoolcache\windows\msys2-installer\0.0.20260611\x64\base.exe
2026-08-31T18:45:09.7885549Z --
2026-08-31T18:45:09.7886221Z Path = C:\hostedtoolcache\windows\msys2-installer\0.0.20260611\x64\base.exe
2026-08-31T18:45:09.7886898Z Type = 7z
2026-08-31T18:45:09.7887074Z 
2026-08-31T18:45:09.9799983Z   0%
2026-08-31T18:45:09.9800332Z     
2026-08-31T18:45:10.1829477Z   0% 1181 - msys64\usr\bin\makepkg-template
2026-08-31T18:45:10.1830137Z                                            
2026-08-31T18:45:10.3866142Z   3% 2059 - msys64\usr\lib\terminfo\64\d220-7b
2026-08-31T18:45:10.3866718Z                                               
2026-08-31T18:45:10.5898130Z   4% 3091 - msys64\usr\lib\terminfo\6f\osborne-w
2026-08-31T18:45:10.5899180Z                                                 
2026-08-31T18:45:10.7927268Z   4% 4030 - msys64\usr\lib\terminfo\77\wy99gt-25
2026-08-31T18:45:10.7927973Z                                                 
2026-08-31T18:45:10.9962558Z   5% 5042 - msys64\usr\share\bash-completion\completions\rpm2txz
2026-08-31T18:45:10.9963453Z                                                                 
2026-08-31T18:45:11.1995465Z   9% 5980 - msys64\usr\share\locale\ar\LC_MESSAGES\p11-kit.mo
2026-08-31T18:45:11.1996209Z                                                              
2026-08-31T18:45:11.4029484Z  22% 6571 - msys64\usr\share\locale\pl\LC_MESSAGES\tar.mo
2026-08-31T18:45:11.4031488Z                                                          
2026-08-31T18:45:11.6060363Z  32% 7288 - msys64\usr\share\man\man1\ls.1.gz
2026-08-31T18:45:11.6061014Z                                              
2026-08-31T18:45:11.8092174Z  33% 8292 - msys64\usr\share\man\man3\curs_util.3x.gz
2026-08-31T18:45:11.8092945Z                                                      
2026-08-31T18:45:12.0121325Z  34% 9323 - msys64\usr\share\man\man3\winnwstr.3x.gz
2026-08-31T18:45:12.0121873Z                                                     
2026-08-31T18:45:12.2158919Z  41% 9949 - msys64\usr\share\perl5\core_perl\Pod\Man.pm
2026-08-31T18:45:12.2159670Z                                                        
2026-08-31T18:45:12.4041875Z  44% 10809 - msys64\usr\share\perl5\core_perl\unicore\lib\Sc\Tang.pl
2026-08-31T18:45:12.4044869Z                                                                     
2026-08-31T18:45:12.6073907Z  47% 11680 - msys64\usr\share\terminfo\64\d430-unix-ccc
2026-08-31T18:45:12.6074385Z                                                        
2026-08-31T18:45:12.8104505Z  47% 12729 - msys64\usr\share\terminfo\70\pccons
2026-08-31T18:45:12.8105140Z                                                 
2026-08-31T18:45:13.0136165Z  47% 13791 - msys64\usr\share\terminfo\78\xterm+acs
2026-08-31T18:45:13.0136821Z                                                    
2026-08-31T18:45:13.2171099Z  48% 14870 - msys64\usr\share\zoneinfo\posix\Australia\Victoria
2026-08-31T18:45:13.2172179Z                                                                
2026-08-31T18:45:13.4260594Z  48% 15843 - msys64\var\lib\pacman\local\libbz2-1.0.8-4\mtree
2026-08-31T18:45:13.4261317Z                                                              
2026-08-31T18:45:13.6268418Z  62% 16282 - msys64\usr\bin\msys-db_cxx-6.2.dll
2026-08-31T18:45:13.6269045Z                                                
2026-08-31T18:45:13.7594447Z  85% 16409 - msys64\usr\bin\sha1sum.exe
2026-08-31T18:45:13.7596024Z                                        
2026-08-31T18:45:13.7596690Z Everything is Ok
2026-08-31T18:45:13.7618369Z ##[endgroup]
2026-08-31T18:45:13.7619791Z ##[group]Disable Key Refresh...
2026-08-31T18:45:13.7644571Z ##[endgroup]
2026-08-31T18:45:13.7657432Z ##[group]Starting MSYS2 for the first time...
2026-08-31T18:45:13.8854967Z [command]C:\Windows\system32\cmd.exe /D /S /C D:\a\_temp\setup-msys2\msys2.cmd -c "'uname' '-a'"
2026-08-31T18:45:14.0045775Z [1;32mMSYS2 is starting for the first time. Executing the initial setup.[1;0m
2026-08-31T18:45:14.0469472Z Copying skeleton files.
2026-08-31T18:45:14.0470327Z These files are for the users to personalise their msys2 experience.
2026-08-31T18:45:14.0471058Z 
2026-08-31T18:45:14.0471417Z They will never be overwritten nor automatically updated.
2026-08-31T18:45:14.0472017Z 
2026-08-31T18:45:14.0928405Z './.bashrc' -> '/home/runneradmin/.bashrc'
2026-08-31T18:45:14.1088300Z './.bash_profile' -> '/home/runneradmin/.bash_profile'
2026-08-31T18:45:14.1243141Z './.profile' -> '/home/runneradmin/.profile'
2026-08-31T18:45:14.1757811Z 'C:\Windows\system32\drivers\etc\hosts' -> '/etc/hosts'
2026-08-31T18:45:14.2279217Z 'C:\Windows\system32\drivers\etc\protocol' -> '/etc/protocols'
2026-08-31T18:45:14.2734259Z 'C:\Windows\system32\drivers\etc\services' -> '/etc/services'
2026-08-31T18:45:14.3237806Z 'C:\Windows\system32\drivers\etc\networks' -> '/etc/networks'
2026-08-31T18:45:14.4976891Z gpg: /etc/pacman.d/gnupg/trustdb.gpg: trustdb created
2026-08-31T18:45:14.5046554Z gpg: no ultimately trusted keys found
2026-08-31T18:45:14.8970033Z gpg: starting migration from earlier GnuPG versions
2026-08-31T18:45:14.9511632Z gpg: porting secret keys from '/etc/pacman.d/gnupg/secring.gpg' to gpg-agent
2026-08-31T18:45:14.9514477Z gpg: migration succeeded
2026-08-31T18:45:14.9716582Z ==> Generating pacman master key. This may take some time.
2026-08-31T18:45:14.9908043Z gpg: Generating pacman keyring master key...
2026-08-31T18:45:15.9927413Z gpg: directory '/etc/pacman.d/gnupg/openpgp-revocs.d' created
2026-08-31T18:45:16.0173410Z gpg: revocation certificate stored as '/etc/pacman.d/gnupg/openpgp-revocs.d/261318ADAB7D2B7DCB9ADB1E00FE733CACA755AC.rev'
2026-08-31T18:45:16.0174147Z gpg: Done
2026-08-31T18:45:16.0325654Z ==> Updating trust database...
2026-08-31T18:45:16.0659371Z gpg: marginals needed: 3  completes needed: 1  trust model: pgp
2026-08-31T18:45:16.0660220Z gpg: depth: 0  valid:   1  signed:   0  trust: 0-, 0q, 0n, 0m, 0f, 1u
2026-08-31T18:45:16.1834915Z ==> Appending keys from msys2.gpg...
2026-08-31T18:45:16.6994541Z ==> Locally signing trusted keys in keyring...
2026-08-31T18:45:17.1781299Z   -> Locally signed 5 keys.
2026-08-31T18:45:17.1905917Z ==> Importing owner trust values...
2026-08-31T18:45:17.2076734Z gpg: setting ownertrust to 4
2026-08-31T18:45:17.2077541Z gpg: setting ownertrust to 4
2026-08-31T18:45:17.2079029Z gpg: setting ownertrust to 4
2026-08-31T18:45:17.2079366Z gpg: setting ownertrust to 4
2026-08-31T18:45:17.2079649Z gpg: setting ownertrust to 4
2026-08-31T18:45:17.2319341Z ==> Disabling revoked keys in keyring...
2026-08-31T18:45:17.4739226Z   -> Disabled 4 keys.
2026-08-31T18:45:17.4870761Z ==> Updating trust database...
2026-08-31T18:45:17.5270163Z gpg: marginals needed: 3  completes needed: 1  trust model: pgp
2026-08-31T18:45:17.5296587Z gpg: depth: 0  valid:   1  signed:   5  trust: 0-, 0q, 0n, 0m, 0f, 1u
2026-08-31T18:45:17.5325394Z gpg: depth: 1  valid:   5  signed:   6  trust: 0-, 0q, 0n, 5m, 0f, 0u
2026-08-31T18:45:17.5337970Z gpg: depth: 2  valid:   3  signed:   2  trust: 3-, 0q, 0n, 0m, 0f, 0u
2026-08-31T18:45:17.5683579Z pacman-key (pacman) 6.1.0
2026-08-31T18:45:17.5684446Z Copyright (c) 2010-2024 Pacman Development Team <pacman-dev@lists.archlinux.org>.
2026-08-31T18:45:17.5684906Z 
2026-08-31T18:45:17.5815342Z This is free software; see the source for copying conditions.
2026-08-31T18:45:17.5816231Z There is NO WARRANTY, to the extent permitted by law.
2026-08-31T18:45:17.7650545Z [1;32mInitial setup complete. MSYS2 is now ready to use.[1;0m
2026-08-31T18:45:17.7794045Z MINGW64_NT-10.0-20348 runnervm0js1w 3.6.9-01d6c708.x86_64 2026-05-24 10:45 UTC x86_64 Msys
2026-08-31T18:45:17.7836712Z ##[endgroup]
2026-08-31T18:45:17.7837322Z ##[group]Disable CheckSpace...
2026-08-31T18:45:17.8683364Z [command]C:\Windows\system32\cmd.exe /D /S /C D:\a\_temp\setup-msys2\msys2.cmd -c "'sed' '-i' 's/^CheckSpace/#CheckSpace/g' '/etc/pacman.conf'"
2026-08-31T18:45:18.0387741Z ##[endgroup]
2026-08-31T18:45:18.0388330Z ##[group]Updating packages...
2026-08-31T18:45:18.1208984Z [command]C:\Windows\system32\cmd.exe /D /S /C D:\a\_temp\setup-msys2\msys2.cmd -c "'pacman' '--noconfirm' '-Syuu' '--overwrite' '*'"
2026-08-31T18:45:18.8134237Z :: Synchronizing package databases...
2026-08-31T18:45:20.2123771Z  clangarm64 downloading...
2026-08-31T18:45:20.2124274Z  mingw32 downloading...
2026-08-31T18:45:20.2124699Z  mingw64 downloading...
2026-08-31T18:45:20.2125075Z  ucrt64 downloading...
2026-08-31T18:45:20.2125360Z  clang64 downloading...
2026-08-31T18:45:20.2125638Z  msys downloading...
2026-08-31T18:45:20.6711268Z :: Starting core system upgrade...
2026-08-31T18:45:20.8556774Z warning: terminate other MSYS2 programs before proceeding
2026-08-31T18:45:20.8557334Z resolving dependencies...
2026-08-31T18:45:20.8557672Z looking for conflicting packages...
2026-08-31T18:45:20.8657005Z 
2026-08-31T18:45:20.8657299Z Packages (1) msys2-runtime-3.6.10-3
2026-08-31T18:45:20.8657841Z 
2026-08-31T18:45:20.8658040Z Total Download Size:    1.97 MiB
2026-08-31T18:45:20.8658574Z Total Installed Size:   6.33 MiB
2026-08-31T18:45:20.8659114Z Net Upgrade Size:      -0.20 MiB
2026-08-31T18:45:20.8659460Z 
2026-08-31T18:45:20.8659779Z :: Proceed with installation? [Y/n] 
2026-08-31T18:45:20.8660320Z :: Retrieving packages...
2026-08-31T18:45:22.0159001Z  msys2-runtime-3.6.10-3-x86_64 downloading...
2026-08-31T18:45:22.0159580Z checking keyring...
2026-08-31T18:45:22.0703070Z checking package integrity...
2026-08-31T18:45:22.2381846Z loading package files...
2026-08-31T18:45:22.2405141Z checking for file conflicts...
2026-08-31T18:45:22.2427338Z :: Processing package changes...
2026-08-31T18:45:22.2427945Z upgrading msys2-runtime...
2026-08-31T18:45:22.3871046Z :: To complete this update all MSYS2 processes including this terminal will be closed. Confirm to proceed [Y/n] 
2026-08-31T18:45:22.6581635Z ##[endgroup]
2026-08-31T18:45:22.6582183Z ##[group]Killing remaining tasks...
2026-08-31T18:45:22.7418393Z [command]C:\Windows\system32\taskkill.exe /F /FI "MODULES eq msys-2.0.dll"
2026-08-31T18:45:22.8779888Z 
2026-08-31T18:45:22.8780528Z INFO: No tasks running with the specified criteria.
2026-08-31T18:45:22.8811249Z ##[endgroup]
2026-08-31T18:45:22.8812030Z ##[group]Final system upgrade...
2026-08-31T18:45:22.9626434Z [command]C:\Windows\system32\cmd.exe /D /S /C D:\a\_temp\setup-msys2\msys2.cmd -c "'pacman' '--noconfirm' '-Syuu' '--overwrite' '*'"
2026-08-31T18:45:23.6047300Z :: Synchronizing package databases...
2026-08-31T18:45:24.6104441Z  clangarm64 downloading...
2026-08-31T18:45:24.6104883Z  mingw32 downloading...
2026-08-31T18:45:24.6105189Z  mingw64 downloading...
2026-08-31T18:45:24.6106995Z  ucrt64 downloading...
2026-08-31T18:45:24.6107365Z  clang64 downloading...
2026-08-31T18:45:24.6107748Z  msys downloading...
2026-08-31T18:45:25.0528658Z :: Starting core system upgrade...
2026-08-31T18:45:25.2360220Z  there is nothing to do
2026-08-31T18:45:25.2360835Z :: Starting full system upgrade...
2026-08-31T18:45:25.2664698Z resolving dependencies...
2026-08-31T18:45:25.2727630Z looking for conflicting packages...
2026-08-31T18:45:25.2854215Z 
2026-08-31T18:45:25.2858041Z Packages (31) bash-completion-2.18.0-1  bsdtar-3.8.9-1  ca-certificates-20260816-1  curl-8.21.0-1  findutils-4.11.0-2  gawk-5.4.1-1  gcc-libs-15.3.0-1  gnupg-2.4.9-3  libcurl-8.21.0-1  libexpat-2.8.3-1  libffi-3.8.0-1  libgnutls-3.8.13-2  libhogweed-4.0-1  libnettle-4.0-1  libnghttp2-1.70.0-1  libnghttp3-1.18.0-1  libngtcp2-1.25.0-1  libopenssl-3.6.4-1  libp11-kit-0.26.5-1  libpsl-0.23.2-1  libsqlite-3.53.4-1  msys2-keyring-1~20260814-1  nano-9.2-1  nettle-4.0-1  openssl-3.6.4-1  p11-kit-0.26.5-1  pacman-contrib-1.10.6-2  perl-5.42.3-1  pinentry-1.3.3-1  tzcode-2026c-1  wget-1.25.0-2
2026-08-31T18:45:25.2861567Z 
2026-08-31T18:45:25.2861745Z Total Download Size:    27.05 MiB
2026-08-31T18:45:25.2862300Z Total Installed Size:  108.42 MiB
2026-08-31T18:45:25.2862735Z Net Upgrade Size:       -1.02 MiB
2026-08-31T18:45:25.2863032Z 
2026-08-31T18:45:25.2863531Z :: Proceed with installation? [Y/n] 
2026-08-31T18:45:25.2864071Z :: Retrieving packages...
2026-08-31T18:45:41.5108602Z  perl-5.42.3-1-x86_64 downloading...
2026-08-31T18:45:41.5109249Z  pacman-contrib-1.10.6-2-x86_64 downloading...
2026-08-31T18:45:41.5109785Z  gnupg-2.4.9-3-x86_64 downloading...
2026-08-31T18:45:41.5110319Z  libopenssl-3.6.4-1-x86_64 downloading...
2026-08-31T18:45:41.5110823Z  gawk-5.4.1-1-x86_64 downloading...
2026-08-31T18:45:41.5111250Z  libgnutls-3.8.13-2-x86_64 downloading...
2026-08-31T18:45:41.5111644Z  gcc-libs-15.3.0-1-x86_64 downloading...
2026-08-31T18:45:41.5112077Z  curl-8.21.0-1-x86_64 downloading...
2026-08-31T18:45:41.5112400Z  wget-1.25.0-2-x86_64 downloading...
2026-08-31T18:45:41.5112696Z  libsqlite-3.53.4-1-x86_64 downloading...
2026-08-31T18:45:41.5113004Z  nano-9.2-1-x86_64 downloading...
2026-08-31T18:45:41.5113292Z  openssl-3.6.4-1-x86_64 downloading...
2026-08-31T18:45:41.5113600Z  findutils-4.11.0-2-x86_64 downloading...
2026-08-31T18:45:41.5113912Z  p11-kit-0.26.5-1-x86_64 downloading...
2026-08-31T18:45:41.5114241Z  ca-certificates-20260816-1-any downloading...
2026-08-31T18:45:41.5114578Z  libcurl-8.21.0-1-x86_64 downloading...
2026-08-31T18:45:41.5114892Z  bsdtar-3.8.9-1-x86_64 downloading...
2026-08-31T18:45:41.5115200Z  tzcode-2026c-1-x86_64 downloading...
2026-08-31T18:45:41.5115506Z  libp11-kit-0.26.5-1-x86_64 downloading...
2026-08-31T18:45:41.5115840Z  bash-completion-2.18.0-1-any downloading...
2026-08-31T18:45:41.5116173Z  libhogweed-4.0-1-x86_64 downloading...
2026-08-31T18:45:41.5116482Z  libngtcp2-1.25.0-1-x86_64 downloading...
2026-08-31T18:45:41.5116795Z  libnettle-4.0-1-x86_64 downloading...
2026-08-31T18:45:41.5117096Z  nettle-4.0-1-x86_64 downloading...
2026-08-31T18:45:41.5117388Z  libpsl-0.23.2-1-x86_64 downloading...
2026-08-31T18:45:41.5117694Z  libnghttp3-1.18.0-1-x86_64 downloading...
2026-08-31T18:45:41.5118021Z  libnghttp2-1.70.0-1-x86_64 downloading...
2026-08-31T18:45:41.5118543Z  libexpat-2.8.3-1-x86_64 downloading...
2026-08-31T18:45:41.5118864Z  pinentry-1.3.3-1-x86_64 downloading...
2026-08-31T18:45:41.5119186Z  msys2-keyring-1~20260814-1-any downloading...
2026-08-31T18:45:41.5119514Z  libffi-3.8.0-1-x86_64 downloading...
2026-08-31T18:45:41.5119799Z checking keyring...
2026-08-31T18:45:41.5687298Z checking package integrity...
2026-08-31T18:45:46.0953173Z loading package files...
2026-08-31T18:45:46.1679107Z checking for file conflicts...
2026-08-31T18:45:46.2234939Z :: Running pre-transaction hooks...
2026-08-31T18:45:46.2235577Z (1/1) Removing old entries from the info directory file...
2026-08-31T18:45:46.3469836Z :: Processing package changes...
2026-08-31T18:45:46.3471373Z upgrading bash-completion...
2026-08-31T18:45:47.2356479Z upgrading gcc-libs...
2026-08-31T18:45:47.2534212Z upgrading libexpat...
2026-08-31T18:45:47.2579293Z upgrading libopenssl...
2026-08-31T18:45:47.2841448Z upgrading bsdtar...
2026-08-31T18:45:47.2935968Z upgrading openssl...
2026-08-31T18:45:47.3996265Z upgrading findutils...
2026-08-31T18:45:47.4748534Z upgrading libffi...
2026-08-31T18:45:47.4969331Z upgrading libp11-kit...
2026-08-31T18:45:47.5053686Z upgrading p11-kit...
2026-08-31T18:45:47.6577500Z upgrading ca-certificates...
2026-08-31T18:45:48.2202273Z upgrading libnghttp3...
2026-08-31T18:45:48.2265802Z upgrading libngtcp2...
2026-08-31T18:45:48.2347768Z upgrading libnghttp2...
2026-08-31T18:45:48.2409450Z upgrading libpsl...
2026-08-31T18:45:48.2501564Z upgrading libcurl...
2026-08-31T18:45:48.2567034Z upgrading curl...
2026-08-31T18:45:48.6971833Z upgrading gawk...
2026-08-31T18:45:48.7946232Z upgrading libhogweed...
2026-08-31T18:45:48.7991195Z upgrading libnettle...
2026-08-31T18:45:48.8041355Z upgrading libgnutls...
2026-08-31T18:45:48.8547073Z upgrading libsqlite...
2026-08-31T18:45:48.8648641Z upgrading nettle...
2026-08-31T18:45:48.8727825Z upgrading pinentry...
2026-08-31T18:45:48.8789618Z upgrading gnupg...
2026-08-31T18:45:53.4634836Z ==> Appending keys from msys2.gpg...
2026-08-31T18:45:53.9449380Z ==> Updating trust database...
2026-08-31T18:45:53.9618127Z gpg: no need for a trustdb check
2026-08-31T18:45:54.0486079Z upgrading msys2-keyring...
2026-08-31T18:45:54.3864842Z ==> Appending keys from msys2.gpg...
2026-08-31T18:45:54.9096336Z ==> Updating trust database...
2026-08-31T18:45:54.9267465Z gpg: next trustdb check due at 2027-02-10
2026-08-31T18:45:55.0118516Z upgrading nano...
2026-08-31T18:45:55.1176595Z upgrading pacman-contrib...
2026-08-31T18:45:55.1856087Z New optional dependencies for pacman-contrib
2026-08-31T18:45:55.1856744Z     perl: for pacsearch [installed]
2026-08-31T18:45:55.1857242Z     vim: default diff program for pacdiff
2026-08-31T18:45:55.1857752Z upgrading perl...
2026-08-31T18:45:56.9140596Z upgrading tzcode...
2026-08-31T18:45:58.7875340Z upgrading wget...
2026-08-31T18:45:58.9083026Z :: Running post-transaction hooks...
2026-08-31T18:45:58.9083990Z (1/1) Updating the info directory file...
2026-08-31T18:46:00.6325100Z ##[endgroup]
2026-08-31T18:46:00.6325809Z ##[group]Installing additional packages through pacman...
2026-08-31T18:46:00.7214499Z [command]C:\Windows\system32\cmd.exe /D /S /C D:\a\_temp\setup-msys2\msys2.cmd -c "'pacman' '--noconfirm' '-S' '--needed' '--overwrite' '*' 'git' 'make' 'mingw-w64-x86_64-boost' 'mingw-w64-x86_64-cmake' 'mingw-w64-x86_64-gcc'"
2026-08-31T18:46:01.5389529Z resolving dependencies...
2026-08-31T18:46:01.5527732Z looking for conflicting packages...
2026-08-31T18:46:01.5687262Z 
2026-08-31T18:46:01.5712113Z Packages (89) heimdal-7.8.0-5  heimdal-libs-7.8.0-5  libcbor-0.14.0-2  libedit-20240808_3.1-1  libfido2-1.17.0-1  mingw-w64-x86_64-binutils-2.47-3  mingw-w64-x86_64-boost-libs-1.91.0-3  mingw-w64-x86_64-brotli-1.2.0-1  mingw-w64-x86_64-bzip2-1.0.8-4  mingw-w64-x86_64-c-ares-1.34.8-1  mingw-w64-x86_64-ca-certificates-20260816-1  mingw-w64-x86_64-cppdap-1.65.r11.g6464cd7-1  mingw-w64-x86_64-crt-14.0.0.r302.gd7f3c5201-1  mingw-w64-x86_64-curl-8.21.0-2  mingw-w64-x86_64-expat-2.8.3-1  mingw-w64-x86_64-gcc-libs-16.2.0-3  mingw-w64-x86_64-gettext-runtime-1.0-1  mingw-w64-x86_64-gmp-6.3.0-2  mingw-w64-x86_64-gnutls-3.8.13-3  mingw-w64-x86_64-headers-14.0.0.r302.gd7f3c5201-1  mingw-w64-x86_64-icu-78.3-4  mingw-w64-x86_64-isl-0.28-1  mingw-w64-x86_64-jsoncpp-1.9.8-1  mingw-w64-x86_64-libarchive-3.8.9-5  mingw-w64-x86_64-libb2-0.98.1-3  mingw-w64-x86_64-libffi-3.8.0-1  mingw-w64-x86_64-libiconv-1.19-1  mingw-w64-x86_64-libidn2-2.3.8-4  mingw-w64-x86_64-libpsl-0.21.5-3  mingw-w64-x86_64-libssh2-1.11.1-2  mingw-w64-x86_64-libtasn1-4.21.0-1  mingw-w64-x86_64-libunistring-1.4.2-1  mingw-w64-x86_64-libuv-1.52.1-1  mingw-w64-x86_64-libwinpthread-14.0.0.r302.gd7f3c5201-1  mingw-w64-x86_64-lz4-1.10.0-1  mingw-w64-x86_64-mpc-1.4.1-1  mingw-w64-x86_64-mpfr-4.2.2-3  mingw-w64-x86_64-nettle-4.0-1  mingw-w64-x86_64-nghttp2-1.70.0-1  mingw-w64-x86_64-nghttp3-1.18.0-1  mingw-w64-x86_64-ngtcp2-1.25.0-1  mingw-w64-x86_64-ninja-1.13.2-1  mingw-w64-x86_64-openssl-3.6.4-1  mingw-w64-x86_64-p11-kit-0.26.5-1  mingw-w64-x86_64-pcre2-10.47-1  mingw-w64-x86_64-pkgconf-1~3.0.5-1  mingw-w64-x86_64-rhash-1.4.6-1  mingw-w64-x86_64-tzdata-2026c-1  mingw-w64-x86_64-windows-default-manifest-20260815-1  mingw-w64-x86_64-wineditline-2.208-1  mingw-w64-x86_64-winpthreads-14.0.0.r302.gd7f3c5201-1  mingw-w64-x86_64-xz-5.8.3-1  mingw-w64-x86_64-zlib-1.3.2-2  mingw-w64-x86_64-zstd-1.5.7-2  openssh-10.5p1-2  perl-Authen-SASL-2.2000-1  perl-Clone-0.50-2  perl-Convert-BinHex-1.125-2  perl-Encode-Locale-1.05-2  perl-Error-0.17030-1  perl-File-Listing-6.16-1  perl-HTML-Parser-3.85-1  perl-HTML-Tagset-3.24-1  perl-HTTP-Cookies-6.12-1  perl-HTTP-Daemon-6.17-1  perl-HTTP-Date-6.08-1  perl-HTTP-Message-7.04-1  perl-HTTP-Negotiate-6.01-3  perl-IO-HTML-1.004-2  perl-IO-Socket-SSL-2.099-1  perl-IO-Stringy-2.113-3  perl-LWP-MediaTypes-6.04-2  perl-MIME-tools-5.517-1  perl-MailTools-2.22-1  perl-Net-HTTP-6.24-1  perl-Net-SMTP-SSL-1.04-2  perl-Net-SSLeay-1.96-1  perl-TermReadKey-2.38-8  perl-TimeDate-2.35-1  perl-Try-Tiny-0.32-1  perl-URI-5.36-1  perl-WWW-RobotRules-6.03-1  perl-http-cookiejar-0.014-1  perl-libwww-6.83-2  git-2.55.0-1  make-4.4.1-3  mingw-w64-x86_64-boost-1.91.0-3  mingw-w64-x86_64-cmake-4.4.2-2  mingw-w64-x86_64-gcc-16.2.0-3
2026-08-31T18:46:01.5731536Z 
2026-08-31T18:46:01.5731691Z Total Download Size:    154.18 MiB
2026-08-31T18:46:01.5734023Z Total Installed Size:  1023.08 MiB
2026-08-31T18:46:01.5734358Z 
2026-08-31T18:46:01.5734935Z :: Proceed with installation? [Y/n] 
2026-08-31T18:46:01.5735439Z :: Retrieving packages...
2026-08-31T18:46:35.5002779Z  mingw-w64-x86_64-gcc-16.2.0-3-any downloading...
2026-08-31T18:46:35.5003551Z  mingw-w64-x86_64-icu-78.3-4-any downloading...
2026-08-31T18:46:35.5004212Z  mingw-w64-x86_64-boost-1.91.0-3-any downloading...
2026-08-31T18:46:35.5004745Z  mingw-w64-x86_64-cmake-4.4.2-2-any downloading...
2026-08-31T18:46:35.5005338Z  mingw-w64-x86_64-openssl-3.6.4-1-any downloading...
2026-08-31T18:46:35.5005882Z  git-2.55.0-1-x86_64 downloading...
2026-08-31T18:46:35.5006597Z  mingw-w64-x86_64-headers-14.0.0.r302.gd7f3c5201-1-any downloading...
2026-08-31T18:46:35.5007379Z  mingw-w64-x86_64-binutils-2.47-3-any downloading...
2026-08-31T18:46:35.5007930Z  mingw-w64-x86_64-crt-14.0.0.r302.gd7f3c5201-1-any downloading...
2026-08-31T18:46:35.5008365Z  mingw-w64-x86_64-boost-libs-1.91.0-3-any downloading...
2026-08-31T18:46:35.5008755Z  mingw-w64-x86_64-gnutls-3.8.13-3-any downloading...
2026-08-31T18:46:35.5009128Z  mingw-w64-x86_64-libarchive-3.8.9-5-any downloading...
2026-08-31T18:46:35.5009501Z  mingw-w64-x86_64-curl-8.21.0-2-any downloading...
2026-08-31T18:46:35.5009841Z  mingw-w64-x86_64-isl-0.28-1-any downloading...
2026-08-31T18:46:35.5010182Z  mingw-w64-x86_64-pcre2-10.47-1-any downloading...
2026-08-31T18:46:35.5010740Z  openssh-10.5p1-2-x86_64 downloading...
2026-08-31T18:46:35.5011167Z  mingw-w64-x86_64-gcc-libs-16.2.0-3-any downloading...
2026-08-31T18:46:35.5011552Z  mingw-w64-x86_64-libunistring-1.4.2-1-any downloading...
2026-08-31T18:46:35.5011906Z  heimdal-libs-7.8.0-5-x86_64 downloading...
2026-08-31T18:46:35.5012240Z  mingw-w64-x86_64-libiconv-1.19-1-any downloading...
2026-08-31T18:46:35.5012585Z  mingw-w64-x86_64-zstd-1.5.7-2-any downloading...
2026-08-31T18:46:35.5013089Z  mingw-w64-x86_64-p11-kit-0.26.5-1-any downloading...
2026-08-31T18:46:35.5013451Z  mingw-w64-x86_64-gmp-6.3.0-2-any downloading...
2026-08-31T18:46:35.5014025Z  mingw-w64-x86_64-nettle-4.0-1-any downloading...
2026-08-31T18:46:35.5014349Z  heimdal-7.8.0-5-x86_64 downloading...
2026-08-31T18:46:35.5014650Z  mingw-w64-x86_64-mpfr-4.2.2-3-any downloading...
2026-08-31T18:46:35.5015082Z  mingw-w64-x86_64-cppdap-1.65.r11.g6464cd7-1-any downloading...
2026-08-31T18:46:35.5015585Z  make-4.4.1-3-x86_64 downloading...
2026-08-31T18:46:35.5015871Z  mingw-w64-x86_64-xz-5.8.3-1-any downloading...
2026-08-31T18:46:35.5016207Z  mingw-w64-x86_64-brotli-1.2.0-1-any downloading...
2026-08-31T18:46:35.5016586Z  mingw-w64-x86_64-gettext-runtime-1.0-1-any downloading...
2026-08-31T18:46:35.5017261Z  mingw-w64-x86_64-ca-certificates-20260816-1-any downloading...
2026-08-31T18:46:35.5017872Z  mingw-w64-x86_64-c-ares-1.34.8-1-any downloading...
2026-08-31T18:46:35.5018411Z  mingw-w64-x86_64-libssh2-1.11.1-2-any downloading...
2026-08-31T18:46:35.5018960Z  mingw-w64-x86_64-ngtcp2-1.25.0-1-any downloading...
2026-08-31T18:46:35.5019495Z  mingw-w64-x86_64-rhash-1.4.6-1-any downloading...
2026-08-31T18:46:35.5019988Z  perl-Net-SSLeay-1.96-1-x86_64 downloading...
2026-08-31T18:46:35.5020412Z  mingw-w64-x86_64-tzdata-2026c-1-any downloading...
2026-08-31T18:46:35.5020901Z  mingw-w64-x86_64-libuv-1.52.1-1-any downloading...
2026-08-31T18:46:35.5021447Z  mingw-w64-x86_64-jsoncpp-1.9.8-1-any downloading...
2026-08-31T18:46:35.5022018Z  mingw-w64-x86_64-nghttp2-1.70.0-1-any downloading...
2026-08-31T18:46:35.5022585Z  mingw-w64-x86_64-libtasn1-4.21.0-1-any downloading...
2026-08-31T18:46:35.5023137Z  mingw-w64-x86_64-expat-2.8.3-1-any downloading...
2026-08-31T18:46:35.5023673Z  mingw-w64-x86_64-ninja-1.13.2-1-any downloading...
2026-08-31T18:46:35.5024192Z  perl-MIME-tools-5.517-1-any downloading...
2026-08-31T18:46:35.5024685Z  mingw-w64-x86_64-libidn2-2.3.8-4-any downloading...
2026-08-31T18:46:35.5025196Z  mingw-w64-x86_64-lz4-1.10.0-1-any downloading...
2026-08-31T18:46:35.5025673Z  perl-IO-Socket-SSL-2.099-1-any downloading...
2026-08-31T18:46:35.5026193Z  mingw-w64-x86_64-pkgconf-1~3.0.5-1-any downloading...
2026-08-31T18:46:35.5026736Z  mingw-w64-x86_64-nghttp3-1.18.0-1-any downloading...
2026-08-31T18:46:35.5027273Z  mingw-w64-x86_64-mpc-1.4.1-1-any downloading...
2026-08-31T18:46:35.5027747Z  perl-libwww-6.83-2-any downloading...
2026-08-31T18:46:35.5028207Z  mingw-w64-x86_64-zlib-1.3.2-2-any downloading...
2026-08-31T18:46:35.5028698Z  perl-URI-5.36-1-any downloading...
2026-08-31T18:46:35.5029132Z  mingw-w64-x86_64-libpsl-0.21.5-3-any downloading...
2026-08-31T18:46:35.5029464Z  mingw-w64-x86_64-bzip2-1.0.8-4-any downloading...
2026-08-31T18:46:35.5029760Z  libedit-20240808_3.1-1-x86_64 downloading...
2026-08-31T18:46:35.5030033Z  libfido2-1.17.0-1-x86_64 downloading...
2026-08-31T18:46:35.5030319Z  perl-HTML-Parser-3.85-1-x86_64 downloading...
2026-08-31T18:46:35.5030621Z  perl-HTTP-Message-7.04-1-any downloading...
2026-08-31T18:46:35.5030911Z  perl-TimeDate-2.35-1-any downloading...
2026-08-31T18:46:35.5031225Z  mingw-w64-x86_64-wineditline-2.208-1-any downloading...
2026-08-31T18:46:35.5031534Z  perl-MailTools-2.22-1-any downloading...
2026-08-31T18:46:35.5031948Z  mingw-w64-x86_64-libffi-3.8.0-1-any downloading...
2026-08-31T18:46:35.5032472Z  perl-IO-Stringy-2.113-3-any downloading...
2026-08-31T18:46:35.5033123Z  mingw-w64-x86_64-winpthreads-14.0.0.r302.gd7f3c5201-1-any downloading...
2026-08-31T18:46:35.5033900Z  perl-Authen-SASL-2.2000-1-any downloading...
2026-08-31T18:46:35.5034594Z  mingw-w64-x86_64-libwinpthread-14.0.0.r302.gd7f3c5201-1-any downloading...
2026-08-31T18:46:35.5035294Z  perl-Convert-BinHex-1.125-2-any downloading...
2026-08-31T18:46:35.5035826Z  mingw-w64-x86_64-libb2-0.98.1-3-any downloading...
2026-08-31T18:46:35.5036322Z  libcbor-0.14.0-2-x86_64 downloading...
2026-08-31T18:46:35.5036785Z  perl-HTTP-Cookies-6.12-1-any downloading...
2026-08-31T18:46:35.5037265Z  perl-Net-HTTP-6.24-1-any downloading...
2026-08-31T18:46:35.5037737Z  perl-Error-0.17030-1-any downloading...
2026-08-31T18:46:35.5038542Z  perl-TermReadKey-2.38-8-x86_64 downloading...
2026-08-31T18:46:35.5039091Z  perl-HTTP-Daemon-6.17-1-any downloading...
2026-08-31T18:46:35.5039616Z  perl-LWP-MediaTypes-6.04-2-any downloading...
2026-08-31T18:46:35.5040115Z  perl-Try-Tiny-0.32-1-any downloading...
2026-08-31T18:46:35.5040579Z  perl-Clone-0.50-2-x86_64 downloading...
2026-08-31T18:46:35.5042288Z  perl-IO-HTML-1.004-2-any downloading...
2026-08-31T18:46:35.5043029Z  perl-WWW-RobotRules-6.03-1-any downloading...
2026-08-31T18:46:35.5043564Z  perl-http-cookiejar-0.014-1-any downloading...
2026-08-31T18:46:35.5044084Z  perl-HTTP-Negotiate-6.01-3-any downloading...
2026-08-31T18:46:35.5044610Z  perl-Encode-Locale-1.05-2-any downloading...
2026-08-31T18:46:35.5045123Z  perl-HTML-Tagset-3.24-1-any downloading...
2026-08-31T18:46:35.5045635Z  perl-File-Listing-6.16-1-any downloading...
2026-08-31T18:46:35.5046136Z  perl-HTTP-Date-6.08-1-any downloading...
2026-08-31T18:46:35.5046643Z  perl-Net-SMTP-SSL-1.04-2-any downloading...
2026-08-31T18:46:35.5047329Z  mingw-w64-x86_64-windows-default-manifest-20260815-1-any downloading...
2026-08-31T18:46:35.5047966Z checking keyring...
2026-08-31T18:46:35.5742399Z checking package integrity...
2026-08-31T18:46:50.3037923Z loading package files...
2026-08-31T18:46:50.6388755Z checking for file conflicts...
2026-08-31T18:46:53.0112220Z :: Processing package changes...
2026-08-31T18:46:53.0112757Z installing libedit...
2026-08-31T18:46:53.0447346Z installing heimdal-libs...
2026-08-31T18:46:53.0632977Z installing heimdal...
2026-08-31T18:46:53.7113018Z installing libcbor...
2026-08-31T18:46:53.7142964Z installing libfido2...
2026-08-31T18:46:53.7178157Z installing openssh...
2026-08-31T18:46:53.7560014Z installing perl-Error...
2026-08-31T18:46:53.7640217Z installing perl-Authen-SASL...
2026-08-31T18:46:53.7869514Z installing perl-Encode-Locale...
2026-08-31T18:46:53.7928962Z installing perl-HTTP-Date...
2026-08-31T18:46:53.7992790Z installing perl-File-Listing...
2026-08-31T18:46:53.8052398Z installing perl-HTML-Tagset...
2026-08-31T18:46:53.8114413Z installing perl-Clone...
2026-08-31T18:46:53.8166705Z installing perl-IO-HTML...
2026-08-31T18:46:53.8226700Z installing perl-LWP-MediaTypes...
2026-08-31T18:46:53.8297591Z installing perl-URI...
2026-08-31T18:46:53.8960696Z installing perl-HTTP-Message...
2026-08-31T18:46:53.9161348Z installing perl-HTML-Parser...
2026-08-31T18:46:53.9316327Z installing perl-HTTP-Cookies...
2026-08-31T18:46:53.9401564Z installing perl-HTTP-Daemon...
2026-08-31T18:46:53.9449732Z installing perl-http-cookiejar...
2026-08-31T18:46:53.9519137Z installing perl-HTTP-Negotiate...
2026-08-31T18:46:53.9568278Z installing perl-Net-HTTP...
2026-08-31T18:46:53.9676975Z installing perl-WWW-RobotRules...
2026-08-31T18:46:53.9772456Z installing perl-Try-Tiny...
2026-08-31T18:46:53.9850902Z installing perl-libwww...
2026-08-31T18:46:54.0204833Z Optional dependencies for perl-libwww
2026-08-31T18:46:54.0205490Z     perl-LWP-Protocol-https: for https:// url schemes
2026-08-31T18:46:54.0206058Z installing perl-TimeDate...
2026-08-31T18:46:54.0871663Z installing perl-MailTools...
2026-08-31T18:46:54.1155352Z installing perl-IO-Stringy...
2026-08-31T18:46:54.1296051Z installing perl-Convert-BinHex...
2026-08-31T18:46:54.2684175Z module test... pass.
2026-08-31T18:46:54.2693297Z installing perl-MIME-tools...
2026-08-31T18:46:54.3098771Z installing perl-Net-SSLeay...
2026-08-31T18:46:54.3854799Z installing perl-IO-Socket-SSL...
2026-08-31T18:46:54.3982893Z installing perl-Net-SMTP-SSL...
2026-08-31T18:46:54.4028840Z installing perl-TermReadKey...
2026-08-31T18:46:54.4108599Z installing git...
2026-08-31T18:46:54.9700349Z Optional dependencies for git
2026-08-31T18:46:54.9700827Z     python: various helper scripts
2026-08-31T18:46:54.9701218Z     subversion: git svn
2026-08-31T18:46:54.9701568Z     aspell: spell checking in git gui
2026-08-31T18:46:54.9701960Z installing make...
2026-08-31T18:46:55.0026055Z installing mingw-w64-x86_64-libwinpthread...
2026-08-31T18:46:55.0072314Z installing mingw-w64-x86_64-tzdata...
2026-08-31T18:46:56.6638703Z installing mingw-w64-x86_64-gcc-libs...
2026-08-31T18:46:56.6814570Z installing mingw-w64-x86_64-bzip2...
2026-08-31T18:46:56.7005273Z installing mingw-w64-x86_64-icu...
2026-08-31T18:46:57.0618508Z installing mingw-w64-x86_64-libiconv...
2026-08-31T18:46:57.0858649Z installing mingw-w64-x86_64-gettext-runtime...
2026-08-31T18:46:57.2154146Z installing mingw-w64-x86_64-xz...
2026-08-31T18:46:57.3274767Z installing mingw-w64-x86_64-zstd...
2026-08-31T18:46:57.3486119Z installing mingw-w64-x86_64-zlib...
2026-08-31T18:46:57.3571893Z installing mingw-w64-x86_64-boost-libs...
2026-08-31T18:46:57.4067373Z installing mingw-w64-x86_64-boost...
2026-08-31T18:47:11.5234717Z Optional dependencies for mingw-w64-x86_64-boost
2026-08-31T18:47:11.5235759Z     mingw-w64-x86_64-python: For Boost.Python
2026-08-31T18:47:11.5236311Z     mingw-w64-x86_64-python-numpy: For Boost.Python (NumPy)
2026-08-31T18:47:11.5236866Z installing mingw-w64-x86_64-cppdap...
2026-08-31T18:47:11.5473966Z installing mingw-w64-x86_64-c-ares...
2026-08-31T18:47:11.6606058Z installing mingw-w64-x86_64-brotli...
2026-08-31T18:47:11.6823853Z installing mingw-w64-x86_64-libunistring...
2026-08-31T18:47:11.7307993Z installing mingw-w64-x86_64-libidn2...
2026-08-31T18:47:11.7591695Z installing mingw-w64-x86_64-libpsl...
2026-08-31T18:47:11.7684094Z installing mingw-w64-x86_64-libtasn1...
2026-08-31T18:47:11.8078494Z installing mingw-w64-x86_64-libffi...
2026-08-31T18:47:11.8183740Z installing mingw-w64-x86_64-p11-kit...
2026-08-31T18:47:12.0338956Z installing mingw-w64-x86_64-ca-certificates...
2026-08-31T18:47:12.6885369Z installing mingw-w64-x86_64-openssl...
2026-08-31T18:47:18.2410757Z Optional dependencies for mingw-w64-x86_64-openssl
2026-08-31T18:47:18.2411262Z     mingw-w64-x86_64-ca-certificates [installed]
2026-08-31T18:47:18.2411681Z installing mingw-w64-x86_64-libssh2...
2026-08-31T18:47:18.3742130Z installing mingw-w64-x86_64-nghttp2...
2026-08-31T18:47:18.3900722Z installing mingw-w64-x86_64-gmp...
2026-08-31T18:47:18.4051138Z installing mingw-w64-x86_64-nettle...
2026-08-31T18:47:18.4604370Z installing mingw-w64-x86_64-gnutls...
2026-08-31T18:47:19.4785364Z installing mingw-w64-x86_64-ngtcp2...
2026-08-31T18:47:19.4992554Z installing mingw-w64-x86_64-nghttp3...
2026-08-31T18:47:19.5123132Z installing mingw-w64-x86_64-curl...
2026-08-31T18:47:19.9105949Z installing mingw-w64-x86_64-expat...
2026-08-31T18:47:19.9259799Z installing mingw-w64-x86_64-jsoncpp...
2026-08-31T18:47:19.9446316Z installing mingw-w64-x86_64-libb2...
2026-08-31T18:47:19.9515230Z installing mingw-w64-x86_64-lz4...
2026-08-31T18:47:19.9656483Z installing mingw-w64-x86_64-wineditline...
2026-08-31T18:47:19.9740809Z installing mingw-w64-x86_64-pcre2...
2026-08-31T18:47:20.1518868Z installing mingw-w64-x86_64-libarchive...
2026-08-31T18:47:20.2336265Z installing mingw-w64-x86_64-libuv...
2026-08-31T18:47:20.2556176Z installing mingw-w64-x86_64-ninja...
2026-08-31T18:47:20.2610389Z installing mingw-w64-x86_64-pkgconf...
2026-08-31T18:47:20.2826431Z installing mingw-w64-x86_64-rhash...
2026-08-31T18:47:20.3176810Z installing mingw-w64-x86_64-cmake...
2026-08-31T18:47:23.5030520Z Optional dependencies for mingw-w64-x86_64-cmake
2026-08-31T18:47:23.5031264Z     mingw-w64-x86_64-emacs: for cmake emacs mode
2026-08-31T18:47:23.5031731Z installing mingw-w64-x86_64-binutils...
2026-08-31T18:47:23.7315163Z installing mingw-w64-x86_64-headers...
2026-08-31T18:47:25.2081387Z installing mingw-w64-x86_64-crt...
2026-08-31T18:47:25.8395669Z installing mingw-w64-x86_64-isl...
2026-08-31T18:47:25.9049730Z installing mingw-w64-x86_64-mpfr...
2026-08-31T18:47:25.9266138Z installing mingw-w64-x86_64-mpc...
2026-08-31T18:47:25.9335805Z installing mingw-w64-x86_64-windows-default-manifest...
2026-08-31T18:47:25.9364732Z installing mingw-w64-x86_64-winpthreads...
2026-08-31T18:47:25.9467208Z installing mingw-w64-x86_64-gcc...
2026-08-31T18:47:27.3867605Z :: Running post-transaction hooks...
2026-08-31T18:47:27.3868032Z (1/1) Updating the info directory file...
2026-08-31T18:47:27.6890891Z ##[endgroup]
2026-08-31T18:47:27.7116517Z ##[group]Run cmake --version
2026-08-31T18:47:27.7116873Z [36;1mcmake --version[0m
2026-08-31T18:47:27.7117102Z [36;1mg++ --version[0m
2026-08-31T18:47:27.7121869Z shell: D:\a\_temp\setup-msys2\msys2.CMD {0}
2026-08-31T18:47:27.7122143Z env:
2026-08-31T18:47:27.7122388Z   OPENFHE_COMMIT: df495ba2e91739a6dc8f1de254fc5a41155ce504
2026-08-31T18:47:27.7122758Z   OPENFHE_PREFIX: C:\openfhe-2023-1788\openfhe-install
2026-08-31T18:47:27.7123072Z   WINDOWS_ROOT: C:\openfhe-2023-1788
2026-08-31T18:47:27.7123350Z   PROJECT_SOURCE: C:\openfhe-2023-1788\cleanroom
2026-08-31T18:47:27.7123656Z   OPENFHE_SOURCE: C:\openfhe-2023-1788\openfhe-src
2026-08-31T18:47:27.7124014Z   OPENFHE_BUILD: C:\openfhe-2023-1788\openfhe-build-33426712752-1
2026-08-31T18:47:27.7124412Z   PROJECT_BUILD: C:\openfhe-2023-1788\project-build-33426712752-1
2026-08-31T18:47:27.7124728Z   MSYSTEM: MINGW64
2026-08-31T18:47:27.7124907Z ##[endgroup]
2026-08-31T18:47:27.9062643Z cmake version 4.4.2
2026-08-31T18:47:27.9063009Z 
2026-08-31T18:47:27.9063348Z CMake suite maintained and supported by Kitware (kitware.com/cmake).
2026-08-31T18:47:27.9383350Z g++.exe (Rev3, Built by MSYS2 project) 16.2.0
2026-08-31T18:47:27.9383928Z Copyright (C) 2026 Free Software Foundation, Inc.
2026-08-31T18:47:27.9385363Z This is free software; see the source for copying conditions.  There is NO
2026-08-31T18:47:27.9386093Z warranty; not even for MERCHANTABILITY or FITNESS FOR A PARTICULAR PURPOSE.
2026-08-31T18:47:27.9386407Z 
2026-08-31T18:47:27.9576553Z ##[group]Run source="$(cygpath -u "$OPENFHE_SOURCE")"
2026-08-31T18:47:27.9577057Z [36;1msource="$(cygpath -u "$OPENFHE_SOURCE")"[0m
2026-08-31T18:47:27.9577439Z [36;1mactual="$(git -C "$source" rev-parse HEAD)"[0m
2026-08-31T18:47:27.9577797Z [36;1mtest "$actual" = "$OPENFHE_COMMIT"[0m
2026-08-31T18:47:27.9578161Z [36;1mtest -z "$(git -C "$source" status --porcelain)"[0m
2026-08-31T18:47:27.9578551Z [36;1mgit -C "$source" submodule status --recursive[0m
2026-08-31T18:47:27.9580577Z shell: D:\a\_temp\setup-msys2\msys2.CMD {0}
2026-08-31T18:47:27.9580877Z env:
2026-08-31T18:47:27.9581143Z   OPENFHE_COMMIT: df495ba2e91739a6dc8f1de254fc5a41155ce504
2026-08-31T18:47:27.9581582Z   OPENFHE_PREFIX: C:\openfhe-2023-1788\openfhe-install
2026-08-31T18:47:27.9581923Z   WINDOWS_ROOT: C:\openfhe-2023-1788
2026-08-31T18:47:27.9582240Z   PROJECT_SOURCE: C:\openfhe-2023-1788\cleanroom
2026-08-31T18:47:27.9582585Z   OPENFHE_SOURCE: C:\openfhe-2023-1788\openfhe-src
2026-08-31T18:47:27.9583035Z   OPENFHE_BUILD: C:\openfhe-2023-1788\openfhe-build-33426712752-1
2026-08-31T18:47:27.9583509Z   PROJECT_BUILD: C:\openfhe-2023-1788\project-build-33426712752-1
2026-08-31T18:47:27.9583879Z   MSYSTEM: MINGW64
2026-08-31T18:47:27.9584085Z ##[endgroup]
2026-08-31T18:47:29.4501072Z  984e3f194862b17916536b5fade40cba6e47a6fe third-party/cereal (heads/main)
2026-08-31T18:47:29.6601798Z  eddb0241389718a23a42db6af5f0164b6e0139af third-party/google-benchmark (eddb024)
2026-08-31T18:47:29.7658264Z  52eb8108c5bdec04579160ae17225d66034bd723 third-party/google-test (52eb810)
2026-08-31T18:47:29.8734631Z  83edb60836d87cf1b406e8846b9059c03031e8f5 third-party/gperftools (83edb60)
2026-08-31T18:47:29.9113445Z ##[group]Run prefix="$(cygpath -u "$OPENFHE_PREFIX")"
2026-08-31T18:47:29.9113917Z [36;1mprefix="$(cygpath -u "$OPENFHE_PREFIX")"[0m
2026-08-31T18:47:29.9114255Z [36;1msource="$(cygpath -u "$OPENFHE_SOURCE")"[0m
2026-08-31T18:47:29.9114553Z [36;1mbuild="$(cygpath -u "$OPENFHE_BUILD")"[0m
2026-08-31T18:47:29.9114836Z [36;1mcmake -S "$source" -B "$build" \[0m
2026-08-31T18:47:29.9115105Z [36;1m  -DCMAKE_BUILD_TYPE=Release \[0m
2026-08-31T18:47:29.9115387Z [36;1m  -DCMAKE_INSTALL_PREFIX="$prefix" \[0m
2026-08-31T18:47:29.9115660Z [36;1m  -DBUILD_UNITTESTS=OFF \[0m
2026-08-31T18:47:29.9115898Z [36;1m  -DBUILD_EXAMPLES=OFF \[0m
2026-08-31T18:47:29.9116133Z [36;1m  -DBUILD_BENCHMARKS=OFF \[0m
2026-08-31T18:47:29.9116366Z [36;1m  -DBUILD_EXTRAS=OFF \[0m
2026-08-31T18:47:29.9116589Z [36;1m  -DWITH_OPENMP=ON[0m
2026-08-31T18:47:29.9118547Z shell: D:\a\_temp\setup-msys2\msys2.CMD {0}
2026-08-31T18:47:29.9118814Z env:
2026-08-31T18:47:29.9119262Z   OPENFHE_COMMIT: df495ba2e91739a6dc8f1de254fc5a41155ce504
2026-08-31T18:47:29.9119622Z   OPENFHE_PREFIX: C:\openfhe-2023-1788\openfhe-install
2026-08-31T18:47:29.9119918Z   WINDOWS_ROOT: C:\openfhe-2023-1788
2026-08-31T18:47:29.9120183Z   PROJECT_SOURCE: C:\openfhe-2023-1788\cleanroom
2026-08-31T18:47:29.9120483Z   OPENFHE_SOURCE: C:\openfhe-2023-1788\openfhe-src
2026-08-31T18:47:29.9120845Z   OPENFHE_BUILD: C:\openfhe-2023-1788\openfhe-build-33426712752-1
2026-08-31T18:47:29.9121252Z   PROJECT_BUILD: C:\openfhe-2023-1788\project-build-33426712752-1
2026-08-31T18:47:29.9121579Z   MSYSTEM: MINGW64
2026-08-31T18:47:29.9121766Z ##[endgroup]
2026-08-31T18:47:30.3225535Z -- The C compiler identification is GNU 16.2.0
2026-08-31T18:47:30.5653312Z -- The CXX compiler identification is GNU 16.2.0
2026-08-31T18:47:30.6108697Z -- Detecting C compiler ABI info
2026-08-31T18:47:31.0087148Z -- Detecting C compiler ABI info - done
2026-08-31T18:47:31.0434777Z -- Check for working C compiler: D:/a/_temp/msys64/mingw64/bin/cc.exe - skipped
2026-08-31T18:47:31.0440136Z -- Detecting C compile features
2026-08-31T18:47:31.0449362Z -- Detecting C compile features - done
2026-08-31T18:47:31.0916938Z -- Detecting CXX compiler ABI info
2026-08-31T18:47:31.4943842Z -- Detecting CXX compiler ABI info - done
2026-08-31T18:47:31.5304655Z -- Check for working CXX compiler: D:/a/_temp/msys64/mingw64/bin/c++.exe - skipped
2026-08-31T18:47:31.5309200Z -- Detecting CXX compile features
2026-08-31T18:47:31.5317596Z -- Detecting CXX compile features - done
2026-08-31T18:47:31.5485584Z -- Building in Release mode
2026-08-31T18:47:31.5486123Z -- BUILD_UNITTESTS:    OFF
2026-08-31T18:47:31.5514637Z -- BUILD_EXAMPLES:     OFF
2026-08-31T18:47:31.5515081Z -- BUILD_BENCHMARKS:   OFF
2026-08-31T18:47:31.5515431Z -- BUILD_EXTRAS:       OFF
2026-08-31T18:47:31.5515799Z -- BUILD_STATIC:       OFF
2026-08-31T18:47:31.5516132Z -- BUILD_SHARED:       ON
2026-08-31T18:47:31.5516479Z -- GIT_SUBMOD_AUTO:    ON
2026-08-31T18:47:31.5517348Z ***** INSTALL IS AT C:/openfhe-2023-1788/openfhe-install; to change, run cmake with -DCMAKE_INSTALL_PREFIX=/your/path
2026-08-31T18:47:31.5518190Z -- WITH_BE2:           OFF
2026-08-31T18:47:31.5518515Z -- WITH_BE4:           OFF
2026-08-31T18:47:31.5518842Z -- WITH_NTL:           OFF
2026-08-31T18:47:31.5519161Z -- WITH_TCM:           OFF
2026-08-31T18:47:31.5519483Z -- WITH_OPENMP:        ON
2026-08-31T18:47:31.5519822Z -- NATIVE_SIZE:        64
2026-08-31T18:47:31.5520171Z -- CKKS_M_FACTOR:      1
2026-08-31T18:47:31.5520593Z -- WITH_NATIVEOPT:     OFF
2026-08-31T18:47:31.5520961Z -- WITH_COVTEST:       OFF
2026-08-31T18:47:31.5521326Z -- WITH_NOISE_DEBUG:   OFF
2026-08-31T18:47:31.5521674Z -- WITH_REDUCED_NOISE: OFF
2026-08-31T18:47:31.5522013Z -- USE_MACPORTS:       OFF
2026-08-31T18:47:31.5522391Z -- BUILTIN_INFO_AVAILABLE is defined
2026-08-31T18:47:31.5781995Z -- Architecture is x86_64
2026-08-31T18:47:31.5801681Z -- Looking for sys/types.h
2026-08-31T18:47:31.9792216Z -- Looking for sys/types.h - found
2026-08-31T18:47:31.9792677Z -- Looking for stdint.h
2026-08-31T18:47:32.3699055Z -- Looking for stdint.h - found
2026-08-31T18:47:32.3700536Z -- Looking for stddef.h
2026-08-31T18:47:32.7607191Z -- Looking for stddef.h - found
2026-08-31T18:47:32.7608029Z -- Check size of __int128
2026-08-31T18:47:33.1694044Z -- Check size of __int128 - done
2026-08-31T18:47:33.1696929Z -- Check size of uint64_t
2026-08-31T18:47:33.5753804Z -- Check size of uint64_t - done
2026-08-31T18:47:33.5754969Z -- NATIVEINT is set to 64
2026-08-31T18:47:33.5755491Z -- MATHBACKEND is set to 4
2026-08-31T18:47:33.5755901Z -- MATHBACKEND set to 4. Setting WITH_BE4 to ON
2026-08-31T18:47:34.7803003Z -- Found OpenMP_C: -fopenmp (found version "5.2")
2026-08-31T18:47:35.1864964Z -- Found OpenMP_CXX: -fopenmp (found version "5.2")
2026-08-31T18:47:35.1869784Z -- Found OpenMP: TRUE (found version "5.2")
2026-08-31T18:47:35.2046265Z -- Found Git: D:/a/_temp/msys64/usr/bin/git.exe (found version "2.55.0")
2026-08-31T18:47:35.2047697Z -- Submodule update
2026-08-31T18:47:35.6267349Z Synchronizing submodule url for 'third-party/cereal'
2026-08-31T18:47:35.6579355Z Synchronizing submodule url for 'third-party/google-benchmark'
2026-08-31T18:47:35.6879354Z Synchronizing submodule url for 'third-party/google-test'
2026-08-31T18:47:35.7175409Z Synchronizing submodule url for 'third-party/gperftools'
2026-08-31T18:47:36.2767514Z -- Configuring done (6.1s)
2026-08-31T18:47:36.5602552Z -- Generating done (0.3s)
2026-08-31T18:47:36.5617093Z -- Build files have been written to: C:/openfhe-2023-1788/openfhe-build-33426712752-1
2026-08-31T18:47:36.5908149Z ##[group]Run build="$(cygpath -u "$OPENFHE_BUILD")"
2026-08-31T18:47:36.5908677Z [36;1mbuild="$(cygpath -u "$OPENFHE_BUILD")"[0m
2026-08-31T18:47:36.5909045Z [36;1mcmake --build "$build" --parallel 2[0m
2026-08-31T18:47:36.5909363Z [36;1mcmake --install "$build"[0m
2026-08-31T18:47:36.5911601Z shell: D:\a\_temp\setup-msys2\msys2.CMD {0}
2026-08-31T18:47:36.5911927Z env:
2026-08-31T18:47:36.5912212Z   OPENFHE_COMMIT: df495ba2e91739a6dc8f1de254fc5a41155ce504
2026-08-31T18:47:36.5912625Z   OPENFHE_PREFIX: C:\openfhe-2023-1788\openfhe-install
2026-08-31T18:47:36.5912965Z   WINDOWS_ROOT: C:\openfhe-2023-1788
2026-08-31T18:47:36.5913268Z   PROJECT_SOURCE: C:\openfhe-2023-1788\cleanroom
2026-08-31T18:47:36.5913618Z   OPENFHE_SOURCE: C:\openfhe-2023-1788\openfhe-src
2026-08-31T18:47:36.5914037Z   OPENFHE_BUILD: C:\openfhe-2023-1788\openfhe-build-33426712752-1
2026-08-31T18:47:36.5914497Z   PROJECT_BUILD: C:\openfhe-2023-1788\project-build-33426712752-1
2026-08-31T18:47:36.5914924Z   MSYSTEM: MINGW64
2026-08-31T18:47:36.5915133Z ##[endgroup]
2026-08-31T18:47:37.0421924Z -- Copied demoData files
2026-08-31T18:47:37.0888621Z [  0%] Built target third-party
2026-08-31T18:47:37.2416175Z [  1%] Building CXX object src/core/CMakeFiles/coreobj.dir/lib/lattice/constants-lattice-impl.cpp.obj
2026-08-31T18:47:37.2484346Z [  2%] Building CXX object src/core/CMakeFiles/coreobj.dir/lib/lattice/lattice.cpp.obj
2026-08-31T18:47:38.0122039Z [  3%] Building CXX object src/core/CMakeFiles/coreobj.dir/lib/lattice/stdlatticeparms.cpp.obj
2026-08-31T18:47:39.2046563Z [  4%] Building CXX object src/core/CMakeFiles/coreobj.dir/lib/lattice/trapdoor-dcrtpoly.cpp.obj
2026-08-31T18:47:48.3364251Z [  5%] Building CXX object src/core/CMakeFiles/coreobj.dir/lib/lattice/trapdoor-poly.cpp.obj
2026-08-31T18:47:58.8546029Z [  6%] Building CXX object src/core/CMakeFiles/coreobj.dir/lib/math/chebyshev.cpp.obj
2026-08-31T18:47:59.8526616Z [  6%] Building CXX object src/core/CMakeFiles/coreobj.dir/lib/math/dftransform.cpp.obj
2026-08-31T18:48:01.2954188Z [  7%] Building CXX object src/core/CMakeFiles/coreobj.dir/lib/math/discretegaussiangeneratorgeneric.cpp.obj
2026-08-31T18:48:01.5684537Z [  8%] Building CXX object src/core/CMakeFiles/coreobj.dir/lib/math/distributiongenerator.cpp.obj
2026-08-31T18:48:02.3905483Z [  9%] Building CXX object src/core/CMakeFiles/coreobj.dir/lib/math/hal/bigintdyn/be4-math-impl.cpp.obj
2026-08-31T18:48:03.1295266Z [ 10%] Building CXX object src/core/CMakeFiles/coreobj.dir/lib/math/hal/bigintdyn/mubintvecdyn.cpp.obj
2026-08-31T18:48:06.3065604Z [ 11%] Building CXX object src/core/CMakeFiles/coreobj.dir/lib/math/hal/bigintdyn/ubintdyn.cpp.obj
2026-08-31T18:48:08.7064899Z [ 12%] Building CXX object src/core/CMakeFiles/coreobj.dir/lib/math/hal/bigintfxd/be2-math-impl.cpp.obj
2026-08-31T18:48:08.8303682Z [ 13%] Building CXX object src/core/CMakeFiles/coreobj.dir/lib/math/hal/bigintfxd/mubintvecfxd.cpp.obj
2026-08-31T18:48:08.9616089Z [ 14%] Building CXX object src/core/CMakeFiles/coreobj.dir/lib/math/hal/bigintfxd/ubintfxd.cpp.obj
2026-08-31T18:48:09.0827749Z [ 15%] Building CXX object src/core/CMakeFiles/coreobj.dir/lib/math/hal/bigintntl/be6-math-impl.cpp.obj
2026-08-31T18:48:09.2057500Z [ 15%] Building CXX object src/core/CMakeFiles/coreobj.dir/lib/math/hal/bigintntl/mubintvecntl.cpp.obj
2026-08-31T18:48:09.3325766Z [ 16%] Building CXX object src/core/CMakeFiles/coreobj.dir/lib/math/hal/bigintntl/ubintntl.cpp.obj
2026-08-31T18:48:09.4461890Z [ 17%] Building CXX object src/core/CMakeFiles/coreobj.dir/lib/math/hal/intnat/benative-math-impl.cpp.obj
2026-08-31T18:48:09.9527315Z [ 18%] Building CXX object src/core/CMakeFiles/coreobj.dir/lib/math/hal/intnat/mubintvecnat.cpp.obj
2026-08-31T18:48:12.7683992Z [ 19%] Building CXX object src/core/CMakeFiles/coreobj.dir/lib/math/hermite.cpp.obj
2026-08-31T18:48:14.0021444Z [ 20%] Building CXX object src/core/CMakeFiles/coreobj.dir/lib/math/matrix.cpp.obj
2026-08-31T18:48:15.5637104Z [ 21%] Building CXX object src/core/CMakeFiles/coreobj.dir/lib/math/nbtheory2.cpp.obj
2026-08-31T18:48:17.4691095Z [ 22%] Building CXX object src/core/CMakeFiles/coreobj.dir/lib/utils/blockAllocator/blockAllocator.cpp.obj
2026-08-31T18:48:18.1665647Z [ 23%] Building CXX object src/core/CMakeFiles/coreobj.dir/lib/utils/blockAllocator/xallocator.cpp.obj
2026-08-31T18:48:19.0894660Z [ 24%] Building CXX object src/core/CMakeFiles/coreobj.dir/lib/utils/debug.cpp.obj
2026-08-31T18:48:19.1993735Z [ 24%] Building CXX object src/core/CMakeFiles/coreobj.dir/lib/utils/demangle.cpp.obj
2026-08-31T18:48:19.5797215Z [ 25%] Building CXX object src/core/CMakeFiles/coreobj.dir/lib/utils/get-call-stack.cpp.obj
2026-08-31T18:48:19.6122693Z [ 26%] Building CXX object src/core/CMakeFiles/coreobj.dir/lib/utils/hashutil.cpp.obj
2026-08-31T18:48:19.9611241Z [ 27%] Building CXX object src/core/CMakeFiles/coreobj.dir/lib/utils/inttypes.cpp.obj
2026-08-31T18:48:20.3917225Z [ 28%] Building CXX object src/core/CMakeFiles/coreobj.dir/lib/utils/memory.cpp.obj
2026-08-31T18:48:20.4803177Z [ 29%] Building CXX object src/core/CMakeFiles/coreobj.dir/lib/utils/openfhebase64.cpp.obj
2026-08-31T18:48:20.8421905Z [ 30%] Building CXX object src/core/CMakeFiles/coreobj.dir/lib/utils/parallel.cpp.obj
2026-08-31T18:48:20.9578959Z [ 31%] Building C object src/core/CMakeFiles/coreobj.dir/lib/utils/prng/blake2b-ref.c.obj
2026-08-31T18:48:20.9815899Z [ 32%] Building CXX object src/core/CMakeFiles/coreobj.dir/lib/utils/prng/blake2engine.cpp.obj
2026-08-31T18:48:21.4369951Z [ 34%] Building C object src/core/CMakeFiles/coreobj.dir/lib/utils/prng/blake2xb-ref.c.obj
2026-08-31T18:48:21.6184086Z [ 34%] Building CXX object src/core/CMakeFiles/coreobj.dir/lib/utils/utilities.cpp.obj
2026-08-31T18:48:22.0777234Z [ 34%] Built target coreobj
2026-08-31T18:48:22.1992655Z [ 35%] Linking CXX shared library ../../lib/libOPENFHEcore.dll
2026-08-31T18:48:22.7776036Z [ 35%] Built target OPENFHEcore
2026-08-31T18:48:22.9055198Z [ 36%] Building CXX object src/binfhe/CMakeFiles/binfheobj.dir/lib/binfhe-base-scheme.cpp.obj
2026-08-31T18:48:22.9102851Z [ 37%] Building CXX object src/binfhe/CMakeFiles/binfheobj.dir/lib/binfhe-constants-impl.cpp.obj
2026-08-31T18:48:23.6524584Z [ 38%] Building CXX object src/binfhe/CMakeFiles/binfheobj.dir/lib/binfhecontext.cpp.obj
2026-08-31T18:48:28.0747751Z [ 39%] Building CXX object src/binfhe/CMakeFiles/binfheobj.dir/lib/lwe-pke.cpp.obj
2026-08-31T18:48:28.1996965Z [ 40%] Building CXX object src/binfhe/CMakeFiles/binfheobj.dir/lib/rgsw-acc-cggi.cpp.obj
2026-08-31T18:48:30.7474128Z [ 41%] Building CXX object src/binfhe/CMakeFiles/binfheobj.dir/lib/rgsw-acc-dm.cpp.obj
2026-08-31T18:48:31.3288995Z [ 41%] Building CXX object src/binfhe/CMakeFiles/binfheobj.dir/lib/rgsw-acc-lmkcdey.cpp.obj
2026-08-31T18:48:33.8652068Z [ 42%] Building CXX object src/binfhe/CMakeFiles/binfheobj.dir/lib/rgsw-acc.cpp.obj
2026-08-31T18:48:35.1797990Z [ 43%] Building CXX object src/binfhe/CMakeFiles/binfheobj.dir/lib/rgsw-cryptoparameters.cpp.obj
2026-08-31T18:48:37.6947800Z [ 43%] Built target binfheobj
2026-08-31T18:48:37.8178476Z [ 43%] Linking CXX shared library ../../lib/libOPENFHEbinfhe.dll
2026-08-31T18:48:38.1485720Z [ 43%] Built target OPENFHEbinfhe
2026-08-31T18:48:38.2769293Z [ 44%] Building CXX object src/pke/CMakeFiles/pkeobj.dir/lib/ciphertext-impl.cpp.obj
2026-08-31T18:48:38.2823072Z [ 45%] Building CXX object src/pke/CMakeFiles/pkeobj.dir/lib/constants-impl.cpp.obj
2026-08-31T18:48:40.0673567Z [ 46%] Building CXX object src/pke/CMakeFiles/pkeobj.dir/lib/cryptocontext.cpp.obj
2026-08-31T18:48:45.0752948Z [ 47%] Building CXX object src/pke/CMakeFiles/pkeobj.dir/lib/cryptocontextfactory.cpp.obj
2026-08-31T18:48:47.4556199Z Terminate batch job (Y/N)? 
2026-08-31T18:48:47.4568677Z ^C
2026-08-31T18:48:47.4676572Z ##[error]The operation was canceled.
2026-08-31T18:48:47.4837006Z Cleaning up orphan processes
