2026-09-01T22:38:42.5668776Z Current runner version: '2.337.0'
2026-09-01T22:38:42.5688918Z ##[group]Runner Image Provisioner
2026-09-01T22:38:42.5689553Z Hosted Compute Agent
2026-09-01T22:38:42.5690010Z Version: 20260819.586
2026-09-01T22:38:42.5690804Z Commit: 3cc4a88dfa507ef76119ad1bb3eccc6378bb2b76
2026-09-01T22:38:42.5691357Z Build Date: 2026-08-18T23:20:18Z
2026-09-01T22:38:42.5691827Z Worker ID: {de9e011c-1606-431b-93c4-f1378b682b37}
2026-09-01T22:38:42.5692338Z Azure Region: westus3
2026-09-01T22:38:42.5692730Z ##[endgroup]
2026-09-01T22:38:42.5694080Z ##[group]Operating System
2026-09-01T22:38:42.5694568Z Microsoft Windows Server 2022
2026-09-01T22:38:42.5695016Z 10.0.20348
2026-09-01T22:38:42.5695404Z Datacenter
2026-09-01T22:38:42.5695765Z ##[endgroup]
2026-09-01T22:38:42.5696153Z ##[group]Runner Image
2026-09-01T22:38:42.5696586Z Image: windows-2022
2026-09-01T22:38:42.5696970Z Version: 20260824.284.2
2026-09-01T22:38:42.5698070Z Included Software: https://github.com/actions/runner-images/blob/win22/20260824.284/images/windows/Windows2022-Readme.md
2026-09-01T22:38:42.5699249Z Image Release: https://github.com/actions/runner-images/releases/tag/win22%2F20260824.284
2026-09-01T22:38:42.5699974Z ##[endgroup]
2026-09-01T22:38:42.5700760Z ##[group]GITHUB_TOKEN Permissions
2026-09-01T22:38:42.5702304Z Contents: read
2026-09-01T22:38:42.5702708Z Metadata: read
2026-09-01T22:38:42.5703105Z ##[endgroup]
2026-09-01T22:38:42.5704720Z Secret source: Actions
2026-09-01T22:38:42.5705571Z Prepare workflow directory
2026-09-01T22:38:42.6107646Z Prepare all required actions
2026-09-01T22:38:42.6149201Z Getting action download info
2026-09-01T22:38:42.9455935Z Download action repository 'msys2/setup-msys2@v2' (SHA:66cd2cce69caa17b53920067426061ca1de3a884)
2026-09-01T22:38:43.5047386Z Complete job name: windows-mingw64
2026-09-01T22:38:43.6238955Z ##[group]Run git config --global core.autocrlf false
2026-09-01T22:38:43.6239759Z [36;1mgit config --global core.autocrlf false[0m
2026-09-01T22:38:43.6240302Z [36;1mgit config --global core.eol lf[0m
2026-09-01T22:38:43.6240968Z [36;1mNew-Item -ItemType Directory -Path $env:WINDOWS_ROOT | Out-Null[0m
2026-09-01T22:38:43.6241570Z [36;1m[0m
2026-09-01T22:38:43.6241941Z [36;1mgit init $env:PROJECT_SOURCE[0m
2026-09-01T22:38:43.6242634Z [36;1mgit -C $env:PROJECT_SOURCE remote add origin https://github.com/leemaple/20231788..git[0m
2026-09-01T22:38:43.6243466Z [36;1mgit -C $env:PROJECT_SOURCE fetch --depth 1 origin $env:GITHUB_SHA[0m
2026-09-01T22:38:43.6244149Z [36;1mgit -C $env:PROJECT_SOURCE checkout --detach FETCH_HEAD[0m
2026-09-01T22:38:43.6244819Z [36;1m$projectActual = git -C $env:PROJECT_SOURCE rev-parse HEAD[0m
2026-09-01T22:38:43.6245462Z [36;1mif ($projectActual -ne $env:GITHUB_SHA) {[0m
2026-09-01T22:38:43.6246080Z [36;1m  throw "Project checkout mismatch: $projectActual"[0m
2026-09-01T22:38:43.6246597Z [36;1m}[0m
2026-09-01T22:38:43.6246925Z [36;1m[0m
2026-09-01T22:38:43.6247278Z [36;1mgit init $env:OPENFHE_SOURCE[0m
2026-09-01T22:38:43.6248042Z [36;1mgit -C $env:OPENFHE_SOURCE remote add origin https://github.com/openfheorg/openfhe-development.git[0m
2026-09-01T22:38:43.6248982Z [36;1mgit -C $env:OPENFHE_SOURCE fetch --depth 1 origin $env:OPENFHE_COMMIT[0m
2026-09-01T22:38:43.6249682Z [36;1mgit -C $env:OPENFHE_SOURCE checkout --detach FETCH_HEAD[0m
2026-09-01T22:38:43.6250413Z [36;1mgit -C $env:OPENFHE_SOURCE submodule update --init --recursive --depth 1[0m
2026-09-01T22:38:43.6251030Z [36;1m[0m
2026-09-01T22:38:43.6251526Z [36;1m$projectStatus = @(git -C $env:PROJECT_SOURCE status --porcelain)[0m
2026-09-01T22:38:43.6252150Z [36;1mif ($projectStatus.Count -ne 0) {[0m
2026-09-01T22:38:43.6252747Z [36;1m  throw "Project checkout is dirty: $($projectStatus -join '; ')"[0m
2026-09-01T22:38:43.6253361Z [36;1m}[0m
2026-09-01T22:38:43.6253858Z [36;1m$openfheStatus = @(git -C $env:OPENFHE_SOURCE status --porcelain)[0m
2026-09-01T22:38:43.6254484Z [36;1mif ($openfheStatus.Count -ne 0) {[0m
2026-09-01T22:38:43.6256586Z [36;1m  throw "OpenFHE checkout is dirty: $($openfheStatus -join '; ')"[0m
2026-09-01T22:38:43.6257176Z [36;1m}[0m
2026-09-01T22:38:43.8083937Z shell: C:\Program Files\PowerShell\7\pwsh.EXE -command ". '{0}'"
2026-09-01T22:38:43.8084716Z env:
2026-09-01T22:38:43.8085112Z   OPENFHE_COMMIT: df495ba2e91739a6dc8f1de254fc5a41155ce504
2026-09-01T22:38:43.8085669Z   OPENFHE_PREFIX: C:\openfhe-2023-1788\openfhe-install
2026-09-01T22:38:43.8086152Z   WINDOWS_ROOT: C:\openfhe-2023-1788
2026-09-01T22:38:43.8086575Z   PROJECT_SOURCE: C:\openfhe-2023-1788\cleanroom
2026-09-01T22:38:43.8087057Z   OPENFHE_SOURCE: C:\openfhe-2023-1788\openfhe-src
2026-09-01T22:38:43.8087589Z   OPENFHE_BUILD: C:\openfhe-2023-1788\openfhe-build-33567295705-1
2026-09-01T22:38:43.8088206Z   PROJECT_BUILD: C:\openfhe-2023-1788\project-build-33567295705-1
2026-09-01T22:38:43.8088696Z ##[endgroup]
2026-09-01T22:38:44.6745496Z Initialized empty Git repository in C:/openfhe-2023-1788/cleanroom/.git/
2026-09-01T22:38:46.5700667Z From https://github.com/leemaple/20231788.
2026-09-01T22:38:46.5701159Z  * branch            82c9fa972e528a181a38fda4f3d71b9210547357 -> FETCH_HEAD
2026-09-01T22:38:46.7082396Z HEAD is now at 82c9fa9 test: retain Relin2 wrong-key-tag red
2026-09-01T22:38:46.7804843Z Initialized empty Git repository in C:/openfhe-2023-1788/openfhe-src/.git/
2026-09-01T22:38:48.4990272Z From https://github.com/openfheorg/openfhe-development
2026-09-01T22:38:48.4990970Z  * branch            df495ba2e91739a6dc8f1de254fc5a41155ce504 -> FETCH_HEAD
2026-09-01T22:38:49.1313022Z HEAD is now at df495ba Merge pull request #1130 from openfheorg/dev
2026-09-01T22:38:50.1450716Z Submodule 'third-party/cereal' (https://github.com/openfheorg/cereal.git) registered for path 'third-party/cereal'
2026-09-01T22:38:50.1467334Z Submodule 'third-party/google-benchmark' (https://github.com/google/benchmark.git) registered for path 'third-party/google-benchmark'
2026-09-01T22:38:50.1482685Z Submodule 'third-party/google-test' (https://github.com/google/googletest.git) registered for path 'third-party/google-test'
2026-09-01T22:38:50.1517194Z Submodule 'third-party/gperftools' (https://github.com/gperftools/gperftools.git) registered for path 'third-party/gperftools'
2026-09-01T22:38:50.2266259Z Cloning into 'C:/openfhe-2023-1788/openfhe-src/third-party/cereal'...
2026-09-01T22:38:51.0704888Z Cloning into 'C:/openfhe-2023-1788/openfhe-src/third-party/google-benchmark'...
2026-09-01T22:38:51.8518943Z Cloning into 'C:/openfhe-2023-1788/openfhe-src/third-party/google-test'...
2026-09-01T22:38:52.7597848Z Cloning into 'C:/openfhe-2023-1788/openfhe-src/third-party/gperftools'...
2026-09-01T22:38:54.0381507Z Submodule path 'third-party/cereal': checked out '984e3f194862b17916536b5fade40cba6e47a6fe'
2026-09-01T22:38:55.6154910Z From https://github.com/google/benchmark
2026-09-01T22:38:55.6155309Z  * branch            eddb0241389718a23a42db6af5f0164b6e0139af -> FETCH_HEAD
2026-09-01T22:38:55.9060429Z Submodule path 'third-party/google-benchmark': checked out 'eddb0241389718a23a42db6af5f0164b6e0139af'
2026-09-01T22:38:57.3308545Z From https://github.com/google/googletest
2026-09-01T22:38:57.3309172Z  * branch            52eb8108c5bdec04579160ae17225d66034bd723 -> FETCH_HEAD
2026-09-01T22:38:57.7301979Z Submodule path 'third-party/google-test': checked out '52eb8108c5bdec04579160ae17225d66034bd723'
2026-09-01T22:38:59.3516248Z From https://github.com/gperftools/gperftools
2026-09-01T22:38:59.3516911Z  * branch            83edb60836d87cf1b406e8846b9059c03031e8f5 -> FETCH_HEAD
2026-09-01T22:39:00.2852976Z Submodule path 'third-party/gperftools': checked out '83edb60836d87cf1b406e8846b9059c03031e8f5'
2026-09-01T22:39:00.5471844Z ##[group]Run msys2/setup-msys2@v2
2026-09-01T22:39:00.5472121Z with:
2026-09-01T22:39:00.5472276Z   msystem: MINGW64
2026-09-01T22:39:00.5472440Z   update: true
2026-09-01T22:39:00.5472606Z   cache: false
2026-09-01T22:39:00.5472902Z   install: git make mingw-w64-x86_64-boost mingw-w64-x86_64-cmake mingw-w64-x86_64-gcc
2026-09-01T22:39:00.5473807Z   path-type: minimal
2026-09-01T22:39:00.5473968Z   release: true
2026-09-01T22:39:00.5474137Z   platform-check-severity: fatal
2026-09-01T22:39:00.5474323Z env:
2026-09-01T22:39:00.5474503Z   OPENFHE_COMMIT: df495ba2e91739a6dc8f1de254fc5a41155ce504
2026-09-01T22:39:00.5474775Z   OPENFHE_PREFIX: C:\openfhe-2023-1788\openfhe-install
2026-09-01T22:39:00.5475007Z   WINDOWS_ROOT: C:\openfhe-2023-1788
2026-09-01T22:39:00.5475211Z   PROJECT_SOURCE: C:\openfhe-2023-1788\cleanroom
2026-09-01T22:39:00.5475449Z   OPENFHE_SOURCE: C:\openfhe-2023-1788\openfhe-src
2026-09-01T22:39:00.5475778Z   OPENFHE_BUILD: C:\openfhe-2023-1788\openfhe-build-33567295705-1
2026-09-01T22:39:00.5476092Z   PROJECT_BUILD: C:\openfhe-2023-1788\project-build-33567295705-1
2026-09-01T22:39:00.5476332Z ##[endgroup]
2026-09-01T22:39:00.6805596Z ##[group]Downloading MSYS2...
2026-09-01T22:39:01.3472107Z ##[endgroup]
2026-09-01T22:39:01.3472670Z ##[group]Extracting MSYS2...
2026-09-01T22:39:01.3485432Z [command]C:\hostedtoolcache\windows\msys2-installer\0.0.20260611\x64\base.exe -y
2026-09-01T22:39:01.5985846Z 
2026-09-01T22:39:01.5986769Z 7-Zip SFX 25.01 ZS v1.5.7 R4 (x64) : Copyright (c) 1999-2025 Igor Pavlov, 2016-2026 Tino Reichardt, 2022-2026 Sergey G. Brester : 2026-01-10
2026-09-01T22:39:01.5988261Z 
2026-09-01T22:39:01.5988624Z Extracting archive: C:\hostedtoolcache\windows\msys2-installer\0.0.20260611\x64\base.exe
2026-09-01T22:39:01.5989180Z --
2026-09-01T22:39:01.5989695Z Path = C:\hostedtoolcache\windows\msys2-installer\0.0.20260611\x64\base.exe
2026-09-01T22:39:01.5990219Z Type = 7z
2026-09-01T22:39:01.5990431Z 
2026-09-01T22:39:01.7997979Z   0%
2026-09-01T22:39:01.7998547Z     
2026-09-01T22:39:02.0029683Z   3% 1369 - msys64\usr\lib\perl5\core_perl\encoding.pm
2026-09-01T22:39:02.0030078Z                                                       
2026-09-01T22:39:02.2059735Z   4% 2644 - msys64\usr\lib\terminfo\69\ims-ansi
2026-09-01T22:39:02.2060229Z                                                
2026-09-01T22:39:02.4099982Z   4% 3944 - msys64\usr\lib\terminfo\77\wy325
2026-09-01T22:39:02.4100247Z                                             
2026-09-01T22:39:02.6133229Z   5% 5211 - msys64\usr\share\bash-completion\completions\zopfli
2026-09-01T22:39:02.6133721Z                                                                
2026-09-01T22:39:02.8166985Z  15% 6196 - msys64\usr\share\locale\et\LC_MESSAGES\bash.mo
2026-09-01T22:39:03.0197204Z                                                           
2026-09-01T22:39:03.0197808Z  32% 6903 - msys64\usr\share\makepkg\integrity\generate_checksum.sh
2026-09-01T22:39:03.0198350Z                                                                    
2026-09-01T22:39:03.2229375Z  33% 8158 - msys64\usr\share\man\man3\curl_formfree.3.gz
2026-09-01T22:39:03.2229843Z                                                         
2026-09-01T22:39:03.4260158Z  34% 9052 - msys64\usr\share\man\man3\scale_form.3x.gz
2026-09-01T22:39:03.4260544Z                                                       
2026-09-01T22:39:03.6291799Z  40% 9845 - msys64\usr\share\perl5\core_perl\I18N\LangTags.pm
2026-09-01T22:39:03.6292254Z                                                              
2026-09-01T22:39:03.8324385Z  44% 10887 - msys64\usr\share\perl5\core_perl\unicore\lib\Scx\Taml.pl
2026-09-01T22:39:03.8324752Z                                                                      
2026-09-01T22:39:04.3217656Z  47% 12137 - msys64\usr\share\terminfo\68\hp98720
2026-09-01T22:39:04.3218097Z                                                  
2026-09-01T22:39:04.5200170Z  47% 13315 - msys64\usr\share\terminfo\76\vc203
2026-09-01T22:39:04.5202894Z                                                
2026-09-01T22:39:04.7236099Z  48% 14397 - msys64\usr\share\zoneinfo\Europe\Sarajevo
2026-09-01T22:39:04.7236400Z                                                       
2026-09-01T22:39:04.9211687Z  48% 15121 - msys64\usr\share\zoneinfo\right\Africa\Dakar
2026-09-01T22:39:04.9212541Z                                                          
2026-09-01T22:39:05.1479313Z  50% 16118 - msys64\usr\bin\cut.exe
2026-09-01T22:39:05.1479706Z                                    
2026-09-01T22:39:05.3350100Z  74% 16358 - msys64\usr\bin\pacman.exe
2026-09-01T22:39:05.3350665Z                                       
2026-09-01T22:39:05.3351170Z Everything is Ok
2026-09-01T22:39:05.3371772Z ##[endgroup]
2026-09-01T22:39:05.3373808Z ##[group]Disable Key Refresh...
2026-09-01T22:39:05.3388733Z ##[endgroup]
2026-09-01T22:39:05.3403048Z ##[group]Starting MSYS2 for the first time...
2026-09-01T22:39:05.4088873Z [command]C:\Windows\system32\cmd.exe /D /S /C D:\a\_temp\setup-msys2\msys2.cmd -c "'uname' '-a'"
2026-09-01T22:39:05.5180422Z [1;32mMSYS2 is starting for the first time. Executing the initial setup.[1;0m
2026-09-01T22:39:05.5455622Z Copying skeleton files.
2026-09-01T22:39:05.5456079Z These files are for the users to personalise their msys2 experience.
2026-09-01T22:39:05.5456488Z 
2026-09-01T22:39:05.5456655Z They will never be overwritten nor automatically updated.
2026-09-01T22:39:05.5456960Z 
2026-09-01T22:39:05.5797525Z './.bashrc' -> '/home/runneradmin/.bashrc'
2026-09-01T22:39:05.5917545Z './.bash_profile' -> '/home/runneradmin/.bash_profile'
2026-09-01T22:39:05.6038976Z './.profile' -> '/home/runneradmin/.profile'
2026-09-01T22:39:05.6578966Z 'C:\Windows\system32\drivers\etc\hosts' -> '/etc/hosts'
2026-09-01T22:39:05.7015762Z 'C:\Windows\system32\drivers\etc\protocol' -> '/etc/protocols'
2026-09-01T22:39:05.7371499Z 'C:\Windows\system32\drivers\etc\services' -> '/etc/services'
2026-09-01T22:39:05.7734882Z 'C:\Windows\system32\drivers\etc\networks' -> '/etc/networks'
2026-09-01T22:39:06.1909008Z gpg: /etc/pacman.d/gnupg/trustdb.gpg: trustdb created
2026-09-01T22:39:06.1961981Z gpg: no ultimately trusted keys found
2026-09-01T22:39:06.4037483Z gpg: starting migration from earlier GnuPG versions
2026-09-01T22:39:06.5503598Z gpg: porting secret keys from '/etc/pacman.d/gnupg/secring.gpg' to gpg-agent
2026-09-01T22:39:06.5505038Z gpg: migration succeeded
2026-09-01T22:39:06.5646137Z ==> Generating pacman master key. This may take some time.
2026-09-01T22:39:06.5769583Z gpg: Generating pacman keyring master key...
2026-09-01T22:39:07.0392270Z gpg: directory '/etc/pacman.d/gnupg/openpgp-revocs.d' created
2026-09-01T22:39:07.0603265Z gpg: revocation certificate stored as '/etc/pacman.d/gnupg/openpgp-revocs.d/C3F9150476D386D806B0007036E3DBF902291B04.rev'
2026-09-01T22:39:07.0603941Z gpg: Done
2026-09-01T22:39:07.0724675Z ==> Updating trust database...
2026-09-01T22:39:07.0991376Z gpg: marginals needed: 3  completes needed: 1  trust model: pgp
2026-09-01T22:39:07.0991889Z gpg: depth: 0  valid:   1  signed:   0  trust: 0-, 0q, 0n, 0m, 0f, 1u
2026-09-01T22:39:07.2016416Z ==> Appending keys from msys2.gpg...
2026-09-01T22:39:07.7017255Z ==> Locally signing trusted keys in keyring...
2026-09-01T22:39:08.1118388Z   -> Locally signed 5 keys.
2026-09-01T22:39:08.1221146Z ==> Importing owner trust values...
2026-09-01T22:39:08.1351714Z gpg: setting ownertrust to 4
2026-09-01T22:39:08.1352046Z gpg: setting ownertrust to 4
2026-09-01T22:39:08.1352737Z gpg: setting ownertrust to 4
2026-09-01T22:39:08.1353008Z gpg: setting ownertrust to 4
2026-09-01T22:39:08.1353198Z gpg: setting ownertrust to 4
2026-09-01T22:39:08.1540916Z ==> Disabling revoked keys in keyring...
2026-09-01T22:39:08.3439229Z   -> Disabled 4 keys.
2026-09-01T22:39:08.3539007Z ==> Updating trust database...
2026-09-01T22:39:08.3811640Z gpg: marginals needed: 3  completes needed: 1  trust model: pgp
2026-09-01T22:39:08.3833048Z gpg: depth: 0  valid:   1  signed:   5  trust: 0-, 0q, 0n, 0m, 0f, 1u
2026-09-01T22:39:08.3855187Z gpg: depth: 1  valid:   5  signed:   6  trust: 0-, 0q, 0n, 5m, 0f, 0u
2026-09-01T22:39:08.3865480Z gpg: depth: 2  valid:   3  signed:   2  trust: 3-, 0q, 0n, 0m, 0f, 0u
2026-09-01T22:39:08.4145028Z pacman-key (pacman) 6.1.0
2026-09-01T22:39:08.4145456Z Copyright (c) 2010-2024 Pacman Development Team <pacman-dev@lists.archlinux.org>.
2026-09-01T22:39:08.4145954Z 
2026-09-01T22:39:08.4251271Z This is free software; see the source for copying conditions.
2026-09-01T22:39:08.4251814Z There is NO WARRANTY, to the extent permitted by law.
2026-09-01T22:39:08.5697377Z [1;32mInitial setup complete. MSYS2 is now ready to use.[1;0m
2026-09-01T22:39:08.5812800Z MINGW64_NT-10.0-20348 runnervm0js1w 3.6.9-01d6c708.x86_64 2026-05-24 10:45 UTC x86_64 Msys
2026-09-01T22:39:08.5846341Z ##[endgroup]
2026-09-01T22:39:08.5847106Z ##[group]Disable CheckSpace...
2026-09-01T22:39:08.6279097Z [command]C:\Windows\system32\cmd.exe /D /S /C D:\a\_temp\setup-msys2\msys2.cmd -c "'sed' '-i' 's/^CheckSpace/#CheckSpace/g' '/etc/pacman.conf'"
2026-09-01T22:39:08.7978766Z ##[endgroup]
2026-09-01T22:39:08.7979178Z ##[group]Updating packages...
2026-09-01T22:39:08.8424446Z [command]C:\Windows\system32\cmd.exe /D /S /C D:\a\_temp\setup-msys2\msys2.cmd -c "'pacman' '--noconfirm' '-Syuu' '--overwrite' '*'"
2026-09-01T22:39:09.3684541Z :: Synchronizing package databases...
2026-09-01T22:39:10.6959473Z  clangarm64 downloading...
2026-09-01T22:39:10.6959824Z  mingw32 downloading...
2026-09-01T22:39:10.6960071Z  mingw64 downloading...
2026-09-01T22:39:10.6960295Z  ucrt64 downloading...
2026-09-01T22:39:10.6960526Z  clang64 downloading...
2026-09-01T22:39:10.6960743Z  msys downloading...
2026-09-01T22:39:11.1651355Z :: Starting core system upgrade...
2026-09-01T22:39:11.3133664Z warning: terminate other MSYS2 programs before proceeding
2026-09-01T22:39:11.3134001Z resolving dependencies...
2026-09-01T22:39:11.3134211Z looking for conflicting packages...
2026-09-01T22:39:11.3213573Z 
2026-09-01T22:39:11.3213786Z Packages (1) msys2-runtime-3.6.10-3
2026-09-01T22:39:11.3214012Z 
2026-09-01T22:39:11.3216842Z Total Download Size:    1.97 MiB
2026-09-01T22:39:11.3217170Z Total Installed Size:   6.33 MiB
2026-09-01T22:39:11.3217455Z Net Upgrade Size:      -0.20 MiB
2026-09-01T22:39:11.3217646Z 
2026-09-01T22:39:11.3217900Z :: Proceed with installation? [Y/n] 
2026-09-01T22:39:11.3218191Z :: Retrieving packages...
2026-09-01T22:39:12.4945931Z  msys2-runtime-3.6.10-3-x86_64 downloading...
2026-09-01T22:39:12.4946323Z checking keyring...
2026-09-01T22:39:12.5429007Z checking package integrity...
2026-09-01T22:39:12.6741125Z loading package files...
2026-09-01T22:39:12.6759171Z checking for file conflicts...
2026-09-01T22:39:12.6775865Z :: Processing package changes...
2026-09-01T22:39:12.6776178Z upgrading msys2-runtime...
2026-09-01T22:39:12.7930067Z :: To complete this update all MSYS2 processes including this terminal will be closed. Confirm to proceed [Y/n] 
2026-09-01T22:39:13.0131053Z ##[endgroup]
2026-09-01T22:39:13.0131534Z ##[group]Killing remaining tasks...
2026-09-01T22:39:13.0609590Z [command]C:\Windows\system32\taskkill.exe /F /FI "MODULES eq msys-2.0.dll"
2026-09-01T22:39:13.2568098Z 
2026-09-01T22:39:13.2568722Z INFO: No tasks running with the specified criteria.
2026-09-01T22:39:13.2594690Z ##[endgroup]
2026-09-01T22:39:13.2595011Z ##[group]Final system upgrade...
2026-09-01T22:39:13.3074088Z [command]C:\Windows\system32\cmd.exe /D /S /C D:\a\_temp\setup-msys2\msys2.cmd -c "'pacman' '--noconfirm' '-Syuu' '--overwrite' '*'"
2026-09-01T22:39:13.8987163Z :: Synchronizing package databases...
2026-09-01T22:39:14.8871410Z  clangarm64 downloading...
2026-09-01T22:39:14.8871780Z  mingw32 downloading...
2026-09-01T22:39:14.8872070Z  mingw64 downloading...
2026-09-01T22:39:14.8872330Z  ucrt64 downloading...
2026-09-01T22:39:14.8872559Z  clang64 downloading...
2026-09-01T22:39:14.8872781Z  msys downloading...
2026-09-01T22:39:15.2258579Z :: Starting core system upgrade...
2026-09-01T22:39:15.3732502Z  there is nothing to do
2026-09-01T22:39:15.3732816Z :: Starting full system upgrade...
2026-09-01T22:39:15.4012384Z resolving dependencies...
2026-09-01T22:39:15.4064406Z looking for conflicting packages...
2026-09-01T22:39:15.4163692Z 
2026-09-01T22:39:15.4165818Z Packages (31) bash-completion-2.18.0-1  bsdtar-3.8.9-1  ca-certificates-20260816-1  curl-8.21.0-1  findutils-4.11.0-2  gawk-5.4.1-1  gcc-libs-15.3.0-1  gnupg-2.4.9-3  libcurl-8.21.0-1  libexpat-2.8.3-1  libffi-3.8.0-1  libgnutls-3.8.13-2  libhogweed-4.0-1  libnettle-4.0-1  libnghttp2-1.70.0-1  libnghttp3-1.18.0-1  libngtcp2-1.25.0-1  libopenssl-3.6.4-1  libp11-kit-0.26.5-1  libpsl-0.23.2-1  libsqlite-3.53.4-1  msys2-keyring-1~20260814-1  nano-9.2-1  nettle-4.0-1  openssl-3.6.4-1  p11-kit-0.26.5-1  pacman-contrib-1.10.6-2  perl-5.42.3-1  pinentry-1.3.3-1  tzcode-2026c-1  wget-1.25.0-2
2026-09-01T22:39:15.4169354Z 
2026-09-01T22:39:15.4169500Z Total Download Size:    27.05 MiB
2026-09-01T22:39:15.4169812Z Total Installed Size:  108.42 MiB
2026-09-01T22:39:15.4170121Z Net Upgrade Size:       -1.02 MiB
2026-09-01T22:39:15.4170314Z 
2026-09-01T22:39:15.4170542Z :: Proceed with installation? [Y/n] 
2026-09-01T22:39:15.4170858Z :: Retrieving packages...
2026-09-01T22:39:17.9924226Z  perl-5.42.3-1-x86_64 downloading...
2026-09-01T22:39:17.9924722Z  pacman-contrib-1.10.6-2-x86_64 downloading...
2026-09-01T22:39:17.9924986Z  gnupg-2.4.9-3-x86_64 downloading...
2026-09-01T22:39:17.9925208Z  libopenssl-3.6.4-1-x86_64 downloading...
2026-09-01T22:39:17.9925424Z  gawk-5.4.1-1-x86_64 downloading...
2026-09-01T22:39:17.9925623Z  libgnutls-3.8.13-2-x86_64 downloading...
2026-09-01T22:39:17.9925830Z  gcc-libs-15.3.0-1-x86_64 downloading...
2026-09-01T22:39:17.9926032Z  curl-8.21.0-1-x86_64 downloading...
2026-09-01T22:39:17.9926231Z  wget-1.25.0-2-x86_64 downloading...
2026-09-01T22:39:17.9926423Z  libsqlite-3.53.4-1-x86_64 downloading...
2026-09-01T22:39:17.9926636Z  nano-9.2-1-x86_64 downloading...
2026-09-01T22:39:17.9926830Z  openssl-3.6.4-1-x86_64 downloading...
2026-09-01T22:39:17.9927030Z  findutils-4.11.0-2-x86_64 downloading...
2026-09-01T22:39:17.9927234Z  p11-kit-0.26.5-1-x86_64 downloading...
2026-09-01T22:39:17.9927451Z  ca-certificates-20260816-1-any downloading...
2026-09-01T22:39:17.9927669Z  libcurl-8.21.0-1-x86_64 downloading...
2026-09-01T22:39:17.9927870Z  bsdtar-3.8.9-1-x86_64 downloading...
2026-09-01T22:39:17.9928057Z  tzcode-2026c-1-x86_64 downloading...
2026-09-01T22:39:17.9928259Z  libp11-kit-0.26.5-1-x86_64 downloading...
2026-09-01T22:39:17.9928472Z  bash-completion-2.18.0-1-any downloading...
2026-09-01T22:39:17.9928681Z  libhogweed-4.0-1-x86_64 downloading...
2026-09-01T22:39:17.9928877Z  libngtcp2-1.25.0-1-x86_64 downloading...
2026-09-01T22:39:17.9929082Z  libnettle-4.0-1-x86_64 downloading...
2026-09-01T22:39:17.9929278Z  nettle-4.0-1-x86_64 downloading...
2026-09-01T22:39:17.9929469Z  libpsl-0.23.2-1-x86_64 downloading...
2026-09-01T22:39:17.9929672Z  libnghttp3-1.18.0-1-x86_64 downloading...
2026-09-01T22:39:17.9929895Z  libnghttp2-1.70.0-1-x86_64 downloading...
2026-09-01T22:39:17.9930099Z  libexpat-2.8.3-1-x86_64 downloading...
2026-09-01T22:39:17.9930307Z  pinentry-1.3.3-1-x86_64 downloading...
2026-09-01T22:39:17.9930518Z  msys2-keyring-1~20260814-1-any downloading...
2026-09-01T22:39:17.9930785Z  libffi-3.8.0-1-x86_64 downloading...
2026-09-01T22:39:17.9931063Z checking keyring...
2026-09-01T22:39:18.0401124Z checking package integrity...
2026-09-01T22:39:21.9244816Z loading package files...
2026-09-01T22:39:21.9830453Z checking for file conflicts...
2026-09-01T22:39:22.0258735Z :: Running pre-transaction hooks...
2026-09-01T22:39:22.0259185Z (1/1) Removing old entries from the info directory file...
2026-09-01T22:39:22.1309228Z :: Processing package changes...
2026-09-01T22:39:22.1309624Z upgrading bash-completion...
2026-09-01T22:39:22.8453234Z upgrading gcc-libs...
2026-09-01T22:39:22.8602624Z upgrading libexpat...
2026-09-01T22:39:22.8637906Z upgrading libopenssl...
2026-09-01T22:39:22.8867596Z upgrading bsdtar...
2026-09-01T22:39:22.8942738Z upgrading openssl...
2026-09-01T22:39:22.9768535Z upgrading findutils...
2026-09-01T22:39:23.0325293Z upgrading libffi...
2026-09-01T22:39:23.0406541Z upgrading libp11-kit...
2026-09-01T22:39:23.0463645Z upgrading p11-kit...
2026-09-01T22:39:23.1587711Z upgrading ca-certificates...
2026-09-01T22:39:23.5996021Z upgrading libnghttp3...
2026-09-01T22:39:23.6042894Z upgrading libngtcp2...
2026-09-01T22:39:23.6104694Z upgrading libnghttp2...
2026-09-01T22:39:23.6151066Z upgrading libpsl...
2026-09-01T22:39:23.6220535Z upgrading libcurl...
2026-09-01T22:39:23.6270745Z upgrading curl...
2026-09-01T22:39:23.9704609Z upgrading gawk...
2026-09-01T22:39:24.0508194Z upgrading libhogweed...
2026-09-01T22:39:24.0544250Z upgrading libnettle...
2026-09-01T22:39:24.0583219Z upgrading libgnutls...
2026-09-01T22:39:24.0966754Z upgrading libsqlite...
2026-09-01T22:39:24.1044660Z upgrading nettle...
2026-09-01T22:39:24.1102207Z upgrading pinentry...
2026-09-01T22:39:24.1148099Z upgrading gnupg...
2026-09-01T22:39:28.5784614Z ==> Appending keys from msys2.gpg...
2026-09-01T22:39:28.9429806Z ==> Updating trust database...
2026-09-01T22:39:28.9564598Z gpg: no need for a trustdb check
2026-09-01T22:39:29.0237185Z upgrading msys2-keyring...
2026-09-01T22:39:29.2970921Z ==> Appending keys from msys2.gpg...
2026-09-01T22:39:29.7832250Z ==> Updating trust database...
2026-09-01T22:39:29.7965072Z gpg: next trustdb check due at 2027-02-10
2026-09-01T22:39:29.8666128Z upgrading nano...
2026-09-01T22:39:29.9411895Z upgrading pacman-contrib...
2026-09-01T22:39:29.9922337Z New optional dependencies for pacman-contrib
2026-09-01T22:39:29.9922800Z     perl: for pacsearch [installed]
2026-09-01T22:39:29.9923149Z     vim: default diff program for pacdiff
2026-09-01T22:39:29.9923492Z upgrading perl...
2026-09-01T22:39:31.3013597Z upgrading tzcode...
2026-09-01T22:39:32.6799854Z upgrading wget...
2026-09-01T22:39:32.7673954Z :: Running post-transaction hooks...
2026-09-01T22:39:32.7674395Z (1/1) Updating the info directory file...
2026-09-01T22:39:34.1041308Z ##[endgroup]
2026-09-01T22:39:34.1041839Z ##[group]Installing additional packages through pacman...
2026-09-01T22:39:34.1493735Z [command]C:\Windows\system32\cmd.exe /D /S /C D:\a\_temp\setup-msys2\msys2.cmd -c "'pacman' '--noconfirm' '-S' '--needed' '--overwrite' '*' 'git' 'make' 'mingw-w64-x86_64-boost' 'mingw-w64-x86_64-cmake' 'mingw-w64-x86_64-gcc'"
2026-09-01T22:39:34.8811519Z resolving dependencies...
2026-09-01T22:39:34.8924583Z looking for conflicting packages...
2026-09-01T22:39:34.9032270Z 
2026-09-01T22:39:34.9040485Z Packages (89) heimdal-7.8.0-5  heimdal-libs-7.8.0-5  libcbor-0.14.0-2  libedit-20240808_3.1-1  libfido2-1.17.0-1  mingw-w64-x86_64-binutils-2.47-3  mingw-w64-x86_64-boost-libs-1.91.0-3  mingw-w64-x86_64-brotli-1.2.0-1  mingw-w64-x86_64-bzip2-1.0.8-4  mingw-w64-x86_64-c-ares-1.34.8-1  mingw-w64-x86_64-ca-certificates-20260816-1  mingw-w64-x86_64-cppdap-1.65.r11.g6464cd7-1  mingw-w64-x86_64-crt-14.0.0.r302.gd7f3c5201-1  mingw-w64-x86_64-curl-8.21.0-2  mingw-w64-x86_64-expat-2.8.3-1  mingw-w64-x86_64-gcc-libs-16.2.0-3  mingw-w64-x86_64-gettext-runtime-1.0-1  mingw-w64-x86_64-gmp-6.3.0-2  mingw-w64-x86_64-gnutls-3.8.13-3  mingw-w64-x86_64-headers-14.0.0.r302.gd7f3c5201-1  mingw-w64-x86_64-icu-78.3-4  mingw-w64-x86_64-isl-0.28-1  mingw-w64-x86_64-jsoncpp-1.9.8-1  mingw-w64-x86_64-libarchive-3.8.9-5  mingw-w64-x86_64-libb2-0.98.1-3  mingw-w64-x86_64-libffi-3.8.0-1  mingw-w64-x86_64-libiconv-1.19-1  mingw-w64-x86_64-libidn2-2.3.8-4  mingw-w64-x86_64-libpsl-0.21.5-3  mingw-w64-x86_64-libssh2-1.11.1-2  mingw-w64-x86_64-libtasn1-4.21.0-1  mingw-w64-x86_64-libunistring-1.4.2-1  mingw-w64-x86_64-libuv-1.52.1-1  mingw-w64-x86_64-libwinpthread-14.0.0.r302.gd7f3c5201-1  mingw-w64-x86_64-lz4-1.10.0-1  mingw-w64-x86_64-mpc-1.4.1-1  mingw-w64-x86_64-mpfr-4.2.2-3  mingw-w64-x86_64-nettle-4.0-1  mingw-w64-x86_64-nghttp2-1.70.0-1  mingw-w64-x86_64-nghttp3-1.18.0-1  mingw-w64-x86_64-ngtcp2-1.25.0-1  mingw-w64-x86_64-ninja-1.13.2-1  mingw-w64-x86_64-openssl-3.6.4-1  mingw-w64-x86_64-p11-kit-0.26.5-1  mingw-w64-x86_64-pcre2-10.47-1  mingw-w64-x86_64-pkgconf-1~3.0.5-1  mingw-w64-x86_64-rhash-1.4.6-1  mingw-w64-x86_64-tzdata-2026c-1  mingw-w64-x86_64-windows-default-manifest-20260815-1  mingw-w64-x86_64-wineditline-2.208-1  mingw-w64-x86_64-winpthreads-14.0.0.r302.gd7f3c5201-1  mingw-w64-x86_64-xz-5.8.3-1  mingw-w64-x86_64-zlib-1.3.2-2  mingw-w64-x86_64-zstd-1.5.7-2  openssh-10.5p1-2  perl-Authen-SASL-2.2000-1  perl-Clone-0.50-2  perl-Convert-BinHex-1.125-2  perl-Encode-Locale-1.05-2  perl-Error-0.17030-1  perl-File-Listing-6.16-1  perl-HTML-Parser-3.85-1  perl-HTML-Tagset-3.24-1  perl-HTTP-Cookies-6.12-1  perl-HTTP-Daemon-6.17-1  perl-HTTP-Date-6.08-1  perl-HTTP-Message-7.04-1  perl-HTTP-Negotiate-6.01-3  perl-IO-HTML-1.004-2  perl-IO-Socket-SSL-2.099-1  perl-IO-Stringy-2.113-3  perl-LWP-MediaTypes-6.04-2  perl-MIME-tools-5.517-1  perl-MailTools-2.22-1  perl-Net-HTTP-6.24-1  perl-Net-SMTP-SSL-1.04-2  perl-Net-SSLeay-1.96-1  perl-TermReadKey-2.38-8  perl-TimeDate-2.35-1  perl-Try-Tiny-0.32-1  perl-URI-5.36-1  perl-WWW-RobotRules-6.03-1  perl-http-cookiejar-0.014-1  perl-libwww-6.83-2  git-2.55.0-1  make-4.4.1-3  mingw-w64-x86_64-boost-1.91.0-3  mingw-w64-x86_64-cmake-4.4.2-2  mingw-w64-x86_64-gcc-16.2.0-3
2026-09-01T22:39:34.9047459Z 
2026-09-01T22:39:34.9047541Z Total Download Size:    154.18 MiB
2026-09-01T22:39:34.9047812Z Total Installed Size:  1023.08 MiB
2026-09-01T22:39:34.9047989Z 
2026-09-01T22:39:34.9048180Z :: Proceed with installation? [Y/n] 
2026-09-01T22:39:34.9048398Z :: Retrieving packages...
2026-09-01T22:39:56.8080563Z  mingw-w64-x86_64-gcc-16.2.0-3-any downloading...
2026-09-01T22:39:56.8081007Z  mingw-w64-x86_64-icu-78.3-4-any downloading...
2026-09-01T22:39:56.8081374Z  mingw-w64-x86_64-boost-1.91.0-3-any downloading...
2026-09-01T22:39:56.8081765Z  mingw-w64-x86_64-cmake-4.4.2-2-any downloading...
2026-09-01T22:39:56.8082223Z  mingw-w64-x86_64-openssl-3.6.4-1-any downloading...
2026-09-01T22:39:56.8082602Z  git-2.55.0-1-x86_64 downloading...
2026-09-01T22:39:56.8082949Z  mingw-w64-x86_64-headers-14.0.0.r302.gd7f3c5201-1-any downloading...
2026-09-01T22:39:56.8083602Z  mingw-w64-x86_64-binutils-2.47-3-any downloading...
2026-09-01T22:39:56.8084480Z  mingw-w64-x86_64-crt-14.0.0.r302.gd7f3c5201-1-any downloading...
2026-09-01T22:39:56.8084937Z  mingw-w64-x86_64-boost-libs-1.91.0-3-any downloading...
2026-09-01T22:39:56.8085328Z  mingw-w64-x86_64-gnutls-3.8.13-3-any downloading...
2026-09-01T22:39:56.8085708Z  mingw-w64-x86_64-libarchive-3.8.9-5-any downloading...
2026-09-01T22:39:56.8085964Z  mingw-w64-x86_64-curl-8.21.0-2-any downloading...
2026-09-01T22:39:56.8086207Z  mingw-w64-x86_64-isl-0.28-1-any downloading...
2026-09-01T22:39:56.8086446Z  mingw-w64-x86_64-pcre2-10.47-1-any downloading...
2026-09-01T22:39:56.8086674Z  openssh-10.5p1-2-x86_64 downloading...
2026-09-01T22:39:56.8086911Z  mingw-w64-x86_64-gcc-libs-16.2.0-3-any downloading...
2026-09-01T22:39:56.8087179Z  mingw-w64-x86_64-libunistring-1.4.2-1-any downloading...
2026-09-01T22:39:56.8087429Z  heimdal-libs-7.8.0-5-x86_64 downloading...
2026-09-01T22:39:56.8087660Z  mingw-w64-x86_64-libiconv-1.19-1-any downloading...
2026-09-01T22:39:56.8087901Z  mingw-w64-x86_64-zstd-1.5.7-2-any downloading...
2026-09-01T22:39:56.8088156Z  mingw-w64-x86_64-p11-kit-0.26.5-1-any downloading...
2026-09-01T22:39:56.8088404Z  mingw-w64-x86_64-gmp-6.3.0-2-any downloading...
2026-09-01T22:39:56.8088638Z  mingw-w64-x86_64-nettle-4.0-1-any downloading...
2026-09-01T22:39:56.8088941Z  heimdal-7.8.0-5-x86_64 downloading...
2026-09-01T22:39:56.8089220Z  mingw-w64-x86_64-mpfr-4.2.2-3-any downloading...
2026-09-01T22:39:56.8089496Z  mingw-w64-x86_64-cppdap-1.65.r11.g6464cd7-1-any downloading...
2026-09-01T22:39:56.8089752Z  make-4.4.1-3-x86_64 downloading...
2026-09-01T22:39:56.8089959Z  mingw-w64-x86_64-xz-5.8.3-1-any downloading...
2026-09-01T22:39:56.8090416Z  mingw-w64-x86_64-brotli-1.2.0-1-any downloading...
2026-09-01T22:39:56.8090687Z  mingw-w64-x86_64-gettext-runtime-1.0-1-any downloading...
2026-09-01T22:39:56.8090981Z  mingw-w64-x86_64-ca-certificates-20260816-1-any downloading...
2026-09-01T22:39:56.8091266Z  mingw-w64-x86_64-c-ares-1.34.8-1-any downloading...
2026-09-01T22:39:56.8091642Z  mingw-w64-x86_64-libssh2-1.11.1-2-any downloading...
2026-09-01T22:39:56.8091885Z  mingw-w64-x86_64-ngtcp2-1.25.0-1-any downloading...
2026-09-01T22:39:56.8092121Z  mingw-w64-x86_64-rhash-1.4.6-1-any downloading...
2026-09-01T22:39:56.8092363Z  perl-Net-SSLeay-1.96-1-x86_64 downloading...
2026-09-01T22:39:56.8092602Z  mingw-w64-x86_64-tzdata-2026c-1-any downloading...
2026-09-01T22:39:56.8092929Z  mingw-w64-x86_64-libuv-1.52.1-1-any downloading...
2026-09-01T22:39:56.8093301Z  mingw-w64-x86_64-jsoncpp-1.9.8-1-any downloading...
2026-09-01T22:39:56.8093686Z  mingw-w64-x86_64-nghttp2-1.70.0-1-any downloading...
2026-09-01T22:39:56.8094140Z  mingw-w64-x86_64-libtasn1-4.21.0-1-any downloading...
2026-09-01T22:39:56.8094534Z  mingw-w64-x86_64-expat-2.8.3-1-any downloading...
2026-09-01T22:39:56.8094904Z  mingw-w64-x86_64-ninja-1.13.2-1-any downloading...
2026-09-01T22:39:56.8095259Z  perl-MIME-tools-5.517-1-any downloading...
2026-09-01T22:39:56.8095616Z  mingw-w64-x86_64-libidn2-2.3.8-4-any downloading...
2026-09-01T22:39:56.8095944Z  mingw-w64-x86_64-lz4-1.10.0-1-any downloading...
2026-09-01T22:39:56.8096291Z  perl-IO-Socket-SSL-2.099-1-any downloading...
2026-09-01T22:39:56.8096671Z  mingw-w64-x86_64-pkgconf-1~3.0.5-1-any downloading...
2026-09-01T22:39:56.8097073Z  mingw-w64-x86_64-nghttp3-1.18.0-1-any downloading...
2026-09-01T22:39:56.8097456Z  mingw-w64-x86_64-mpc-1.4.1-1-any downloading...
2026-09-01T22:39:56.8097823Z  perl-libwww-6.83-2-any downloading...
2026-09-01T22:39:56.8098169Z  mingw-w64-x86_64-zlib-1.3.2-2-any downloading...
2026-09-01T22:39:56.8098531Z  perl-URI-5.36-1-any downloading...
2026-09-01T22:39:56.8098895Z  mingw-w64-x86_64-libpsl-0.21.5-3-any downloading...
2026-09-01T22:39:56.8099271Z  mingw-w64-x86_64-bzip2-1.0.8-4-any downloading...
2026-09-01T22:39:56.8099631Z  libedit-20240808_3.1-1-x86_64 downloading...
2026-09-01T22:39:56.8099974Z  libfido2-1.17.0-1-x86_64 downloading...
2026-09-01T22:39:56.8100302Z  perl-HTML-Parser-3.85-1-x86_64 downloading...
2026-09-01T22:39:56.8100676Z  perl-HTTP-Message-7.04-1-any downloading...
2026-09-01T22:39:56.8101032Z  perl-TimeDate-2.35-1-any downloading...
2026-09-01T22:39:56.8101427Z  mingw-w64-x86_64-wineditline-2.208-1-any downloading...
2026-09-01T22:39:56.8101830Z  perl-MailTools-2.22-1-any downloading...
2026-09-01T22:39:56.8102212Z  mingw-w64-x86_64-libffi-3.8.0-1-any downloading...
2026-09-01T22:39:56.8102586Z  perl-IO-Stringy-2.113-3-any downloading...
2026-09-01T22:39:56.8103055Z  mingw-w64-x86_64-winpthreads-14.0.0.r302.gd7f3c5201-1-any downloading...
2026-09-01T22:39:56.8103652Z  perl-Authen-SASL-2.2000-1-any downloading...
2026-09-01T22:39:56.8103963Z  mingw-w64-x86_64-libwinpthread-14.0.0.r302.gd7f3c5201-1-any downloading...
2026-09-01T22:39:56.8104388Z  perl-Convert-BinHex-1.125-2-any downloading...
2026-09-01T22:39:56.8104759Z  mingw-w64-x86_64-libb2-0.98.1-3-any downloading...
2026-09-01T22:39:56.8105115Z  libcbor-0.14.0-2-x86_64 downloading...
2026-09-01T22:39:56.8105415Z  perl-HTTP-Cookies-6.12-1-any downloading...
2026-09-01T22:39:56.8105812Z  perl-Net-HTTP-6.24-1-any downloading...
2026-09-01T22:39:56.8106141Z  perl-Error-0.17030-1-any downloading...
2026-09-01T22:39:56.8106361Z  perl-TermReadKey-2.38-8-x86_64 downloading...
2026-09-01T22:39:56.8106591Z  perl-HTTP-Daemon-6.17-1-any downloading...
2026-09-01T22:39:56.8106821Z  perl-LWP-MediaTypes-6.04-2-any downloading...
2026-09-01T22:39:56.8107042Z  perl-Try-Tiny-0.32-1-any downloading...
2026-09-01T22:39:56.8107246Z  perl-Clone-0.50-2-x86_64 downloading...
2026-09-01T22:39:56.8107450Z  perl-IO-HTML-1.004-2-any downloading...
2026-09-01T22:39:56.8107838Z  perl-WWW-RobotRules-6.03-1-any downloading...
2026-09-01T22:39:56.8108080Z  perl-http-cookiejar-0.014-1-any downloading...
2026-09-01T22:39:56.8108316Z  perl-HTTP-Negotiate-6.01-3-any downloading...
2026-09-01T22:39:56.8108548Z  perl-Encode-Locale-1.05-2-any downloading...
2026-09-01T22:39:56.8108771Z  perl-HTML-Tagset-3.24-1-any downloading...
2026-09-01T22:39:56.8108989Z  perl-File-Listing-6.16-1-any downloading...
2026-09-01T22:39:56.8109879Z  perl-HTTP-Date-6.08-1-any downloading...
2026-09-01T22:39:56.8110109Z  perl-Net-SMTP-SSL-1.04-2-any downloading...
2026-09-01T22:39:56.8110395Z  mingw-w64-x86_64-windows-default-manifest-20260815-1-any downloading...
2026-09-01T22:39:56.8110677Z checking keyring...
2026-09-01T22:39:56.8695388Z checking package integrity...
2026-09-01T22:40:08.7072206Z loading package files...
2026-09-01T22:40:08.9852641Z checking for file conflicts...
2026-09-01T22:40:10.8227086Z :: Processing package changes...
2026-09-01T22:40:10.8227477Z installing libedit...
2026-09-01T22:40:10.8475957Z installing heimdal-libs...
2026-09-01T22:40:10.8623053Z installing heimdal...
2026-09-01T22:40:11.3320840Z installing libcbor...
2026-09-01T22:40:11.3343258Z installing libfido2...
2026-09-01T22:40:11.3371474Z installing openssh...
2026-09-01T22:40:11.3675446Z installing perl-Error...
2026-09-01T22:40:11.3734751Z installing perl-Authen-SASL...
2026-09-01T22:40:11.3902080Z installing perl-Encode-Locale...
2026-09-01T22:40:11.3946198Z installing perl-HTTP-Date...
2026-09-01T22:40:11.3990485Z installing perl-File-Listing...
2026-09-01T22:40:11.4037876Z installing perl-HTML-Tagset...
2026-09-01T22:40:11.4083493Z installing perl-Clone...
2026-09-01T22:40:11.4124128Z installing perl-IO-HTML...
2026-09-01T22:40:11.4168184Z installing perl-LWP-MediaTypes...
2026-09-01T22:40:11.4219806Z installing perl-URI...
2026-09-01T22:40:11.4705050Z installing perl-HTTP-Message...
2026-09-01T22:40:11.4849992Z installing perl-HTML-Parser...
2026-09-01T22:40:11.4974910Z installing perl-HTTP-Cookies...
2026-09-01T22:40:11.5037213Z installing perl-HTTP-Daemon...
2026-09-01T22:40:11.5074080Z installing perl-http-cookiejar...
2026-09-01T22:40:11.5125818Z installing perl-HTTP-Negotiate...
2026-09-01T22:40:11.5161781Z installing perl-Net-HTTP...
2026-09-01T22:40:11.5243833Z installing perl-WWW-RobotRules...
2026-09-01T22:40:11.5313779Z installing perl-Try-Tiny...
2026-09-01T22:40:11.5367575Z installing perl-libwww...
2026-09-01T22:40:11.5630678Z Optional dependencies for perl-libwww
2026-09-01T22:40:11.5631186Z     perl-LWP-Protocol-https: for https:// url schemes
2026-09-01T22:40:11.5631591Z installing perl-TimeDate...
2026-09-01T22:40:11.6120860Z installing perl-MailTools...
2026-09-01T22:40:11.6332406Z installing perl-IO-Stringy...
2026-09-01T22:40:11.6436645Z installing perl-Convert-BinHex...
2026-09-01T22:40:11.7596244Z module test... pass.
2026-09-01T22:40:11.7602818Z installing perl-MIME-tools...
2026-09-01T22:40:11.7895606Z installing perl-Net-SSLeay...
2026-09-01T22:40:11.8449424Z installing perl-IO-Socket-SSL...
2026-09-01T22:40:11.8547569Z installing perl-Net-SMTP-SSL...
2026-09-01T22:40:11.8582074Z installing perl-TermReadKey...
2026-09-01T22:40:11.8641400Z installing git...
2026-09-01T22:40:12.3106093Z Optional dependencies for git
2026-09-01T22:40:12.3106495Z     python: various helper scripts
2026-09-01T22:40:12.3106822Z     subversion: git svn
2026-09-01T22:40:12.3107163Z     aspell: spell checking in git gui
2026-09-01T22:40:12.3107481Z installing make...
2026-09-01T22:40:12.3355039Z installing mingw-w64-x86_64-libwinpthread...
2026-09-01T22:40:12.3393411Z installing mingw-w64-x86_64-tzdata...
2026-09-01T22:40:13.5196638Z installing mingw-w64-x86_64-gcc-libs...
2026-09-01T22:40:13.5338250Z installing mingw-w64-x86_64-bzip2...
2026-09-01T22:40:13.5479670Z installing mingw-w64-x86_64-icu...
2026-09-01T22:40:13.8521883Z installing mingw-w64-x86_64-libiconv...
2026-09-01T22:40:13.8707210Z installing mingw-w64-x86_64-gettext-runtime...
2026-09-01T22:40:13.9645609Z installing mingw-w64-x86_64-xz...
2026-09-01T22:40:14.0461054Z installing mingw-w64-x86_64-zstd...
2026-09-01T22:40:14.0619487Z installing mingw-w64-x86_64-zlib...
2026-09-01T22:40:14.0681806Z installing mingw-w64-x86_64-boost-libs...
2026-09-01T22:40:14.1080297Z installing mingw-w64-x86_64-boost...
2026-09-01T22:40:23.8906234Z ##[error]The operation was canceled.
2026-09-01T22:40:23.9048510Z Cleaning up orphan processes
2026-09-01T22:40:23.9295068Z Terminate orphan process: pid (3132) (bash)
