2026-09-01T23:15:32.6827225Z Current runner version: '2.337.0'
2026-09-01T23:15:32.6853016Z ##[group]Runner Image Provisioner
2026-09-01T23:15:32.6853802Z Hosted Compute Agent
2026-09-01T23:15:32.6854715Z Version: 20260819.586
2026-09-01T23:15:32.6855317Z Commit: 3cc4a88dfa507ef76119ad1bb3eccc6378bb2b76
2026-09-01T23:15:32.6856017Z Build Date: 2026-08-18T23:20:18Z
2026-09-01T23:15:32.6856664Z Worker ID: {6cdc6265-a5d7-4f6c-86b7-8d64f8f23e44}
2026-09-01T23:15:32.6857873Z Azure Region: westus
2026-09-01T23:15:32.6858408Z ##[endgroup]
2026-09-01T23:15:32.6860533Z ##[group]Operating System
2026-09-01T23:15:32.6861239Z Microsoft Windows Server 2022
2026-09-01T23:15:32.6861882Z 10.0.20348
2026-09-01T23:15:32.6862363Z Datacenter
2026-09-01T23:15:32.6862859Z ##[endgroup]
2026-09-01T23:15:32.6863364Z ##[group]Runner Image
2026-09-01T23:15:32.6863897Z Image: windows-2022
2026-09-01T23:15:32.6864493Z Version: 20260824.284.2
2026-09-01T23:15:32.6865850Z Included Software: https://github.com/actions/runner-images/blob/win22/20260824.284/images/windows/Windows2022-Readme.md
2026-09-01T23:15:32.6867319Z Image Release: https://github.com/actions/runner-images/releases/tag/win22%2F20260824.284
2026-09-01T23:15:32.6868205Z ##[endgroup]
2026-09-01T23:15:32.6869324Z ##[group]GITHUB_TOKEN Permissions
2026-09-01T23:15:32.6871335Z Contents: read
2026-09-01T23:15:32.6871931Z Metadata: read
2026-09-01T23:15:32.6872458Z ##[endgroup]
2026-09-01T23:15:32.6874614Z Secret source: Actions
2026-09-01T23:15:32.6875762Z Prepare workflow directory
2026-09-01T23:15:32.7422058Z Prepare all required actions
2026-09-01T23:15:32.7472514Z Getting action download info
2026-09-01T23:15:33.1363652Z Download action repository 'msys2/setup-msys2@v2' (SHA:66cd2cce69caa17b53920067426061ca1de3a884)
2026-09-01T23:15:33.4857170Z Complete job name: windows-mingw64
2026-09-01T23:15:33.6417574Z ##[group]Run git config --global core.autocrlf false
2026-09-01T23:15:33.6418870Z [36;1mgit config --global core.autocrlf false[0m
2026-09-01T23:15:33.6419576Z [36;1mgit config --global core.eol lf[0m
2026-09-01T23:15:33.6420462Z [36;1mNew-Item -ItemType Directory -Path $env:WINDOWS_ROOT | Out-Null[0m
2026-09-01T23:15:33.6421335Z [36;1m[0m
2026-09-01T23:15:33.6421799Z [36;1mgit init $env:PROJECT_SOURCE[0m
2026-09-01T23:15:33.6422736Z [36;1mgit -C $env:PROJECT_SOURCE remote add origin https://github.com/leemaple/20231788..git[0m
2026-09-01T23:15:33.6423882Z [36;1mgit -C $env:PROJECT_SOURCE fetch --depth 1 origin $env:GITHUB_SHA[0m
2026-09-01T23:15:33.6424853Z [36;1mgit -C $env:PROJECT_SOURCE checkout --detach FETCH_HEAD[0m
2026-09-01T23:15:33.6425778Z [36;1m$projectActual = git -C $env:PROJECT_SOURCE rev-parse HEAD[0m
2026-09-01T23:15:33.6426629Z [36;1mif ($projectActual -ne $env:GITHUB_SHA) {[0m
2026-09-01T23:15:33.6427459Z [36;1m  throw "Project checkout mismatch: $projectActual"[0m
2026-09-01T23:15:33.6428174Z [36;1m}[0m
2026-09-01T23:15:33.6428634Z [36;1m[0m
2026-09-01T23:15:33.6429096Z [36;1mgit init $env:OPENFHE_SOURCE[0m
2026-09-01T23:15:33.6430138Z [36;1mgit -C $env:OPENFHE_SOURCE remote add origin https://github.com/openfheorg/openfhe-development.git[0m
2026-09-01T23:15:33.6431400Z [36;1mgit -C $env:OPENFHE_SOURCE fetch --depth 1 origin $env:OPENFHE_COMMIT[0m
2026-09-01T23:15:33.6432317Z [36;1mgit -C $env:OPENFHE_SOURCE checkout --detach FETCH_HEAD[0m
2026-09-01T23:15:33.6433251Z [36;1mgit -C $env:OPENFHE_SOURCE submodule update --init --recursive --depth 1[0m
2026-09-01T23:15:33.6434044Z [36;1m[0m
2026-09-01T23:15:33.6434667Z [36;1m$projectStatus = @(git -C $env:PROJECT_SOURCE status --porcelain)[0m
2026-09-01T23:15:33.6435474Z [36;1mif ($projectStatus.Count -ne 0) {[0m
2026-09-01T23:15:33.6436254Z [36;1m  throw "Project checkout is dirty: $($projectStatus -join '; ')"[0m
2026-09-01T23:15:33.6437006Z [36;1m}[0m
2026-09-01T23:15:33.6437623Z [36;1m$openfheStatus = @(git -C $env:OPENFHE_SOURCE status --porcelain)[0m
2026-09-01T23:15:33.6438438Z [36;1mif ($openfheStatus.Count -ne 0) {[0m
2026-09-01T23:15:33.6440976Z [36;1m  throw "OpenFHE checkout is dirty: $($openfheStatus -join '; ')"[0m
2026-09-01T23:15:33.6441763Z [36;1m}[0m
2026-09-01T23:15:33.8619277Z shell: C:\Program Files\PowerShell\7\pwsh.EXE -command ". '{0}'"
2026-09-01T23:15:33.8620646Z env:
2026-09-01T23:15:33.8621393Z   OPENFHE_COMMIT: df495ba2e91739a6dc8f1de254fc5a41155ce504
2026-09-01T23:15:33.8622490Z   OPENFHE_PREFIX: C:\openfhe-2023-1788\openfhe-install
2026-09-01T23:15:33.8623430Z   WINDOWS_ROOT: C:\openfhe-2023-1788
2026-09-01T23:15:33.8624279Z   PROJECT_SOURCE: C:\openfhe-2023-1788\cleanroom
2026-09-01T23:15:33.8625228Z   OPENFHE_SOURCE: C:\openfhe-2023-1788\openfhe-src
2026-09-01T23:15:33.8626122Z   OPENFHE_BUILD: C:\openfhe-2023-1788\openfhe-build-33570184376-1
2026-09-01T23:15:33.8627101Z   PROJECT_BUILD: C:\openfhe-2023-1788\project-build-33570184376-1
2026-09-01T23:15:33.8627876Z ##[endgroup]
2026-09-01T23:15:34.8466139Z Initialized empty Git repository in C:/openfhe-2023-1788/cleanroom/.git/
2026-09-01T23:15:36.5784907Z From https://github.com/leemaple/20231788.
2026-09-01T23:15:36.5785590Z  * branch            fafe3850d7de4b6e725eed707f32865ff0d2de7d -> FETCH_HEAD
2026-09-01T23:15:36.7650731Z HEAD is now at fafe385 test: fix Relin2 subtype scaffold comparison
2026-09-01T23:15:36.8661056Z Initialized empty Git repository in C:/openfhe-2023-1788/openfhe-src/.git/
2026-09-01T23:15:38.3891466Z From https://github.com/openfheorg/openfhe-development
2026-09-01T23:15:38.3892432Z  * branch            df495ba2e91739a6dc8f1de254fc5a41155ce504 -> FETCH_HEAD
2026-09-01T23:15:39.1884873Z HEAD is now at df495ba Merge pull request #1130 from openfheorg/dev
2026-09-01T23:15:40.5683431Z Submodule 'third-party/cereal' (https://github.com/openfheorg/cereal.git) registered for path 'third-party/cereal'
2026-09-01T23:15:40.5708686Z Submodule 'third-party/google-benchmark' (https://github.com/google/benchmark.git) registered for path 'third-party/google-benchmark'
2026-09-01T23:15:40.5729577Z Submodule 'third-party/google-test' (https://github.com/google/googletest.git) registered for path 'third-party/google-test'
2026-09-01T23:15:40.5768304Z Submodule 'third-party/gperftools' (https://github.com/gperftools/gperftools.git) registered for path 'third-party/gperftools'
2026-09-01T23:15:40.6268082Z Cloning into 'C:/openfhe-2023-1788/openfhe-src/third-party/cereal'...
2026-09-01T23:15:41.4083088Z Cloning into 'C:/openfhe-2023-1788/openfhe-src/third-party/google-benchmark'...
2026-09-01T23:15:42.5656909Z Cloning into 'C:/openfhe-2023-1788/openfhe-src/third-party/google-test'...
2026-09-01T23:15:43.2844013Z Cloning into 'C:/openfhe-2023-1788/openfhe-src/third-party/gperftools'...
2026-09-01T23:15:44.5866219Z Submodule path 'third-party/cereal': checked out '984e3f194862b17916536b5fade40cba6e47a6fe'
2026-09-01T23:15:47.0448184Z From https://github.com/google/benchmark
2026-09-01T23:15:47.0448921Z  * branch            eddb0241389718a23a42db6af5f0164b6e0139af -> FETCH_HEAD
2026-09-01T23:15:47.4448302Z Submodule path 'third-party/google-benchmark': checked out 'eddb0241389718a23a42db6af5f0164b6e0139af'
2026-09-01T23:15:48.9499613Z From https://github.com/google/googletest
2026-09-01T23:15:48.9500586Z  * branch            52eb8108c5bdec04579160ae17225d66034bd723 -> FETCH_HEAD
2026-09-01T23:15:50.3929849Z Submodule path 'third-party/google-test': checked out '52eb8108c5bdec04579160ae17225d66034bd723'
2026-09-01T23:15:52.8306984Z From https://github.com/gperftools/gperftools
2026-09-01T23:15:52.8307733Z  * branch            83edb60836d87cf1b406e8846b9059c03031e8f5 -> FETCH_HEAD
2026-09-01T23:15:54.4980692Z Submodule path 'third-party/gperftools': checked out '83edb60836d87cf1b406e8846b9059c03031e8f5'
2026-09-01T23:15:54.8171301Z ##[group]Run msys2/setup-msys2@v2
2026-09-01T23:15:54.8171650Z with:
2026-09-01T23:15:54.8171832Z   msystem: MINGW64
2026-09-01T23:15:54.8172022Z   update: true
2026-09-01T23:15:54.8172216Z   cache: false
2026-09-01T23:15:54.8172594Z   install: git make mingw-w64-x86_64-boost mingw-w64-x86_64-cmake mingw-w64-x86_64-gcc
2026-09-01T23:15:54.8173808Z   path-type: minimal
2026-09-01T23:15:54.8174012Z   release: true
2026-09-01T23:15:54.8174209Z   platform-check-severity: fatal
2026-09-01T23:15:54.8174434Z env:
2026-09-01T23:15:54.8174664Z   OPENFHE_COMMIT: df495ba2e91739a6dc8f1de254fc5a41155ce504
2026-09-01T23:15:54.8175027Z   OPENFHE_PREFIX: C:\openfhe-2023-1788\openfhe-install
2026-09-01T23:15:54.8175341Z   WINDOWS_ROOT: C:\openfhe-2023-1788
2026-09-01T23:15:54.8175621Z   PROJECT_SOURCE: C:\openfhe-2023-1788\cleanroom
2026-09-01T23:15:54.8175929Z   OPENFHE_SOURCE: C:\openfhe-2023-1788\openfhe-src
2026-09-01T23:15:54.8176334Z   OPENFHE_BUILD: C:\openfhe-2023-1788\openfhe-build-33570184376-1
2026-09-01T23:15:54.8176748Z   PROJECT_BUILD: C:\openfhe-2023-1788\project-build-33570184376-1
2026-09-01T23:15:54.8177063Z ##[endgroup]
2026-09-01T23:15:54.9797046Z ##[group]Downloading MSYS2...
2026-09-01T23:15:55.7833284Z ##[endgroup]
2026-09-01T23:15:55.7834292Z ##[group]Extracting MSYS2...
2026-09-01T23:15:55.7850355Z [command]C:\hostedtoolcache\windows\msys2-installer\0.0.20260611\x64\base.exe -y
2026-09-01T23:15:56.0209788Z 
2026-09-01T23:15:56.0211208Z 7-Zip SFX 25.01 ZS v1.5.7 R4 (x64) : Copyright (c) 1999-2025 Igor Pavlov, 2016-2026 Tino Reichardt, 2022-2026 Sergey G. Brester : 2026-01-10
2026-09-01T23:15:56.0212436Z 
2026-09-01T23:15:56.0217997Z Extracting archive: C:\hostedtoolcache\windows\msys2-installer\0.0.20260611\x64\base.exe
2026-09-01T23:15:56.0218856Z --
2026-09-01T23:15:56.0219365Z Path = C:\hostedtoolcache\windows\msys2-installer\0.0.20260611\x64\base.exe
2026-09-01T23:15:56.0220030Z Type = 7z
2026-09-01T23:15:56.0220206Z 
2026-09-01T23:15:56.2052423Z   0%
2026-09-01T23:15:56.2053134Z     
2026-09-01T23:15:56.4033788Z   0% 1085 - msys64\etc\nanorc
2026-09-01T23:15:56.4034307Z                              
2026-09-01T23:15:56.6092864Z   3% 1916 - msys64\usr\lib\terminfo\63\c300
2026-09-01T23:15:56.8112462Z                                            
2026-09-01T23:15:56.8113209Z   4% 2949 - msys64\usr\lib\terminfo\6e\news31
2026-09-01T23:15:56.8113663Z                                              
2026-09-01T23:15:57.0151091Z   4% 3944 - msys64\usr\lib\terminfo\77\wy325
2026-09-01T23:15:57.0151624Z                                             
2026-09-01T23:15:57.2183794Z   5% 4953 - msys64\usr\share\bash-completion\completions\pvcreate
2026-09-01T23:15:57.2184836Z                                                                  
2026-09-01T23:15:57.4217686Z   8% 5871 - msys64\usr\share\info\dir
2026-09-01T23:15:57.4218257Z                                      
2026-09-01T23:15:57.6251226Z  20% 6481 - msys64\usr\share\locale\lt\LC_MESSAGES\coreutils.mo
2026-09-01T23:15:57.6251869Z                                                                
2026-09-01T23:15:57.8282594Z  32% 6959 - msys64\usr\share\makepkg\tidy\strip.sh
2026-09-01T23:15:57.8283246Z                                                   
2026-09-01T23:15:58.0406453Z  33% 7945 - msys64\usr\share\man\man3\CURLOPT_MAXFILESIZE.3.gz
2026-09-01T23:15:58.0407120Z                                                               
2026-09-01T23:15:58.2435953Z  34% 9048 - msys64\usr\share\man\man3\ripoffline_sp.3x.gz
2026-09-01T23:15:58.2436620Z                                                          
2026-09-01T23:15:58.4465573Z  41% 9906 - msys64\usr\share\perl5\core_perl\Module\Load\Conditional.pm
2026-09-01T23:15:58.4466476Z                                                                        
2026-09-01T23:15:58.6499161Z  44% 10743 - msys64\usr\share\perl5\core_perl\unicore\lib\Perl\Graph.pl
2026-09-01T23:15:58.6502723Z                                                                        
2026-09-01T23:15:58.8528832Z  47% 11692 - msys64\usr\share\terminfo\64\d430c-unix-ccc
2026-09-01T23:15:58.8529294Z                                                         
2026-09-01T23:15:59.0562801Z  47% 12693 - msys64\usr\share\terminfo\70\p9-w
2026-09-01T23:15:59.0563431Z                                               
2026-09-01T23:15:59.2592408Z  47% 13766 - msys64\usr\share\terminfo\78\xnuppc-200x75
2026-09-01T23:15:59.2593054Z                                                        
2026-09-01T23:15:59.4624819Z  48% 14851 - msys64\usr\share\zoneinfo\posix\Australia\Adelaide
2026-09-01T23:15:59.6641423Z                                                                
2026-09-01T23:15:59.6641913Z  48% 15920 - msys64\var\lib\pacman\local\libpsl-0.21.5-2\files
2026-09-01T23:15:59.6642262Z                                                               
2026-09-01T23:15:59.8757820Z  62% 16289 - msys64\usr\bin\msys-gdbm-6.dll
2026-09-01T23:15:59.8758360Z                                            
2026-09-01T23:15:59.9751407Z  91% 16436 - msys64\usr\bin\testpkg.exe
2026-09-01T23:15:59.9752000Z                                        
2026-09-01T23:15:59.9752561Z Everything is Ok
2026-09-01T23:15:59.9776240Z ##[endgroup]
2026-09-01T23:15:59.9777138Z ##[group]Disable Key Refresh...
2026-09-01T23:15:59.9799354Z ##[endgroup]
2026-09-01T23:15:59.9817487Z ##[group]Starting MSYS2 for the first time...
2026-09-01T23:16:00.0710785Z [command]C:\Windows\system32\cmd.exe /D /S /C D:\a\_temp\setup-msys2\msys2.cmd -c "'uname' '-a'"
2026-09-01T23:16:00.2028509Z [1;32mMSYS2 is starting for the first time. Executing the initial setup.[1;0m
2026-09-01T23:16:00.3908898Z Copying skeleton files.
2026-09-01T23:16:00.3909460Z These files are for the users to personalise their msys2 experience.
2026-09-01T23:16:00.3909801Z 
2026-09-01T23:16:00.3909954Z They will never be overwritten nor automatically updated.
2026-09-01T23:16:00.3910206Z 
2026-09-01T23:16:00.4395732Z './.bashrc' -> '/home/runneradmin/.bashrc'
2026-09-01T23:16:00.4530171Z './.bash_profile' -> '/home/runneradmin/.bash_profile'
2026-09-01T23:16:00.4664519Z './.profile' -> '/home/runneradmin/.profile'
2026-09-01T23:16:00.5423516Z 'C:\Windows\system32\drivers\etc\hosts' -> '/etc/hosts'
2026-09-01T23:16:00.5870870Z 'C:\Windows\system32\drivers\etc\protocol' -> '/etc/protocols'
2026-09-01T23:16:00.6282265Z 'C:\Windows\system32\drivers\etc\services' -> '/etc/services'
2026-09-01T23:16:00.6694407Z 'C:\Windows\system32\drivers\etc\networks' -> '/etc/networks'
2026-09-01T23:16:00.8231625Z gpg: /etc/pacman.d/gnupg/trustdb.gpg: trustdb created
2026-09-01T23:16:00.8297804Z gpg: no ultimately trusted keys found
2026-09-01T23:16:01.0661132Z gpg: starting migration from earlier GnuPG versions
2026-09-01T23:16:01.1214623Z gpg: porting secret keys from '/etc/pacman.d/gnupg/secring.gpg' to gpg-agent
2026-09-01T23:16:01.1217526Z gpg: migration succeeded
2026-09-01T23:16:01.1402249Z ==> Generating pacman master key. This may take some time.
2026-09-01T23:16:01.1564964Z gpg: Generating pacman keyring master key...
2026-09-01T23:16:04.2874846Z gpg: directory '/etc/pacman.d/gnupg/openpgp-revocs.d' created
2026-09-01T23:16:04.3122838Z gpg: revocation certificate stored as '/etc/pacman.d/gnupg/openpgp-revocs.d/1FD8CFED19D460D1DAB002FFEA107784C88C5D18.rev'
2026-09-01T23:16:04.3124126Z gpg: Done
2026-09-01T23:16:04.3269704Z ==> Updating trust database...
2026-09-01T23:16:04.3591487Z gpg: marginals needed: 3  completes needed: 1  trust model: pgp
2026-09-01T23:16:04.3592298Z gpg: depth: 0  valid:   1  signed:   0  trust: 0-, 0q, 0n, 0m, 0f, 1u
2026-09-01T23:16:04.5072790Z ==> Appending keys from msys2.gpg...
2026-09-01T23:16:05.0083522Z ==> Locally signing trusted keys in keyring...
2026-09-01T23:16:05.4962994Z   -> Locally signed 5 keys.
2026-09-01T23:16:05.5086894Z ==> Importing owner trust values...
2026-09-01T23:16:05.5243623Z gpg: setting ownertrust to 4
2026-09-01T23:16:05.5244209Z gpg: setting ownertrust to 4
2026-09-01T23:16:05.5245543Z gpg: setting ownertrust to 4
2026-09-01T23:16:05.5245887Z gpg: setting ownertrust to 4
2026-09-01T23:16:05.5246160Z gpg: setting ownertrust to 4
2026-09-01T23:16:05.5482599Z ==> Disabling revoked keys in keyring...
2026-09-01T23:16:05.7594358Z   -> Disabled 4 keys.
2026-09-01T23:16:05.7860621Z ==> Updating trust database...
2026-09-01T23:16:05.8198405Z gpg: marginals needed: 3  completes needed: 1  trust model: pgp
2026-09-01T23:16:05.8224998Z gpg: depth: 0  valid:   1  signed:   5  trust: 0-, 0q, 0n, 0m, 0f, 1u
2026-09-01T23:16:05.8254787Z gpg: depth: 1  valid:   5  signed:   6  trust: 0-, 0q, 0n, 5m, 0f, 0u
2026-09-01T23:16:05.8267714Z gpg: depth: 2  valid:   3  signed:   2  trust: 3-, 0q, 0n, 0m, 0f, 0u
2026-09-01T23:16:05.8602720Z pacman-key (pacman) 6.1.0
2026-09-01T23:16:05.8604157Z Copyright (c) 2010-2024 Pacman Development Team <pacman-dev@lists.archlinux.org>.
2026-09-01T23:16:05.8604777Z 
2026-09-01T23:16:05.8735246Z This is free software; see the source for copying conditions.
2026-09-01T23:16:05.8736368Z There is NO WARRANTY, to the extent permitted by law.
2026-09-01T23:16:06.0658804Z [1;32mInitial setup complete. MSYS2 is now ready to use.[1;0m
2026-09-01T23:16:06.0799906Z MINGW64_NT-10.0-20348 runnervm0js1w 3.6.9-01d6c708.x86_64 2026-05-24 10:45 UTC x86_64 Msys
2026-09-01T23:16:06.0844731Z ##[endgroup]
2026-09-01T23:16:06.0845529Z ##[group]Disable CheckSpace...
2026-09-01T23:16:06.1653814Z [command]C:\Windows\system32\cmd.exe /D /S /C D:\a\_temp\setup-msys2\msys2.cmd -c "'sed' '-i' 's/^CheckSpace/#CheckSpace/g' '/etc/pacman.conf'"
2026-09-01T23:16:06.3330435Z ##[endgroup]
2026-09-01T23:16:06.3331065Z ##[group]Updating packages...
2026-09-01T23:16:06.4115137Z [command]C:\Windows\system32\cmd.exe /D /S /C D:\a\_temp\setup-msys2\msys2.cmd -c "'pacman' '--noconfirm' '-Syuu' '--overwrite' '*'"
2026-09-01T23:16:07.0227539Z :: Synchronizing package databases...
2026-09-01T23:16:08.3567662Z  clangarm64 downloading...
2026-09-01T23:16:08.3568112Z  mingw32 downloading...
2026-09-01T23:16:08.3568478Z  mingw64 downloading...
2026-09-01T23:16:08.3568746Z  ucrt64 downloading...
2026-09-01T23:16:08.3569006Z  clang64 downloading...
2026-09-01T23:16:08.3569259Z  msys downloading...
2026-09-01T23:16:08.8370342Z :: Starting core system upgrade...
2026-09-01T23:16:09.0170577Z warning: terminate other MSYS2 programs before proceeding
2026-09-01T23:16:09.0171254Z resolving dependencies...
2026-09-01T23:16:09.0171668Z looking for conflicting packages...
2026-09-01T23:16:09.0273601Z 
2026-09-01T23:16:09.0274055Z Packages (1) msys2-runtime-3.6.10-3
2026-09-01T23:16:09.0274471Z 
2026-09-01T23:16:09.0274637Z Total Download Size:    1.97 MiB
2026-09-01T23:16:09.0275114Z Total Installed Size:   6.33 MiB
2026-09-01T23:16:09.0275671Z Net Upgrade Size:      -0.20 MiB
2026-09-01T23:16:09.0276042Z 
2026-09-01T23:16:09.0276372Z :: Proceed with installation? [Y/n] 
2026-09-01T23:16:09.0276992Z :: Retrieving packages...
2026-09-01T23:16:09.7745926Z  msys2-runtime-3.6.10-3-x86_64 downloading...
2026-09-01T23:16:09.7746470Z checking keyring...
2026-09-01T23:16:09.8273998Z checking package integrity...
2026-09-01T23:16:09.9943886Z loading package files...
2026-09-01T23:16:09.9971056Z checking for file conflicts...
2026-09-01T23:16:09.9992197Z :: Processing package changes...
2026-09-01T23:16:09.9992670Z upgrading msys2-runtime...
2026-09-01T23:16:10.1457539Z :: To complete this update all MSYS2 processes including this terminal will be closed. Confirm to proceed [Y/n] 
2026-09-01T23:16:10.4144514Z ##[endgroup]
2026-09-01T23:16:10.4144933Z ##[group]Killing remaining tasks...
2026-09-01T23:16:10.4922757Z [command]C:\Windows\system32\taskkill.exe /F /FI "MODULES eq msys-2.0.dll"
2026-09-01T23:16:10.6279181Z 
2026-09-01T23:16:10.6279797Z INFO: No tasks running with the specified criteria.
2026-09-01T23:16:10.6313756Z ##[endgroup]
2026-09-01T23:16:10.6314143Z ##[group]Final system upgrade...
2026-09-01T23:16:10.7120657Z [command]C:\Windows\system32\cmd.exe /D /S /C D:\a\_temp\setup-msys2\msys2.cmd -c "'pacman' '--noconfirm' '-Syuu' '--overwrite' '*'"
2026-09-01T23:16:11.3150866Z :: Synchronizing package databases...
2026-09-01T23:16:12.4103843Z  clangarm64 downloading...
2026-09-01T23:16:12.4104328Z  mingw32 downloading...
2026-09-01T23:16:12.4104741Z  mingw64 downloading...
2026-09-01T23:16:12.4105116Z  ucrt64 downloading...
2026-09-01T23:16:12.4106864Z  clang64 downloading...
2026-09-01T23:16:12.4107268Z  msys downloading...
2026-09-01T23:16:12.8242967Z :: Starting core system upgrade...
2026-09-01T23:16:13.0065036Z  there is nothing to do
2026-09-01T23:16:13.0065693Z :: Starting full system upgrade...
2026-09-01T23:16:13.0378204Z resolving dependencies...
2026-09-01T23:16:13.0444637Z looking for conflicting packages...
2026-09-01T23:16:13.0573411Z 
2026-09-01T23:16:13.0576987Z Packages (31) bash-completion-2.18.0-1  bsdtar-3.8.9-1  ca-certificates-20260816-1  curl-8.21.0-1  findutils-4.11.0-2  gawk-5.4.1-1  gcc-libs-15.3.0-1  gnupg-2.4.9-3  libcurl-8.21.0-1  libexpat-2.8.3-1  libffi-3.8.0-1  libgnutls-3.8.13-2  libhogweed-4.0-1  libnettle-4.0-1  libnghttp2-1.70.0-1  libnghttp3-1.18.0-1  libngtcp2-1.25.0-1  libopenssl-3.6.4-1  libp11-kit-0.26.5-1  libpsl-0.23.2-1  libsqlite-3.53.4-1  msys2-keyring-1~20260814-1  nano-9.2-1  nettle-4.0-1  openssl-3.6.4-1  p11-kit-0.26.5-1  pacman-contrib-1.10.6-2  perl-5.42.3-1  pinentry-1.3.3-1  tzcode-2026c-1  wget-1.25.0-2
2026-09-01T23:16:13.0580522Z 
2026-09-01T23:16:13.0580695Z Total Download Size:    27.05 MiB
2026-09-01T23:16:13.0581139Z Total Installed Size:  108.42 MiB
2026-09-01T23:16:13.0581574Z Net Upgrade Size:       -1.02 MiB
2026-09-01T23:16:13.0581867Z 
2026-09-01T23:16:13.0582350Z :: Proceed with installation? [Y/n] 
2026-09-01T23:16:13.0582896Z :: Retrieving packages...
2026-09-01T23:16:15.3374409Z  perl-5.42.3-1-x86_64 downloading...
2026-09-01T23:16:15.3374952Z  pacman-contrib-1.10.6-2-x86_64 downloading...
2026-09-01T23:16:15.3375438Z  gnupg-2.4.9-3-x86_64 downloading...
2026-09-01T23:16:15.3375889Z  libopenssl-3.6.4-1-x86_64 downloading...
2026-09-01T23:16:15.3376295Z  gawk-5.4.1-1-x86_64 downloading...
2026-09-01T23:16:15.3376660Z  libgnutls-3.8.13-2-x86_64 downloading...
2026-09-01T23:16:15.3377055Z  gcc-libs-15.3.0-1-x86_64 downloading...
2026-09-01T23:16:15.3377493Z  curl-8.21.0-1-x86_64 downloading...
2026-09-01T23:16:15.3377883Z  wget-1.25.0-2-x86_64 downloading...
2026-09-01T23:16:15.3378286Z  libsqlite-3.53.4-1-x86_64 downloading...
2026-09-01T23:16:15.3378714Z  nano-9.2-1-x86_64 downloading...
2026-09-01T23:16:15.3379003Z  openssl-3.6.4-1-x86_64 downloading...
2026-09-01T23:16:15.3379319Z  findutils-4.11.0-2-x86_64 downloading...
2026-09-01T23:16:15.3379633Z  p11-kit-0.26.5-1-x86_64 downloading...
2026-09-01T23:16:15.3379977Z  ca-certificates-20260816-1-any downloading...
2026-09-01T23:16:15.3380309Z  libcurl-8.21.0-1-x86_64 downloading...
2026-09-01T23:16:15.3380607Z  bsdtar-3.8.9-1-x86_64 downloading...
2026-09-01T23:16:15.3380897Z  tzcode-2026c-1-x86_64 downloading...
2026-09-01T23:16:15.3381216Z  libp11-kit-0.26.5-1-x86_64 downloading...
2026-09-01T23:16:15.3381550Z  bash-completion-2.18.0-1-any downloading...
2026-09-01T23:16:15.3381886Z  libhogweed-4.0-1-x86_64 downloading...
2026-09-01T23:16:15.3382198Z  libngtcp2-1.25.0-1-x86_64 downloading...
2026-09-01T23:16:15.3382509Z  libnettle-4.0-1-x86_64 downloading...
2026-09-01T23:16:15.3382954Z  nettle-4.0-1-x86_64 downloading...
2026-09-01T23:16:15.3383290Z  libpsl-0.23.2-1-x86_64 downloading...
2026-09-01T23:16:15.3383598Z  libnghttp3-1.18.0-1-x86_64 downloading...
2026-09-01T23:16:15.3383924Z  libnghttp2-1.70.0-1-x86_64 downloading...
2026-09-01T23:16:15.3384238Z  libexpat-2.8.3-1-x86_64 downloading...
2026-09-01T23:16:15.3384541Z  pinentry-1.3.3-1-x86_64 downloading...
2026-09-01T23:16:15.3384860Z  msys2-keyring-1~20260814-1-any downloading...
2026-09-01T23:16:15.3385190Z  libffi-3.8.0-1-x86_64 downloading...
2026-09-01T23:16:15.3385470Z checking keyring...
2026-09-01T23:16:15.3931976Z checking package integrity...
2026-09-01T23:16:19.9291192Z loading package files...
2026-09-01T23:16:20.0071717Z checking for file conflicts...
2026-09-01T23:16:20.0620833Z :: Running pre-transaction hooks...
2026-09-01T23:16:20.0621360Z (1/1) Removing old entries from the info directory file...
2026-09-01T23:16:20.1797453Z :: Processing package changes...
2026-09-01T23:16:20.1798220Z upgrading bash-completion...
2026-09-01T23:16:21.0803829Z upgrading gcc-libs...
2026-09-01T23:16:21.0980082Z upgrading libexpat...
2026-09-01T23:16:21.1024685Z upgrading libopenssl...
2026-09-01T23:16:21.1278710Z upgrading bsdtar...
2026-09-01T23:16:21.1371599Z upgrading openssl...
2026-09-01T23:16:21.2450450Z upgrading findutils...
2026-09-01T23:16:21.3222855Z upgrading libffi...
2026-09-01T23:16:21.3331273Z upgrading libp11-kit...
2026-09-01T23:16:21.3404526Z upgrading p11-kit...
2026-09-01T23:16:21.4965802Z upgrading ca-certificates...
2026-09-01T23:16:22.0456862Z upgrading libnghttp3...
2026-09-01T23:16:22.0520135Z upgrading libngtcp2...
2026-09-01T23:16:22.0601460Z upgrading libnghttp2...
2026-09-01T23:16:22.0662731Z upgrading libpsl...
2026-09-01T23:16:22.0758055Z upgrading libcurl...
2026-09-01T23:16:22.0825078Z upgrading curl...
2026-09-01T23:16:22.5322983Z upgrading gawk...
2026-09-01T23:16:22.6354807Z upgrading libhogweed...
2026-09-01T23:16:22.6419506Z upgrading libnettle...
2026-09-01T23:16:22.6468106Z upgrading libgnutls...
2026-09-01T23:16:22.6982679Z upgrading libsqlite...
2026-09-01T23:16:22.7085661Z upgrading nettle...
2026-09-01T23:16:22.7164147Z upgrading pinentry...
2026-09-01T23:16:22.7225971Z upgrading gnupg...
2026-09-01T23:16:27.3161935Z ==> Appending keys from msys2.gpg...
2026-09-01T23:16:27.7794095Z ==> Updating trust database...
2026-09-01T23:16:27.7958333Z gpg: no need for a trustdb check
2026-09-01T23:16:27.8806094Z upgrading msys2-keyring...
2026-09-01T23:16:28.2116837Z ==> Appending keys from msys2.gpg...
2026-09-01T23:16:28.7053460Z ==> Updating trust database...
2026-09-01T23:16:28.7221182Z gpg: next trustdb check due at 2027-02-10
2026-09-01T23:16:28.8023935Z upgrading nano...
2026-09-01T23:16:28.9078920Z upgrading pacman-contrib...
2026-09-01T23:16:28.9729499Z New optional dependencies for pacman-contrib
2026-09-01T23:16:28.9729970Z     perl: for pacsearch [installed]
2026-09-01T23:16:28.9730343Z     vim: default diff program for pacdiff
2026-09-01T23:16:28.9730726Z upgrading perl...
2026-09-01T23:16:30.7193378Z upgrading tzcode...
2026-09-01T23:16:32.6408131Z upgrading wget...
2026-09-01T23:16:32.7563786Z :: Running post-transaction hooks...
2026-09-01T23:16:32.7564299Z (1/1) Updating the info directory file...
2026-09-01T23:16:34.4520936Z ##[endgroup]
2026-09-01T23:16:34.4521550Z ##[group]Installing additional packages through pacman...
2026-09-01T23:16:34.5337434Z [command]C:\Windows\system32\cmd.exe /D /S /C D:\a\_temp\setup-msys2\msys2.cmd -c "'pacman' '--noconfirm' '-S' '--needed' '--overwrite' '*' 'git' 'make' 'mingw-w64-x86_64-boost' 'mingw-w64-x86_64-cmake' 'mingw-w64-x86_64-gcc'"
2026-09-01T23:16:35.3296242Z resolving dependencies...
2026-09-01T23:16:35.3427353Z looking for conflicting packages...
2026-09-01T23:16:35.3587632Z 
2026-09-01T23:16:35.3600737Z Packages (89) heimdal-7.8.0-5  heimdal-libs-7.8.0-5  libcbor-0.14.0-2  libedit-20240808_3.1-1  libfido2-1.17.0-1  mingw-w64-x86_64-binutils-2.47-3  mingw-w64-x86_64-boost-libs-1.91.0-3  mingw-w64-x86_64-brotli-1.2.0-1  mingw-w64-x86_64-bzip2-1.0.8-4  mingw-w64-x86_64-c-ares-1.34.8-1  mingw-w64-x86_64-ca-certificates-20260816-1  mingw-w64-x86_64-cppdap-1.65.r11.g6464cd7-1  mingw-w64-x86_64-crt-14.0.0.r302.gd7f3c5201-1  mingw-w64-x86_64-curl-8.21.0-2  mingw-w64-x86_64-expat-2.8.3-1  mingw-w64-x86_64-gcc-libs-16.2.0-3  mingw-w64-x86_64-gettext-runtime-1.0-1  mingw-w64-x86_64-gmp-6.3.0-2  mingw-w64-x86_64-gnutls-3.8.13-3  mingw-w64-x86_64-headers-14.0.0.r302.gd7f3c5201-1  mingw-w64-x86_64-icu-78.3-4  mingw-w64-x86_64-isl-0.28-1  mingw-w64-x86_64-jsoncpp-1.9.8-1  mingw-w64-x86_64-libarchive-3.8.9-5  mingw-w64-x86_64-libb2-0.98.1-3  mingw-w64-x86_64-libffi-3.8.0-1  mingw-w64-x86_64-libiconv-1.19-1  mingw-w64-x86_64-libidn2-2.3.8-4  mingw-w64-x86_64-libpsl-0.21.5-3  mingw-w64-x86_64-libssh2-1.11.1-2  mingw-w64-x86_64-libtasn1-4.21.0-1  mingw-w64-x86_64-libunistring-1.4.2-1  mingw-w64-x86_64-libuv-1.52.1-1  mingw-w64-x86_64-libwinpthread-14.0.0.r302.gd7f3c5201-1  mingw-w64-x86_64-lz4-1.10.0-1  mingw-w64-x86_64-mpc-1.4.1-1  mingw-w64-x86_64-mpfr-4.2.2-3  mingw-w64-x86_64-nettle-4.0-1  mingw-w64-x86_64-nghttp2-1.70.0-1  mingw-w64-x86_64-nghttp3-1.18.0-1  mingw-w64-x86_64-ngtcp2-1.25.0-1  mingw-w64-x86_64-ninja-1.13.2-1  mingw-w64-x86_64-openssl-3.6.4-1  mingw-w64-x86_64-p11-kit-0.26.5-1  mingw-w64-x86_64-pcre2-10.47-1  mingw-w64-x86_64-pkgconf-1~3.0.5-1  mingw-w64-x86_64-rhash-1.4.6-1  mingw-w64-x86_64-tzdata-2026c-1  mingw-w64-x86_64-windows-default-manifest-20260815-1  mingw-w64-x86_64-wineditline-2.208-1  mingw-w64-x86_64-winpthreads-14.0.0.r302.gd7f3c5201-1  mingw-w64-x86_64-xz-5.8.3-1  mingw-w64-x86_64-zlib-1.3.2-2  mingw-w64-x86_64-zstd-1.5.7-2  openssh-10.5p1-2  perl-Authen-SASL-2.2000-1  perl-Clone-0.50-2  perl-Convert-BinHex-1.125-2  perl-Encode-Locale-1.05-2  perl-Error-0.17030-1  perl-File-Listing-6.16-1  perl-HTML-Parser-3.85-1  perl-HTML-Tagset-3.24-1  perl-HTTP-Cookies-6.12-1  perl-HTTP-Daemon-6.17-1  perl-HTTP-Date-6.08-1  perl-HTTP-Message-7.04-1  perl-HTTP-Negotiate-6.01-3  perl-IO-HTML-1.004-2  perl-IO-Socket-SSL-2.099-1  perl-IO-Stringy-2.113-3  perl-LWP-MediaTypes-6.04-2  perl-MIME-tools-5.517-1  perl-MailTools-2.22-1  perl-Net-HTTP-6.24-1  perl-Net-SMTP-SSL-1.04-2  perl-Net-SSLeay-1.96-1  perl-TermReadKey-2.38-8  perl-TimeDate-2.35-1  perl-Try-Tiny-0.32-1  perl-URI-5.36-1  perl-WWW-RobotRules-6.03-1  perl-http-cookiejar-0.014-1  perl-libwww-6.83-2  git-2.55.0-1  make-4.4.1-3  mingw-w64-x86_64-boost-1.91.0-3  mingw-w64-x86_64-cmake-4.4.2-2  mingw-w64-x86_64-gcc-16.2.0-3
2026-09-01T23:16:35.3613579Z 
2026-09-01T23:16:35.3613746Z Total Download Size:    154.18 MiB
2026-09-01T23:16:35.3614415Z Total Installed Size:  1023.08 MiB
2026-09-01T23:16:35.3614750Z 
2026-09-01T23:16:35.3614984Z :: Proceed with installation? [Y/n] 
2026-09-01T23:16:35.3615665Z :: Retrieving packages...
2026-09-01T23:16:48.3341534Z  mingw-w64-x86_64-gcc-16.2.0-3-any downloading...
2026-09-01T23:16:48.3342360Z  mingw-w64-x86_64-icu-78.3-4-any downloading...
2026-09-01T23:16:48.3342925Z  mingw-w64-x86_64-boost-1.91.0-3-any downloading...
2026-09-01T23:16:48.3343564Z  mingw-w64-x86_64-cmake-4.4.2-2-any downloading...
2026-09-01T23:16:48.3344161Z  mingw-w64-x86_64-openssl-3.6.4-1-any downloading...
2026-09-01T23:16:48.3344715Z  git-2.55.0-1-x86_64 downloading...
2026-09-01T23:16:48.3345309Z  mingw-w64-x86_64-headers-14.0.0.r302.gd7f3c5201-1-any downloading...
2026-09-01T23:16:48.3345893Z  mingw-w64-x86_64-binutils-2.47-3-any downloading...
2026-09-01T23:16:48.3346361Z  mingw-w64-x86_64-crt-14.0.0.r302.gd7f3c5201-1-any downloading...
2026-09-01T23:16:48.3346856Z  mingw-w64-x86_64-boost-libs-1.91.0-3-any downloading...
2026-09-01T23:16:48.3347308Z  mingw-w64-x86_64-gnutls-3.8.13-3-any downloading...
2026-09-01T23:16:48.3347734Z  mingw-w64-x86_64-libarchive-3.8.9-5-any downloading...
2026-09-01T23:16:48.3348150Z  mingw-w64-x86_64-curl-8.21.0-2-any downloading...
2026-09-01T23:16:48.3348539Z  mingw-w64-x86_64-isl-0.28-1-any downloading...
2026-09-01T23:16:48.3348928Z  mingw-w64-x86_64-pcre2-10.47-1-any downloading...
2026-09-01T23:16:48.3349306Z  openssh-10.5p1-2-x86_64 downloading...
2026-09-01T23:16:48.3349680Z  mingw-w64-x86_64-gcc-libs-16.2.0-3-any downloading...
2026-09-01T23:16:48.3350121Z  mingw-w64-x86_64-libunistring-1.4.2-1-any downloading...
2026-09-01T23:16:48.3350714Z  heimdal-libs-7.8.0-5-x86_64 downloading...
2026-09-01T23:16:48.3351107Z  mingw-w64-x86_64-libiconv-1.19-1-any downloading...
2026-09-01T23:16:48.3351508Z  mingw-w64-x86_64-zstd-1.5.7-2-any downloading...
2026-09-01T23:16:48.3351911Z  mingw-w64-x86_64-p11-kit-0.26.5-1-any downloading...
2026-09-01T23:16:48.3352309Z  mingw-w64-x86_64-gmp-6.3.0-2-any downloading...
2026-09-01T23:16:48.3352858Z  mingw-w64-x86_64-nettle-4.0-1-any downloading...
2026-09-01T23:16:48.3353186Z  heimdal-7.8.0-5-x86_64 downloading...
2026-09-01T23:16:48.3353452Z  mingw-w64-x86_64-mpfr-4.2.2-3-any downloading...
2026-09-01T23:16:48.3353794Z  mingw-w64-x86_64-cppdap-1.65.r11.g6464cd7-1-any downloading...
2026-09-01T23:16:48.3354321Z  make-4.4.1-3-x86_64 downloading...
2026-09-01T23:16:48.3354761Z  mingw-w64-x86_64-xz-5.8.3-1-any downloading...
2026-09-01T23:16:48.3355295Z  mingw-w64-x86_64-brotli-1.2.0-1-any downloading...
2026-09-01T23:16:48.3355882Z  mingw-w64-x86_64-gettext-runtime-1.0-1-any downloading...
2026-09-01T23:16:48.3356535Z  mingw-w64-x86_64-ca-certificates-20260816-1-any downloading...
2026-09-01T23:16:48.3357143Z  mingw-w64-x86_64-c-ares-1.34.8-1-any downloading...
2026-09-01T23:16:48.3357632Z  mingw-w64-x86_64-libssh2-1.11.1-2-any downloading...
2026-09-01T23:16:48.3358110Z  mingw-w64-x86_64-ngtcp2-1.25.0-1-any downloading...
2026-09-01T23:16:48.3358662Z  mingw-w64-x86_64-rhash-1.4.6-1-any downloading...
2026-09-01T23:16:48.3359191Z  perl-Net-SSLeay-1.96-1-x86_64 downloading...
2026-09-01T23:16:48.3359706Z  mingw-w64-x86_64-tzdata-2026c-1-any downloading...
2026-09-01T23:16:48.3360249Z  mingw-w64-x86_64-libuv-1.52.1-1-any downloading...
2026-09-01T23:16:48.3360777Z  mingw-w64-x86_64-jsoncpp-1.9.8-1-any downloading...
2026-09-01T23:16:48.3361332Z  mingw-w64-x86_64-nghttp2-1.70.0-1-any downloading...
2026-09-01T23:16:48.3361877Z  mingw-w64-x86_64-libtasn1-4.21.0-1-any downloading...
2026-09-01T23:16:48.3362402Z  mingw-w64-x86_64-expat-2.8.3-1-any downloading...
2026-09-01T23:16:48.3362898Z  mingw-w64-x86_64-ninja-1.13.2-1-any downloading...
2026-09-01T23:16:48.3363391Z  perl-MIME-tools-5.517-1-any downloading...
2026-09-01T23:16:48.3363883Z  mingw-w64-x86_64-libidn2-2.3.8-4-any downloading...
2026-09-01T23:16:48.3364390Z  mingw-w64-x86_64-lz4-1.10.0-1-any downloading...
2026-09-01T23:16:48.3364892Z  perl-IO-Socket-SSL-2.099-1-any downloading...
2026-09-01T23:16:48.3365429Z  mingw-w64-x86_64-pkgconf-1~3.0.5-1-any downloading...
2026-09-01T23:16:48.3366017Z  mingw-w64-x86_64-nghttp3-1.18.0-1-any downloading...
2026-09-01T23:16:48.3366330Z  mingw-w64-x86_64-mpc-1.4.1-1-any downloading...
2026-09-01T23:16:48.3366614Z  perl-libwww-6.83-2-any downloading...
2026-09-01T23:16:48.3367116Z  mingw-w64-x86_64-zlib-1.3.2-2-any downloading...
2026-09-01T23:16:48.3367620Z  perl-URI-5.36-1-any downloading...
2026-09-01T23:16:48.3368067Z  mingw-w64-x86_64-libpsl-0.21.5-3-any downloading...
2026-09-01T23:16:48.3368674Z  mingw-w64-x86_64-bzip2-1.0.8-4-any downloading...
2026-09-01T23:16:48.3369060Z  libedit-20240808_3.1-1-x86_64 downloading...
2026-09-01T23:16:48.3369347Z  libfido2-1.17.0-1-x86_64 downloading...
2026-09-01T23:16:48.3369641Z  perl-HTML-Parser-3.85-1-x86_64 downloading...
2026-09-01T23:16:48.3369962Z  perl-HTTP-Message-7.04-1-any downloading...
2026-09-01T23:16:48.3370249Z  perl-TimeDate-2.35-1-any downloading...
2026-09-01T23:16:48.3370572Z  mingw-w64-x86_64-wineditline-2.208-1-any downloading...
2026-09-01T23:16:48.3370909Z  perl-MailTools-2.22-1-any downloading...
2026-09-01T23:16:48.3371231Z  mingw-w64-x86_64-libffi-3.8.0-1-any downloading...
2026-09-01T23:16:48.3371534Z  perl-IO-Stringy-2.113-3-any downloading...
2026-09-01T23:16:48.3371927Z  mingw-w64-x86_64-winpthreads-14.0.0.r302.gd7f3c5201-1-any downloading...
2026-09-01T23:16:48.3372391Z  perl-Authen-SASL-2.2000-1-any downloading...
2026-09-01T23:16:48.3372774Z  mingw-w64-x86_64-libwinpthread-14.0.0.r302.gd7f3c5201-1-any downloading...
2026-09-01T23:16:48.3373179Z  perl-Convert-BinHex-1.125-2-any downloading...
2026-09-01T23:16:48.3373480Z  mingw-w64-x86_64-libb2-0.98.1-3-any downloading...
2026-09-01T23:16:48.3373775Z  libcbor-0.14.0-2-x86_64 downloading...
2026-09-01T23:16:48.3374050Z  perl-HTTP-Cookies-6.12-1-any downloading...
2026-09-01T23:16:48.3374347Z  perl-Net-HTTP-6.24-1-any downloading...
2026-09-01T23:16:48.3374606Z  perl-Error-0.17030-1-any downloading...
2026-09-01T23:16:48.3375042Z  perl-TermReadKey-2.38-8-x86_64 downloading...
2026-09-01T23:16:48.3375348Z  perl-HTTP-Daemon-6.17-1-any downloading...
2026-09-01T23:16:48.3375633Z  perl-LWP-MediaTypes-6.04-2-any downloading...
2026-09-01T23:16:48.3375913Z  perl-Try-Tiny-0.32-1-any downloading...
2026-09-01T23:16:48.3376361Z  perl-Clone-0.50-2-x86_64 downloading...
2026-09-01T23:16:48.3377979Z  perl-IO-HTML-1.004-2-any downloading...
2026-09-01T23:16:48.3378611Z  perl-WWW-RobotRules-6.03-1-any downloading...
2026-09-01T23:16:48.3378940Z  perl-http-cookiejar-0.014-1-any downloading...
2026-09-01T23:16:48.3379247Z  perl-HTTP-Negotiate-6.01-3-any downloading...
2026-09-01T23:16:48.3379549Z  perl-Encode-Locale-1.05-2-any downloading...
2026-09-01T23:16:48.3379836Z  perl-HTML-Tagset-3.24-1-any downloading...
2026-09-01T23:16:48.3380130Z  perl-File-Listing-6.16-1-any downloading...
2026-09-01T23:16:48.3380401Z  perl-HTTP-Date-6.08-1-any downloading...
2026-09-01T23:16:48.3380685Z  perl-Net-SMTP-SSL-1.04-2-any downloading...
2026-09-01T23:16:48.3381082Z  mingw-w64-x86_64-windows-default-manifest-20260815-1-any downloading...
2026-09-01T23:16:48.3381450Z checking keyring...
2026-09-01T23:16:48.4022710Z checking package integrity...
2026-09-01T23:17:02.7541211Z loading package files...
2026-09-01T23:17:03.0883610Z checking for file conflicts...
2026-09-01T23:17:05.4743306Z :: Processing package changes...
2026-09-01T23:17:05.4743977Z installing libedit...
2026-09-01T23:17:05.5070716Z installing heimdal-libs...
2026-09-01T23:17:05.5247028Z installing heimdal...
2026-09-01T23:17:06.1722836Z installing libcbor...
2026-09-01T23:17:06.1752472Z installing libfido2...
2026-09-01T23:17:06.1787126Z installing openssh...
2026-09-01T23:17:06.2170100Z installing perl-Error...
2026-09-01T23:17:06.2249195Z installing perl-Authen-SASL...
2026-09-01T23:17:06.2474344Z installing perl-Encode-Locale...
2026-09-01T23:17:06.2533009Z installing perl-HTTP-Date...
2026-09-01T23:17:06.2595635Z installing perl-File-Listing...
2026-09-01T23:17:06.2654736Z installing perl-HTML-Tagset...
2026-09-01T23:17:06.2717946Z installing perl-Clone...
2026-09-01T23:17:06.2770382Z installing perl-IO-HTML...
2026-09-01T23:17:06.2828929Z installing perl-LWP-MediaTypes...
2026-09-01T23:17:06.2898363Z installing perl-URI...
2026-09-01T23:17:06.3574243Z installing perl-HTTP-Message...
2026-09-01T23:17:06.3766118Z installing perl-HTML-Parser...
2026-09-01T23:17:06.3917990Z installing perl-HTTP-Cookies...
2026-09-01T23:17:06.4003631Z installing perl-HTTP-Daemon...
2026-09-01T23:17:06.4052707Z installing perl-http-cookiejar...
2026-09-01T23:17:06.4120990Z installing perl-HTTP-Negotiate...
2026-09-01T23:17:06.4169122Z installing perl-Net-HTTP...
2026-09-01T23:17:06.4276305Z installing perl-WWW-RobotRules...
2026-09-01T23:17:06.4373087Z installing perl-Try-Tiny...
2026-09-01T23:17:06.4449424Z installing perl-libwww...
2026-09-01T23:17:06.4800103Z Optional dependencies for perl-libwww
2026-09-01T23:17:06.4801076Z     perl-LWP-Protocol-https: for https:// url schemes
2026-09-01T23:17:06.4801814Z installing perl-TimeDate...
2026-09-01T23:17:06.5533755Z installing perl-MailTools...
2026-09-01T23:17:06.5815085Z installing perl-IO-Stringy...
2026-09-01T23:17:06.5952979Z installing perl-Convert-BinHex...
2026-09-01T23:17:06.7311154Z module test... pass.
2026-09-01T23:17:06.7320753Z installing perl-MIME-tools...
2026-09-01T23:17:06.7720970Z installing perl-Net-SSLeay...
2026-09-01T23:17:06.8480262Z installing perl-IO-Socket-SSL...
2026-09-01T23:17:06.8608325Z installing perl-Net-SMTP-SSL...
2026-09-01T23:17:06.8660351Z installing perl-TermReadKey...
2026-09-01T23:17:06.8741619Z installing git...
2026-09-01T23:17:07.4215654Z Optional dependencies for git
2026-09-01T23:17:07.4216227Z     python: various helper scripts
2026-09-01T23:17:07.4216663Z     subversion: git svn
2026-09-01T23:17:07.4217026Z     aspell: spell checking in git gui
2026-09-01T23:17:07.4217445Z installing make...
2026-09-01T23:17:07.4547653Z installing mingw-w64-x86_64-libwinpthread...
2026-09-01T23:17:07.4593785Z installing mingw-w64-x86_64-tzdata...
2026-09-01T23:17:09.1689842Z installing mingw-w64-x86_64-gcc-libs...
2026-09-01T23:17:09.1856254Z installing mingw-w64-x86_64-bzip2...
2026-09-01T23:17:09.2055184Z installing mingw-w64-x86_64-icu...
2026-09-01T23:17:09.5899495Z installing mingw-w64-x86_64-libiconv...
2026-09-01T23:17:09.6141354Z installing mingw-w64-x86_64-gettext-runtime...
2026-09-01T23:17:09.7459067Z installing mingw-w64-x86_64-xz...
2026-09-01T23:17:09.8613005Z installing mingw-w64-x86_64-zstd...
2026-09-01T23:17:09.8823524Z installing mingw-w64-x86_64-zlib...
2026-09-01T23:17:09.8907849Z installing mingw-w64-x86_64-boost-libs...
2026-09-01T23:17:09.9387626Z installing mingw-w64-x86_64-boost...
2026-09-01T23:17:24.1930822Z Optional dependencies for mingw-w64-x86_64-boost
2026-09-01T23:17:24.1931338Z     mingw-w64-x86_64-python: For Boost.Python
2026-09-01T23:17:24.1931694Z     mingw-w64-x86_64-python-numpy: For Boost.Python (NumPy)
2026-09-01T23:17:24.1932317Z installing mingw-w64-x86_64-cppdap...
2026-09-01T23:17:24.2170702Z installing mingw-w64-x86_64-c-ares...
2026-09-01T23:17:24.3323984Z installing mingw-w64-x86_64-brotli...
2026-09-01T23:17:24.3536817Z installing mingw-w64-x86_64-libunistring...
2026-09-01T23:17:24.4028355Z installing mingw-w64-x86_64-libidn2...
2026-09-01T23:17:24.4319028Z installing mingw-w64-x86_64-libpsl...
2026-09-01T23:17:24.4408898Z installing mingw-w64-x86_64-libtasn1...
2026-09-01T23:17:24.4835485Z installing mingw-w64-x86_64-libffi...
2026-09-01T23:17:24.4939931Z installing mingw-w64-x86_64-p11-kit...
2026-09-01T23:17:24.7721681Z installing mingw-w64-x86_64-ca-certificates...
2026-09-01T23:17:25.3562467Z installing mingw-w64-x86_64-openssl...
2026-09-01T23:17:27.7385971Z ##[error]The operation was canceled.
2026-09-01T23:17:27.7510514Z Cleaning up orphan processes
2026-09-01T23:17:27.8274518Z Terminate orphan process: pid (5600) (bash)
