2026-09-01T16:26:01.7646009Z Current runner version: '2.337.0'
2026-09-01T16:26:01.7670949Z ##[group]Runner Image Provisioner
2026-09-01T16:26:01.7671772Z Hosted Compute Agent
2026-09-01T16:26:01.7672726Z Version: 20260819.586
2026-09-01T16:26:01.7673334Z Commit: 3cc4a88dfa507ef76119ad1bb3eccc6378bb2b76
2026-09-01T16:26:01.7674041Z Build Date: 2026-08-18T23:20:18Z
2026-09-01T16:26:01.7674686Z Worker ID: {6cb4228f-0986-469e-9bf6-c2baed05cd02}
2026-09-01T16:26:01.7675359Z Azure Region: westus
2026-09-01T16:26:01.7675940Z ##[endgroup]
2026-09-01T16:26:01.7677933Z ##[group]Operating System
2026-09-01T16:26:01.7678573Z Microsoft Windows Server 2022
2026-09-01T16:26:01.7679186Z 10.0.20348
2026-09-01T16:26:01.7679718Z Datacenter
2026-09-01T16:26:01.7680207Z ##[endgroup]
2026-09-01T16:26:01.7680712Z ##[group]Runner Image
2026-09-01T16:26:01.7681249Z Image: windows-2022
2026-09-01T16:26:01.7681828Z Version: 20260824.284.2
2026-09-01T16:26:01.7683199Z Included Software: https://github.com/actions/runner-images/blob/win22/20260824.284/images/windows/Windows2022-Readme.md
2026-09-01T16:26:01.7684734Z Image Release: https://github.com/actions/runner-images/releases/tag/win22%2F20260824.284
2026-09-01T16:26:01.7685623Z ##[endgroup]
2026-09-01T16:26:01.7686703Z ##[group]GITHUB_TOKEN Permissions
2026-09-01T16:26:01.7688641Z Contents: read
2026-09-01T16:26:01.7689273Z Metadata: read
2026-09-01T16:26:01.7689818Z ##[endgroup]
2026-09-01T16:26:01.7691784Z Secret source: Actions
2026-09-01T16:26:01.7692929Z Prepare workflow directory
2026-09-01T16:26:01.8370023Z Prepare all required actions
2026-09-01T16:26:01.8418876Z Getting action download info
2026-09-01T16:26:02.2983039Z Download action repository 'msys2/setup-msys2@v2' (SHA:66cd2cce69caa17b53920067426061ca1de3a884)
2026-09-01T16:26:02.6886158Z Complete job name: windows-mingw64
2026-09-01T16:26:02.8344307Z ##[group]Run git config --global core.autocrlf false
2026-09-01T16:26:02.8345545Z [36;1mgit config --global core.autocrlf false[0m
2026-09-01T16:26:02.8346405Z [36;1mgit config --global core.eol lf[0m
2026-09-01T16:26:02.8347491Z [36;1mNew-Item -ItemType Directory -Path $env:WINDOWS_ROOT | Out-Null[0m
2026-09-01T16:26:02.8348333Z [36;1m[0m
2026-09-01T16:26:02.8348805Z [36;1mgit init $env:PROJECT_SOURCE[0m
2026-09-01T16:26:02.8349716Z [36;1mgit -C $env:PROJECT_SOURCE remote add origin https://github.com/leemaple/20231788..git[0m
2026-09-01T16:26:02.8350851Z [36;1mgit -C $env:PROJECT_SOURCE fetch --depth 1 origin $env:GITHUB_SHA[0m
2026-09-01T16:26:02.8351764Z [36;1mgit -C $env:PROJECT_SOURCE checkout --detach FETCH_HEAD[0m
2026-09-01T16:26:02.8352715Z [36;1m$projectActual = git -C $env:PROJECT_SOURCE rev-parse HEAD[0m
2026-09-01T16:26:02.8353537Z [36;1mif ($projectActual -ne $env:GITHUB_SHA) {[0m
2026-09-01T16:26:02.8354343Z [36;1m  throw "Project checkout mismatch: $projectActual"[0m
2026-09-01T16:26:02.8355017Z [36;1m}[0m
2026-09-01T16:26:02.8355448Z [36;1m[0m
2026-09-01T16:26:02.8355893Z [36;1mgit init $env:OPENFHE_SOURCE[0m
2026-09-01T16:26:02.8356888Z [36;1mgit -C $env:OPENFHE_SOURCE remote add origin https://github.com/openfheorg/openfhe-development.git[0m
2026-09-01T16:26:02.8358096Z [36;1mgit -C $env:OPENFHE_SOURCE fetch --depth 1 origin $env:OPENFHE_COMMIT[0m
2026-09-01T16:26:02.8359019Z [36;1mgit -C $env:OPENFHE_SOURCE checkout --detach FETCH_HEAD[0m
2026-09-01T16:26:02.8359952Z [36;1mgit -C $env:OPENFHE_SOURCE submodule update --init --recursive --depth 1[0m
2026-09-01T16:26:02.8360748Z [36;1m[0m
2026-09-01T16:26:02.8361357Z [36;1m$projectStatus = @(git -C $env:PROJECT_SOURCE status --porcelain)[0m
2026-09-01T16:26:02.8362537Z [36;1mif ($projectStatus.Count -ne 0) {[0m
2026-09-01T16:26:02.8363934Z [36;1m  throw "Project checkout is dirty: $($projectStatus -join '; ')"[0m
2026-09-01T16:26:02.8364792Z [36;1m}[0m
2026-09-01T16:26:02.8365430Z [36;1m$openfheStatus = @(git -C $env:OPENFHE_SOURCE status --porcelain)[0m
2026-09-01T16:26:02.8366244Z [36;1mif ($openfheStatus.Count -ne 0) {[0m
2026-09-01T16:26:02.8368776Z [36;1m  throw "OpenFHE checkout is dirty: $($openfheStatus -join '; ')"[0m
2026-09-01T16:26:02.8369560Z [36;1m}[0m
2026-09-01T16:26:03.0431932Z shell: C:\Program Files\PowerShell\7\pwsh.EXE -command ". '{0}'"
2026-09-01T16:26:03.0433326Z env:
2026-09-01T16:26:03.0434074Z   OPENFHE_COMMIT: df495ba2e91739a6dc8f1de254fc5a41155ce504
2026-09-01T16:26:03.0435243Z   OPENFHE_PREFIX: C:\openfhe-2023-1788\openfhe-install
2026-09-01T16:26:03.0436230Z   WINDOWS_ROOT: C:\openfhe-2023-1788
2026-09-01T16:26:03.0437199Z   PROJECT_SOURCE: C:\openfhe-2023-1788\cleanroom
2026-09-01T16:26:03.0438281Z   OPENFHE_SOURCE: C:\openfhe-2023-1788\openfhe-src
2026-09-01T16:26:03.0439462Z   OPENFHE_BUILD: C:\openfhe-2023-1788\openfhe-build-33531734269-1
2026-09-01T16:26:03.0440815Z   PROJECT_BUILD: C:\openfhe-2023-1788\project-build-33531734269-1
2026-09-01T16:26:03.0441862Z ##[endgroup]
2026-09-01T16:26:04.0577557Z Initialized empty Git repository in C:/openfhe-2023-1788/cleanroom/.git/
2026-09-01T16:26:05.7364447Z From https://github.com/leemaple/20231788.
2026-09-01T16:26:05.7365155Z  * branch            f2deacbb9b1f1a291d91b6d9ac9eec5f363f0082 -> FETCH_HEAD
2026-09-01T16:26:05.9738560Z HEAD is now at f2deacb test: retain Relin2 Tensor validation red
2026-09-01T16:26:06.0689639Z Initialized empty Git repository in C:/openfhe-2023-1788/openfhe-src/.git/
2026-09-01T16:26:07.6261988Z From https://github.com/openfheorg/openfhe-development
2026-09-01T16:26:07.6263000Z  * branch            df495ba2e91739a6dc8f1de254fc5a41155ce504 -> FETCH_HEAD
2026-09-01T16:26:08.5312937Z HEAD is now at df495ba Merge pull request #1130 from openfheorg/dev
2026-09-01T16:26:10.0198492Z Submodule 'third-party/cereal' (https://github.com/openfheorg/cereal.git) registered for path 'third-party/cereal'
2026-09-01T16:26:10.0220991Z Submodule 'third-party/google-benchmark' (https://github.com/google/benchmark.git) registered for path 'third-party/google-benchmark'
2026-09-01T16:26:10.0240911Z Submodule 'third-party/google-test' (https://github.com/google/googletest.git) registered for path 'third-party/google-test'
2026-09-01T16:26:10.0337587Z Submodule 'third-party/gperftools' (https://github.com/gperftools/gperftools.git) registered for path 'third-party/gperftools'
2026-09-01T16:26:10.0798338Z Cloning into 'C:/openfhe-2023-1788/openfhe-src/third-party/cereal'...
2026-09-01T16:26:10.8145144Z Cloning into 'C:/openfhe-2023-1788/openfhe-src/third-party/google-benchmark'...
2026-09-01T16:26:11.5499009Z Cloning into 'C:/openfhe-2023-1788/openfhe-src/third-party/google-test'...
2026-09-01T16:26:12.2532436Z Cloning into 'C:/openfhe-2023-1788/openfhe-src/third-party/gperftools'...
2026-09-01T16:26:13.5140001Z Submodule path 'third-party/cereal': checked out '984e3f194862b17916536b5fade40cba6e47a6fe'
2026-09-01T16:26:14.9168483Z From https://github.com/google/benchmark
2026-09-01T16:26:14.9169230Z  * branch            eddb0241389718a23a42db6af5f0164b6e0139af -> FETCH_HEAD
2026-09-01T16:26:15.3473146Z Submodule path 'third-party/google-benchmark': checked out 'eddb0241389718a23a42db6af5f0164b6e0139af'
2026-09-01T16:26:16.8954983Z From https://github.com/google/googletest
2026-09-01T16:26:16.8955448Z  * branch            52eb8108c5bdec04579160ae17225d66034bd723 -> FETCH_HEAD
2026-09-01T16:26:17.5082352Z Submodule path 'third-party/google-test': checked out '52eb8108c5bdec04579160ae17225d66034bd723'
2026-09-01T16:26:19.1171666Z From https://github.com/gperftools/gperftools
2026-09-01T16:26:19.1172393Z  * branch            83edb60836d87cf1b406e8846b9059c03031e8f5 -> FETCH_HEAD
2026-09-01T16:26:20.4992818Z Submodule path 'third-party/gperftools': checked out '83edb60836d87cf1b406e8846b9059c03031e8f5'
2026-09-01T16:26:20.8283301Z ##[group]Run msys2/setup-msys2@v2
2026-09-01T16:26:20.8283649Z with:
2026-09-01T16:26:20.8283838Z   msystem: MINGW64
2026-09-01T16:26:20.8284061Z   update: true
2026-09-01T16:26:20.8284274Z   cache: false
2026-09-01T16:26:20.8284619Z   install: git make mingw-w64-x86_64-boost mingw-w64-x86_64-cmake mingw-w64-x86_64-gcc
2026-09-01T16:26:20.8285824Z   path-type: minimal
2026-09-01T16:26:20.8286028Z   release: true
2026-09-01T16:26:20.8286232Z   platform-check-severity: fatal
2026-09-01T16:26:20.8286469Z env:
2026-09-01T16:26:20.8286701Z   OPENFHE_COMMIT: df495ba2e91739a6dc8f1de254fc5a41155ce504
2026-09-01T16:26:20.8287061Z   OPENFHE_PREFIX: C:\openfhe-2023-1788\openfhe-install
2026-09-01T16:26:20.8287363Z   WINDOWS_ROOT: C:\openfhe-2023-1788
2026-09-01T16:26:20.8287712Z   PROJECT_SOURCE: C:\openfhe-2023-1788\cleanroom
2026-09-01T16:26:20.8288106Z   OPENFHE_SOURCE: C:\openfhe-2023-1788\openfhe-src
2026-09-01T16:26:20.8288696Z   OPENFHE_BUILD: C:\openfhe-2023-1788\openfhe-build-33531734269-1
2026-09-01T16:26:20.8289206Z   PROJECT_BUILD: C:\openfhe-2023-1788\project-build-33531734269-1
2026-09-01T16:26:20.8289597Z ##[endgroup]
2026-09-01T16:26:20.9939792Z ##[group]Downloading MSYS2...
2026-09-01T16:26:21.8368739Z ##[endgroup]
2026-09-01T16:26:21.8373412Z ##[group]Extracting MSYS2...
2026-09-01T16:26:21.8388090Z [command]C:\hostedtoolcache\windows\msys2-installer\0.0.20260611\x64\base.exe -y
2026-09-01T16:26:22.1725895Z 
2026-09-01T16:26:22.1728559Z 7-Zip SFX 25.01 ZS v1.5.7 R4 (x64) : Copyright (c) 1999-2025 Igor Pavlov, 2016-2026 Tino Reichardt, 2022-2026 Sergey G. Brester : 2026-01-10
2026-09-01T16:26:22.1729982Z 
2026-09-01T16:26:22.1730683Z Extracting archive: C:\hostedtoolcache\windows\msys2-installer\0.0.20260611\x64\base.exe
2026-09-01T16:26:22.1731614Z --
2026-09-01T16:26:22.1732112Z Path = C:\hostedtoolcache\windows\msys2-installer\0.0.20260611\x64\base.exe
2026-09-01T16:26:22.1732709Z Type = 7z
2026-09-01T16:26:22.1732868Z 
2026-09-01T16:26:22.3661768Z   0%
2026-09-01T16:26:22.3662203Z     
2026-09-01T16:26:22.5691251Z   0% 1168 - msys64\usr\bin\gettext.sh
2026-09-01T16:26:22.5691678Z                                      
2026-09-01T16:26:22.7723529Z   3% 2024 - msys64\usr\lib\terminfo\63\cx100
2026-09-01T16:26:22.7724234Z                                             
2026-09-01T16:26:22.9755085Z   4% 3062 - msys64\usr\lib\terminfo\6f\oldibmpc3
2026-09-01T16:26:22.9755824Z                                                 
2026-09-01T16:26:23.1788986Z   4% 4122 - msys64\usr\lib\terminfo\77\wyse60-wvb
2026-09-01T16:26:23.3829395Z                                                  
2026-09-01T16:26:23.3830350Z   5% 5157 - msys64\usr\share\bash-completion\completions\vgimport
2026-09-01T16:26:23.3830951Z                                                                  
2026-09-01T16:26:23.5860782Z  11% 6048 - msys64\usr\share\locale\cs\LC_MESSAGES\gettext-tools.mo
2026-09-01T16:26:23.5861838Z                                                                    
2026-09-01T16:26:23.7892851Z  24% 6626 - msys64\usr\share\locale\ro\LC_MESSAGES\gettext-runtime.mo
2026-09-01T16:26:23.7893757Z                                                                      
2026-09-01T16:26:23.9923177Z  32% 7424 - msys64\usr\share\man\man1\pod2man.1perl.gz
2026-09-01T16:26:23.9923725Z                                                       
2026-09-01T16:26:24.1953981Z  33% 8406 - msys64\usr\share\man\man3\form_new.3x.gz
2026-09-01T16:26:24.1955248Z                                                     
2026-09-01T16:26:24.3991683Z  34% 9267 - msys64\usr\share\man\man3\vwprintw.3x.gz
2026-09-01T16:26:24.3992455Z                                                     
2026-09-01T16:26:24.6018333Z  42% 10051 - msys64\usr\share\perl5\core_perl\TAP\Parser.pm
2026-09-01T16:26:24.6018955Z                                                            
2026-09-01T16:26:24.8050722Z  44% 10925 - msys64\usr\share\perl5\core_perl\unicore\lib\WB\XX.pl
2026-09-01T16:26:24.8053788Z                                                                   
2026-09-01T16:26:25.0081326Z  47% 11937 - msys64\usr\share\terminfo\66\f110-14w
2026-09-01T16:26:25.0082251Z                                                   
2026-09-01T16:26:25.2113337Z  47% 13012 - msys64\usr\share\terminfo\73\sun-e-s
2026-09-01T16:26:25.2114225Z                                                  
2026-09-01T16:26:25.4148900Z  48% 14071 - msys64\usr\share\zoneinfo\America\Kralendijk
2026-09-01T16:26:25.4149564Z                                                          
2026-09-01T16:26:25.6177750Z  48% 15104 - msys64\usr\share\zoneinfo\right\Africa\Abidjan
2026-09-01T16:26:25.6178245Z                                                            
2026-09-01T16:26:25.8215933Z  50% 16066
2026-09-01T16:26:25.8216262Z           
2026-09-01T16:26:26.0122205Z  68% 16324 - msys64\usr\bin\msys-pcre2-8-0.dll
2026-09-01T16:26:26.0122872Z                                               
2026-09-01T16:26:26.1141028Z  91% 16436 - msys64\usr\bin\testpkg.exe
2026-09-01T16:26:26.1141703Z                                        
2026-09-01T16:26:26.1142299Z Everything is Ok
2026-09-01T16:26:26.1160974Z ##[endgroup]
2026-09-01T16:26:26.1162216Z ##[group]Disable Key Refresh...
2026-09-01T16:26:26.1182618Z ##[endgroup]
2026-09-01T16:26:26.1199494Z ##[group]Starting MSYS2 for the first time...
2026-09-01T16:26:26.2131697Z [command]C:\Windows\system32\cmd.exe /D /S /C D:\a\_temp\setup-msys2\msys2.cmd -c "'uname' '-a'"
2026-09-01T16:26:26.3386139Z [1;32mMSYS2 is starting for the first time. Executing the initial setup.[1;0m
2026-09-01T16:26:26.3702124Z Copying skeleton files.
2026-09-01T16:26:26.3703109Z These files are for the users to personalise their msys2 experience.
2026-09-01T16:26:26.3703813Z 
2026-09-01T16:26:26.3705069Z They will never be overwritten nor automatically updated.
2026-09-01T16:26:26.3705742Z 
2026-09-01T16:26:26.4135463Z './.bashrc' -> '/home/runneradmin/.bashrc'
2026-09-01T16:26:26.4302516Z './.bash_profile' -> '/home/runneradmin/.bash_profile'
2026-09-01T16:26:26.4465345Z './.profile' -> '/home/runneradmin/.profile'
2026-09-01T16:26:26.5275459Z 'C:\Windows\system32\drivers\etc\hosts' -> '/etc/hosts'
2026-09-01T16:26:26.5729114Z 'C:\Windows\system32\drivers\etc\protocol' -> '/etc/protocols'
2026-09-01T16:26:26.6214486Z 'C:\Windows\system32\drivers\etc\services' -> '/etc/services'
2026-09-01T16:26:26.7005189Z 'C:\Windows\system32\drivers\etc\networks' -> '/etc/networks'
2026-09-01T16:26:26.8868529Z gpg: /etc/pacman.d/gnupg/trustdb.gpg: trustdb created
2026-09-01T16:26:26.8922925Z gpg: no ultimately trusted keys found
2026-09-01T16:26:27.1318164Z gpg: starting migration from earlier GnuPG versions
2026-09-01T16:26:27.1834320Z gpg: porting secret keys from '/etc/pacman.d/gnupg/secring.gpg' to gpg-agent
2026-09-01T16:26:27.1837234Z gpg: migration succeeded
2026-09-01T16:26:27.2021334Z ==> Generating pacman master key. This may take some time.
2026-09-01T16:26:27.2181177Z gpg: Generating pacman keyring master key...
2026-09-01T16:26:27.8493067Z gpg: directory '/etc/pacman.d/gnupg/openpgp-revocs.d' created
2026-09-01T16:26:27.8739504Z gpg: revocation certificate stored as '/etc/pacman.d/gnupg/openpgp-revocs.d/115CCF5D59954FBD80F0628AF9DD25F920F6D4A6.rev'
2026-09-01T16:26:27.8740969Z gpg: Done
2026-09-01T16:26:27.8892559Z ==> Updating trust database...
2026-09-01T16:26:27.9209444Z gpg: marginals needed: 3  completes needed: 1  trust model: pgp
2026-09-01T16:26:27.9210291Z gpg: depth: 0  valid:   1  signed:   0  trust: 0-, 0q, 0n, 0m, 0f, 1u
2026-09-01T16:26:28.0602243Z ==> Appending keys from msys2.gpg...
2026-09-01T16:26:28.5783380Z ==> Locally signing trusted keys in keyring...
2026-09-01T16:26:29.0372496Z   -> Locally signed 5 keys.
2026-09-01T16:26:29.0496515Z ==> Importing owner trust values...
2026-09-01T16:26:29.0663211Z gpg: setting ownertrust to 4
2026-09-01T16:26:29.0663929Z gpg: setting ownertrust to 4
2026-09-01T16:26:29.0664475Z gpg: setting ownertrust to 4
2026-09-01T16:26:29.0666174Z gpg: setting ownertrust to 4
2026-09-01T16:26:29.0666645Z gpg: setting ownertrust to 4
2026-09-01T16:26:29.0883881Z ==> Disabling revoked keys in keyring...
2026-09-01T16:26:29.2949774Z   -> Disabled 4 keys.
2026-09-01T16:26:29.3073312Z ==> Updating trust database...
2026-09-01T16:26:29.3572303Z gpg: marginals needed: 3  completes needed: 1  trust model: pgp
2026-09-01T16:26:29.3598793Z gpg: depth: 0  valid:   1  signed:   5  trust: 0-, 0q, 0n, 0m, 0f, 1u
2026-09-01T16:26:29.3628985Z gpg: depth: 1  valid:   5  signed:   6  trust: 0-, 0q, 0n, 5m, 0f, 0u
2026-09-01T16:26:29.3641715Z gpg: depth: 2  valid:   3  signed:   2  trust: 3-, 0q, 0n, 0m, 0f, 0u
2026-09-01T16:26:29.3964476Z pacman-key (pacman) 6.1.0
2026-09-01T16:26:29.3965698Z Copyright (c) 2010-2024 Pacman Development Team <pacman-dev@lists.archlinux.org>.
2026-09-01T16:26:29.3966304Z 
2026-09-01T16:26:29.4091222Z This is free software; see the source for copying conditions.
2026-09-01T16:26:29.4092032Z There is NO WARRANTY, to the extent permitted by law.
2026-09-01T16:26:29.5852152Z [1;32mInitial setup complete. MSYS2 is now ready to use.[1;0m
2026-09-01T16:26:29.5981188Z MINGW64_NT-10.0-20348 runnervm0js1w 3.6.9-01d6c708.x86_64 2026-05-24 10:45 UTC x86_64 Msys
2026-09-01T16:26:29.6020328Z ##[endgroup]
2026-09-01T16:26:29.6021199Z ##[group]Disable CheckSpace...
2026-09-01T16:26:29.6814155Z [command]C:\Windows\system32\cmd.exe /D /S /C D:\a\_temp\setup-msys2\msys2.cmd -c "'sed' '-i' 's/^CheckSpace/#CheckSpace/g' '/etc/pacman.conf'"
2026-09-01T16:26:29.8488232Z ##[endgroup]
2026-09-01T16:26:29.8488814Z ##[group]Updating packages...
2026-09-01T16:26:29.9279255Z [command]C:\Windows\system32\cmd.exe /D /S /C D:\a\_temp\setup-msys2\msys2.cmd -c "'pacman' '--noconfirm' '-Syuu' '--overwrite' '*'"
2026-09-01T16:26:30.5518472Z :: Synchronizing package databases...
2026-09-01T16:26:32.2660870Z  clangarm64 downloading...
2026-09-01T16:26:32.2661362Z  mingw32 downloading...
2026-09-01T16:26:32.2661679Z  mingw64 downloading...
2026-09-01T16:26:32.2662007Z  ucrt64 downloading...
2026-09-01T16:26:32.2662303Z  clang64 downloading...
2026-09-01T16:26:32.2662591Z  msys downloading...
2026-09-01T16:26:32.7416615Z :: Starting core system upgrade...
2026-09-01T16:26:32.9314855Z warning: terminate other MSYS2 programs before proceeding
2026-09-01T16:26:32.9315478Z resolving dependencies...
2026-09-01T16:26:32.9315866Z looking for conflicting packages...
2026-09-01T16:26:32.9419683Z 
2026-09-01T16:26:32.9420022Z Packages (1) msys2-runtime-3.6.10-3
2026-09-01T16:26:32.9420399Z 
2026-09-01T16:26:32.9420573Z Total Download Size:    1.97 MiB
2026-09-01T16:26:32.9421009Z Total Installed Size:   6.33 MiB
2026-09-01T16:26:32.9422113Z Net Upgrade Size:      -0.20 MiB
2026-09-01T16:26:32.9422395Z 
2026-09-01T16:26:32.9424033Z :: Proceed with installation? [Y/n] 
2026-09-01T16:26:32.9424558Z :: Retrieving packages...
2026-09-01T16:26:33.6482883Z  msys2-runtime-3.6.10-3-x86_64 downloading...
2026-09-01T16:26:33.6483873Z checking keyring...
2026-09-01T16:26:33.7041632Z checking package integrity...
2026-09-01T16:26:33.8867040Z loading package files...
2026-09-01T16:26:33.8891213Z checking for file conflicts...
2026-09-01T16:26:33.8915589Z :: Processing package changes...
2026-09-01T16:26:33.8916031Z upgrading msys2-runtime...
2026-09-01T16:26:34.0440420Z :: To complete this update all MSYS2 processes including this terminal will be closed. Confirm to proceed [Y/n] 
2026-09-01T16:26:34.3318884Z ##[endgroup]
2026-09-01T16:26:34.3319398Z ##[group]Killing remaining tasks...
2026-09-01T16:26:34.4258479Z [command]C:\Windows\system32\taskkill.exe /F /FI "MODULES eq msys-2.0.dll"
2026-09-01T16:26:34.8234470Z 
2026-09-01T16:26:34.8235063Z INFO: No tasks running with the specified criteria.
2026-09-01T16:26:34.8269895Z ##[endgroup]
2026-09-01T16:26:34.8270518Z ##[group]Final system upgrade...
2026-09-01T16:26:34.9384707Z [command]C:\Windows\system32\cmd.exe /D /S /C D:\a\_temp\setup-msys2\msys2.cmd -c "'pacman' '--noconfirm' '-Syuu' '--overwrite' '*'"
2026-09-01T16:26:35.6427681Z :: Synchronizing package databases...
2026-09-01T16:26:36.7554287Z  clangarm64 downloading...
2026-09-01T16:26:36.7555393Z  mingw32 downloading...
2026-09-01T16:26:36.7556197Z  mingw64 downloading...
2026-09-01T16:26:36.7560368Z  ucrt64 downloading...
2026-09-01T16:26:36.7560867Z  clang64 downloading...
2026-09-01T16:26:36.7565660Z  msys downloading...
2026-09-01T16:26:37.4940075Z :: Starting core system upgrade...
2026-09-01T16:26:37.6872120Z  there is nothing to do
2026-09-01T16:26:37.6872618Z :: Starting full system upgrade...
2026-09-01T16:26:37.7182407Z resolving dependencies...
2026-09-01T16:26:37.7248357Z looking for conflicting packages...
2026-09-01T16:26:37.7376217Z 
2026-09-01T16:26:37.7379971Z Packages (31) bash-completion-2.18.0-1  bsdtar-3.8.9-1  ca-certificates-20260816-1  curl-8.21.0-1  findutils-4.11.0-2  gawk-5.4.1-1  gcc-libs-15.3.0-1  gnupg-2.4.9-3  libcurl-8.21.0-1  libexpat-2.8.3-1  libffi-3.8.0-1  libgnutls-3.8.13-2  libhogweed-4.0-1  libnettle-4.0-1  libnghttp2-1.70.0-1  libnghttp3-1.18.0-1  libngtcp2-1.25.0-1  libopenssl-3.6.4-1  libp11-kit-0.26.5-1  libpsl-0.23.2-1  libsqlite-3.53.4-1  msys2-keyring-1~20260814-1  nano-9.2-1  nettle-4.0-1  openssl-3.6.4-1  p11-kit-0.26.5-1  pacman-contrib-1.10.6-2  perl-5.42.3-1  pinentry-1.3.3-1  tzcode-2026c-1  wget-1.25.0-2
2026-09-01T16:26:37.7382929Z 
2026-09-01T16:26:37.7383055Z Total Download Size:    27.05 MiB
2026-09-01T16:26:37.7383410Z Total Installed Size:  108.42 MiB
2026-09-01T16:26:37.7383758Z Net Upgrade Size:       -1.02 MiB
2026-09-01T16:26:37.7383987Z 
2026-09-01T16:26:37.7384479Z :: Proceed with installation? [Y/n] 
2026-09-01T16:26:37.7385111Z :: Retrieving packages...
2026-09-01T16:26:40.6648308Z  perl-5.42.3-1-x86_64 downloading...
2026-09-01T16:26:40.6648911Z  pacman-contrib-1.10.6-2-x86_64 downloading...
2026-09-01T16:26:40.6649518Z  gnupg-2.4.9-3-x86_64 downloading...
2026-09-01T16:26:40.6650001Z  libopenssl-3.6.4-1-x86_64 downloading...
2026-09-01T16:26:40.6650526Z  gawk-5.4.1-1-x86_64 downloading...
2026-09-01T16:26:40.6651000Z  libgnutls-3.8.13-2-x86_64 downloading...
2026-09-01T16:26:40.6651498Z  gcc-libs-15.3.0-1-x86_64 downloading...
2026-09-01T16:26:40.6651925Z  curl-8.21.0-1-x86_64 downloading...
2026-09-01T16:26:40.6652273Z  wget-1.25.0-2-x86_64 downloading...
2026-09-01T16:26:40.6652623Z  libsqlite-3.53.4-1-x86_64 downloading...
2026-09-01T16:26:40.6653006Z  nano-9.2-1-x86_64 downloading...
2026-09-01T16:26:40.6653340Z  openssl-3.6.4-1-x86_64 downloading...
2026-09-01T16:26:40.6653699Z  findutils-4.11.0-2-x86_64 downloading...
2026-09-01T16:26:40.6654081Z  p11-kit-0.26.5-1-x86_64 downloading...
2026-09-01T16:26:40.6654474Z  ca-certificates-20260816-1-any downloading...
2026-09-01T16:26:40.6654873Z  libcurl-8.21.0-1-x86_64 downloading...
2026-09-01T16:26:40.6655228Z  bsdtar-3.8.9-1-x86_64 downloading...
2026-09-01T16:26:40.6655779Z  tzcode-2026c-1-x86_64 downloading...
2026-09-01T16:26:40.6656187Z  libp11-kit-0.26.5-1-x86_64 downloading...
2026-09-01T16:26:40.6656594Z  bash-completion-2.18.0-1-any downloading...
2026-09-01T16:26:40.6656988Z  libhogweed-4.0-1-x86_64 downloading...
2026-09-01T16:26:40.6657348Z  libngtcp2-1.25.0-1-x86_64 downloading...
2026-09-01T16:26:40.6657722Z  libnettle-4.0-1-x86_64 downloading...
2026-09-01T16:26:40.6658086Z  nettle-4.0-1-x86_64 downloading...
2026-09-01T16:26:40.6658436Z  libpsl-0.23.2-1-x86_64 downloading...
2026-09-01T16:26:40.6658802Z  libnghttp3-1.18.0-1-x86_64 downloading...
2026-09-01T16:26:40.6659209Z  libnghttp2-1.70.0-1-x86_64 downloading...
2026-09-01T16:26:40.6659730Z  libexpat-2.8.3-1-x86_64 downloading...
2026-09-01T16:26:40.6660234Z  pinentry-1.3.3-1-x86_64 downloading...
2026-09-01T16:26:40.6660758Z  msys2-keyring-1~20260814-1-any downloading...
2026-09-01T16:26:40.6661376Z  libffi-3.8.0-1-x86_64 downloading...
2026-09-01T16:26:40.6661907Z checking keyring...
2026-09-01T16:26:40.7225431Z checking package integrity...
2026-09-01T16:26:45.3479437Z loading package files...
2026-09-01T16:26:45.4196469Z checking for file conflicts...
2026-09-01T16:26:45.4745221Z :: Running pre-transaction hooks...
2026-09-01T16:26:45.4745712Z (1/1) Removing old entries from the info directory file...
2026-09-01T16:26:45.5933345Z :: Processing package changes...
2026-09-01T16:26:45.5934145Z upgrading bash-completion...
2026-09-01T16:26:46.4949217Z upgrading gcc-libs...
2026-09-01T16:26:46.5136441Z upgrading libexpat...
2026-09-01T16:26:46.5181147Z upgrading libopenssl...
2026-09-01T16:26:46.5447498Z upgrading bsdtar...
2026-09-01T16:26:46.5541280Z upgrading openssl...
2026-09-01T16:26:46.6612401Z upgrading findutils...
2026-09-01T16:26:46.7372503Z upgrading libffi...
2026-09-01T16:26:46.7479391Z upgrading libp11-kit...
2026-09-01T16:26:46.7550740Z upgrading p11-kit...
2026-09-01T16:26:46.9067804Z upgrading ca-certificates...
2026-09-01T16:26:47.4531550Z upgrading libnghttp3...
2026-09-01T16:26:47.4595305Z upgrading libngtcp2...
2026-09-01T16:26:47.4676096Z upgrading libnghttp2...
2026-09-01T16:26:47.4735235Z upgrading libpsl...
2026-09-01T16:26:47.4825401Z upgrading libcurl...
2026-09-01T16:26:47.4888079Z upgrading curl...
2026-09-01T16:26:47.9190351Z upgrading gawk...
2026-09-01T16:26:48.0183616Z upgrading libhogweed...
2026-09-01T16:26:48.0229148Z upgrading libnettle...
2026-09-01T16:26:48.0277444Z upgrading libgnutls...
2026-09-01T16:26:48.0788250Z upgrading libsqlite...
2026-09-01T16:26:48.0889137Z upgrading nettle...
2026-09-01T16:26:48.0966771Z upgrading pinentry...
2026-09-01T16:26:48.1028526Z upgrading gnupg...
2026-09-01T16:26:52.6730184Z ==> Appending keys from msys2.gpg...
2026-09-01T16:26:53.1411318Z ==> Updating trust database...
2026-09-01T16:26:53.1591067Z gpg: no need for a trustdb check
2026-09-01T16:26:53.2442903Z upgrading msys2-keyring...
2026-09-01T16:26:53.5714517Z ==> Appending keys from msys2.gpg...
2026-09-01T16:26:54.0786843Z ==> Updating trust database...
2026-09-01T16:26:54.0962214Z gpg: next trustdb check due at 2027-02-10
2026-09-01T16:26:54.1838769Z upgrading nano...
2026-09-01T16:26:54.2960900Z upgrading pacman-contrib...
2026-09-01T16:26:54.3641851Z New optional dependencies for pacman-contrib
2026-09-01T16:26:54.3642542Z     perl: for pacsearch [installed]
2026-09-01T16:26:54.3642937Z     vim: default diff program for pacdiff
2026-09-01T16:26:54.3643322Z upgrading perl...
2026-09-01T16:26:56.1639989Z upgrading tzcode...
2026-09-01T16:26:58.0561578Z upgrading wget...
2026-09-01T16:26:58.1967427Z :: Running post-transaction hooks...
2026-09-01T16:26:58.1968762Z (1/1) Updating the info directory file...
2026-09-01T16:26:59.8401410Z ##[endgroup]
2026-09-01T16:26:59.8401931Z ##[group]Installing additional packages through pacman...
2026-09-01T16:26:59.9237492Z [command]C:\Windows\system32\cmd.exe /D /S /C D:\a\_temp\setup-msys2\msys2.cmd -c "'pacman' '--noconfirm' '-S' '--needed' '--overwrite' '*' 'git' 'make' 'mingw-w64-x86_64-boost' 'mingw-w64-x86_64-cmake' 'mingw-w64-x86_64-gcc'"
2026-09-01T16:27:00.7198148Z resolving dependencies...
2026-09-01T16:27:00.7333378Z looking for conflicting packages...
2026-09-01T16:27:00.7493754Z 
2026-09-01T16:27:00.7504521Z Packages (89) heimdal-7.8.0-5  heimdal-libs-7.8.0-5  libcbor-0.14.0-2  libedit-20240808_3.1-1  libfido2-1.17.0-1  mingw-w64-x86_64-binutils-2.47-3  mingw-w64-x86_64-boost-libs-1.91.0-3  mingw-w64-x86_64-brotli-1.2.0-1  mingw-w64-x86_64-bzip2-1.0.8-4  mingw-w64-x86_64-c-ares-1.34.8-1  mingw-w64-x86_64-ca-certificates-20260816-1  mingw-w64-x86_64-cppdap-1.65.r11.g6464cd7-1  mingw-w64-x86_64-crt-14.0.0.r302.gd7f3c5201-1  mingw-w64-x86_64-curl-8.21.0-2  mingw-w64-x86_64-expat-2.8.3-1  mingw-w64-x86_64-gcc-libs-16.2.0-3  mingw-w64-x86_64-gettext-runtime-1.0-1  mingw-w64-x86_64-gmp-6.3.0-2  mingw-w64-x86_64-gnutls-3.8.13-3  mingw-w64-x86_64-headers-14.0.0.r302.gd7f3c5201-1  mingw-w64-x86_64-icu-78.3-4  mingw-w64-x86_64-isl-0.28-1  mingw-w64-x86_64-jsoncpp-1.9.8-1  mingw-w64-x86_64-libarchive-3.8.9-5  mingw-w64-x86_64-libb2-0.98.1-3  mingw-w64-x86_64-libffi-3.8.0-1  mingw-w64-x86_64-libiconv-1.19-1  mingw-w64-x86_64-libidn2-2.3.8-4  mingw-w64-x86_64-libpsl-0.21.5-3  mingw-w64-x86_64-libssh2-1.11.1-2  mingw-w64-x86_64-libtasn1-4.21.0-1  mingw-w64-x86_64-libunistring-1.4.2-1  mingw-w64-x86_64-libuv-1.52.1-1  mingw-w64-x86_64-libwinpthread-14.0.0.r302.gd7f3c5201-1  mingw-w64-x86_64-lz4-1.10.0-1  mingw-w64-x86_64-mpc-1.4.1-1  mingw-w64-x86_64-mpfr-4.2.2-3  mingw-w64-x86_64-nettle-4.0-1  mingw-w64-x86_64-nghttp2-1.70.0-1  mingw-w64-x86_64-nghttp3-1.18.0-1  mingw-w64-x86_64-ngtcp2-1.25.0-1  mingw-w64-x86_64-ninja-1.13.2-1  mingw-w64-x86_64-openssl-3.6.4-1  mingw-w64-x86_64-p11-kit-0.26.5-1  mingw-w64-x86_64-pcre2-10.47-1  mingw-w64-x86_64-pkgconf-1~3.0.5-1  mingw-w64-x86_64-rhash-1.4.6-1  mingw-w64-x86_64-tzdata-2026c-1  mingw-w64-x86_64-windows-default-manifest-20260815-1  mingw-w64-x86_64-wineditline-2.208-1  mingw-w64-x86_64-winpthreads-14.0.0.r302.gd7f3c5201-1  mingw-w64-x86_64-xz-5.8.3-1  mingw-w64-x86_64-zlib-1.3.2-2  mingw-w64-x86_64-zstd-1.5.7-2  openssh-10.5p1-2  perl-Authen-SASL-2.2000-1  perl-Clone-0.50-2  perl-Convert-BinHex-1.125-2  perl-Encode-Locale-1.05-2  perl-Error-0.17030-1  perl-File-Listing-6.16-1  perl-HTML-Parser-3.85-1  perl-HTML-Tagset-3.24-1  perl-HTTP-Cookies-6.12-1  perl-HTTP-Daemon-6.17-1  perl-HTTP-Date-6.08-1  perl-HTTP-Message-7.04-1  perl-HTTP-Negotiate-6.01-3  perl-IO-HTML-1.004-2  perl-IO-Socket-SSL-2.099-1  perl-IO-Stringy-2.113-3  perl-LWP-MediaTypes-6.04-2  perl-MIME-tools-5.517-1  perl-MailTools-2.22-1  perl-Net-HTTP-6.24-1  perl-Net-SMTP-SSL-1.04-2  perl-Net-SSLeay-1.96-1  perl-TermReadKey-2.38-8  perl-TimeDate-2.35-1  perl-Try-Tiny-0.32-1  perl-URI-5.36-1  perl-WWW-RobotRules-6.03-1  perl-http-cookiejar-0.014-1  perl-libwww-6.83-2  git-2.55.0-1  make-4.4.1-3  mingw-w64-x86_64-boost-1.91.0-3  mingw-w64-x86_64-cmake-4.4.2-2  mingw-w64-x86_64-gcc-16.2.0-3
2026-09-01T16:27:00.7513800Z 
2026-09-01T16:27:00.7513897Z Total Download Size:    154.18 MiB
2026-09-01T16:27:00.7514151Z Total Installed Size:  1023.08 MiB
2026-09-01T16:27:00.7514316Z 
2026-09-01T16:27:00.7514447Z :: Proceed with installation? [Y/n] 
2026-09-01T16:27:00.7514720Z :: Retrieving packages...
2026-09-01T16:27:12.7785004Z  mingw-w64-x86_64-gcc-16.2.0-3-any downloading...
2026-09-01T16:27:12.7785684Z  mingw-w64-x86_64-icu-78.3-4-any downloading...
2026-09-01T16:27:12.7786346Z  mingw-w64-x86_64-boost-1.91.0-3-any downloading...
2026-09-01T16:27:12.7786953Z  mingw-w64-x86_64-cmake-4.4.2-2-any downloading...
2026-09-01T16:27:12.7787618Z  mingw-w64-x86_64-openssl-3.6.4-1-any downloading...
2026-09-01T16:27:12.7788266Z  git-2.55.0-1-x86_64 downloading...
2026-09-01T16:27:12.7788913Z  mingw-w64-x86_64-headers-14.0.0.r302.gd7f3c5201-1-any downloading...
2026-09-01T16:27:12.7789488Z  mingw-w64-x86_64-binutils-2.47-3-any downloading...
2026-09-01T16:27:12.7790012Z  mingw-w64-x86_64-crt-14.0.0.r302.gd7f3c5201-1-any downloading...
2026-09-01T16:27:12.7790554Z  mingw-w64-x86_64-boost-libs-1.91.0-3-any downloading...
2026-09-01T16:27:12.7791039Z  mingw-w64-x86_64-gnutls-3.8.13-3-any downloading...
2026-09-01T16:27:12.7791537Z  mingw-w64-x86_64-libarchive-3.8.9-5-any downloading...
2026-09-01T16:27:12.7792009Z  mingw-w64-x86_64-curl-8.21.0-2-any downloading...
2026-09-01T16:27:12.7792445Z  mingw-w64-x86_64-isl-0.28-1-any downloading...
2026-09-01T16:27:12.7792873Z  mingw-w64-x86_64-pcre2-10.47-1-any downloading...
2026-09-01T16:27:12.7793294Z  openssh-10.5p1-2-x86_64 downloading...
2026-09-01T16:27:12.7793909Z  mingw-w64-x86_64-gcc-libs-16.2.0-3-any downloading...
2026-09-01T16:27:12.7794423Z  mingw-w64-x86_64-libunistring-1.4.2-1-any downloading...
2026-09-01T16:27:12.7794883Z  heimdal-libs-7.8.0-5-x86_64 downloading...
2026-09-01T16:27:12.7795310Z  mingw-w64-x86_64-libiconv-1.19-1-any downloading...
2026-09-01T16:27:12.7795765Z  mingw-w64-x86_64-zstd-1.5.7-2-any downloading...
2026-09-01T16:27:12.7796211Z  mingw-w64-x86_64-p11-kit-0.26.5-1-any downloading...
2026-09-01T16:27:12.7796664Z  mingw-w64-x86_64-gmp-6.3.0-2-any downloading...
2026-09-01T16:27:12.7797352Z  mingw-w64-x86_64-nettle-4.0-1-any downloading...
2026-09-01T16:27:12.7797965Z  heimdal-7.8.0-5-x86_64 downloading...
2026-09-01T16:27:12.7798565Z  mingw-w64-x86_64-mpfr-4.2.2-3-any downloading...
2026-09-01T16:27:12.7799359Z  mingw-w64-x86_64-cppdap-1.65.r11.g6464cd7-1-any downloading...
2026-09-01T16:27:12.7800114Z  make-4.4.1-3-x86_64 downloading...
2026-09-01T16:27:12.7800891Z  mingw-w64-x86_64-xz-5.8.3-1-any downloading...
2026-09-01T16:27:12.7801504Z  mingw-w64-x86_64-brotli-1.2.0-1-any downloading...
2026-09-01T16:27:12.7802086Z  mingw-w64-x86_64-gettext-runtime-1.0-1-any downloading...
2026-09-01T16:27:12.7802771Z  mingw-w64-x86_64-ca-certificates-20260816-1-any downloading...
2026-09-01T16:27:12.7803405Z  mingw-w64-x86_64-c-ares-1.34.8-1-any downloading...
2026-09-01T16:27:12.7803966Z  mingw-w64-x86_64-libssh2-1.11.1-2-any downloading...
2026-09-01T16:27:12.7804519Z  mingw-w64-x86_64-ngtcp2-1.25.0-1-any downloading...
2026-09-01T16:27:12.7805052Z  mingw-w64-x86_64-rhash-1.4.6-1-any downloading...
2026-09-01T16:27:12.7805554Z  perl-Net-SSLeay-1.96-1-x86_64 downloading...
2026-09-01T16:27:12.7806073Z  mingw-w64-x86_64-tzdata-2026c-1-any downloading...
2026-09-01T16:27:12.7806559Z  mingw-w64-x86_64-libuv-1.52.1-1-any downloading...
2026-09-01T16:27:12.7807079Z  mingw-w64-x86_64-jsoncpp-1.9.8-1-any downloading...
2026-09-01T16:27:12.7807611Z  mingw-w64-x86_64-nghttp2-1.70.0-1-any downloading...
2026-09-01T16:27:12.7808168Z  mingw-w64-x86_64-libtasn1-4.21.0-1-any downloading...
2026-09-01T16:27:12.7808693Z  mingw-w64-x86_64-expat-2.8.3-1-any downloading...
2026-09-01T16:27:12.7809214Z  mingw-w64-x86_64-ninja-1.13.2-1-any downloading...
2026-09-01T16:27:12.7809774Z  perl-MIME-tools-5.517-1-any downloading...
2026-09-01T16:27:12.7810119Z  mingw-w64-x86_64-libidn2-2.3.8-4-any downloading...
2026-09-01T16:27:12.7810426Z  mingw-w64-x86_64-lz4-1.10.0-1-any downloading...
2026-09-01T16:27:12.7810729Z  perl-IO-Socket-SSL-2.099-1-any downloading...
2026-09-01T16:27:12.7811042Z  mingw-w64-x86_64-pkgconf-1~3.0.5-1-any downloading...
2026-09-01T16:27:12.7811395Z  mingw-w64-x86_64-nghttp3-1.18.0-1-any downloading...
2026-09-01T16:27:12.7811698Z  mingw-w64-x86_64-mpc-1.4.1-1-any downloading...
2026-09-01T16:27:12.7811976Z  perl-libwww-6.83-2-any downloading...
2026-09-01T16:27:12.7812246Z  mingw-w64-x86_64-zlib-1.3.2-2-any downloading...
2026-09-01T16:27:12.7812654Z  perl-URI-5.36-1-any downloading...
2026-09-01T16:27:12.7813122Z  mingw-w64-x86_64-libpsl-0.21.5-3-any downloading...
2026-09-01T16:27:12.7813645Z  mingw-w64-x86_64-bzip2-1.0.8-4-any downloading...
2026-09-01T16:27:12.7814148Z  libedit-20240808_3.1-1-x86_64 downloading...
2026-09-01T16:27:12.7814624Z  libfido2-1.17.0-1-x86_64 downloading...
2026-09-01T16:27:12.7815105Z  perl-HTML-Parser-3.85-1-x86_64 downloading...
2026-09-01T16:27:12.7815610Z  perl-HTTP-Message-7.04-1-any downloading...
2026-09-01T16:27:12.7816101Z  perl-TimeDate-2.35-1-any downloading...
2026-09-01T16:27:12.7816645Z  mingw-w64-x86_64-wineditline-2.208-1-any downloading...
2026-09-01T16:27:12.7817192Z  perl-MailTools-2.22-1-any downloading...
2026-09-01T16:27:12.7817707Z  mingw-w64-x86_64-libffi-3.8.0-1-any downloading...
2026-09-01T16:27:12.7818256Z  perl-IO-Stringy-2.113-3-any downloading...
2026-09-01T16:27:12.7818974Z  mingw-w64-x86_64-winpthreads-14.0.0.r302.gd7f3c5201-1-any downloading...
2026-09-01T16:27:12.7819746Z  perl-Authen-SASL-2.2000-1-any downloading...
2026-09-01T16:27:12.7820489Z  mingw-w64-x86_64-libwinpthread-14.0.0.r302.gd7f3c5201-1-any downloading...
2026-09-01T16:27:12.7821227Z  perl-Convert-BinHex-1.125-2-any downloading...
2026-09-01T16:27:12.7821753Z  mingw-w64-x86_64-libb2-0.98.1-3-any downloading...
2026-09-01T16:27:12.7822211Z  libcbor-0.14.0-2-x86_64 downloading...
2026-09-01T16:27:12.7822669Z  perl-HTTP-Cookies-6.12-1-any downloading...
2026-09-01T16:27:12.7823163Z  perl-Net-HTTP-6.24-1-any downloading...
2026-09-01T16:27:12.7823616Z  perl-Error-0.17030-1-any downloading...
2026-09-01T16:27:12.7824106Z  perl-TermReadKey-2.38-8-x86_64 downloading...
2026-09-01T16:27:12.7824829Z  perl-HTTP-Daemon-6.17-1-any downloading...
2026-09-01T16:27:12.7825385Z  perl-LWP-MediaTypes-6.04-2-any downloading...
2026-09-01T16:27:12.7825915Z  perl-Try-Tiny-0.32-1-any downloading...
2026-09-01T16:27:12.7826402Z  perl-Clone-0.50-2-x86_64 downloading...
2026-09-01T16:27:12.7826879Z  perl-IO-HTML-1.004-2-any downloading...
2026-09-01T16:27:12.7828787Z  perl-WWW-RobotRules-6.03-1-any downloading...
2026-09-01T16:27:12.7829347Z  perl-http-cookiejar-0.014-1-any downloading...
2026-09-01T16:27:12.7829905Z  perl-HTTP-Negotiate-6.01-3-any downloading...
2026-09-01T16:27:12.7830455Z  perl-Encode-Locale-1.05-2-any downloading...
2026-09-01T16:27:12.7830948Z  perl-HTML-Tagset-3.24-1-any downloading...
2026-09-01T16:27:12.7831436Z  perl-File-Listing-6.16-1-any downloading...
2026-09-01T16:27:12.7831927Z  perl-HTTP-Date-6.08-1-any downloading...
2026-09-01T16:27:12.7832405Z  perl-Net-SMTP-SSL-1.04-2-any downloading...
2026-09-01T16:27:12.7833069Z  mingw-w64-x86_64-windows-default-manifest-20260815-1-any downloading...
2026-09-01T16:27:12.7833710Z checking keyring...
2026-09-01T16:27:12.8467423Z checking package integrity...
2026-09-01T16:27:27.3841344Z loading package files...
2026-09-01T16:27:27.7192154Z checking for file conflicts...
2026-09-01T16:27:30.1209329Z :: Processing package changes...
2026-09-01T16:27:30.1210039Z installing libedit...
2026-09-01T16:27:30.1551252Z installing heimdal-libs...
2026-09-01T16:27:30.1738972Z installing heimdal...
2026-09-01T16:27:30.8297752Z installing libcbor...
2026-09-01T16:27:30.8328366Z installing libfido2...
2026-09-01T16:27:30.8363985Z installing openssh...
2026-09-01T16:27:30.8772718Z installing perl-Error...
2026-09-01T16:27:30.8853045Z installing perl-Authen-SASL...
2026-09-01T16:27:30.9087959Z installing perl-Encode-Locale...
2026-09-01T16:27:30.9148609Z installing perl-HTTP-Date...
2026-09-01T16:27:30.9210266Z installing perl-File-Listing...
2026-09-01T16:27:30.9276179Z installing perl-HTML-Tagset...
2026-09-01T16:27:30.9341025Z installing perl-Clone...
2026-09-01T16:27:30.9400735Z installing perl-IO-HTML...
2026-09-01T16:27:30.9463309Z installing perl-LWP-MediaTypes...
2026-09-01T16:27:30.9534530Z installing perl-URI...
2026-09-01T16:27:31.0215817Z installing perl-HTTP-Message...
2026-09-01T16:27:31.0427472Z installing perl-HTML-Parser...
2026-09-01T16:27:31.0583491Z installing perl-HTTP-Cookies...
2026-09-01T16:27:31.0667925Z installing perl-HTTP-Daemon...
2026-09-01T16:27:31.0716703Z installing perl-http-cookiejar...
2026-09-01T16:27:31.0788358Z installing perl-HTTP-Negotiate...
2026-09-01T16:27:31.0837901Z installing perl-Net-HTTP...
2026-09-01T16:27:31.0968178Z installing perl-WWW-RobotRules...
2026-09-01T16:27:31.1068164Z installing perl-Try-Tiny...
2026-09-01T16:27:31.1150040Z installing perl-libwww...
2026-09-01T16:27:31.1674379Z Optional dependencies for perl-libwww
2026-09-01T16:27:31.1675058Z     perl-LWP-Protocol-https: for https:// url schemes
2026-09-01T16:27:31.1676201Z installing perl-TimeDate...
2026-09-01T16:27:31.2502838Z installing perl-MailTools...
2026-09-01T16:27:31.2789432Z installing perl-IO-Stringy...
2026-09-01T16:27:31.3061248Z installing perl-Convert-BinHex...
2026-09-01T16:27:31.4540409Z module test... pass.
2026-09-01T16:27:31.4551950Z installing perl-MIME-tools...
2026-09-01T16:27:31.4952080Z installing perl-Net-SSLeay...
2026-09-01T16:27:31.5715508Z installing perl-IO-Socket-SSL...
2026-09-01T16:27:31.5844849Z installing perl-Net-SMTP-SSL...
2026-09-01T16:27:31.5891275Z installing perl-TermReadKey...
2026-09-01T16:27:31.6031203Z installing git...
2026-09-01T16:27:32.1837743Z Optional dependencies for git
2026-09-01T16:27:32.1838320Z     python: various helper scripts
2026-09-01T16:27:32.1838767Z     subversion: git svn
2026-09-01T16:27:32.1839153Z     aspell: spell checking in git gui
2026-09-01T16:27:32.1839571Z installing make...
2026-09-01T16:27:32.2187645Z installing mingw-w64-x86_64-libwinpthread...
2026-09-01T16:27:32.2235734Z installing mingw-w64-x86_64-tzdata...
2026-09-01T16:27:33.9531443Z installing mingw-w64-x86_64-gcc-libs...
2026-09-01T16:27:33.9705137Z installing mingw-w64-x86_64-bzip2...
2026-09-01T16:27:33.9894578Z installing mingw-w64-x86_64-icu...
2026-09-01T16:27:34.3616935Z installing mingw-w64-x86_64-libiconv...
2026-09-01T16:27:34.3855604Z installing mingw-w64-x86_64-gettext-runtime...
2026-09-01T16:27:34.5146080Z installing mingw-w64-x86_64-xz...
2026-09-01T16:27:34.6296351Z installing mingw-w64-x86_64-zstd...
2026-09-01T16:27:34.6495254Z installing mingw-w64-x86_64-zlib...
2026-09-01T16:27:34.6578450Z installing mingw-w64-x86_64-boost-libs...
2026-09-01T16:27:34.7025933Z installing mingw-w64-x86_64-boost...
2026-09-01T16:27:49.0891796Z Optional dependencies for mingw-w64-x86_64-boost
2026-09-01T16:27:49.0892392Z     mingw-w64-x86_64-python: For Boost.Python
2026-09-01T16:27:49.0892766Z     mingw-w64-x86_64-python-numpy: For Boost.Python (NumPy)
2026-09-01T16:27:49.0893142Z installing mingw-w64-x86_64-cppdap...
2026-09-01T16:27:49.1159025Z installing mingw-w64-x86_64-c-ares...
2026-09-01T16:27:49.2310880Z installing mingw-w64-x86_64-brotli...
2026-09-01T16:27:49.2529036Z installing mingw-w64-x86_64-libunistring...
2026-09-01T16:27:49.3013606Z installing mingw-w64-x86_64-libidn2...
2026-09-01T16:27:49.3304568Z installing mingw-w64-x86_64-libpsl...
2026-09-01T16:27:49.3396316Z installing mingw-w64-x86_64-libtasn1...
2026-09-01T16:27:49.3801895Z installing mingw-w64-x86_64-libffi...
2026-09-01T16:27:49.3908549Z installing mingw-w64-x86_64-p11-kit...
2026-09-01T16:27:49.6117035Z installing mingw-w64-x86_64-ca-certificates...
2026-09-01T16:27:50.3235266Z installing mingw-w64-x86_64-openssl...
2026-09-01T16:27:55.9989253Z Optional dependencies for mingw-w64-x86_64-openssl
2026-09-01T16:27:55.9989907Z     mingw-w64-x86_64-ca-certificates [installed]
2026-09-01T16:27:55.9990439Z installing mingw-w64-x86_64-libssh2...
2026-09-01T16:27:56.1337858Z installing mingw-w64-x86_64-nghttp2...
2026-09-01T16:27:56.1503823Z installing mingw-w64-x86_64-gmp...
2026-09-01T16:27:56.1662879Z installing mingw-w64-x86_64-nettle...
2026-09-01T16:27:56.2225968Z installing mingw-w64-x86_64-gnutls...
2026-09-01T16:27:57.1685809Z installing mingw-w64-x86_64-ngtcp2...
2026-09-01T16:27:57.1897587Z installing mingw-w64-x86_64-nghttp3...
2026-09-01T16:27:57.2030101Z installing mingw-w64-x86_64-curl...
2026-09-01T16:27:57.6039369Z installing mingw-w64-x86_64-expat...
2026-09-01T16:27:57.6194632Z installing mingw-w64-x86_64-jsoncpp...
2026-09-01T16:27:57.6399071Z installing mingw-w64-x86_64-libb2...
2026-09-01T16:27:57.6466643Z installing mingw-w64-x86_64-lz4...
2026-09-01T16:27:57.6607476Z installing mingw-w64-x86_64-wineditline...
2026-09-01T16:27:57.6692883Z installing mingw-w64-x86_64-pcre2...
2026-09-01T16:27:57.8495899Z installing mingw-w64-x86_64-libarchive...
2026-09-01T16:27:57.9294720Z installing mingw-w64-x86_64-libuv...
2026-09-01T16:27:57.9510357Z installing mingw-w64-x86_64-ninja...
2026-09-01T16:27:57.9563231Z installing mingw-w64-x86_64-pkgconf...
2026-09-01T16:27:57.9776534Z installing mingw-w64-x86_64-rhash...
2026-09-01T16:27:58.0127654Z installing mingw-w64-x86_64-cmake...
2026-09-01T16:28:01.2757741Z Optional dependencies for mingw-w64-x86_64-cmake
2026-09-01T16:28:01.2758439Z     mingw-w64-x86_64-emacs: for cmake emacs mode
2026-09-01T16:28:01.2758990Z installing mingw-w64-x86_64-binutils...
2026-09-01T16:28:01.5358976Z installing mingw-w64-x86_64-headers...
2026-09-01T16:28:02.9418221Z installing mingw-w64-x86_64-crt...
2026-09-01T16:28:03.5897702Z installing mingw-w64-x86_64-isl...
2026-09-01T16:28:03.6573933Z installing mingw-w64-x86_64-mpfr...
2026-09-01T16:28:03.6801180Z installing mingw-w64-x86_64-mpc...
2026-09-01T16:28:03.6872272Z installing mingw-w64-x86_64-windows-default-manifest...
2026-09-01T16:28:03.6902318Z installing mingw-w64-x86_64-winpthreads...
2026-09-01T16:28:03.7005739Z installing mingw-w64-x86_64-gcc...
2026-09-01T16:28:05.1526283Z :: Running post-transaction hooks...
2026-09-01T16:28:05.1527793Z (1/1) Updating the info directory file...
2026-09-01T16:28:05.4907229Z ##[endgroup]
2026-09-01T16:28:05.5132364Z ##[group]Run cmake --version
2026-09-01T16:28:05.5132722Z [36;1mcmake --version[0m
2026-09-01T16:28:05.5132948Z [36;1mg++ --version[0m
2026-09-01T16:28:05.5137007Z shell: D:\a\_temp\setup-msys2\msys2.CMD {0}
2026-09-01T16:28:05.5137459Z env:
2026-09-01T16:28:05.5137706Z   OPENFHE_COMMIT: df495ba2e91739a6dc8f1de254fc5a41155ce504
2026-09-01T16:28:05.5138072Z   OPENFHE_PREFIX: C:\openfhe-2023-1788\openfhe-install
2026-09-01T16:28:05.5138381Z   WINDOWS_ROOT: C:\openfhe-2023-1788
2026-09-01T16:28:05.5138664Z   PROJECT_SOURCE: C:\openfhe-2023-1788\cleanroom
2026-09-01T16:28:05.5138965Z   OPENFHE_SOURCE: C:\openfhe-2023-1788\openfhe-src
2026-09-01T16:28:05.5139318Z   OPENFHE_BUILD: C:\openfhe-2023-1788\openfhe-build-33531734269-1
2026-09-01T16:28:05.5139712Z   PROJECT_BUILD: C:\openfhe-2023-1788\project-build-33531734269-1
2026-09-01T16:28:05.5140024Z   MSYSTEM: MINGW64
2026-09-01T16:28:05.5140200Z ##[endgroup]
2026-09-01T16:28:05.7075186Z cmake version 4.4.2
2026-09-01T16:28:05.7075603Z 
2026-09-01T16:28:05.7075880Z CMake suite maintained and supported by Kitware (kitware.com/cmake).
2026-09-01T16:28:05.7391226Z g++.exe (Rev3, Built by MSYS2 project) 16.2.0
2026-09-01T16:28:05.7393385Z Copyright (C) 2026 Free Software Foundation, Inc.
2026-09-01T16:28:05.7394145Z This is free software; see the source for copying conditions.  There is NO
2026-09-01T16:28:05.7394898Z warranty; not even for MERCHANTABILITY or FITNESS FOR A PARTICULAR PURPOSE.
2026-09-01T16:28:05.7395343Z 
2026-09-01T16:28:05.7598539Z ##[group]Run source="$(cygpath -u "$OPENFHE_SOURCE")"
2026-09-01T16:28:05.7599031Z [36;1msource="$(cygpath -u "$OPENFHE_SOURCE")"[0m
2026-09-01T16:28:05.7599394Z [36;1mactual="$(git -C "$source" rev-parse HEAD)"[0m
2026-09-01T16:28:05.7599716Z [36;1mtest "$actual" = "$OPENFHE_COMMIT"[0m
2026-09-01T16:28:05.7600045Z [36;1mtest -z "$(git -C "$source" status --porcelain)"[0m
2026-09-01T16:28:05.7600407Z [36;1mgit -C "$source" submodule status --recursive[0m
2026-09-01T16:28:05.7602753Z shell: D:\a\_temp\setup-msys2\msys2.CMD {0}
2026-09-01T16:28:05.7603034Z env:
2026-09-01T16:28:05.7603301Z   OPENFHE_COMMIT: df495ba2e91739a6dc8f1de254fc5a41155ce504
2026-09-01T16:28:05.7603686Z   OPENFHE_PREFIX: C:\openfhe-2023-1788\openfhe-install
2026-09-01T16:28:05.7604026Z   WINDOWS_ROOT: C:\openfhe-2023-1788
2026-09-01T16:28:05.7604318Z   PROJECT_SOURCE: C:\openfhe-2023-1788\cleanroom
2026-09-01T16:28:05.7604635Z   OPENFHE_SOURCE: C:\openfhe-2023-1788\openfhe-src
2026-09-01T16:28:05.7605045Z   OPENFHE_BUILD: C:\openfhe-2023-1788\openfhe-build-33531734269-1
2026-09-01T16:28:05.7605441Z   PROJECT_BUILD: C:\openfhe-2023-1788\project-build-33531734269-1
2026-09-01T16:28:05.7605756Z   MSYSTEM: MINGW64
2026-09-01T16:28:05.7605938Z ##[endgroup]
2026-09-01T16:28:07.1037886Z  984e3f194862b17916536b5fade40cba6e47a6fe third-party/cereal (heads/main)
2026-09-01T16:28:07.2102966Z  eddb0241389718a23a42db6af5f0164b6e0139af third-party/google-benchmark (eddb024)
2026-09-01T16:28:07.3115411Z  52eb8108c5bdec04579160ae17225d66034bd723 third-party/google-test (52eb810)
2026-09-01T16:28:07.4098342Z  83edb60836d87cf1b406e8846b9059c03031e8f5 third-party/gperftools (83edb60)
2026-09-01T16:28:07.4450068Z ##[group]Run prefix="$(cygpath -u "$OPENFHE_PREFIX")"
2026-09-01T16:28:07.4450572Z [36;1mprefix="$(cygpath -u "$OPENFHE_PREFIX")"[0m
2026-09-01T16:28:07.4450909Z [36;1msource="$(cygpath -u "$OPENFHE_SOURCE")"[0m
2026-09-01T16:28:07.4451243Z [36;1mbuild="$(cygpath -u "$OPENFHE_BUILD")"[0m
2026-09-01T16:28:07.4451542Z [36;1mcmake -S "$source" -B "$build" \[0m
2026-09-01T16:28:07.4451814Z [36;1m  -DCMAKE_BUILD_TYPE=Release \[0m
2026-09-01T16:28:07.4452107Z [36;1m  -DCMAKE_INSTALL_PREFIX="$prefix" \[0m
2026-09-01T16:28:07.4452387Z [36;1m  -DBUILD_UNITTESTS=OFF \[0m
2026-09-01T16:28:07.4452638Z [36;1m  -DBUILD_EXAMPLES=OFF \[0m
2026-09-01T16:28:07.4452879Z [36;1m  -DBUILD_BENCHMARKS=OFF \[0m
2026-09-01T16:28:07.4453123Z [36;1m  -DBUILD_EXTRAS=OFF \[0m
2026-09-01T16:28:07.4453352Z [36;1m  -DWITH_OPENMP=ON[0m
2026-09-01T16:28:07.4455297Z shell: D:\a\_temp\setup-msys2\msys2.CMD {0}
2026-09-01T16:28:07.4455655Z env:
2026-09-01T16:28:07.4455945Z   OPENFHE_COMMIT: df495ba2e91739a6dc8f1de254fc5a41155ce504
2026-09-01T16:28:07.4456482Z   OPENFHE_PREFIX: C:\openfhe-2023-1788\openfhe-install
2026-09-01T16:28:07.4456788Z   WINDOWS_ROOT: C:\openfhe-2023-1788
2026-09-01T16:28:07.4457064Z   PROJECT_SOURCE: C:\openfhe-2023-1788\cleanroom
2026-09-01T16:28:07.4457393Z   OPENFHE_SOURCE: C:\openfhe-2023-1788\openfhe-src
2026-09-01T16:28:07.4457762Z   OPENFHE_BUILD: C:\openfhe-2023-1788\openfhe-build-33531734269-1
2026-09-01T16:28:07.4458164Z   PROJECT_BUILD: C:\openfhe-2023-1788\project-build-33531734269-1
2026-09-01T16:28:07.4458490Z   MSYSTEM: MINGW64
2026-09-01T16:28:07.4458680Z ##[endgroup]
2026-09-01T16:28:07.8380877Z -- The C compiler identification is GNU 16.2.0
2026-09-01T16:28:08.0205923Z -- The CXX compiler identification is GNU 16.2.0
2026-09-01T16:28:08.0710070Z -- Detecting C compiler ABI info
2026-09-01T16:28:08.4499994Z -- Detecting C compiler ABI info - done
2026-09-01T16:28:08.4834943Z -- Check for working C compiler: D:/a/_temp/msys64/mingw64/bin/cc.exe - skipped
2026-09-01T16:28:08.4839145Z -- Detecting C compile features
2026-09-01T16:28:08.4845089Z -- Detecting C compile features - done
2026-09-01T16:28:08.5208607Z -- Detecting CXX compiler ABI info
2026-09-01T16:28:08.8717464Z -- Detecting CXX compiler ABI info - done
2026-09-01T16:28:08.9054206Z -- Check for working CXX compiler: D:/a/_temp/msys64/mingw64/bin/c++.exe - skipped
2026-09-01T16:28:08.9059025Z -- Detecting CXX compile features
2026-09-01T16:28:08.9066801Z -- Detecting CXX compile features - done
2026-09-01T16:28:08.9211597Z -- Building in Release mode
2026-09-01T16:28:08.9212917Z -- BUILD_UNITTESTS:    OFF
2026-09-01T16:28:08.9213368Z -- BUILD_EXAMPLES:     OFF
2026-09-01T16:28:08.9213731Z -- BUILD_BENCHMARKS:   OFF
2026-09-01T16:28:08.9214100Z -- BUILD_EXTRAS:       OFF
2026-09-01T16:28:08.9214473Z -- BUILD_STATIC:       OFF
2026-09-01T16:28:08.9214841Z -- BUILD_SHARED:       ON
2026-09-01T16:28:08.9237830Z -- GIT_SUBMOD_AUTO:    ON
2026-09-01T16:28:08.9238461Z -- WITH_BE2:           OFF
2026-09-01T16:28:08.9239544Z -- WITH_BE4:           OFF
2026-09-01T16:28:08.9239882Z -- WITH_NTL:           OFF
2026-09-01T16:28:08.9240206Z -- WITH_TCM:           OFF
2026-09-01T16:28:08.9240688Z -- WITH_OPENMP:        ON
2026-09-01T16:28:08.9241082Z -- NATIVE_SIZE:        64
2026-09-01T16:28:08.9241455Z -- CKKS_M_FACTOR:      1
2026-09-01T16:28:08.9241833Z -- WITH_NATIVEOPT:     OFF
2026-09-01T16:28:08.9242216Z -- WITH_COVTEST:       OFF
2026-09-01T16:28:08.9242573Z -- WITH_NOISE_DEBUG:   OFF
2026-09-01T16:28:08.9242920Z -- WITH_REDUCED_NOISE: OFF
2026-09-01T16:28:08.9243694Z ***** INSTALL IS AT C:/openfhe-2023-1788/openfhe-install; to change, run cmake with -DCMAKE_INSTALL_PREFIX=/your/path
2026-09-01T16:28:08.9244555Z -- USE_MACPORTS:       OFF
2026-09-01T16:28:08.9244943Z -- BUILTIN_INFO_AVAILABLE is defined
2026-09-01T16:28:08.9440981Z -- Architecture is x86_64
2026-09-01T16:28:08.9459681Z -- Looking for sys/types.h
2026-09-01T16:28:09.3242417Z -- Looking for sys/types.h - found
2026-09-01T16:28:09.3243164Z -- Looking for stdint.h
2026-09-01T16:28:09.7150366Z -- Looking for stdint.h - found
2026-09-01T16:28:09.7151850Z -- Looking for stddef.h
2026-09-01T16:28:10.1058823Z -- Looking for stddef.h - found
2026-09-01T16:28:10.1059251Z -- Check size of __int128
2026-09-01T16:28:10.5191855Z -- Check size of __int128 - done
2026-09-01T16:28:10.5194834Z -- Check size of uint64_t
2026-09-01T16:28:10.8896840Z -- Check size of uint64_t - done
2026-09-01T16:28:10.8897434Z -- NATIVEINT is set to 64
2026-09-01T16:28:10.8897876Z -- MATHBACKEND is set to 4
2026-09-01T16:28:10.8898435Z -- MATHBACKEND set to 4. Setting WITH_BE4 to ON
2026-09-01T16:28:12.1246855Z -- Found OpenMP_C: -fopenmp (found version "5.2")
2026-09-01T16:28:12.5151060Z -- Found OpenMP_CXX: -fopenmp (found version "5.2")
2026-09-01T16:28:12.5155263Z -- Found OpenMP: TRUE (found version "5.2")
2026-09-01T16:28:12.5321597Z -- Found Git: D:/a/_temp/msys64/usr/bin/git.exe (found version "2.55.0")
2026-09-01T16:28:12.5322102Z -- Submodule update
2026-09-01T16:28:12.9115592Z Synchronizing submodule url for 'third-party/cereal'
2026-09-01T16:28:12.9418751Z Synchronizing submodule url for 'third-party/google-benchmark'
2026-09-01T16:28:12.9732425Z Synchronizing submodule url for 'third-party/google-test'
2026-09-01T16:28:13.0028946Z Synchronizing submodule url for 'third-party/gperftools'
2026-09-01T16:28:13.5555624Z -- Configuring done (5.9s)
2026-09-01T16:28:13.8847483Z -- Generating done (0.3s)
2026-09-01T16:28:13.8861649Z -- Build files have been written to: C:/openfhe-2023-1788/openfhe-build-33531734269-1
2026-09-01T16:28:13.9132382Z ##[group]Run build="$(cygpath -u "$OPENFHE_BUILD")"
2026-09-01T16:28:13.9132858Z [36;1mbuild="$(cygpath -u "$OPENFHE_BUILD")"[0m
2026-09-01T16:28:13.9133186Z [36;1mcmake --build "$build" --parallel 2[0m
2026-09-01T16:28:13.9133476Z [36;1mcmake --install "$build"[0m
2026-09-01T16:28:13.9135414Z shell: D:\a\_temp\setup-msys2\msys2.CMD {0}
2026-09-01T16:28:13.9135686Z env:
2026-09-01T16:28:13.9135928Z   OPENFHE_COMMIT: df495ba2e91739a6dc8f1de254fc5a41155ce504
2026-09-01T16:28:13.9136305Z   OPENFHE_PREFIX: C:\openfhe-2023-1788\openfhe-install
2026-09-01T16:28:13.9136599Z   WINDOWS_ROOT: C:\openfhe-2023-1788
2026-09-01T16:28:13.9136879Z   PROJECT_SOURCE: C:\openfhe-2023-1788\cleanroom
2026-09-01T16:28:13.9137178Z   OPENFHE_SOURCE: C:\openfhe-2023-1788\openfhe-src
2026-09-01T16:28:13.9137529Z   OPENFHE_BUILD: C:\openfhe-2023-1788\openfhe-build-33531734269-1
2026-09-01T16:28:13.9137926Z   PROJECT_BUILD: C:\openfhe-2023-1788\project-build-33531734269-1
2026-09-01T16:28:13.9138266Z   MSYSTEM: MINGW64
2026-09-01T16:28:13.9138444Z ##[endgroup]
2026-09-01T16:28:14.3729182Z -- Copied demoData files
2026-09-01T16:28:14.4158118Z [  0%] Built target third-party
2026-09-01T16:28:14.5456615Z [  1%] Building CXX object src/core/CMakeFiles/coreobj.dir/lib/lattice/constants-lattice-impl.cpp.obj
2026-09-01T16:28:14.5511474Z [  2%] Building CXX object src/core/CMakeFiles/coreobj.dir/lib/lattice/lattice.cpp.obj
2026-09-01T16:28:15.2613266Z [  3%] Building CXX object src/core/CMakeFiles/coreobj.dir/lib/lattice/stdlatticeparms.cpp.obj
2026-09-01T16:28:16.4379981Z [  4%] Building CXX object src/core/CMakeFiles/coreobj.dir/lib/lattice/trapdoor-dcrtpoly.cpp.obj
2026-09-01T16:28:25.5556828Z [  5%] Building CXX object src/core/CMakeFiles/coreobj.dir/lib/lattice/trapdoor-poly.cpp.obj
2026-09-01T16:28:36.2722031Z [  6%] Building CXX object src/core/CMakeFiles/coreobj.dir/lib/math/chebyshev.cpp.obj
2026-09-01T16:28:37.1517221Z [  6%] Building CXX object src/core/CMakeFiles/coreobj.dir/lib/math/dftransform.cpp.obj
2026-09-01T16:28:38.6286022Z [  7%] Building CXX object src/core/CMakeFiles/coreobj.dir/lib/math/discretegaussiangeneratorgeneric.cpp.obj
2026-09-01T16:28:38.9600249Z [  8%] Building CXX object src/core/CMakeFiles/coreobj.dir/lib/math/distributiongenerator.cpp.obj
2026-09-01T16:28:39.7440733Z [  9%] Building CXX object src/core/CMakeFiles/coreobj.dir/lib/math/hal/bigintdyn/be4-math-impl.cpp.obj
2026-09-01T16:28:40.5012833Z [ 10%] Building CXX object src/core/CMakeFiles/coreobj.dir/lib/math/hal/bigintdyn/mubintvecdyn.cpp.obj
2026-09-01T16:28:43.7668457Z [ 11%] Building CXX object src/core/CMakeFiles/coreobj.dir/lib/math/hal/bigintdyn/ubintdyn.cpp.obj
2026-09-01T16:28:46.2279578Z [ 12%] Building CXX object src/core/CMakeFiles/coreobj.dir/lib/math/hal/bigintfxd/be2-math-impl.cpp.obj
2026-09-01T16:28:46.3450660Z [ 13%] Building CXX object src/core/CMakeFiles/coreobj.dir/lib/math/hal/bigintfxd/mubintvecfxd.cpp.obj
2026-09-01T16:28:46.4567210Z [ 14%] Building CXX object src/core/CMakeFiles/coreobj.dir/lib/math/hal/bigintfxd/ubintfxd.cpp.obj
2026-09-01T16:28:46.5672857Z [ 15%] Building CXX object src/core/CMakeFiles/coreobj.dir/lib/math/hal/bigintntl/be6-math-impl.cpp.obj
2026-09-01T16:28:46.6778316Z [ 15%] Building CXX object src/core/CMakeFiles/coreobj.dir/lib/math/hal/bigintntl/mubintvecntl.cpp.obj
2026-09-01T16:28:46.7911080Z [ 16%] Building CXX object src/core/CMakeFiles/coreobj.dir/lib/math/hal/bigintntl/ubintntl.cpp.obj
2026-09-01T16:28:46.9043198Z [ 17%] Building CXX object src/core/CMakeFiles/coreobj.dir/lib/math/hal/intnat/benative-math-impl.cpp.obj
2026-09-01T16:28:47.3795503Z [ 18%] Building CXX object src/core/CMakeFiles/coreobj.dir/lib/math/hal/intnat/mubintvecnat.cpp.obj
2026-09-01T16:28:50.0964543Z [ 19%] Building CXX object src/core/CMakeFiles/coreobj.dir/lib/math/hermite.cpp.obj
2026-09-01T16:28:51.3601726Z [ 20%] Building CXX object src/core/CMakeFiles/coreobj.dir/lib/math/matrix.cpp.obj
2026-09-01T16:28:52.8454509Z [ 21%] Building CXX object src/core/CMakeFiles/coreobj.dir/lib/math/nbtheory2.cpp.obj
2026-09-01T16:28:54.7193236Z [ 22%] Building CXX object src/core/CMakeFiles/coreobj.dir/lib/utils/blockAllocator/blockAllocator.cpp.obj
2026-09-01T16:28:55.4941398Z [ 23%] Building CXX object src/core/CMakeFiles/coreobj.dir/lib/utils/blockAllocator/xallocator.cpp.obj
2026-09-01T16:28:56.4446193Z [ 24%] Building CXX object src/core/CMakeFiles/coreobj.dir/lib/utils/debug.cpp.obj
2026-09-01T16:28:56.4747121Z [ 24%] Building CXX object src/core/CMakeFiles/coreobj.dir/lib/utils/demangle.cpp.obj
2026-09-01T16:28:56.8694716Z [ 25%] Building CXX object src/core/CMakeFiles/coreobj.dir/lib/utils/get-call-stack.cpp.obj
2026-09-01T16:28:57.2301404Z [ 26%] Building CXX object src/core/CMakeFiles/coreobj.dir/lib/utils/hashutil.cpp.obj
2026-09-01T16:28:57.3326718Z [ 27%] Building CXX object src/core/CMakeFiles/coreobj.dir/lib/utils/inttypes.cpp.obj
2026-09-01T16:28:57.8224559Z [ 28%] Building CXX object src/core/CMakeFiles/coreobj.dir/lib/utils/memory.cpp.obj
2026-09-01T16:28:58.1826442Z [ 29%] Building CXX object src/core/CMakeFiles/coreobj.dir/lib/utils/openfhebase64.cpp.obj
2026-09-01T16:28:58.2731271Z [ 30%] Building CXX object src/core/CMakeFiles/coreobj.dir/lib/utils/parallel.cpp.obj
2026-09-01T16:28:58.4092882Z [ 31%] Building C object src/core/CMakeFiles/coreobj.dir/lib/utils/prng/blake2b-ref.c.obj
2026-09-01T16:28:58.7026292Z [ 32%] Building CXX object src/core/CMakeFiles/coreobj.dir/lib/utils/prng/blake2engine.cpp.obj
2026-09-01T16:28:58.8999325Z [ 34%] Building C object src/core/CMakeFiles/coreobj.dir/lib/utils/prng/blake2xb-ref.c.obj
2026-09-01T16:28:59.0943068Z [ 34%] Building CXX object src/core/CMakeFiles/coreobj.dir/lib/utils/utilities.cpp.obj
2026-09-01T16:28:59.6803675Z [ 34%] Built target coreobj
2026-09-01T16:28:59.8006158Z [ 35%] Linking CXX shared library ../../lib/libOPENFHEcore.dll
2026-09-01T16:29:00.3782397Z [ 35%] Built target OPENFHEcore
2026-09-01T16:29:00.5067399Z [ 36%] Building CXX object src/binfhe/CMakeFiles/binfheobj.dir/lib/binfhe-base-scheme.cpp.obj
2026-09-01T16:29:00.5097869Z [ 37%] Building CXX object src/binfhe/CMakeFiles/binfheobj.dir/lib/binfhe-constants-impl.cpp.obj
2026-09-01T16:29:01.2793877Z [ 38%] Building CXX object src/binfhe/CMakeFiles/binfheobj.dir/lib/binfhecontext.cpp.obj
2026-09-01T16:29:05.8108608Z [ 39%] Building CXX object src/binfhe/CMakeFiles/binfheobj.dir/lib/lwe-pke.cpp.obj
2026-09-01T16:29:05.9045276Z [ 40%] Building CXX object src/binfhe/CMakeFiles/binfheobj.dir/lib/rgsw-acc-cggi.cpp.obj
2026-09-01T16:29:08.5413694Z [ 41%] Building CXX object src/binfhe/CMakeFiles/binfheobj.dir/lib/rgsw-acc-dm.cpp.obj
2026-09-01T16:29:09.1173912Z [ 41%] Building CXX object src/binfhe/CMakeFiles/binfheobj.dir/lib/rgsw-acc-lmkcdey.cpp.obj
2026-09-01T16:29:11.6503636Z [ 42%] Building CXX object src/binfhe/CMakeFiles/binfheobj.dir/lib/rgsw-acc.cpp.obj
2026-09-01T16:29:12.9271910Z [ 43%] Building CXX object src/binfhe/CMakeFiles/binfheobj.dir/lib/rgsw-cryptoparameters.cpp.obj
2026-09-01T16:29:15.3924565Z [ 43%] Built target binfheobj
2026-09-01T16:29:15.5150345Z [ 43%] Linking CXX shared library ../../lib/libOPENFHEbinfhe.dll
2026-09-01T16:29:15.8437475Z [ 43%] Built target OPENFHEbinfhe
2026-09-01T16:29:15.9721991Z [ 44%] Building CXX object src/pke/CMakeFiles/pkeobj.dir/lib/ciphertext-impl.cpp.obj
2026-09-01T16:29:15.9803100Z [ 45%] Building CXX object src/pke/CMakeFiles/pkeobj.dir/lib/constants-impl.cpp.obj
2026-09-01T16:29:17.8232351Z [ 46%] Building CXX object src/pke/CMakeFiles/pkeobj.dir/lib/cryptocontext.cpp.obj
2026-09-01T16:29:22.9411639Z [ 47%] Building CXX object src/pke/CMakeFiles/pkeobj.dir/lib/cryptocontextfactory.cpp.obj
2026-09-01T16:29:28.9062512Z [ 48%] Building CXX object src/pke/CMakeFiles/pkeobj.dir/lib/cryptoobject-impl.cpp.obj
2026-09-01T16:29:29.2930251Z Terminate batch job (Y/N)? 
2026-09-01T16:29:29.2941056Z ^C
2026-09-01T16:29:29.3085696Z ##[error]The operation was canceled.
2026-09-01T16:29:29.3251359Z Cleaning up orphan processes
