2026-09-01T23:47:08.5888422Z Current runner version: '2.336.0'
2026-09-01T23:47:08.5915699Z ##[group]Runner Image Provisioner
2026-09-01T23:47:08.5916519Z Hosted Compute Agent
2026-09-01T23:47:08.5917342Z Version: 20260819.586
2026-09-01T23:47:08.5917935Z Commit: 3cc4a88dfa507ef76119ad1bb3eccc6378bb2b76
2026-09-01T23:47:08.5918608Z Build Date: 2026-08-18T23:20:18Z
2026-09-01T23:47:08.5919310Z Worker ID: {b353eac3-0c67-4703-a880-5e91a69d9e14}
2026-09-01T23:47:08.5919963Z Azure Region: eastus2
2026-09-01T23:47:08.5920468Z ##[endgroup]
2026-09-01T23:47:08.5921764Z ##[group]Operating System
2026-09-01T23:47:08.5922326Z Microsoft Windows Server 2022
2026-09-01T23:47:08.5922895Z 10.0.20348
2026-09-01T23:47:08.5923393Z Datacenter
2026-09-01T23:47:08.5923857Z ##[endgroup]
2026-09-01T23:47:08.5924352Z ##[group]Runner Image
2026-09-01T23:47:08.5924926Z Image: windows-2022
2026-09-01T23:47:08.5925446Z Version: 20260824.284.2
2026-09-01T23:47:08.5927180Z Included Software: https://github.com/actions/runner-images/blob/win22/20260824.284/images/windows/Windows2022-Readme.md
2026-09-01T23:47:08.5928665Z Image Release: https://github.com/actions/runner-images/releases/tag/win22%2F20260824.284
2026-09-01T23:47:08.5929560Z ##[endgroup]
2026-09-01T23:47:08.5930996Z ##[group]GITHUB_TOKEN Permissions
2026-09-01T23:47:08.5933800Z Contents: read
2026-09-01T23:47:08.5934573Z Metadata: read
2026-09-01T23:47:08.5935309Z ##[endgroup]
2026-09-01T23:47:08.5937984Z Secret source: Actions
2026-09-01T23:47:08.5939102Z Prepare workflow directory
2026-09-01T23:47:08.6606406Z Prepare all required actions
2026-09-01T23:47:08.6679296Z Getting action download info
2026-09-01T23:47:08.8220831Z Download action repository 'msys2/setup-msys2@v2' (SHA:66cd2cce69caa17b53920067426061ca1de3a884)
2026-09-01T23:47:09.0447030Z Complete job name: windows-mingw64
2026-09-01T23:47:09.1872893Z ##[group]Run git config --global core.autocrlf false
2026-09-01T23:47:09.1873925Z [36;1mgit config --global core.autocrlf false[0m
2026-09-01T23:47:09.1874576Z [36;1mgit config --global core.eol lf[0m
2026-09-01T23:47:09.1875355Z [36;1mNew-Item -ItemType Directory -Path $env:WINDOWS_ROOT | Out-Null[0m
2026-09-01T23:47:09.1876053Z [36;1m[0m
2026-09-01T23:47:09.1876451Z [36;1mgit init $env:PROJECT_SOURCE[0m
2026-09-01T23:47:09.1877273Z [36;1mgit -C $env:PROJECT_SOURCE remote add origin https://github.com/leemaple/20231788..git[0m
2026-09-01T23:47:09.1878324Z [36;1mgit -C $env:PROJECT_SOURCE fetch --depth 1 origin $env:GITHUB_SHA[0m
2026-09-01T23:47:09.1879140Z [36;1mgit -C $env:PROJECT_SOURCE checkout --detach FETCH_HEAD[0m
2026-09-01T23:47:09.1879935Z [36;1m$projectActual = git -C $env:PROJECT_SOURCE rev-parse HEAD[0m
2026-09-01T23:47:09.1880669Z [36;1mif ($projectActual -ne $env:GITHUB_SHA) {[0m
2026-09-01T23:47:09.1881382Z [36;1m  throw "Project checkout mismatch: $projectActual"[0m
2026-09-01T23:47:09.1881985Z [36;1m}[0m
2026-09-01T23:47:09.1882351Z [36;1m[0m
2026-09-01T23:47:09.1882734Z [36;1mgit init $env:OPENFHE_SOURCE[0m
2026-09-01T23:47:09.1883621Z [36;1mgit -C $env:OPENFHE_SOURCE remote add origin https://github.com/openfheorg/openfhe-development.git[0m
2026-09-01T23:47:09.1884724Z [36;1mgit -C $env:OPENFHE_SOURCE fetch --depth 1 origin $env:OPENFHE_COMMIT[0m
2026-09-01T23:47:09.1885563Z [36;1mgit -C $env:OPENFHE_SOURCE checkout --detach FETCH_HEAD[0m
2026-09-01T23:47:09.1886438Z [36;1mgit -C $env:OPENFHE_SOURCE submodule update --init --recursive --depth 1[0m
2026-09-01T23:47:09.1887162Z [36;1m[0m
2026-09-01T23:47:09.1887719Z [36;1m$projectStatus = @(git -C $env:PROJECT_SOURCE status --porcelain)[0m
2026-09-01T23:47:09.1888448Z [36;1mif ($projectStatus.Count -ne 0) {[0m
2026-09-01T23:47:09.1889147Z [36;1m  throw "Project checkout is dirty: $($projectStatus -join '; ')"[0m
2026-09-01T23:47:09.1889824Z [36;1m}[0m
2026-09-01T23:47:09.1890370Z [36;1m$openfheStatus = @(git -C $env:OPENFHE_SOURCE status --porcelain)[0m
2026-09-01T23:47:09.1891150Z [36;1mif ($openfheStatus.Count -ne 0) {[0m
2026-09-01T23:47:09.1893301Z [36;1m  throw "OpenFHE checkout is dirty: $($openfheStatus -join '; ')"[0m
2026-09-01T23:47:09.1893986Z [36;1m}[0m
2026-09-01T23:47:09.3841313Z shell: C:\Program Files\PowerShell\7\pwsh.EXE -command ". '{0}'"
2026-09-01T23:47:09.3842287Z env:
2026-09-01T23:47:09.3842790Z   OPENFHE_COMMIT: df495ba2e91739a6dc8f1de254fc5a41155ce504
2026-09-01T23:47:09.3843477Z   OPENFHE_PREFIX: C:\openfhe-2023-1788\openfhe-install
2026-09-01T23:47:09.3844075Z   WINDOWS_ROOT: C:\openfhe-2023-1788
2026-09-01T23:47:09.3844635Z   PROJECT_SOURCE: C:\openfhe-2023-1788\cleanroom
2026-09-01T23:47:09.3845237Z   OPENFHE_SOURCE: C:\openfhe-2023-1788\openfhe-src
2026-09-01T23:47:09.3845935Z   OPENFHE_BUILD: C:\openfhe-2023-1788\openfhe-build-33572538385-1
2026-09-01T23:47:09.3846732Z   PROJECT_BUILD: C:\openfhe-2023-1788\project-build-33572538385-1
2026-09-01T23:47:09.3847353Z ##[endgroup]
2026-09-01T23:47:10.3591860Z Initialized empty Git repository in C:/openfhe-2023-1788/cleanroom/.git/
2026-09-01T23:47:11.6938093Z From https://github.com/leemaple/20231788.
2026-09-01T23:47:11.6938790Z  * branch            b50448f561ba62f9a6271779f5c1eeb4903cac4e -> FETCH_HEAD
2026-09-01T23:47:11.8613176Z HEAD is now at b50448f test: retain Relin2 HYBRID A-length red
2026-09-01T23:47:11.9488258Z Initialized empty Git repository in C:/openfhe-2023-1788/openfhe-src/.git/
2026-09-01T23:47:13.1465073Z From https://github.com/openfheorg/openfhe-development
2026-09-01T23:47:13.1466893Z  * branch            df495ba2e91739a6dc8f1de254fc5a41155ce504 -> FETCH_HEAD
2026-09-01T23:47:13.8266785Z HEAD is now at df495ba Merge pull request #1130 from openfheorg/dev
2026-09-01T23:47:15.2375514Z Submodule 'third-party/cereal' (https://github.com/openfheorg/cereal.git) registered for path 'third-party/cereal'
2026-09-01T23:47:15.2398168Z Submodule 'third-party/google-benchmark' (https://github.com/google/benchmark.git) registered for path 'third-party/google-benchmark'
2026-09-01T23:47:15.2417433Z Submodule 'third-party/google-test' (https://github.com/google/googletest.git) registered for path 'third-party/google-test'
2026-09-01T23:47:15.2448827Z Submodule 'third-party/gperftools' (https://github.com/gperftools/gperftools.git) registered for path 'third-party/gperftools'
2026-09-01T23:47:15.3475708Z Cloning into 'C:/openfhe-2023-1788/openfhe-src/third-party/cereal'...
2026-09-01T23:47:15.7538309Z Cloning into 'C:/openfhe-2023-1788/openfhe-src/third-party/google-benchmark'...
2026-09-01T23:47:16.1133868Z Cloning into 'C:/openfhe-2023-1788/openfhe-src/third-party/google-test'...
2026-09-01T23:47:16.5670013Z Cloning into 'C:/openfhe-2023-1788/openfhe-src/third-party/gperftools'...
2026-09-01T23:47:17.5317230Z Submodule path 'third-party/cereal': checked out '984e3f194862b17916536b5fade40cba6e47a6fe'
2026-09-01T23:47:18.3324959Z From https://github.com/google/benchmark
2026-09-01T23:47:18.3325540Z  * branch            eddb0241389718a23a42db6af5f0164b6e0139af -> FETCH_HEAD
2026-09-01T23:47:18.6831652Z Submodule path 'third-party/google-benchmark': checked out 'eddb0241389718a23a42db6af5f0164b6e0139af'
2026-09-01T23:47:19.4976733Z From https://github.com/google/googletest
2026-09-01T23:47:19.4977631Z  * branch            52eb8108c5bdec04579160ae17225d66034bd723 -> FETCH_HEAD
2026-09-01T23:47:20.0183805Z Submodule path 'third-party/google-test': checked out '52eb8108c5bdec04579160ae17225d66034bd723'
2026-09-01T23:47:21.1456311Z From https://github.com/gperftools/gperftools
2026-09-01T23:47:21.1457075Z  * branch            83edb60836d87cf1b406e8846b9059c03031e8f5 -> FETCH_HEAD
2026-09-01T23:47:22.0897862Z Submodule path 'third-party/gperftools': checked out '83edb60836d87cf1b406e8846b9059c03031e8f5'
2026-09-01T23:47:22.7846992Z ##[group]Run msys2/setup-msys2@v2
2026-09-01T23:47:22.7847384Z with:
2026-09-01T23:47:22.7847620Z   msystem: MINGW64
2026-09-01T23:47:22.7847870Z   update: true
2026-09-01T23:47:22.7848127Z   cache: false
2026-09-01T23:47:22.7848479Z   install: git make mingw-w64-x86_64-boost mingw-w64-x86_64-cmake mingw-w64-x86_64-gcc
2026-09-01T23:47:22.7849742Z   path-type: minimal
2026-09-01T23:47:22.7849945Z   release: true
2026-09-01T23:47:22.7850166Z   platform-check-severity: fatal
2026-09-01T23:47:22.7850407Z env:
2026-09-01T23:47:22.7850656Z   OPENFHE_COMMIT: df495ba2e91739a6dc8f1de254fc5a41155ce504
2026-09-01T23:47:22.7851042Z   OPENFHE_PREFIX: C:\openfhe-2023-1788\openfhe-install
2026-09-01T23:47:22.7851360Z   WINDOWS_ROOT: C:\openfhe-2023-1788
2026-09-01T23:47:22.7851645Z   PROJECT_SOURCE: C:\openfhe-2023-1788\cleanroom
2026-09-01T23:47:22.7851971Z   OPENFHE_SOURCE: C:\openfhe-2023-1788\openfhe-src
2026-09-01T23:47:22.7852381Z   OPENFHE_BUILD: C:\openfhe-2023-1788\openfhe-build-33572538385-1
2026-09-01T23:47:22.7852799Z   PROJECT_BUILD: C:\openfhe-2023-1788\project-build-33572538385-1
2026-09-01T23:47:22.7853114Z ##[endgroup]
2026-09-01T23:47:22.9569657Z ##[group]Downloading MSYS2...
2026-09-01T23:47:23.7481225Z ##[endgroup]
2026-09-01T23:47:23.7481727Z ##[group]Extracting MSYS2...
2026-09-01T23:47:23.7497103Z [command]C:\hostedtoolcache\windows\msys2-installer\0.0.20260611\x64\base.exe -y
2026-09-01T23:47:24.0728966Z 
2026-09-01T23:47:24.0730120Z 7-Zip SFX 25.01 ZS v1.5.7 R4 (x64) : Copyright (c) 1999-2025 Igor Pavlov, 2016-2026 Tino Reichardt, 2022-2026 Sergey G. Brester : 2026-01-10
2026-09-01T23:47:24.0730987Z 
2026-09-01T23:47:24.0731694Z Extracting archive: C:\hostedtoolcache\windows\msys2-installer\0.0.20260611\x64\base.exe
2026-09-01T23:47:24.0732434Z --
2026-09-01T23:47:24.0732981Z Path = C:\hostedtoolcache\windows\msys2-installer\0.0.20260611\x64\base.exe
2026-09-01T23:47:24.0733550Z Type = 7z
2026-09-01T23:47:24.0733715Z 
2026-09-01T23:47:24.2610095Z   0%
2026-09-01T23:47:24.2610373Z     
2026-09-01T23:47:24.4634392Z   2% 1290 - msys64\usr\lib\perl5\core_perl\CORE\opnames.h
2026-09-01T23:47:24.4634961Z                                                          
2026-09-01T23:47:24.6666242Z   3% 2371 - msys64\usr\lib\terminfo\66\falco-p
2026-09-01T23:47:24.6666636Z                                               
2026-09-01T23:47:24.8701290Z   4% 3588 - msys64\usr\lib\terminfo\74\tty4424m
2026-09-01T23:47:24.8701919Z                                                
2026-09-01T23:47:25.0731871Z   5% 4704 - msys64\usr\share\bash-completion\completions\installpkg
2026-09-01T23:47:25.0732377Z                                                                    
2026-09-01T23:47:25.2764020Z   8% 5763 - msys64\usr\share\doc\xz\api\structlzma__stream.html
2026-09-01T23:47:25.2764775Z                                                                
2026-09-01T23:47:25.4807675Z  19% 6417 - msys64\usr\share\locale\ja\LC_MESSAGES\libalpm.mo
2026-09-01T23:47:25.4808682Z                                                              
2026-09-01T23:47:25.6772783Z  32% 7034 - msys64\usr\share\man\it\man1\lzcat.1.gz
2026-09-01T23:47:25.6773336Z                                                    
2026-09-01T23:47:25.8838861Z  33% 8095 - msys64\usr\share\man\man3\CURLOPT_TELNETOPTIONS.3.gz
2026-09-01T23:47:25.8839623Z                                                                 
2026-09-01T23:47:26.0877881Z  34% 9200 - msys64\usr\share\man\man3\top_row.3x.gz
2026-09-01T23:47:26.0878581Z                                                    
2026-09-01T23:47:26.2898710Z  42% 10051 - msys64\usr\share\perl5\core_perl\TAP\Parser.pm
2026-09-01T23:47:26.2899393Z                                                            
2026-09-01T23:47:26.4946816Z  44% 10896 - msys64\usr\share\perl5\core_perl\unicore\lib\Scx\Tutg.pl
2026-09-01T23:47:26.4947528Z                                                                      
2026-09-01T23:47:26.7004547Z  47% 11949 - msys64\usr\share\terminfo\66\fenixw
2026-09-01T23:47:26.7005309Z                                                 
2026-09-01T23:47:26.8965850Z  47% 13172 - msys64\usr\share\terminfo\74\tty5420-rv
2026-09-01T23:47:26.8966425Z                                                     
2026-09-01T23:47:27.0987368Z  48% 14306 - msys64\usr\share\zoneinfo\Canada\Saskatchewan
2026-09-01T23:47:27.0988349Z                                                           
2026-09-01T23:47:27.3041078Z  48% 15450 - msys64\usr\share\zoneinfo\right\Atlantic\St_Helena
2026-09-01T23:47:27.3041760Z                                                                
2026-09-01T23:47:27.5212780Z  50% 16174 - msys64\usr\bin\getconf.exe
2026-09-01T23:47:27.5213234Z                                        
2026-09-01T23:47:27.7109455Z  74% 16358 - msys64\usr\bin\pacman.exe
2026-09-01T23:47:27.7109963Z                                       
2026-09-01T23:47:27.7898686Z  91% 16485 - msys64\usr\bin\zstdmt.exe
2026-09-01T23:47:27.7899230Z                                       
2026-09-01T23:47:27.7899582Z Everything is Ok
2026-09-01T23:47:27.7921082Z ##[endgroup]
2026-09-01T23:47:27.7921996Z ##[group]Disable Key Refresh...
2026-09-01T23:47:27.7941411Z ##[endgroup]
2026-09-01T23:47:27.7959124Z ##[group]Starting MSYS2 for the first time...
2026-09-01T23:47:27.8630437Z [command]C:\Windows\system32\cmd.exe /D /S /C D:\a\_temp\setup-msys2\msys2.cmd -c "'uname' '-a'"
2026-09-01T23:47:27.9665581Z [1;32mMSYS2 is starting for the first time. Executing the initial setup.[1;0m
2026-09-01T23:47:28.0060804Z Copying skeleton files.
2026-09-01T23:47:28.0061925Z These files are for the users to personalise their msys2 experience.
2026-09-01T23:47:28.0062311Z 
2026-09-01T23:47:28.0062862Z They will never be overwritten nor automatically updated.
2026-09-01T23:47:28.0063248Z 
2026-09-01T23:47:28.0517534Z './.bashrc' -> '/home/runneradmin/.bashrc'
2026-09-01T23:47:28.0670362Z './.bash_profile' -> '/home/runneradmin/.bash_profile'
2026-09-01T23:47:28.0820576Z './.profile' -> '/home/runneradmin/.profile'
2026-09-01T23:47:28.1430552Z 'C:\Windows\system32\drivers\etc\hosts' -> '/etc/hosts'
2026-09-01T23:47:28.1961207Z 'C:\Windows\system32\drivers\etc\protocol' -> '/etc/protocols'
2026-09-01T23:47:28.2436738Z 'C:\Windows\system32\drivers\etc\services' -> '/etc/services'
2026-09-01T23:47:28.2900268Z 'C:\Windows\system32\drivers\etc\networks' -> '/etc/networks'
2026-09-01T23:47:28.4572753Z gpg: /etc/pacman.d/gnupg/trustdb.gpg: trustdb created
2026-09-01T23:47:28.4632998Z gpg: no ultimately trusted keys found
2026-09-01T23:47:28.7805952Z gpg: starting migration from earlier GnuPG versions
2026-09-01T23:47:28.8399420Z gpg: porting secret keys from '/etc/pacman.d/gnupg/secring.gpg' to gpg-agent
2026-09-01T23:47:28.8402086Z gpg: migration succeeded
2026-09-01T23:47:28.8614116Z ==> Generating pacman master key. This may take some time.
2026-09-01T23:47:28.8799757Z gpg: Generating pacman keyring master key...
2026-09-01T23:47:30.6137347Z gpg: directory '/etc/pacman.d/gnupg/openpgp-revocs.d' created
2026-09-01T23:47:30.6411473Z gpg: revocation certificate stored as '/etc/pacman.d/gnupg/openpgp-revocs.d/95759C56B6D39B12CDAE4B2F202D0FBA90F0F6CB.rev'
2026-09-01T23:47:30.6412325Z gpg: Done
2026-09-01T23:47:30.6566801Z ==> Updating trust database...
2026-09-01T23:47:30.6873948Z gpg: marginals needed: 3  completes needed: 1  trust model: pgp
2026-09-01T23:47:30.6874486Z gpg: depth: 0  valid:   1  signed:   0  trust: 0-, 0q, 0n, 0m, 0f, 1u
2026-09-01T23:47:30.8025370Z ==> Appending keys from msys2.gpg...
2026-09-01T23:47:31.5410184Z ==> Locally signing trusted keys in keyring...
2026-09-01T23:47:32.1040638Z   -> Locally signed 5 keys.
2026-09-01T23:47:32.1164950Z ==> Importing owner trust values...
2026-09-01T23:47:32.1331996Z gpg: setting ownertrust to 4
2026-09-01T23:47:32.1332407Z gpg: setting ownertrust to 4
2026-09-01T23:47:32.1332720Z gpg: setting ownertrust to 4
2026-09-01T23:47:32.1333055Z gpg: setting ownertrust to 4
2026-09-01T23:47:32.1334733Z gpg: setting ownertrust to 4
2026-09-01T23:47:32.1582630Z ==> Disabling revoked keys in keyring...
2026-09-01T23:47:32.4315954Z   -> Disabled 4 keys.
2026-09-01T23:47:32.4467541Z ==> Updating trust database...
2026-09-01T23:47:32.4805244Z gpg: marginals needed: 3  completes needed: 1  trust model: pgp
2026-09-01T23:47:32.4830043Z gpg: depth: 0  valid:   1  signed:   5  trust: 0-, 0q, 0n, 0m, 0f, 1u
2026-09-01T23:47:32.4854548Z gpg: depth: 1  valid:   5  signed:   6  trust: 0-, 0q, 0n, 5m, 0f, 0u
2026-09-01T23:47:32.4865622Z gpg: depth: 2  valid:   3  signed:   2  trust: 3-, 0q, 0n, 0m, 0f, 0u
2026-09-01T23:47:32.5232422Z pacman-key (pacman) 6.1.0
2026-09-01T23:47:32.5233422Z Copyright (c) 2010-2024 Pacman Development Team <pacman-dev@lists.archlinux.org>.
2026-09-01T23:47:32.5233949Z 
2026-09-01T23:47:32.5382254Z This is free software; see the source for copying conditions.
2026-09-01T23:47:32.5382947Z There is NO WARRANTY, to the extent permitted by law.
2026-09-01T23:47:32.7425342Z [1;32mInitial setup complete. MSYS2 is now ready to use.[1;0m
2026-09-01T23:47:32.7564738Z MINGW64_NT-10.0-20348 runnervm0js1w 3.6.9-01d6c708.x86_64 2026-05-24 10:45 UTC x86_64 Msys
2026-09-01T23:47:32.7610873Z ##[endgroup]
2026-09-01T23:47:32.7611457Z ##[group]Disable CheckSpace...
2026-09-01T23:47:32.8217711Z [command]C:\Windows\system32\cmd.exe /D /S /C D:\a\_temp\setup-msys2\msys2.cmd -c "'sed' '-i' 's/^CheckSpace/#CheckSpace/g' '/etc/pacman.conf'"
2026-09-01T23:47:33.0200231Z ##[endgroup]
2026-09-01T23:47:33.0200780Z ##[group]Updating packages...
2026-09-01T23:47:33.0921947Z [command]C:\Windows\system32\cmd.exe /D /S /C D:\a\_temp\setup-msys2\msys2.cmd -c "'pacman' '--noconfirm' '-Syuu' '--overwrite' '*'"
2026-09-01T23:47:33.7992696Z :: Synchronizing package databases...
2026-09-01T23:47:35.5804448Z  clangarm64 downloading...
2026-09-01T23:47:35.5805277Z  mingw32 downloading...
2026-09-01T23:47:35.5806321Z  mingw64 downloading...
2026-09-01T23:47:35.5806959Z  ucrt64 downloading...
2026-09-01T23:47:35.5807660Z  clang64 downloading...
2026-09-01T23:47:35.5808296Z  msys downloading...
2026-09-01T23:47:36.1873814Z :: Starting core system upgrade...
2026-09-01T23:47:36.4038476Z warning: terminate other MSYS2 programs before proceeding
2026-09-01T23:47:36.4039093Z resolving dependencies...
2026-09-01T23:47:36.4039473Z looking for conflicting packages...
2026-09-01T23:47:36.4122312Z 
2026-09-01T23:47:36.4122712Z Packages (1) msys2-runtime-3.6.10-3
2026-09-01T23:47:36.4123488Z 
2026-09-01T23:47:36.4123720Z Total Download Size:    1.97 MiB
2026-09-01T23:47:36.4124156Z Total Installed Size:   6.33 MiB
2026-09-01T23:47:36.4124572Z Net Upgrade Size:      -0.20 MiB
2026-09-01T23:47:36.4124823Z 
2026-09-01T23:47:36.4125094Z :: Proceed with installation? [Y/n] 
2026-09-01T23:47:36.4125517Z :: Retrieving packages...
2026-09-01T23:47:38.9688093Z  msys2-runtime-3.6.10-3-x86_64 downloading...
2026-09-01T23:47:38.9688523Z checking keyring...
2026-09-01T23:47:39.0296438Z checking package integrity...
2026-09-01T23:47:39.1971876Z loading package files...
2026-09-01T23:47:39.1999299Z checking for file conflicts...
2026-09-01T23:47:39.2020713Z :: Processing package changes...
2026-09-01T23:47:39.2021169Z upgrading msys2-runtime...
2026-09-01T23:47:39.3402639Z :: To complete this update all MSYS2 processes including this terminal will be closed. Confirm to proceed [Y/n] 
2026-09-01T23:47:39.6133290Z ##[endgroup]
2026-09-01T23:47:39.6133857Z ##[group]Killing remaining tasks...
2026-09-01T23:47:39.6756342Z [command]C:\Windows\system32\taskkill.exe /F /FI "MODULES eq msys-2.0.dll"
2026-09-01T23:47:39.9058010Z 
2026-09-01T23:47:39.9058889Z INFO: No tasks running with the specified criteria.
2026-09-01T23:47:39.9109737Z ##[endgroup]
2026-09-01T23:47:39.9110951Z ##[group]Final system upgrade...
2026-09-01T23:47:39.9720185Z [command]C:\Windows\system32\cmd.exe /D /S /C D:\a\_temp\setup-msys2\msys2.cmd -c "'pacman' '--noconfirm' '-Syuu' '--overwrite' '*'"
2026-09-01T23:47:40.6210690Z :: Synchronizing package databases...
2026-09-01T23:47:41.3317716Z  clangarm64 downloading...
2026-09-01T23:47:41.3318912Z  mingw32 downloading...
2026-09-01T23:47:41.3319234Z  mingw64 downloading...
2026-09-01T23:47:41.3319515Z  ucrt64 downloading...
2026-09-01T23:47:41.3319815Z  clang64 downloading...
2026-09-01T23:47:41.3320101Z  msys downloading...
2026-09-01T23:47:41.9391555Z :: Starting core system upgrade...
2026-09-01T23:47:42.1374730Z  there is nothing to do
2026-09-01T23:47:42.1375151Z :: Starting full system upgrade...
2026-09-01T23:47:42.1733767Z resolving dependencies...
2026-09-01T23:47:42.1787554Z looking for conflicting packages...
2026-09-01T23:47:42.1904164Z 
2026-09-01T23:47:42.1907615Z Packages (31) bash-completion-2.18.0-1  bsdtar-3.8.9-1  ca-certificates-20260816-1  curl-8.21.0-1  findutils-4.11.0-2  gawk-5.4.1-1  gcc-libs-15.3.0-1  gnupg-2.4.9-3  libcurl-8.21.0-1  libexpat-2.8.3-1  libffi-3.8.0-1  libgnutls-3.8.13-2  libhogweed-4.0-1  libnettle-4.0-1  libnghttp2-1.70.0-1  libnghttp3-1.18.0-1  libngtcp2-1.25.0-1  libopenssl-3.6.4-1  libp11-kit-0.26.5-1  libpsl-0.23.2-1  libsqlite-3.53.4-1  msys2-keyring-1~20260814-1  nano-9.2-1  nettle-4.0-1  openssl-3.6.4-1  p11-kit-0.26.5-1  pacman-contrib-1.10.6-2  perl-5.42.3-1  pinentry-1.3.3-1  tzcode-2026c-1  wget-1.25.0-2
2026-09-01T23:47:42.1911051Z 
2026-09-01T23:47:42.1911226Z Total Download Size:    27.05 MiB
2026-09-01T23:47:42.1911675Z Total Installed Size:  108.42 MiB
2026-09-01T23:47:42.1912095Z Net Upgrade Size:       -1.02 MiB
2026-09-01T23:47:42.1912370Z 
2026-09-01T23:47:42.1912876Z :: Proceed with installation? [Y/n] 
2026-09-01T23:47:42.1913342Z :: Retrieving packages...
2026-09-01T23:47:45.2792690Z  perl-5.42.3-1-x86_64 downloading...
2026-09-01T23:47:45.2793675Z  pacman-contrib-1.10.6-2-x86_64 downloading...
2026-09-01T23:47:45.2794105Z  gnupg-2.4.9-3-x86_64 downloading...
2026-09-01T23:47:45.2794451Z  libopenssl-3.6.4-1-x86_64 downloading...
2026-09-01T23:47:45.2794827Z  gawk-5.4.1-1-x86_64 downloading...
2026-09-01T23:47:45.2799123Z  libgnutls-3.8.13-2-x86_64 downloading...
2026-09-01T23:47:45.2799628Z  gcc-libs-15.3.0-1-x86_64 downloading...
2026-09-01T23:47:45.2800360Z  curl-8.21.0-1-x86_64 downloading...
2026-09-01T23:47:45.2800802Z  wget-1.25.0-2-x86_64 downloading...
2026-09-01T23:47:45.2801234Z  libsqlite-3.53.4-1-x86_64 downloading...
2026-09-01T23:47:45.2801656Z  nano-9.2-1-x86_64 downloading...
2026-09-01T23:47:45.2802011Z  openssl-3.6.4-1-x86_64 downloading...
2026-09-01T23:47:45.2802403Z  findutils-4.11.0-2-x86_64 downloading...
2026-09-01T23:47:45.2802798Z  p11-kit-0.26.5-1-x86_64 downloading...
2026-09-01T23:47:45.2803179Z  ca-certificates-20260816-1-any downloading...
2026-09-01T23:47:45.2803610Z  libcurl-8.21.0-1-x86_64 downloading...
2026-09-01T23:47:45.2804004Z  bsdtar-3.8.9-1-x86_64 downloading...
2026-09-01T23:47:45.2804408Z  tzcode-2026c-1-x86_64 downloading...
2026-09-01T23:47:45.2804788Z  libp11-kit-0.26.5-1-x86_64 downloading...
2026-09-01T23:47:45.2805213Z  bash-completion-2.18.0-1-any downloading...
2026-09-01T23:47:45.2805671Z  libhogweed-4.0-1-x86_64 downloading...
2026-09-01T23:47:45.2806107Z  libngtcp2-1.25.0-1-x86_64 downloading...
2026-09-01T23:47:45.2806534Z  libnettle-4.0-1-x86_64 downloading...
2026-09-01T23:47:45.2806938Z  nettle-4.0-1-x86_64 downloading...
2026-09-01T23:47:45.2807318Z  libpsl-0.23.2-1-x86_64 downloading...
2026-09-01T23:47:45.2807732Z  libnghttp3-1.18.0-1-x86_64 downloading...
2026-09-01T23:47:45.2808159Z  libnghttp2-1.70.0-1-x86_64 downloading...
2026-09-01T23:47:45.2808581Z  libexpat-2.8.3-1-x86_64 downloading...
2026-09-01T23:47:45.2809006Z  pinentry-1.3.3-1-x86_64 downloading...
2026-09-01T23:47:45.2809441Z  msys2-keyring-1~20260814-1-any downloading...
2026-09-01T23:47:45.2809896Z  libffi-3.8.0-1-x86_64 downloading...
2026-09-01T23:47:45.2810277Z checking keyring...
2026-09-01T23:47:45.3424870Z checking package integrity...
2026-09-01T23:47:50.3124693Z loading package files...
2026-09-01T23:47:50.3885346Z checking for file conflicts...
2026-09-01T23:47:50.4424809Z :: Running pre-transaction hooks...
2026-09-01T23:47:50.4425354Z (1/1) Removing old entries from the info directory file...
2026-09-01T23:47:50.5708742Z :: Processing package changes...
2026-09-01T23:47:50.5709249Z upgrading bash-completion...
2026-09-01T23:47:51.3558288Z upgrading gcc-libs...
2026-09-01T23:47:51.3734081Z upgrading libexpat...
2026-09-01T23:47:51.3773976Z upgrading libopenssl...
2026-09-01T23:47:51.4031230Z upgrading bsdtar...
2026-09-01T23:47:51.4141258Z upgrading openssl...
2026-09-01T23:47:51.5076008Z upgrading findutils...
2026-09-01T23:47:51.5737548Z upgrading libffi...
2026-09-01T23:47:51.5829063Z upgrading libp11-kit...
2026-09-01T23:47:51.5899563Z upgrading p11-kit...
2026-09-01T23:47:51.7229050Z upgrading ca-certificates...
2026-09-01T23:47:52.2935233Z upgrading libnghttp3...
2026-09-01T23:47:52.3020367Z upgrading libngtcp2...
2026-09-01T23:47:52.3106687Z upgrading libnghttp2...
2026-09-01T23:47:52.3168511Z upgrading libpsl...
2026-09-01T23:47:52.3257667Z upgrading libcurl...
2026-09-01T23:47:52.3325323Z upgrading curl...
2026-09-01T23:47:52.7117734Z upgrading gawk...
2026-09-01T23:47:52.8023254Z upgrading libhogweed...
2026-09-01T23:47:52.8071234Z upgrading libnettle...
2026-09-01T23:47:52.8121294Z upgrading libgnutls...
2026-09-01T23:47:52.8599914Z upgrading libsqlite...
2026-09-01T23:47:52.8707354Z upgrading nettle...
2026-09-01T23:47:52.8783405Z upgrading pinentry...
2026-09-01T23:47:52.8840934Z upgrading gnupg...
2026-09-01T23:47:57.4953535Z ==> Appending keys from msys2.gpg...
2026-09-01T23:47:58.0195057Z ==> Updating trust database...
2026-09-01T23:47:58.0310246Z gpg: no need for a trustdb check
2026-09-01T23:47:58.1263488Z upgrading msys2-keyring...
2026-09-01T23:47:58.4954316Z ==> Appending keys from msys2.gpg...
2026-09-01T23:47:59.0259296Z ==> Updating trust database...
2026-09-01T23:47:59.0453338Z gpg: next trustdb check due at 2027-02-10
2026-09-01T23:47:59.1412045Z upgrading nano...
2026-09-01T23:47:59.2463943Z upgrading pacman-contrib...
2026-09-01T23:47:59.3134423Z New optional dependencies for pacman-contrib
2026-09-01T23:47:59.3134802Z     perl: for pacsearch [installed]
2026-09-01T23:47:59.3135084Z     vim: default diff program for pacdiff
2026-09-01T23:47:59.3135347Z upgrading perl...
2026-09-01T23:48:00.9441582Z upgrading tzcode...
2026-09-01T23:48:02.5642920Z upgrading wget...
2026-09-01T23:48:02.6684318Z :: Running post-transaction hooks...
2026-09-01T23:48:02.6684718Z (1/1) Updating the info directory file...
2026-09-01T23:48:04.5014898Z ##[endgroup]
2026-09-01T23:48:04.5016462Z ##[group]Installing additional packages through pacman...
2026-09-01T23:48:04.5627695Z [command]C:\Windows\system32\cmd.exe /D /S /C D:\a\_temp\setup-msys2\msys2.cmd -c "'pacman' '--noconfirm' '-S' '--needed' '--overwrite' '*' 'git' 'make' 'mingw-w64-x86_64-boost' 'mingw-w64-x86_64-cmake' 'mingw-w64-x86_64-gcc'"
2026-09-01T23:48:05.5220665Z resolving dependencies...
2026-09-01T23:48:05.5338990Z looking for conflicting packages...
2026-09-01T23:48:05.5478018Z 
2026-09-01T23:48:05.5491437Z Packages (89) heimdal-7.8.0-5  heimdal-libs-7.8.0-5  libcbor-0.14.0-2  libedit-20240808_3.1-1  libfido2-1.17.0-1  mingw-w64-x86_64-binutils-2.47-3  mingw-w64-x86_64-boost-libs-1.91.0-3  mingw-w64-x86_64-brotli-1.2.0-1  mingw-w64-x86_64-bzip2-1.0.8-4  mingw-w64-x86_64-c-ares-1.34.8-1  mingw-w64-x86_64-ca-certificates-20260816-1  mingw-w64-x86_64-cppdap-1.65.r11.g6464cd7-1  mingw-w64-x86_64-crt-14.0.0.r302.gd7f3c5201-1  mingw-w64-x86_64-curl-8.21.0-2  mingw-w64-x86_64-expat-2.8.3-1  mingw-w64-x86_64-gcc-libs-16.2.0-3  mingw-w64-x86_64-gettext-runtime-1.0-1  mingw-w64-x86_64-gmp-6.3.0-2  mingw-w64-x86_64-gnutls-3.8.13-3  mingw-w64-x86_64-headers-14.0.0.r302.gd7f3c5201-1  mingw-w64-x86_64-icu-78.3-4  mingw-w64-x86_64-isl-0.28-1  mingw-w64-x86_64-jsoncpp-1.9.8-1  mingw-w64-x86_64-libarchive-3.8.9-5  mingw-w64-x86_64-libb2-0.98.1-3  mingw-w64-x86_64-libffi-3.8.0-1  mingw-w64-x86_64-libiconv-1.19-1  mingw-w64-x86_64-libidn2-2.3.8-4  mingw-w64-x86_64-libpsl-0.21.5-3  mingw-w64-x86_64-libssh2-1.11.1-2  mingw-w64-x86_64-libtasn1-4.21.0-1  mingw-w64-x86_64-libunistring-1.4.2-1  mingw-w64-x86_64-libuv-1.52.1-1  mingw-w64-x86_64-libwinpthread-14.0.0.r302.gd7f3c5201-1  mingw-w64-x86_64-lz4-1.10.0-1  mingw-w64-x86_64-mpc-1.4.1-1  mingw-w64-x86_64-mpfr-4.2.2-3  mingw-w64-x86_64-nettle-4.0-1  mingw-w64-x86_64-nghttp2-1.70.0-1  mingw-w64-x86_64-nghttp3-1.18.0-1  mingw-w64-x86_64-ngtcp2-1.25.0-1  mingw-w64-x86_64-ninja-1.13.2-1  mingw-w64-x86_64-openssl-3.6.4-1  mingw-w64-x86_64-p11-kit-0.26.5-1  mingw-w64-x86_64-pcre2-10.47-1  mingw-w64-x86_64-pkgconf-1~3.0.5-1  mingw-w64-x86_64-rhash-1.4.6-1  mingw-w64-x86_64-tzdata-2026c-1  mingw-w64-x86_64-windows-default-manifest-20260815-1  mingw-w64-x86_64-wineditline-2.208-1  mingw-w64-x86_64-winpthreads-14.0.0.r302.gd7f3c5201-1  mingw-w64-x86_64-xz-5.8.3-1  mingw-w64-x86_64-zlib-1.3.2-2  mingw-w64-x86_64-zstd-1.5.7-2  openssh-10.5p1-2  perl-Authen-SASL-2.2000-1  perl-Clone-0.50-2  perl-Convert-BinHex-1.125-2  perl-Encode-Locale-1.05-2  perl-Error-0.17030-1  perl-File-Listing-6.16-1  perl-HTML-Parser-3.85-1  perl-HTML-Tagset-3.24-1  perl-HTTP-Cookies-6.12-1  perl-HTTP-Daemon-6.17-1  perl-HTTP-Date-6.08-1  perl-HTTP-Message-7.04-1  perl-HTTP-Negotiate-6.01-3  perl-IO-HTML-1.004-2  perl-IO-Socket-SSL-2.099-1  perl-IO-Stringy-2.113-3  perl-LWP-MediaTypes-6.04-2  perl-MIME-tools-5.517-1  perl-MailTools-2.22-1  perl-Net-HTTP-6.24-1  perl-Net-SMTP-SSL-1.04-2  perl-Net-SSLeay-1.96-1  perl-TermReadKey-2.38-8  perl-TimeDate-2.35-1  perl-Try-Tiny-0.32-1  perl-URI-5.36-1  perl-WWW-RobotRules-6.03-1  perl-http-cookiejar-0.014-1  perl-libwww-6.83-2  git-2.55.0-1  make-4.4.1-3  mingw-w64-x86_64-boost-1.91.0-3  mingw-w64-x86_64-cmake-4.4.2-2  mingw-w64-x86_64-gcc-16.2.0-3
2026-09-01T23:48:05.5500670Z 
2026-09-01T23:48:05.5500825Z Total Download Size:    154.18 MiB
2026-09-01T23:48:05.5501170Z Total Installed Size:  1023.08 MiB
2026-09-01T23:48:05.5501401Z 
2026-09-01T23:48:05.5501605Z :: Proceed with installation? [Y/n] 
2026-09-01T23:48:05.5502006Z :: Retrieving packages...
2026-09-01T23:48:15.9225379Z  mingw-w64-x86_64-gcc-16.2.0-3-any downloading...
2026-09-01T23:48:15.9225970Z  mingw-w64-x86_64-icu-78.3-4-any downloading...
2026-09-01T23:48:15.9226442Z  mingw-w64-x86_64-boost-1.91.0-3-any downloading...
2026-09-01T23:48:15.9226878Z  mingw-w64-x86_64-cmake-4.4.2-2-any downloading...
2026-09-01T23:48:15.9227364Z  mingw-w64-x86_64-openssl-3.6.4-1-any downloading...
2026-09-01T23:48:15.9227796Z  git-2.55.0-1-x86_64 downloading...
2026-09-01T23:48:15.9228304Z  mingw-w64-x86_64-headers-14.0.0.r302.gd7f3c5201-1-any downloading...
2026-09-01T23:48:15.9228766Z  mingw-w64-x86_64-binutils-2.47-3-any downloading...
2026-09-01T23:48:15.9229191Z  mingw-w64-x86_64-crt-14.0.0.r302.gd7f3c5201-1-any downloading...
2026-09-01T23:48:15.9229570Z  mingw-w64-x86_64-boost-libs-1.91.0-3-any downloading...
2026-09-01T23:48:15.9229900Z  mingw-w64-x86_64-gnutls-3.8.13-3-any downloading...
2026-09-01T23:48:15.9230239Z  mingw-w64-x86_64-libarchive-3.8.9-5-any downloading...
2026-09-01T23:48:15.9230556Z  mingw-w64-x86_64-curl-8.21.0-2-any downloading...
2026-09-01T23:48:15.9230861Z  mingw-w64-x86_64-isl-0.28-1-any downloading...
2026-09-01T23:48:15.9231174Z  mingw-w64-x86_64-pcre2-10.47-1-any downloading...
2026-09-01T23:48:15.9231468Z  openssh-10.5p1-2-x86_64 downloading...
2026-09-01T23:48:15.9231771Z  mingw-w64-x86_64-gcc-libs-16.2.0-3-any downloading...
2026-09-01T23:48:15.9232117Z  mingw-w64-x86_64-libunistring-1.4.2-1-any downloading...
2026-09-01T23:48:15.9232436Z  heimdal-libs-7.8.0-5-x86_64 downloading...
2026-09-01T23:48:15.9232732Z  mingw-w64-x86_64-libiconv-1.19-1-any downloading...
2026-09-01T23:48:15.9233037Z  mingw-w64-x86_64-zstd-1.5.7-2-any downloading...
2026-09-01T23:48:15.9233345Z  mingw-w64-x86_64-p11-kit-0.26.5-1-any downloading...
2026-09-01T23:48:15.9233712Z  mingw-w64-x86_64-gmp-6.3.0-2-any downloading...
2026-09-01T23:48:15.9234136Z  mingw-w64-x86_64-nettle-4.0-1-any downloading...
2026-09-01T23:48:15.9234736Z  heimdal-7.8.0-5-x86_64 downloading...
2026-09-01T23:48:15.9235024Z  mingw-w64-x86_64-mpfr-4.2.2-3-any downloading...
2026-09-01T23:48:15.9235374Z  mingw-w64-x86_64-cppdap-1.65.r11.g6464cd7-1-any downloading...
2026-09-01T23:48:15.9235702Z  make-4.4.1-3-x86_64 downloading...
2026-09-01T23:48:15.9235961Z  mingw-w64-x86_64-xz-5.8.3-1-any downloading...
2026-09-01T23:48:15.9236448Z  mingw-w64-x86_64-brotli-1.2.0-1-any downloading...
2026-09-01T23:48:15.9236796Z  mingw-w64-x86_64-gettext-runtime-1.0-1-any downloading...
2026-09-01T23:48:15.9237175Z  mingw-w64-x86_64-ca-certificates-20260816-1-any downloading...
2026-09-01T23:48:15.9237532Z  mingw-w64-x86_64-c-ares-1.34.8-1-any downloading...
2026-09-01T23:48:15.9237925Z  mingw-w64-x86_64-libssh2-1.11.1-2-any downloading...
2026-09-01T23:48:15.9238400Z  mingw-w64-x86_64-ngtcp2-1.25.0-1-any downloading...
2026-09-01T23:48:15.9238867Z  mingw-w64-x86_64-rhash-1.4.6-1-any downloading...
2026-09-01T23:48:15.9239338Z  perl-Net-SSLeay-1.96-1-x86_64 downloading...
2026-09-01T23:48:15.9239826Z  mingw-w64-x86_64-tzdata-2026c-1-any downloading...
2026-09-01T23:48:15.9240311Z  mingw-w64-x86_64-libuv-1.52.1-1-any downloading...
2026-09-01T23:48:15.9240777Z  mingw-w64-x86_64-jsoncpp-1.9.8-1-any downloading...
2026-09-01T23:48:15.9241246Z  mingw-w64-x86_64-nghttp2-1.70.0-1-any downloading...
2026-09-01T23:48:15.9241698Z  mingw-w64-x86_64-libtasn1-4.21.0-1-any downloading...
2026-09-01T23:48:15.9242171Z  mingw-w64-x86_64-expat-2.8.3-1-any downloading...
2026-09-01T23:48:15.9242664Z  mingw-w64-x86_64-ninja-1.13.2-1-any downloading...
2026-09-01T23:48:15.9243135Z  perl-MIME-tools-5.517-1-any downloading...
2026-09-01T23:48:15.9243612Z  mingw-w64-x86_64-libidn2-2.3.8-4-any downloading...
2026-09-01T23:48:15.9244099Z  mingw-w64-x86_64-lz4-1.10.0-1-any downloading...
2026-09-01T23:48:15.9244592Z  perl-IO-Socket-SSL-2.099-1-any downloading...
2026-09-01T23:48:15.9245122Z  mingw-w64-x86_64-pkgconf-1~3.0.5-1-any downloading...
2026-09-01T23:48:15.9245644Z  mingw-w64-x86_64-nghttp3-1.18.0-1-any downloading...
2026-09-01T23:48:15.9246137Z  mingw-w64-x86_64-mpc-1.4.1-1-any downloading...
2026-09-01T23:48:15.9246598Z  perl-libwww-6.83-2-any downloading...
2026-09-01T23:48:15.9247024Z  mingw-w64-x86_64-zlib-1.3.2-2-any downloading...
2026-09-01T23:48:15.9247468Z  perl-URI-5.36-1-any downloading...
2026-09-01T23:48:15.9247927Z  mingw-w64-x86_64-libpsl-0.21.5-3-any downloading...
2026-09-01T23:48:15.9248438Z  mingw-w64-x86_64-bzip2-1.0.8-4-any downloading...
2026-09-01T23:48:15.9248925Z  libedit-20240808_3.1-1-x86_64 downloading...
2026-09-01T23:48:15.9249350Z  libfido2-1.17.0-1-x86_64 downloading...
2026-09-01T23:48:15.9249782Z  perl-HTML-Parser-3.85-1-x86_64 downloading...
2026-09-01T23:48:15.9250233Z  perl-HTTP-Message-7.04-1-any downloading...
2026-09-01T23:48:15.9250705Z  perl-TimeDate-2.35-1-any downloading...
2026-09-01T23:48:15.9251085Z  mingw-w64-x86_64-wineditline-2.208-1-any downloading...
2026-09-01T23:48:15.9251412Z  perl-MailTools-2.22-1-any downloading...
2026-09-01T23:48:15.9251718Z  mingw-w64-x86_64-libffi-3.8.0-1-any downloading...
2026-09-01T23:48:15.9252022Z  perl-IO-Stringy-2.113-3-any downloading...
2026-09-01T23:48:15.9252414Z  mingw-w64-x86_64-winpthreads-14.0.0.r302.gd7f3c5201-1-any downloading...
2026-09-01T23:48:15.9252912Z  perl-Authen-SASL-2.2000-1-any downloading...
2026-09-01T23:48:15.9253294Z  mingw-w64-x86_64-libwinpthread-14.0.0.r302.gd7f3c5201-1-any downloading...
2026-09-01T23:48:15.9253706Z  perl-Convert-BinHex-1.125-2-any downloading...
2026-09-01T23:48:15.9254009Z  mingw-w64-x86_64-libb2-0.98.1-3-any downloading...
2026-09-01T23:48:15.9254292Z  libcbor-0.14.0-2-x86_64 downloading...
2026-09-01T23:48:15.9254565Z  perl-HTTP-Cookies-6.12-1-any downloading...
2026-09-01T23:48:15.9254845Z  perl-Net-HTTP-6.24-1-any downloading...
2026-09-01T23:48:15.9255106Z  perl-Error-0.17030-1-any downloading...
2026-09-01T23:48:15.9255384Z  perl-TermReadKey-2.38-8-x86_64 downloading...
2026-09-01T23:48:15.9255677Z  perl-HTTP-Daemon-6.17-1-any downloading...
2026-09-01T23:48:15.9256126Z  perl-LWP-MediaTypes-6.04-2-any downloading...
2026-09-01T23:48:15.9256428Z  perl-Try-Tiny-0.32-1-any downloading...
2026-09-01T23:48:15.9256683Z  perl-Clone-0.50-2-x86_64 downloading...
2026-09-01T23:48:15.9256933Z  perl-IO-HTML-1.004-2-any downloading...
2026-09-01T23:48:15.9257932Z  perl-WWW-RobotRules-6.03-1-any downloading...
2026-09-01T23:48:15.9259557Z  perl-http-cookiejar-0.014-1-any downloading...
2026-09-01T23:48:15.9260007Z  perl-HTTP-Negotiate-6.01-3-any downloading...
2026-09-01T23:48:15.9260453Z  perl-Encode-Locale-1.05-2-any downloading...
2026-09-01T23:48:15.9260873Z  perl-HTML-Tagset-3.24-1-any downloading...
2026-09-01T23:48:15.9261290Z  perl-File-Listing-6.16-1-any downloading...
2026-09-01T23:48:15.9261733Z  perl-HTTP-Date-6.08-1-any downloading...
2026-09-01T23:48:15.9262161Z  perl-Net-SMTP-SSL-1.04-2-any downloading...
2026-09-01T23:48:15.9262729Z  mingw-w64-x86_64-windows-default-manifest-20260815-1-any downloading...
2026-09-01T23:48:15.9263309Z checking keyring...
2026-09-01T23:48:15.9913959Z checking package integrity...
2026-09-01T23:48:31.3343462Z loading package files...
2026-09-01T23:48:31.6954473Z checking for file conflicts...
2026-09-01T23:48:33.9772007Z :: Processing package changes...
2026-09-01T23:48:33.9772464Z installing libedit...
2026-09-01T23:48:34.0078607Z installing heimdal-libs...
2026-09-01T23:48:34.0275530Z installing heimdal...
2026-09-01T23:48:34.5984883Z installing libcbor...
2026-09-01T23:48:34.6018380Z installing libfido2...
2026-09-01T23:48:34.6053252Z installing openssh...
2026-09-01T23:48:34.6435202Z installing perl-Error...
2026-09-01T23:48:34.6507908Z installing perl-Authen-SASL...
2026-09-01T23:48:34.6713705Z installing perl-Encode-Locale...
2026-09-01T23:48:34.6767809Z installing perl-HTTP-Date...
2026-09-01T23:48:34.6822159Z installing perl-File-Listing...
2026-09-01T23:48:34.6883544Z installing perl-HTML-Tagset...
2026-09-01T23:48:34.6943130Z installing perl-Clone...
2026-09-01T23:48:34.6992017Z installing perl-IO-HTML...
2026-09-01T23:48:34.7046439Z installing perl-LWP-MediaTypes...
2026-09-01T23:48:34.7114186Z installing perl-URI...
2026-09-01T23:48:34.7703391Z installing perl-HTTP-Message...
2026-09-01T23:48:34.7879916Z installing perl-HTML-Parser...
2026-09-01T23:48:34.8021692Z installing perl-HTTP-Cookies...
2026-09-01T23:48:34.8101201Z installing perl-HTTP-Daemon...
2026-09-01T23:48:34.8144941Z installing perl-http-cookiejar...
2026-09-01T23:48:34.8210832Z installing perl-HTTP-Negotiate...
2026-09-01T23:48:34.8255794Z installing perl-Net-HTTP...
2026-09-01T23:48:34.8354460Z installing perl-WWW-RobotRules...
2026-09-01T23:48:34.8443629Z installing perl-Try-Tiny...
2026-09-01T23:48:34.8517664Z installing perl-libwww...
2026-09-01T23:48:34.8838074Z Optional dependencies for perl-libwww
2026-09-01T23:48:34.8838687Z     perl-LWP-Protocol-https: for https:// url schemes
2026-09-01T23:48:34.9431049Z installing perl-TimeDate...
2026-09-01T23:48:34.9431403Z installing perl-MailTools...
2026-09-01T23:48:34.9685472Z installing perl-IO-Stringy...
2026-09-01T23:48:34.9814924Z installing perl-Convert-BinHex...
2026-09-01T23:48:35.1244262Z module test... pass.
2026-09-01T23:48:35.1253550Z installing perl-MIME-tools...
2026-09-01T23:48:35.1671883Z installing perl-Net-SSLeay...
2026-09-01T23:48:35.2342631Z installing perl-IO-Socket-SSL...
2026-09-01T23:48:35.2462374Z installing perl-Net-SMTP-SSL...
2026-09-01T23:48:35.2504633Z installing perl-TermReadKey...
2026-09-01T23:48:35.2577701Z installing git...
2026-09-01T23:48:35.7594806Z Optional dependencies for git
2026-09-01T23:48:35.7595331Z     python: various helper scripts
2026-09-01T23:48:35.7595748Z     subversion: git svn
2026-09-01T23:48:35.7596122Z     aspell: spell checking in git gui
2026-09-01T23:48:35.7596534Z installing make...
2026-09-01T23:48:35.7906795Z installing mingw-w64-x86_64-libwinpthread...
2026-09-01T23:48:35.7951080Z installing mingw-w64-x86_64-tzdata...
2026-09-01T23:48:37.2929492Z installing mingw-w64-x86_64-gcc-libs...
2026-09-01T23:48:37.3107898Z installing mingw-w64-x86_64-bzip2...
2026-09-01T23:48:37.3282707Z installing mingw-w64-x86_64-icu...
2026-09-01T23:48:37.7049029Z installing mingw-w64-x86_64-libiconv...
2026-09-01T23:48:37.7270550Z installing mingw-w64-x86_64-gettext-runtime...
2026-09-01T23:48:37.8413225Z installing mingw-w64-x86_64-xz...
2026-09-01T23:48:37.9698806Z installing mingw-w64-x86_64-zstd...
2026-09-01T23:48:37.9897718Z installing mingw-w64-x86_64-zlib...
2026-09-01T23:48:37.9977671Z installing mingw-w64-x86_64-boost-libs...
2026-09-01T23:48:38.0519744Z installing mingw-w64-x86_64-boost...
2026-09-01T23:48:50.9150780Z Optional dependencies for mingw-w64-x86_64-boost
2026-09-01T23:48:50.9151221Z     mingw-w64-x86_64-python: For Boost.Python
2026-09-01T23:48:50.9151571Z     mingw-w64-x86_64-python-numpy: For Boost.Python (NumPy)
2026-09-01T23:48:50.9151895Z installing mingw-w64-x86_64-cppdap...
2026-09-01T23:48:50.9396864Z installing mingw-w64-x86_64-c-ares...
2026-09-01T23:48:51.0420089Z installing mingw-w64-x86_64-brotli...
2026-09-01T23:48:51.0633992Z installing mingw-w64-x86_64-libunistring...
2026-09-01T23:48:51.1092853Z installing mingw-w64-x86_64-libidn2...
2026-09-01T23:48:51.1358169Z installing mingw-w64-x86_64-libpsl...
2026-09-01T23:48:51.1444764Z installing mingw-w64-x86_64-libtasn1...
2026-09-01T23:48:51.1803764Z installing mingw-w64-x86_64-libffi...
2026-09-01T23:48:51.1901508Z installing mingw-w64-x86_64-p11-kit...
2026-09-01T23:48:51.3688037Z installing mingw-w64-x86_64-ca-certificates...
2026-09-01T23:48:52.0443605Z installing mingw-w64-x86_64-openssl...
2026-09-01T23:48:56.9279611Z Optional dependencies for mingw-w64-x86_64-openssl
2026-09-01T23:48:56.9280052Z     mingw-w64-x86_64-ca-certificates [installed]
2026-09-01T23:48:56.9280364Z installing mingw-w64-x86_64-libssh2...
2026-09-01T23:48:57.0465351Z installing mingw-w64-x86_64-nghttp2...
2026-09-01T23:48:57.0619323Z installing mingw-w64-x86_64-gmp...
2026-09-01T23:48:57.0771225Z installing mingw-w64-x86_64-nettle...
2026-09-01T23:48:57.1289501Z installing mingw-w64-x86_64-gnutls...
2026-09-01T23:48:57.9919354Z installing mingw-w64-x86_64-ngtcp2...
2026-09-01T23:48:58.0115990Z installing mingw-w64-x86_64-nghttp3...
2026-09-01T23:48:58.0240215Z installing mingw-w64-x86_64-curl...
2026-09-01T23:48:58.3773095Z installing mingw-w64-x86_64-expat...
2026-09-01T23:48:58.3914404Z installing mingw-w64-x86_64-jsoncpp...
2026-09-01T23:48:58.4088378Z installing mingw-w64-x86_64-libb2...
2026-09-01T23:48:58.4150572Z installing mingw-w64-x86_64-lz4...
2026-09-01T23:48:58.4283824Z installing mingw-w64-x86_64-wineditline...
2026-09-01T23:48:58.4359505Z installing mingw-w64-x86_64-pcre2...
2026-09-01T23:48:58.5981659Z installing mingw-w64-x86_64-libarchive...
2026-09-01T23:48:58.6715262Z installing mingw-w64-x86_64-libuv...
2026-09-01T23:48:58.6952548Z installing mingw-w64-x86_64-ninja...
2026-09-01T23:48:58.7170422Z installing mingw-w64-x86_64-pkgconf...
2026-09-01T23:48:58.7372795Z installing mingw-w64-x86_64-rhash...
2026-09-01T23:48:58.7764513Z installing mingw-w64-x86_64-cmake...
2026-09-01T23:48:58.9423661Z ##[error]The operation was canceled.
2026-09-01T23:48:58.9568211Z Cleaning up orphan processes
2026-09-01T23:48:59.0178972Z Terminate orphan process: pid (956) (bash)
