2026-09-01T22:46:37.5407796Z Current runner version: '2.336.0'
2026-09-01T22:46:37.5433841Z ##[group]Runner Image Provisioner
2026-09-01T22:46:37.5434693Z Hosted Compute Agent
2026-09-01T22:46:37.5435271Z Version: 20260819.586
2026-09-01T22:46:37.5436173Z Commit: 3cc4a88dfa507ef76119ad1bb3eccc6378bb2b76
2026-09-01T22:46:37.5436879Z Build Date: 2026-08-18T23:20:18Z
2026-09-01T22:46:37.5437513Z Worker ID: {88c1e09c-db15-40f4-a0ac-ad285d0189ea}
2026-09-01T22:46:37.5438212Z Azure Region: westcentralus
2026-09-01T22:46:37.5438755Z ##[endgroup]
2026-09-01T22:46:37.5440106Z ##[group]Operating System
2026-09-01T22:46:37.5440700Z Microsoft Windows Server 2022
2026-09-01T22:46:37.5441261Z 10.0.20348
2026-09-01T22:46:37.5441747Z Datacenter
2026-09-01T22:46:37.5442269Z ##[endgroup]
2026-09-01T22:46:37.5442743Z ##[group]Runner Image
2026-09-01T22:46:37.5443289Z Image: windows-2022
2026-09-01T22:46:37.5443797Z Version: 20260824.284.2
2026-09-01T22:46:37.5445345Z Included Software: https://github.com/actions/runner-images/blob/win22/20260824.284/images/windows/Windows2022-Readme.md
2026-09-01T22:46:37.5446781Z Image Release: https://github.com/actions/runner-images/releases/tag/win22%2F20260824.284
2026-09-01T22:46:37.5447705Z ##[endgroup]
2026-09-01T22:46:37.5448716Z ##[group]GITHUB_TOKEN Permissions
2026-09-01T22:46:37.5450721Z Contents: read
2026-09-01T22:46:37.5451286Z Metadata: read
2026-09-01T22:46:37.5451795Z ##[endgroup]
2026-09-01T22:46:37.5453888Z Secret source: Actions
2026-09-01T22:46:37.5454855Z Prepare workflow directory
2026-09-01T22:46:37.6032152Z Prepare all required actions
2026-09-01T22:46:37.6082990Z Getting action download info
2026-09-01T22:46:37.9256746Z Download action repository 'msys2/setup-msys2@v2' (SHA:66cd2cce69caa17b53920067426061ca1de3a884)
2026-09-01T22:46:38.4405389Z Complete job name: windows-mingw64
2026-09-01T22:46:38.6154422Z ##[group]Run git config --global core.autocrlf false
2026-09-01T22:46:38.6155635Z [36;1mgit config --global core.autocrlf false[0m
2026-09-01T22:46:38.6156436Z [36;1mgit config --global core.eol lf[0m
2026-09-01T22:46:38.6157391Z [36;1mNew-Item -ItemType Directory -Path $env:WINDOWS_ROOT | Out-Null[0m
2026-09-01T22:46:38.6158346Z [36;1m[0m
2026-09-01T22:46:38.6158952Z [36;1mgit init $env:PROJECT_SOURCE[0m
2026-09-01T22:46:38.6160250Z [36;1mgit -C $env:PROJECT_SOURCE remote add origin https://github.com/leemaple/20231788..git[0m
2026-09-01T22:46:38.6161891Z [36;1mgit -C $env:PROJECT_SOURCE fetch --depth 1 origin $env:GITHUB_SHA[0m
2026-09-01T22:46:38.6163256Z [36;1mgit -C $env:PROJECT_SOURCE checkout --detach FETCH_HEAD[0m
2026-09-01T22:46:38.6164500Z [36;1m$projectActual = git -C $env:PROJECT_SOURCE rev-parse HEAD[0m
2026-09-01T22:46:38.6165690Z [36;1mif ($projectActual -ne $env:GITHUB_SHA) {[0m
2026-09-01T22:46:38.6166794Z [36;1m  throw "Project checkout mismatch: $projectActual"[0m
2026-09-01T22:46:38.6167790Z [36;1m}[0m
2026-09-01T22:46:38.6168367Z [36;1m[0m
2026-09-01T22:46:38.6168981Z [36;1mgit init $env:OPENFHE_SOURCE[0m
2026-09-01T22:46:38.6170487Z [36;1mgit -C $env:OPENFHE_SOURCE remote add origin https://github.com/openfheorg/openfhe-development.git[0m
2026-09-01T22:46:38.6172322Z [36;1mgit -C $env:OPENFHE_SOURCE fetch --depth 1 origin $env:OPENFHE_COMMIT[0m
2026-09-01T22:46:38.6173621Z [36;1mgit -C $env:OPENFHE_SOURCE checkout --detach FETCH_HEAD[0m
2026-09-01T22:46:38.6174930Z [36;1mgit -C $env:OPENFHE_SOURCE submodule update --init --recursive --depth 1[0m
2026-09-01T22:46:38.6175654Z [36;1m[0m
2026-09-01T22:46:38.6176207Z [36;1m$projectStatus = @(git -C $env:PROJECT_SOURCE status --porcelain)[0m
2026-09-01T22:46:38.6176931Z [36;1mif ($projectStatus.Count -ne 0) {[0m
2026-09-01T22:46:38.6177632Z [36;1m  throw "Project checkout is dirty: $($projectStatus -join '; ')"[0m
2026-09-01T22:46:38.6178308Z [36;1m}[0m
2026-09-01T22:46:38.6178855Z [36;1m$openfheStatus = @(git -C $env:OPENFHE_SOURCE status --porcelain)[0m
2026-09-01T22:46:38.6179809Z [36;1mif ($openfheStatus.Count -ne 0) {[0m
2026-09-01T22:46:38.6183330Z [36;1m  throw "OpenFHE checkout is dirty: $($openfheStatus -join '; ')"[0m
2026-09-01T22:46:38.6184400Z [36;1m}[0m
2026-09-01T22:46:38.8113613Z shell: C:\Program Files\PowerShell\7\pwsh.EXE -command ". '{0}'"
2026-09-01T22:46:38.8114581Z env:
2026-09-01T22:46:38.8115076Z   OPENFHE_COMMIT: df495ba2e91739a6dc8f1de254fc5a41155ce504
2026-09-01T22:46:38.8115777Z   OPENFHE_PREFIX: C:\openfhe-2023-1788\openfhe-install
2026-09-01T22:46:38.8116369Z   WINDOWS_ROOT: C:\openfhe-2023-1788
2026-09-01T22:46:38.8116905Z   PROJECT_SOURCE: C:\openfhe-2023-1788\cleanroom
2026-09-01T22:46:38.8117499Z   OPENFHE_SOURCE: C:\openfhe-2023-1788\openfhe-src
2026-09-01T22:46:38.8118188Z   OPENFHE_BUILD: C:\openfhe-2023-1788\openfhe-build-33567914096-1
2026-09-01T22:46:38.8118975Z   PROJECT_BUILD: C:\openfhe-2023-1788\project-build-33567914096-1
2026-09-01T22:46:38.8119591Z ##[endgroup]
2026-09-01T22:46:39.6865375Z Initialized empty Git repository in C:/openfhe-2023-1788/cleanroom/.git/
2026-09-01T22:46:41.3537592Z From https://github.com/leemaple/20231788.
2026-09-01T22:46:41.3539386Z  * branch            4bfe4fcf5d2c095eb99cdfd9f1df59f261b0b72d -> FETCH_HEAD
2026-09-01T22:46:41.5234327Z HEAD is now at 4bfe4fc feat: reject mismatched Relin2 evaluation-key tag
2026-09-01T22:46:41.6080467Z Initialized empty Git repository in C:/openfhe-2023-1788/openfhe-src/.git/
2026-09-01T22:46:43.2103676Z From https://github.com/openfheorg/openfhe-development
2026-09-01T22:46:43.2104344Z  * branch            df495ba2e91739a6dc8f1de254fc5a41155ce504 -> FETCH_HEAD
2026-09-01T22:46:43.9807390Z HEAD is now at df495ba Merge pull request #1130 from openfheorg/dev
2026-09-01T22:46:45.6054195Z Submodule 'third-party/cereal' (https://github.com/openfheorg/cereal.git) registered for path 'third-party/cereal'
2026-09-01T22:46:45.6073454Z Submodule 'third-party/google-benchmark' (https://github.com/google/benchmark.git) registered for path 'third-party/google-benchmark'
2026-09-01T22:46:45.6089224Z Submodule 'third-party/google-test' (https://github.com/google/googletest.git) registered for path 'third-party/google-test'
2026-09-01T22:46:45.6129621Z Submodule 'third-party/gperftools' (https://github.com/gperftools/gperftools.git) registered for path 'third-party/gperftools'
2026-09-01T22:46:45.6503557Z Cloning into 'C:/openfhe-2023-1788/openfhe-src/third-party/cereal'...
2026-09-01T22:46:46.6043688Z Cloning into 'C:/openfhe-2023-1788/openfhe-src/third-party/google-benchmark'...
2026-09-01T22:46:47.4486877Z Cloning into 'C:/openfhe-2023-1788/openfhe-src/third-party/google-test'...
2026-09-01T22:46:48.3394872Z Cloning into 'C:/openfhe-2023-1788/openfhe-src/third-party/gperftools'...
2026-09-01T22:46:49.7408543Z Submodule path 'third-party/cereal': checked out '984e3f194862b17916536b5fade40cba6e47a6fe'
2026-09-01T22:46:51.2126296Z From https://github.com/google/benchmark
2026-09-01T22:46:51.2126884Z  * branch            eddb0241389718a23a42db6af5f0164b6e0139af -> FETCH_HEAD
2026-09-01T22:46:51.6012218Z Submodule path 'third-party/google-benchmark': checked out 'eddb0241389718a23a42db6af5f0164b6e0139af'
2026-09-01T22:46:53.0536518Z From https://github.com/google/googletest
2026-09-01T22:46:53.0537098Z  * branch            52eb8108c5bdec04579160ae17225d66034bd723 -> FETCH_HEAD
2026-09-01T22:46:53.5976283Z Submodule path 'third-party/google-test': checked out '52eb8108c5bdec04579160ae17225d66034bd723'
2026-09-01T22:46:55.4849341Z From https://github.com/gperftools/gperftools
2026-09-01T22:46:55.4850058Z  * branch            83edb60836d87cf1b406e8846b9059c03031e8f5 -> FETCH_HEAD
2026-09-01T22:46:56.5029084Z Submodule path 'third-party/gperftools': checked out '83edb60836d87cf1b406e8846b9059c03031e8f5'
2026-09-01T22:46:56.9275102Z ##[group]Run msys2/setup-msys2@v2
2026-09-01T22:46:56.9275444Z with:
2026-09-01T22:46:56.9275634Z   msystem: MINGW64
2026-09-01T22:46:56.9275877Z   update: true
2026-09-01T22:46:56.9276106Z   cache: false
2026-09-01T22:46:56.9276444Z   install: git make mingw-w64-x86_64-boost mingw-w64-x86_64-cmake mingw-w64-x86_64-gcc
2026-09-01T22:46:56.9277615Z   path-type: minimal
2026-09-01T22:46:56.9277814Z   release: true
2026-09-01T22:46:56.9278020Z   platform-check-severity: fatal
2026-09-01T22:46:56.9278287Z env:
2026-09-01T22:46:56.9278520Z   OPENFHE_COMMIT: df495ba2e91739a6dc8f1de254fc5a41155ce504
2026-09-01T22:46:56.9278868Z   OPENFHE_PREFIX: C:\openfhe-2023-1788\openfhe-install
2026-09-01T22:46:56.9279170Z   WINDOWS_ROOT: C:\openfhe-2023-1788
2026-09-01T22:46:56.9279456Z   PROJECT_SOURCE: C:\openfhe-2023-1788\cleanroom
2026-09-01T22:46:56.9279758Z   OPENFHE_SOURCE: C:\openfhe-2023-1788\openfhe-src
2026-09-01T22:46:56.9280156Z   OPENFHE_BUILD: C:\openfhe-2023-1788\openfhe-build-33567914096-1
2026-09-01T22:46:56.9280541Z   PROJECT_BUILD: C:\openfhe-2023-1788\project-build-33567914096-1
2026-09-01T22:46:56.9280834Z ##[endgroup]
2026-09-01T22:46:57.0990911Z ##[group]Downloading MSYS2...
2026-09-01T22:46:57.8815241Z ##[endgroup]
2026-09-01T22:46:57.8815899Z ##[group]Extracting MSYS2...
2026-09-01T22:46:57.8830568Z [command]C:\hostedtoolcache\windows\msys2-installer\0.0.20260611\x64\base.exe -y
2026-09-01T22:46:58.5798028Z 
2026-09-01T22:46:58.5799318Z 7-Zip SFX 25.01 ZS v1.5.7 R4 (x64) : Copyright (c) 1999-2025 Igor Pavlov, 2016-2026 Tino Reichardt, 2022-2026 Sergey G. Brester : 2026-01-10
2026-09-01T22:46:58.5800905Z 
2026-09-01T22:46:58.5801316Z Extracting archive: C:\hostedtoolcache\windows\msys2-installer\0.0.20260611\x64\base.exe
2026-09-01T22:46:58.5802497Z --
2026-09-01T22:46:58.5803014Z Path = C:\hostedtoolcache\windows\msys2-installer\0.0.20260611\x64\base.exe
2026-09-01T22:46:58.5803613Z Type = 7z
2026-09-01T22:46:58.5803769Z 
2026-09-01T22:46:58.7747542Z   0%
2026-09-01T22:46:58.7747808Z     
2026-09-01T22:46:58.9782335Z   2% 1304 - msys64\usr\lib\perl5\core_perl\CORE\perl_inc_macro.h
2026-09-01T22:46:58.9782790Z                                                                 
2026-09-01T22:46:59.1813154Z   3% 2425 - msys64\usr\lib\terminfo\67\guru-33
2026-09-01T22:46:59.1813589Z                                               
2026-09-01T22:46:59.3844502Z   4% 3636 - msys64\usr\lib\terminfo\74\tvi912b-vb
2026-09-01T22:46:59.3845090Z                                                  
2026-09-01T22:46:59.5876926Z   5% 4819 - msys64\usr\share\bash-completion\completions\macof
2026-09-01T22:46:59.5877371Z                                                               
2026-09-01T22:46:59.7908431Z   9% 5893 - msys64\usr\share\info\gnupg.info-2.gz
2026-09-01T22:46:59.7908921Z                                                  
2026-09-01T22:46:59.9939421Z  22% 6539 - msys64\usr\share\locale\nl\LC_MESSAGES\util-linux.mo
2026-09-01T22:46:59.9940368Z                                                                 
2026-09-01T22:47:00.1972226Z  32% 7339 - msys64\usr\share\man\man1\nseq.1ssl.gz
2026-09-01T22:47:00.1972739Z                                                   
2026-09-01T22:47:00.4002581Z  33% 8515 - msys64\usr\share\man\man3\innstr.3x.gz
2026-09-01T22:47:00.4003215Z                                                   
2026-09-01T22:47:00.6012050Z  39% 9626 - msys64\usr\share\p11-kit\modules\p11-kit-trust.module
2026-09-01T22:47:00.6012700Z                                                                  
2026-09-01T22:47:00.8065402Z  44% 10475 - msys64\usr\share\perl5\core_perl\unicore\lib\Gc\C.pl
2026-09-01T22:47:00.8065838Z                                                                  
2026-09-01T22:47:01.0100533Z  47% 11556 - msys64\usr\share\terminfo\63\cons25w
2026-09-01T22:47:01.0100968Z                                                  
2026-09-01T22:47:01.2130882Z  47% 12562 - msys64\usr\share\terminfo\6e\nsterm-build309
2026-09-01T22:47:01.2133544Z                                                          
2026-09-01T22:47:01.4160531Z  47% 13778 - msys64\usr\share\terminfo\78\xnuppc-f2
2026-09-01T22:47:01.4160903Z                                                    
2026-09-01T22:47:01.6231277Z  48% 15021 - msys64\usr\share\zoneinfo\posix\Libya
2026-09-01T22:47:01.6232511Z                                                   
2026-09-01T22:47:01.8298826Z  50% 16074 - msys64\clang64.exe
2026-09-01T22:47:01.8299490Z                                
2026-09-01T22:47:02.0263755Z  68% 16326 - msys64\usr\bin\msys-psl-5.dll
2026-09-01T22:47:02.0264186Z                                           
2026-09-01T22:47:02.0917855Z  91% 16519 - msys64\usr\lib\perl5\core_perl\auto\Compress\Raw\Zlib\Zlib.dll
2026-09-01T22:47:02.0918503Z                                                                            
2026-09-01T22:47:02.0918893Z Everything is Ok
2026-09-01T22:47:02.0938763Z ##[endgroup]
2026-09-01T22:47:02.0939738Z ##[group]Disable Key Refresh...
2026-09-01T22:47:02.0958439Z ##[endgroup]
2026-09-01T22:47:02.0973698Z ##[group]Starting MSYS2 for the first time...
2026-09-01T22:47:02.1614013Z [command]C:\Windows\system32\cmd.exe /D /S /C D:\a\_temp\setup-msys2\msys2.cmd -c "'uname' '-a'"
2026-09-01T22:47:02.3776938Z [1;32mMSYS2 is starting for the first time. Executing the initial setup.[1;0m
2026-09-01T22:47:02.3777557Z Copying skeleton files.
2026-09-01T22:47:02.3777867Z These files are for the users to personalise their msys2 experience.
2026-09-01T22:47:02.3778130Z 
2026-09-01T22:47:02.3778277Z They will never be overwritten nor automatically updated.
2026-09-01T22:47:02.3778502Z 
2026-09-01T22:47:02.4576055Z './.bashrc' -> '/home/runneradmin/.bashrc'
2026-09-01T22:47:02.4726932Z './.bash_profile' -> '/home/runneradmin/.bash_profile'
2026-09-01T22:47:02.4877712Z './.profile' -> '/home/runneradmin/.profile'
2026-09-01T22:47:02.5423179Z 'C:\Windows\system32\drivers\etc\hosts' -> '/etc/hosts'
2026-09-01T22:47:02.5891799Z 'C:\Windows\system32\drivers\etc\protocol' -> '/etc/protocols'
2026-09-01T22:47:02.6356273Z 'C:\Windows\system32\drivers\etc\services' -> '/etc/services'
2026-09-01T22:47:02.6779262Z 'C:\Windows\system32\drivers\etc\networks' -> '/etc/networks'
2026-09-01T22:47:02.8435592Z gpg: /etc/pacman.d/gnupg/trustdb.gpg: trustdb created
2026-09-01T22:47:02.8502785Z gpg: no ultimately trusted keys found
2026-09-01T22:47:03.1008432Z gpg: starting migration from earlier GnuPG versions
2026-09-01T22:47:03.1568488Z gpg: porting secret keys from '/etc/pacman.d/gnupg/secring.gpg' to gpg-agent
2026-09-01T22:47:03.1570678Z gpg: migration succeeded
2026-09-01T22:47:03.1757736Z ==> Generating pacman master key. This may take some time.
2026-09-01T22:47:03.1928495Z gpg: Generating pacman keyring master key...
2026-09-01T22:47:03.3845184Z gpg: directory '/etc/pacman.d/gnupg/openpgp-revocs.d' created
2026-09-01T22:47:03.4119885Z gpg: revocation certificate stored as '/etc/pacman.d/gnupg/openpgp-revocs.d/FEB014FA4C850B3F38A09E2270E6FAF870EA7A22.rev'
2026-09-01T22:47:03.4120469Z gpg: Done
2026-09-01T22:47:03.4272426Z ==> Updating trust database...
2026-09-01T22:47:03.4624569Z gpg: marginals needed: 3  completes needed: 1  trust model: pgp
2026-09-01T22:47:03.4625076Z gpg: depth: 0  valid:   1  signed:   0  trust: 0-, 0q, 0n, 0m, 0f, 1u
2026-09-01T22:47:03.5734337Z ==> Appending keys from msys2.gpg...
2026-09-01T22:47:04.3016200Z ==> Locally signing trusted keys in keyring...
2026-09-01T22:47:04.8185306Z   -> Locally signed 5 keys.
2026-09-01T22:47:04.8319874Z ==> Importing owner trust values...
2026-09-01T22:47:04.8486527Z gpg: setting ownertrust to 4
2026-09-01T22:47:04.8487154Z gpg: setting ownertrust to 4
2026-09-01T22:47:04.8487558Z gpg: setting ownertrust to 4
2026-09-01T22:47:04.8487952Z gpg: setting ownertrust to 4
2026-09-01T22:47:04.8488312Z gpg: setting ownertrust to 4
2026-09-01T22:47:04.8724576Z ==> Disabling revoked keys in keyring...
2026-09-01T22:47:05.1131022Z   -> Disabled 4 keys.
2026-09-01T22:47:05.1260265Z ==> Updating trust database...
2026-09-01T22:47:05.1594110Z gpg: marginals needed: 3  completes needed: 1  trust model: pgp
2026-09-01T22:47:05.1617444Z gpg: depth: 0  valid:   1  signed:   5  trust: 0-, 0q, 0n, 0m, 0f, 1u
2026-09-01T22:47:05.1642636Z gpg: depth: 1  valid:   5  signed:   6  trust: 0-, 0q, 0n, 5m, 0f, 0u
2026-09-01T22:47:05.1654113Z gpg: depth: 2  valid:   3  signed:   2  trust: 3-, 0q, 0n, 0m, 0f, 0u
2026-09-01T22:47:05.1995197Z pacman-key (pacman) 6.1.0
2026-09-01T22:47:05.1995695Z Copyright (c) 2010-2024 Pacman Development Team <pacman-dev@lists.archlinux.org>.
2026-09-01T22:47:05.1996040Z 
2026-09-01T22:47:05.2139531Z This is free software; see the source for copying conditions.
2026-09-01T22:47:05.2140803Z There is NO WARRANTY, to the extent permitted by law.
2026-09-01T22:47:05.4118268Z [1;32mInitial setup complete. MSYS2 is now ready to use.[1;0m
2026-09-01T22:47:05.4268492Z MINGW64_NT-10.0-20348 runnervm0js1w 3.6.9-01d6c708.x86_64 2026-05-24 10:45 UTC x86_64 Msys
2026-09-01T22:47:05.4316427Z ##[endgroup]
2026-09-01T22:47:05.4317041Z ##[group]Disable CheckSpace...
2026-09-01T22:47:05.4871207Z [command]C:\Windows\system32\cmd.exe /D /S /C D:\a\_temp\setup-msys2\msys2.cmd -c "'sed' '-i' 's/^CheckSpace/#CheckSpace/g' '/etc/pacman.conf'"
2026-09-01T22:47:05.6654212Z ##[endgroup]
2026-09-01T22:47:05.6654767Z ##[group]Updating packages...
2026-09-01T22:47:05.7191547Z [command]C:\Windows\system32\cmd.exe /D /S /C D:\a\_temp\setup-msys2\msys2.cmd -c "'pacman' '--noconfirm' '-Syuu' '--overwrite' '*'"
2026-09-01T22:47:06.3287753Z :: Synchronizing package databases...
2026-09-01T22:47:07.6411911Z  clangarm64 downloading...
2026-09-01T22:47:07.6412233Z  mingw32 downloading...
2026-09-01T22:47:07.6412464Z  mingw64 downloading...
2026-09-01T22:47:07.6412679Z  ucrt64 downloading...
2026-09-01T22:47:07.6412886Z  clang64 downloading...
2026-09-01T22:47:07.6413081Z  msys downloading...
2026-09-01T22:47:08.1537726Z :: Starting core system upgrade...
2026-09-01T22:47:08.3435685Z warning: terminate other MSYS2 programs before proceeding
2026-09-01T22:47:08.3436287Z resolving dependencies...
2026-09-01T22:47:08.3436660Z looking for conflicting packages...
2026-09-01T22:47:08.3517257Z 
2026-09-01T22:47:08.3517758Z Packages (1) msys2-runtime-3.6.10-3
2026-09-01T22:47:08.3518110Z 
2026-09-01T22:47:08.3518292Z Total Download Size:    1.97 MiB
2026-09-01T22:47:08.3518661Z Total Installed Size:   6.33 MiB
2026-09-01T22:47:08.3518991Z Net Upgrade Size:      -0.20 MiB
2026-09-01T22:47:08.3519230Z 
2026-09-01T22:47:08.3519694Z :: Proceed with installation? [Y/n] 
2026-09-01T22:47:08.3520042Z :: Retrieving packages...
2026-09-01T22:47:09.5562581Z  msys2-runtime-3.6.10-3-x86_64 downloading...
2026-09-01T22:47:09.5562949Z checking keyring...
2026-09-01T22:47:09.7232009Z checking package integrity...
2026-09-01T22:47:09.8877664Z loading package files...
2026-09-01T22:47:09.8901201Z checking for file conflicts...
2026-09-01T22:47:09.8922248Z :: Processing package changes...
2026-09-01T22:47:09.8922682Z upgrading msys2-runtime...
2026-09-01T22:47:10.0254755Z :: To complete this update all MSYS2 processes including this terminal will be closed. Confirm to proceed [Y/n] 
2026-09-01T22:47:10.2709433Z ##[endgroup]
2026-09-01T22:47:10.2709952Z ##[group]Killing remaining tasks...
2026-09-01T22:47:10.3261613Z [command]C:\Windows\system32\taskkill.exe /F /FI "MODULES eq msys-2.0.dll"
2026-09-01T22:47:10.4809420Z 
2026-09-01T22:47:10.4810097Z INFO: No tasks running with the specified criteria.
2026-09-01T22:47:10.4839661Z ##[endgroup]
2026-09-01T22:47:10.4840060Z ##[group]Final system upgrade...
2026-09-01T22:47:10.5375504Z [command]C:\Windows\system32\cmd.exe /D /S /C D:\a\_temp\setup-msys2\msys2.cmd -c "'pacman' '--noconfirm' '-Syuu' '--overwrite' '*'"
2026-09-01T22:47:11.2373459Z :: Synchronizing package databases...
2026-09-01T22:47:12.2804571Z  clangarm64 downloading...
2026-09-01T22:47:12.2804979Z  mingw32 downloading...
2026-09-01T22:47:12.2805649Z  mingw64 downloading...
2026-09-01T22:47:12.2805947Z  ucrt64 downloading...
2026-09-01T22:47:12.2806211Z  clang64 downloading...
2026-09-01T22:47:12.2806475Z  msys downloading...
2026-09-01T22:47:12.7092325Z :: Starting core system upgrade...
2026-09-01T22:47:12.8969063Z  there is nothing to do
2026-09-01T22:47:12.8969549Z :: Starting full system upgrade...
2026-09-01T22:47:12.9324499Z resolving dependencies...
2026-09-01T22:47:12.9375542Z looking for conflicting packages...
2026-09-01T22:47:12.9496066Z 
2026-09-01T22:47:12.9499111Z Packages (31) bash-completion-2.18.0-1  bsdtar-3.8.9-1  ca-certificates-20260816-1  curl-8.21.0-1  findutils-4.11.0-2  gawk-5.4.1-1  gcc-libs-15.3.0-1  gnupg-2.4.9-3  libcurl-8.21.0-1  libexpat-2.8.3-1  libffi-3.8.0-1  libgnutls-3.8.13-2  libhogweed-4.0-1  libnettle-4.0-1  libnghttp2-1.70.0-1  libnghttp3-1.18.0-1  libngtcp2-1.25.0-1  libopenssl-3.6.4-1  libp11-kit-0.26.5-1  libpsl-0.23.2-1  libsqlite-3.53.4-1  msys2-keyring-1~20260814-1  nano-9.2-1  nettle-4.0-1  openssl-3.6.4-1  p11-kit-0.26.5-1  pacman-contrib-1.10.6-2  perl-5.42.3-1  pinentry-1.3.3-1  tzcode-2026c-1  wget-1.25.0-2
2026-09-01T22:47:12.9502351Z 
2026-09-01T22:47:12.9502505Z Total Download Size:    27.05 MiB
2026-09-01T22:47:12.9502881Z Total Installed Size:  108.42 MiB
2026-09-01T22:47:12.9503271Z Net Upgrade Size:       -1.02 MiB
2026-09-01T22:47:12.9503560Z 
2026-09-01T22:47:12.9504105Z :: Proceed with installation? [Y/n] 
2026-09-01T22:47:12.9504593Z :: Retrieving packages...
2026-09-01T22:47:15.3863237Z  perl-5.42.3-1-x86_64 downloading...
2026-09-01T22:47:15.3863731Z  pacman-contrib-1.10.6-2-x86_64 downloading...
2026-09-01T22:47:15.3864133Z  gnupg-2.4.9-3-x86_64 downloading...
2026-09-01T22:47:15.3864508Z  libopenssl-3.6.4-1-x86_64 downloading...
2026-09-01T22:47:15.3864882Z  gawk-5.4.1-1-x86_64 downloading...
2026-09-01T22:47:15.3865234Z  libgnutls-3.8.13-2-x86_64 downloading...
2026-09-01T22:47:15.3865655Z  gcc-libs-15.3.0-1-x86_64 downloading...
2026-09-01T22:47:15.3866058Z  curl-8.21.0-1-x86_64 downloading...
2026-09-01T22:47:15.3866428Z  wget-1.25.0-2-x86_64 downloading...
2026-09-01T22:47:15.3866782Z  libsqlite-3.53.4-1-x86_64 downloading...
2026-09-01T22:47:15.3867156Z  nano-9.2-1-x86_64 downloading...
2026-09-01T22:47:15.3867502Z  openssl-3.6.4-1-x86_64 downloading...
2026-09-01T22:47:15.3867877Z  findutils-4.11.0-2-x86_64 downloading...
2026-09-01T22:47:15.3868277Z  p11-kit-0.26.5-1-x86_64 downloading...
2026-09-01T22:47:15.3868679Z  ca-certificates-20260816-1-any downloading...
2026-09-01T22:47:15.3869114Z  libcurl-8.21.0-1-x86_64 downloading...
2026-09-01T22:47:15.3869493Z  bsdtar-3.8.9-1-x86_64 downloading...
2026-09-01T22:47:15.3869845Z  tzcode-2026c-1-x86_64 downloading...
2026-09-01T22:47:15.3870222Z  libp11-kit-0.26.5-1-x86_64 downloading...
2026-09-01T22:47:15.3870647Z  bash-completion-2.18.0-1-any downloading...
2026-09-01T22:47:15.3871053Z  libhogweed-4.0-1-x86_64 downloading...
2026-09-01T22:47:15.3871424Z  libngtcp2-1.25.0-1-x86_64 downloading...
2026-09-01T22:47:15.3871791Z  libnettle-4.0-1-x86_64 downloading...
2026-09-01T22:47:15.3872143Z  nettle-4.0-1-x86_64 downloading...
2026-09-01T22:47:15.3872507Z  libpsl-0.23.2-1-x86_64 downloading...
2026-09-01T22:47:15.3872871Z  libnghttp3-1.18.0-1-x86_64 downloading...
2026-09-01T22:47:15.3873257Z  libnghttp2-1.70.0-1-x86_64 downloading...
2026-09-01T22:47:15.3873659Z  libexpat-2.8.3-1-x86_64 downloading...
2026-09-01T22:47:15.3874048Z  pinentry-1.3.3-1-x86_64 downloading...
2026-09-01T22:47:15.3874468Z  msys2-keyring-1~20260814-1-any downloading...
2026-09-01T22:47:15.3874864Z  libffi-3.8.0-1-x86_64 downloading...
2026-09-01T22:47:15.3875201Z checking keyring...
2026-09-01T22:47:15.4461522Z checking package integrity...
2026-09-01T22:47:19.9566680Z loading package files...
2026-09-01T22:47:20.0332944Z checking for file conflicts...
2026-09-01T22:47:20.0861528Z :: Running pre-transaction hooks...
2026-09-01T22:47:20.0862144Z (1/1) Removing old entries from the info directory file...
2026-09-01T22:47:20.2082925Z :: Processing package changes...
2026-09-01T22:47:20.2083417Z upgrading bash-completion...
2026-09-01T22:47:20.9902676Z upgrading gcc-libs...
2026-09-01T22:47:21.0075885Z upgrading libexpat...
2026-09-01T22:47:21.0116089Z upgrading libopenssl...
2026-09-01T22:47:21.0371890Z upgrading bsdtar...
2026-09-01T22:47:21.0457980Z upgrading openssl...
2026-09-01T22:47:21.1378709Z upgrading findutils...
2026-09-01T22:47:21.2036292Z upgrading libffi...
2026-09-01T22:47:21.2129873Z upgrading libp11-kit...
2026-09-01T22:47:21.2199025Z upgrading p11-kit...
2026-09-01T22:47:21.3532870Z upgrading ca-certificates...
2026-09-01T22:47:22.0167242Z upgrading libnghttp3...
2026-09-01T22:47:22.0226448Z upgrading libngtcp2...
2026-09-01T22:47:22.0301035Z upgrading libnghttp2...
2026-09-01T22:47:22.0356276Z upgrading libpsl...
2026-09-01T22:47:22.0438963Z upgrading libcurl...
2026-09-01T22:47:22.0502071Z upgrading curl...
2026-09-01T22:47:22.4269461Z upgrading gawk...
2026-09-01T22:47:22.5170115Z upgrading libhogweed...
2026-09-01T22:47:22.5212553Z upgrading libnettle...
2026-09-01T22:47:22.5300929Z upgrading libgnutls...
2026-09-01T22:47:22.5752024Z upgrading libsqlite...
2026-09-01T22:47:22.5850983Z upgrading nettle...
2026-09-01T22:47:22.5924736Z upgrading pinentry...
2026-09-01T22:47:22.5981262Z upgrading gnupg...
2026-09-01T22:47:27.1589660Z ==> Appending keys from msys2.gpg...
2026-09-01T22:47:27.6257247Z ==> Updating trust database...
2026-09-01T22:47:27.6424756Z gpg: no need for a trustdb check
2026-09-01T22:47:27.7294152Z upgrading msys2-keyring...
2026-09-01T22:47:28.0678094Z ==> Appending keys from msys2.gpg...
2026-09-01T22:47:28.5555088Z ==> Updating trust database...
2026-09-01T22:47:28.5732599Z gpg: next trustdb check due at 2027-02-10
2026-09-01T22:47:28.6596162Z upgrading nano...
2026-09-01T22:47:28.7542953Z upgrading pacman-contrib...
2026-09-01T22:47:28.8177715Z New optional dependencies for pacman-contrib
2026-09-01T22:47:28.8178578Z     perl: for pacsearch [installed]
2026-09-01T22:47:28.8179070Z     vim: default diff program for pacdiff
2026-09-01T22:47:28.8179488Z upgrading perl...
2026-09-01T22:47:30.3559474Z upgrading tzcode...
2026-09-01T22:47:31.9683114Z upgrading wget...
2026-09-01T22:47:32.0722964Z :: Running post-transaction hooks...
2026-09-01T22:47:32.0723397Z (1/1) Updating the info directory file...
2026-09-01T22:47:33.9322759Z ##[endgroup]
2026-09-01T22:47:33.9324105Z ##[group]Installing additional packages through pacman...
2026-09-01T22:47:33.9899719Z [command]C:\Windows\system32\cmd.exe /D /S /C D:\a\_temp\setup-msys2\msys2.cmd -c "'pacman' '--noconfirm' '-S' '--needed' '--overwrite' '*' 'git' 'make' 'mingw-w64-x86_64-boost' 'mingw-w64-x86_64-cmake' 'mingw-w64-x86_64-gcc'"
2026-09-01T22:47:34.8184914Z resolving dependencies...
2026-09-01T22:47:34.8304799Z looking for conflicting packages...
2026-09-01T22:47:34.8443442Z 
2026-09-01T22:47:34.8454097Z Packages (89) heimdal-7.8.0-5  heimdal-libs-7.8.0-5  libcbor-0.14.0-2  libedit-20240808_3.1-1  libfido2-1.17.0-1  mingw-w64-x86_64-binutils-2.47-3  mingw-w64-x86_64-boost-libs-1.91.0-3  mingw-w64-x86_64-brotli-1.2.0-1  mingw-w64-x86_64-bzip2-1.0.8-4  mingw-w64-x86_64-c-ares-1.34.8-1  mingw-w64-x86_64-ca-certificates-20260816-1  mingw-w64-x86_64-cppdap-1.65.r11.g6464cd7-1  mingw-w64-x86_64-crt-14.0.0.r302.gd7f3c5201-1  mingw-w64-x86_64-curl-8.21.0-2  mingw-w64-x86_64-expat-2.8.3-1  mingw-w64-x86_64-gcc-libs-16.2.0-3  mingw-w64-x86_64-gettext-runtime-1.0-1  mingw-w64-x86_64-gmp-6.3.0-2  mingw-w64-x86_64-gnutls-3.8.13-3  mingw-w64-x86_64-headers-14.0.0.r302.gd7f3c5201-1  mingw-w64-x86_64-icu-78.3-4  mingw-w64-x86_64-isl-0.28-1  mingw-w64-x86_64-jsoncpp-1.9.8-1  mingw-w64-x86_64-libarchive-3.8.9-5  mingw-w64-x86_64-libb2-0.98.1-3  mingw-w64-x86_64-libffi-3.8.0-1  mingw-w64-x86_64-libiconv-1.19-1  mingw-w64-x86_64-libidn2-2.3.8-4  mingw-w64-x86_64-libpsl-0.21.5-3  mingw-w64-x86_64-libssh2-1.11.1-2  mingw-w64-x86_64-libtasn1-4.21.0-1  mingw-w64-x86_64-libunistring-1.4.2-1  mingw-w64-x86_64-libuv-1.52.1-1  mingw-w64-x86_64-libwinpthread-14.0.0.r302.gd7f3c5201-1  mingw-w64-x86_64-lz4-1.10.0-1  mingw-w64-x86_64-mpc-1.4.1-1  mingw-w64-x86_64-mpfr-4.2.2-3  mingw-w64-x86_64-nettle-4.0-1  mingw-w64-x86_64-nghttp2-1.70.0-1  mingw-w64-x86_64-nghttp3-1.18.0-1  mingw-w64-x86_64-ngtcp2-1.25.0-1  mingw-w64-x86_64-ninja-1.13.2-1  mingw-w64-x86_64-openssl-3.6.4-1  mingw-w64-x86_64-p11-kit-0.26.5-1  mingw-w64-x86_64-pcre2-10.47-1  mingw-w64-x86_64-pkgconf-1~3.0.5-1  mingw-w64-x86_64-rhash-1.4.6-1  mingw-w64-x86_64-tzdata-2026c-1  mingw-w64-x86_64-windows-default-manifest-20260815-1  mingw-w64-x86_64-wineditline-2.208-1  mingw-w64-x86_64-winpthreads-14.0.0.r302.gd7f3c5201-1  mingw-w64-x86_64-xz-5.8.3-1  mingw-w64-x86_64-zlib-1.3.2-2  mingw-w64-x86_64-zstd-1.5.7-2  openssh-10.5p1-2  perl-Authen-SASL-2.2000-1  perl-Clone-0.50-2  perl-Convert-BinHex-1.125-2  perl-Encode-Locale-1.05-2  perl-Error-0.17030-1  perl-File-Listing-6.16-1  perl-HTML-Parser-3.85-1  perl-HTML-Tagset-3.24-1  perl-HTTP-Cookies-6.12-1  perl-HTTP-Daemon-6.17-1  perl-HTTP-Date-6.08-1  perl-HTTP-Message-7.04-1  perl-HTTP-Negotiate-6.01-3  perl-IO-HTML-1.004-2  perl-IO-Socket-SSL-2.099-1  perl-IO-Stringy-2.113-3  perl-LWP-MediaTypes-6.04-2  perl-MIME-tools-5.517-1  perl-MailTools-2.22-1  perl-Net-HTTP-6.24-1  perl-Net-SMTP-SSL-1.04-2  perl-Net-SSLeay-1.96-1  perl-TermReadKey-2.38-8  perl-TimeDate-2.35-1  perl-Try-Tiny-0.32-1  perl-URI-5.36-1  perl-WWW-RobotRules-6.03-1  perl-http-cookiejar-0.014-1  perl-libwww-6.83-2  git-2.55.0-1  make-4.4.1-3  mingw-w64-x86_64-boost-1.91.0-3  mingw-w64-x86_64-cmake-4.4.2-2  mingw-w64-x86_64-gcc-16.2.0-3
2026-09-01T22:47:34.8462798Z 
2026-09-01T22:47:34.8462912Z Total Download Size:    154.18 MiB
2026-09-01T22:47:34.8463165Z Total Installed Size:  1023.08 MiB
2026-09-01T22:47:34.8463316Z 
2026-09-01T22:47:34.8463472Z :: Proceed with installation? [Y/n] 
2026-09-01T22:47:34.8463738Z :: Retrieving packages...
2026-09-01T22:47:57.7150942Z  mingw-w64-x86_64-gcc-16.2.0-3-any downloading...
2026-09-01T22:47:57.7151539Z  mingw-w64-x86_64-icu-78.3-4-any downloading...
2026-09-01T22:47:57.7151990Z  mingw-w64-x86_64-boost-1.91.0-3-any downloading...
2026-09-01T22:47:57.7152514Z  mingw-w64-x86_64-cmake-4.4.2-2-any downloading...
2026-09-01T22:47:57.7152952Z  mingw-w64-x86_64-openssl-3.6.4-1-any downloading...
2026-09-01T22:47:57.7153541Z  git-2.55.0-1-x86_64 downloading...
2026-09-01T22:47:57.7154058Z  mingw-w64-x86_64-headers-14.0.0.r302.gd7f3c5201-1-any downloading...
2026-09-01T22:47:57.7154574Z  mingw-w64-x86_64-binutils-2.47-3-any downloading...
2026-09-01T22:47:57.7154925Z  mingw-w64-x86_64-crt-14.0.0.r302.gd7f3c5201-1-any downloading...
2026-09-01T22:47:57.7155295Z  mingw-w64-x86_64-boost-libs-1.91.0-3-any downloading...
2026-09-01T22:47:57.7155622Z  mingw-w64-x86_64-gnutls-3.8.13-3-any downloading...
2026-09-01T22:47:57.7155944Z  mingw-w64-x86_64-libarchive-3.8.9-5-any downloading...
2026-09-01T22:47:57.7156269Z  mingw-w64-x86_64-curl-8.21.0-2-any downloading...
2026-09-01T22:47:57.7156572Z  mingw-w64-x86_64-isl-0.28-1-any downloading...
2026-09-01T22:47:57.7156875Z  mingw-w64-x86_64-pcre2-10.47-1-any downloading...
2026-09-01T22:47:57.7157161Z  openssh-10.5p1-2-x86_64 downloading...
2026-09-01T22:47:57.7157476Z  mingw-w64-x86_64-gcc-libs-16.2.0-3-any downloading...
2026-09-01T22:47:57.7157823Z  mingw-w64-x86_64-libunistring-1.4.2-1-any downloading...
2026-09-01T22:47:57.7158145Z  heimdal-libs-7.8.0-5-x86_64 downloading...
2026-09-01T22:47:57.7158439Z  mingw-w64-x86_64-libiconv-1.19-1-any downloading...
2026-09-01T22:47:57.7158743Z  mingw-w64-x86_64-zstd-1.5.7-2-any downloading...
2026-09-01T22:47:57.7159050Z  mingw-w64-x86_64-p11-kit-0.26.5-1-any downloading...
2026-09-01T22:47:57.7159430Z  mingw-w64-x86_64-gmp-6.3.0-2-any downloading...
2026-09-01T22:47:57.7159841Z  mingw-w64-x86_64-nettle-4.0-1-any downloading...
2026-09-01T22:47:57.7160121Z  heimdal-7.8.0-5-x86_64 downloading...
2026-09-01T22:47:57.7160389Z  mingw-w64-x86_64-mpfr-4.2.2-3-any downloading...
2026-09-01T22:47:57.7160968Z  mingw-w64-x86_64-cppdap-1.65.r11.g6464cd7-1-any downloading...
2026-09-01T22:47:57.7161299Z  make-4.4.1-3-x86_64 downloading...
2026-09-01T22:47:57.7161558Z  mingw-w64-x86_64-xz-5.8.3-1-any downloading...
2026-09-01T22:47:57.7161856Z  mingw-w64-x86_64-brotli-1.2.0-1-any downloading...
2026-09-01T22:47:57.7162191Z  mingw-w64-x86_64-gettext-runtime-1.0-1-any downloading...
2026-09-01T22:47:57.7162720Z  mingw-w64-x86_64-ca-certificates-20260816-1-any downloading...
2026-09-01T22:47:57.7163063Z  mingw-w64-x86_64-c-ares-1.34.8-1-any downloading...
2026-09-01T22:47:57.7163514Z  mingw-w64-x86_64-libssh2-1.11.1-2-any downloading...
2026-09-01T22:47:57.7164012Z  mingw-w64-x86_64-ngtcp2-1.25.0-1-any downloading...
2026-09-01T22:47:57.7164478Z  mingw-w64-x86_64-rhash-1.4.6-1-any downloading...
2026-09-01T22:47:57.7164947Z  perl-Net-SSLeay-1.96-1-x86_64 downloading...
2026-09-01T22:47:57.7165410Z  mingw-w64-x86_64-tzdata-2026c-1-any downloading...
2026-09-01T22:47:57.7165861Z  mingw-w64-x86_64-libuv-1.52.1-1-any downloading...
2026-09-01T22:47:57.7166348Z  mingw-w64-x86_64-jsoncpp-1.9.8-1-any downloading...
2026-09-01T22:47:57.7166772Z  mingw-w64-x86_64-nghttp2-1.70.0-1-any downloading...
2026-09-01T22:47:57.7167249Z  mingw-w64-x86_64-libtasn1-4.21.0-1-any downloading...
2026-09-01T22:47:57.7167731Z  mingw-w64-x86_64-expat-2.8.3-1-any downloading...
2026-09-01T22:47:57.7168212Z  mingw-w64-x86_64-ninja-1.13.2-1-any downloading...
2026-09-01T22:47:57.7168675Z  perl-MIME-tools-5.517-1-any downloading...
2026-09-01T22:47:57.7169143Z  mingw-w64-x86_64-libidn2-2.3.8-4-any downloading...
2026-09-01T22:47:57.7169627Z  mingw-w64-x86_64-lz4-1.10.0-1-any downloading...
2026-09-01T22:47:57.7170120Z  perl-IO-Socket-SSL-2.099-1-any downloading...
2026-09-01T22:47:57.7170599Z  mingw-w64-x86_64-pkgconf-1~3.0.5-1-any downloading...
2026-09-01T22:47:57.7171112Z  mingw-w64-x86_64-nghttp3-1.18.0-1-any downloading...
2026-09-01T22:47:57.7171598Z  mingw-w64-x86_64-mpc-1.4.1-1-any downloading...
2026-09-01T22:47:57.7172035Z  perl-libwww-6.83-2-any downloading...
2026-09-01T22:47:57.7172465Z  mingw-w64-x86_64-zlib-1.3.2-2-any downloading...
2026-09-01T22:47:57.7172910Z  perl-URI-5.36-1-any downloading...
2026-09-01T22:47:57.7173354Z  mingw-w64-x86_64-libpsl-0.21.5-3-any downloading...
2026-09-01T22:47:57.7173847Z  mingw-w64-x86_64-bzip2-1.0.8-4-any downloading...
2026-09-01T22:47:57.7174316Z  libedit-20240808_3.1-1-x86_64 downloading...
2026-09-01T22:47:57.7174709Z  libfido2-1.17.0-1-x86_64 downloading...
2026-09-01T22:47:57.7175121Z  perl-HTML-Parser-3.85-1-x86_64 downloading...
2026-09-01T22:47:57.7175570Z  perl-HTTP-Message-7.04-1-any downloading...
2026-09-01T22:47:57.7175848Z  perl-TimeDate-2.35-1-any downloading...
2026-09-01T22:47:57.7176149Z  mingw-w64-x86_64-wineditline-2.208-1-any downloading...
2026-09-01T22:47:57.7176458Z  perl-MailTools-2.22-1-any downloading...
2026-09-01T22:47:57.7176741Z  mingw-w64-x86_64-libffi-3.8.0-1-any downloading...
2026-09-01T22:47:57.7177041Z  perl-IO-Stringy-2.113-3-any downloading...
2026-09-01T22:47:57.7177425Z  mingw-w64-x86_64-winpthreads-14.0.0.r302.gd7f3c5201-1-any downloading...
2026-09-01T22:47:57.7177884Z  perl-Authen-SASL-2.2000-1-any downloading...
2026-09-01T22:47:57.7178257Z  mingw-w64-x86_64-libwinpthread-14.0.0.r302.gd7f3c5201-1-any downloading...
2026-09-01T22:47:57.7178652Z  perl-Convert-BinHex-1.125-2-any downloading...
2026-09-01T22:47:57.7178954Z  mingw-w64-x86_64-libb2-0.98.1-3-any downloading...
2026-09-01T22:47:57.7179242Z  libcbor-0.14.0-2-x86_64 downloading...
2026-09-01T22:47:57.7179506Z  perl-HTTP-Cookies-6.12-1-any downloading...
2026-09-01T22:47:57.7179775Z  perl-Net-HTTP-6.24-1-any downloading...
2026-09-01T22:47:57.7180028Z  perl-Error-0.17030-1-any downloading...
2026-09-01T22:47:57.7180294Z  perl-TermReadKey-2.38-8-x86_64 downloading...
2026-09-01T22:47:57.7180574Z  perl-HTTP-Daemon-6.17-1-any downloading...
2026-09-01T22:47:57.7180906Z  perl-LWP-MediaTypes-6.04-2-any downloading...
2026-09-01T22:47:57.7181184Z  perl-Try-Tiny-0.32-1-any downloading...
2026-09-01T22:47:57.7181591Z  perl-Clone-0.50-2-x86_64 downloading...
2026-09-01T22:47:57.7181841Z  perl-IO-HTML-1.004-2-any downloading...
2026-09-01T22:47:57.7182821Z  perl-WWW-RobotRules-6.03-1-any downloading...
2026-09-01T22:47:57.7183299Z  perl-http-cookiejar-0.014-1-any downloading...
2026-09-01T22:47:57.7183780Z  perl-HTTP-Negotiate-6.01-3-any downloading...
2026-09-01T22:47:57.7185433Z  perl-Encode-Locale-1.05-2-any downloading...
2026-09-01T22:47:57.7185925Z  perl-HTML-Tagset-3.24-1-any downloading...
2026-09-01T22:47:57.7186400Z  perl-File-Listing-6.16-1-any downloading...
2026-09-01T22:47:57.7186855Z  perl-HTTP-Date-6.08-1-any downloading...
2026-09-01T22:47:57.7187174Z  perl-Net-SMTP-SSL-1.04-2-any downloading...
2026-09-01T22:47:57.7187544Z  mingw-w64-x86_64-windows-default-manifest-20260815-1-any downloading...
2026-09-01T22:47:57.7187910Z checking keyring...
2026-09-01T22:47:57.7835145Z checking package integrity...
2026-09-01T22:48:11.9991282Z loading package files...
2026-09-01T22:48:12.3567148Z checking for file conflicts...
2026-09-01T22:48:14.6392565Z :: Processing package changes...
2026-09-01T22:48:14.6392890Z installing libedit...
2026-09-01T22:48:14.6692338Z installing heimdal-libs...
2026-09-01T22:48:14.6868970Z installing heimdal...
2026-09-01T22:48:15.2545528Z installing libcbor...
2026-09-01T22:48:15.2574952Z installing libfido2...
2026-09-01T22:48:15.2608671Z installing openssh...
2026-09-01T22:48:15.2981869Z installing perl-Error...
2026-09-01T22:48:15.3055174Z installing perl-Authen-SASL...
2026-09-01T22:48:15.3258089Z installing perl-Encode-Locale...
2026-09-01T22:48:15.3318715Z installing perl-HTTP-Date...
2026-09-01T22:48:15.3372789Z installing perl-File-Listing...
2026-09-01T22:48:15.3431734Z installing perl-HTML-Tagset...
2026-09-01T22:48:15.3488713Z installing perl-Clone...
2026-09-01T22:48:15.3537769Z installing perl-IO-HTML...
2026-09-01T22:48:15.3591634Z installing perl-LWP-MediaTypes...
2026-09-01T22:48:15.3655969Z installing perl-URI...
2026-09-01T22:48:15.4241534Z installing perl-HTTP-Message...
2026-09-01T22:48:15.4414218Z installing perl-HTML-Parser...
2026-09-01T22:48:15.4552954Z installing perl-HTTP-Cookies...
2026-09-01T22:48:15.4629474Z installing perl-HTTP-Daemon...
2026-09-01T22:48:15.4673404Z installing perl-http-cookiejar...
2026-09-01T22:48:15.4737323Z installing perl-HTTP-Negotiate...
2026-09-01T22:48:15.4780829Z installing perl-Net-HTTP...
2026-09-01T22:48:15.4878226Z installing perl-WWW-RobotRules...
2026-09-01T22:48:15.4965704Z installing perl-Try-Tiny...
2026-09-01T22:48:15.5079490Z installing perl-libwww...
2026-09-01T22:48:15.5396206Z Optional dependencies for perl-libwww
2026-09-01T22:48:15.5396852Z     perl-LWP-Protocol-https: for https:// url schemes
2026-09-01T22:48:15.5397360Z installing perl-TimeDate...
2026-09-01T22:48:15.5982027Z installing perl-MailTools...
2026-09-01T22:48:15.6235527Z installing perl-IO-Stringy...
2026-09-01T22:48:15.6362273Z installing perl-Convert-BinHex...
2026-09-01T22:48:15.7754281Z module test... pass.
2026-09-01T22:48:15.7762418Z installing perl-MIME-tools...
2026-09-01T22:48:15.8117709Z installing perl-Net-SSLeay...
2026-09-01T22:48:15.8783980Z installing perl-IO-Socket-SSL...
2026-09-01T22:48:15.8900788Z installing perl-Net-SMTP-SSL...
2026-09-01T22:48:15.8943212Z installing perl-TermReadKey...
2026-09-01T22:48:15.9014837Z installing git...
2026-09-01T22:48:16.3933686Z Optional dependencies for git
2026-09-01T22:48:16.3934180Z     python: various helper scripts
2026-09-01T22:48:16.3934589Z     subversion: git svn
2026-09-01T22:48:16.3934949Z     aspell: spell checking in git gui
2026-09-01T22:48:16.3935341Z installing make...
2026-09-01T22:48:16.4235793Z installing mingw-w64-x86_64-libwinpthread...
2026-09-01T22:48:16.4279551Z installing mingw-w64-x86_64-tzdata...
2026-09-01T22:48:17.1689711Z ##[error]The operation was canceled.
2026-09-01T22:48:17.1813411Z Cleaning up orphan processes
2026-09-01T22:48:17.2155271Z Terminate orphan process: pid (5668) (bash)
