2026-09-01T23:55:54.2672995Z Current runner version: '2.337.0'
2026-09-01T23:55:54.2698296Z ##[group]Runner Image Provisioner
2026-09-01T23:55:54.2699065Z Hosted Compute Agent
2026-09-01T23:55:54.2699650Z Version: 20260819.586
2026-09-01T23:55:54.2700225Z Commit: 3cc4a88dfa507ef76119ad1bb3eccc6378bb2b76
2026-09-01T23:55:54.2700903Z Build Date: 2026-08-18T23:20:18Z
2026-09-01T23:55:54.2701524Z Worker ID: {ca392d1f-e732-4a04-874e-6fb90359bbe2}
2026-09-01T23:55:54.2702208Z Azure Region: eastus
2026-09-01T23:55:54.2702723Z ##[endgroup]
2026-09-01T23:55:54.2704009Z ##[group]Operating System
2026-09-01T23:55:54.2704574Z Microsoft Windows Server 2022
2026-09-01T23:55:54.2705179Z 10.0.20348
2026-09-01T23:55:54.2705664Z Datacenter
2026-09-01T23:55:54.2706187Z ##[endgroup]
2026-09-01T23:55:54.2706693Z ##[group]Runner Image
2026-09-01T23:55:54.2707201Z Image: windows-2022
2026-09-01T23:55:54.2707791Z Version: 20260824.284.2
2026-09-01T23:55:54.2709113Z Included Software: https://github.com/actions/runner-images/blob/win22/20260824.284/images/windows/Windows2022-Readme.md
2026-09-01T23:55:54.2710633Z Image Release: https://github.com/actions/runner-images/releases/tag/win22%2F20260824.284
2026-09-01T23:55:54.2711571Z ##[endgroup]
2026-09-01T23:55:54.2712594Z ##[group]GITHUB_TOKEN Permissions
2026-09-01T23:55:54.2714360Z Contents: read
2026-09-01T23:55:54.2714938Z Metadata: read
2026-09-01T23:55:54.2715479Z ##[endgroup]
2026-09-01T23:55:54.2717411Z Secret source: Actions
2026-09-01T23:55:54.2718342Z Prepare workflow directory
2026-09-01T23:55:54.3206009Z Prepare all required actions
2026-09-01T23:55:54.3274575Z Getting action download info
2026-09-01T23:55:54.4776611Z Download action repository 'msys2/setup-msys2@v2' (SHA:66cd2cce69caa17b53920067426061ca1de3a884)
2026-09-01T23:55:54.6692362Z Complete job name: windows-mingw64
2026-09-01T23:55:54.8060616Z ##[group]Run git config --global core.autocrlf false
2026-09-01T23:55:54.8061554Z [36;1mgit config --global core.autocrlf false[0m
2026-09-01T23:55:54.8062218Z [36;1mgit config --global core.eol lf[0m
2026-09-01T23:55:54.8062991Z [36;1mNew-Item -ItemType Directory -Path $env:WINDOWS_ROOT | Out-Null[0m
2026-09-01T23:55:54.8063684Z [36;1m[0m
2026-09-01T23:55:54.8064079Z [36;1mgit init $env:PROJECT_SOURCE[0m
2026-09-01T23:55:54.8064896Z [36;1mgit -C $env:PROJECT_SOURCE remote add origin https://github.com/leemaple/20231788..git[0m
2026-09-01T23:55:54.8065869Z [36;1mgit -C $env:PROJECT_SOURCE fetch --depth 1 origin $env:GITHUB_SHA[0m
2026-09-01T23:55:54.8066661Z [36;1mgit -C $env:PROJECT_SOURCE checkout --detach FETCH_HEAD[0m
2026-09-01T23:55:54.8067439Z [36;1m$projectActual = git -C $env:PROJECT_SOURCE rev-parse HEAD[0m
2026-09-01T23:55:54.8068161Z [36;1mif ($projectActual -ne $env:GITHUB_SHA) {[0m
2026-09-01T23:55:54.8068869Z [36;1m  throw "Project checkout mismatch: $projectActual"[0m
2026-09-01T23:55:54.8069481Z [36;1m}[0m
2026-09-01T23:55:54.8069838Z [36;1m[0m
2026-09-01T23:55:54.8070222Z [36;1mgit init $env:OPENFHE_SOURCE[0m
2026-09-01T23:55:54.8071115Z [36;1mgit -C $env:OPENFHE_SOURCE remote add origin https://github.com/openfheorg/openfhe-development.git[0m
2026-09-01T23:55:54.8072178Z [36;1mgit -C $env:OPENFHE_SOURCE fetch --depth 1 origin $env:OPENFHE_COMMIT[0m
2026-09-01T23:55:54.8072989Z [36;1mgit -C $env:OPENFHE_SOURCE checkout --detach FETCH_HEAD[0m
2026-09-01T23:55:54.8073825Z [36;1mgit -C $env:OPENFHE_SOURCE submodule update --init --recursive --depth 1[0m
2026-09-01T23:55:54.8074545Z [36;1m[0m
2026-09-01T23:55:54.8075088Z [36;1m$projectStatus = @(git -C $env:PROJECT_SOURCE status --porcelain)[0m
2026-09-01T23:55:54.8075805Z [36;1mif ($projectStatus.Count -ne 0) {[0m
2026-09-01T23:55:54.8076498Z [36;1m  throw "Project checkout is dirty: $($projectStatus -join '; ')"[0m
2026-09-01T23:55:54.8077159Z [36;1m}[0m
2026-09-01T23:55:54.8077696Z [36;1m$openfheStatus = @(git -C $env:OPENFHE_SOURCE status --porcelain)[0m
2026-09-01T23:55:54.8078402Z [36;1mif ($openfheStatus.Count -ne 0) {[0m
2026-09-01T23:55:54.8080537Z [36;1m  throw "OpenFHE checkout is dirty: $($openfheStatus -join '; ')"[0m
2026-09-01T23:55:54.8081226Z [36;1m}[0m
2026-09-01T23:55:54.9658142Z shell: C:\Program Files\PowerShell\7\pwsh.EXE -command ". '{0}'"
2026-09-01T23:55:54.9659129Z env:
2026-09-01T23:55:54.9659637Z   OPENFHE_COMMIT: df495ba2e91739a6dc8f1de254fc5a41155ce504
2026-09-01T23:55:54.9660343Z   OPENFHE_PREFIX: C:\openfhe-2023-1788\openfhe-install
2026-09-01T23:55:54.9660937Z   WINDOWS_ROOT: C:\openfhe-2023-1788
2026-09-01T23:55:54.9661476Z   PROJECT_SOURCE: C:\openfhe-2023-1788\cleanroom
2026-09-01T23:55:54.9662083Z   OPENFHE_SOURCE: C:\openfhe-2023-1788\openfhe-src
2026-09-01T23:55:54.9662796Z   OPENFHE_BUILD: C:\openfhe-2023-1788\openfhe-build-33573158385-1
2026-09-01T23:55:54.9663663Z   PROJECT_BUILD: C:\openfhe-2023-1788\project-build-33573158385-1
2026-09-01T23:55:54.9664285Z ##[endgroup]
2026-09-01T23:55:55.8054714Z Initialized empty Git repository in C:/openfhe-2023-1788/cleanroom/.git/
2026-09-01T23:55:57.0232005Z From https://github.com/leemaple/20231788.
2026-09-01T23:55:57.0232699Z  * branch            3645c4e02d3fb1eca4496b1de9be1ebb5517bac9 -> FETCH_HEAD
2026-09-01T23:55:57.1998884Z HEAD is now at 3645c4e feat: reject malformed Relin2 HYBRID A length
2026-09-01T23:55:57.2812779Z Initialized empty Git repository in C:/openfhe-2023-1788/openfhe-src/.git/
2026-09-01T23:55:58.5456003Z From https://github.com/openfheorg/openfhe-development
2026-09-01T23:55:58.5456863Z  * branch            df495ba2e91739a6dc8f1de254fc5a41155ce504 -> FETCH_HEAD
2026-09-01T23:55:59.3238058Z HEAD is now at df495ba Merge pull request #1130 from openfheorg/dev
2026-09-01T23:56:00.3440245Z Submodule 'third-party/cereal' (https://github.com/openfheorg/cereal.git) registered for path 'third-party/cereal'
2026-09-01T23:56:00.3459736Z Submodule 'third-party/google-benchmark' (https://github.com/google/benchmark.git) registered for path 'third-party/google-benchmark'
2026-09-01T23:56:00.3475678Z Submodule 'third-party/google-test' (https://github.com/google/googletest.git) registered for path 'third-party/google-test'
2026-09-01T23:56:00.3514162Z Submodule 'third-party/gperftools' (https://github.com/gperftools/gperftools.git) registered for path 'third-party/gperftools'
2026-09-01T23:56:00.3889570Z Cloning into 'C:/openfhe-2023-1788/openfhe-src/third-party/cereal'...
2026-09-01T23:56:00.7953480Z Cloning into 'C:/openfhe-2023-1788/openfhe-src/third-party/google-benchmark'...
2026-09-01T23:56:01.7642427Z Cloning into 'C:/openfhe-2023-1788/openfhe-src/third-party/google-test'...
2026-09-01T23:56:02.2487584Z Cloning into 'C:/openfhe-2023-1788/openfhe-src/third-party/gperftools'...
2026-09-01T23:56:03.2967895Z Submodule path 'third-party/cereal': checked out '984e3f194862b17916536b5fade40cba6e47a6fe'
2026-09-01T23:56:04.0543355Z From https://github.com/google/benchmark
2026-09-01T23:56:04.0544105Z  * branch            eddb0241389718a23a42db6af5f0164b6e0139af -> FETCH_HEAD
2026-09-01T23:56:04.4254410Z Submodule path 'third-party/google-benchmark': checked out 'eddb0241389718a23a42db6af5f0164b6e0139af'
2026-09-01T23:56:05.1790465Z From https://github.com/google/googletest
2026-09-01T23:56:05.1791211Z  * branch            52eb8108c5bdec04579160ae17225d66034bd723 -> FETCH_HEAD
2026-09-01T23:56:05.7348163Z Submodule path 'third-party/google-test': checked out '52eb8108c5bdec04579160ae17225d66034bd723'
2026-09-01T23:56:06.8221451Z From https://github.com/gperftools/gperftools
2026-09-01T23:56:06.8222269Z  * branch            83edb60836d87cf1b406e8846b9059c03031e8f5 -> FETCH_HEAD
2026-09-01T23:56:08.0757352Z Submodule path 'third-party/gperftools': checked out '83edb60836d87cf1b406e8846b9059c03031e8f5'
2026-09-01T23:56:08.3682987Z ##[group]Run msys2/setup-msys2@v2
2026-09-01T23:56:08.3683364Z with:
2026-09-01T23:56:08.3683559Z   msystem: MINGW64
2026-09-01T23:56:08.3683792Z   update: true
2026-09-01T23:56:08.3684022Z   cache: false
2026-09-01T23:56:08.3684343Z   install: git make mingw-w64-x86_64-boost mingw-w64-x86_64-cmake mingw-w64-x86_64-gcc
2026-09-01T23:56:08.3685521Z   path-type: minimal
2026-09-01T23:56:08.3685726Z   release: true
2026-09-01T23:56:08.3685925Z   platform-check-severity: fatal
2026-09-01T23:56:08.3686155Z env:
2026-09-01T23:56:08.3686390Z   OPENFHE_COMMIT: df495ba2e91739a6dc8f1de254fc5a41155ce504
2026-09-01T23:56:08.3686750Z   OPENFHE_PREFIX: C:\openfhe-2023-1788\openfhe-install
2026-09-01T23:56:08.3687039Z   WINDOWS_ROOT: C:\openfhe-2023-1788
2026-09-01T23:56:08.3687310Z   PROJECT_SOURCE: C:\openfhe-2023-1788\cleanroom
2026-09-01T23:56:08.3687606Z   OPENFHE_SOURCE: C:\openfhe-2023-1788\openfhe-src
2026-09-01T23:56:08.3688013Z   OPENFHE_BUILD: C:\openfhe-2023-1788\openfhe-build-33573158385-1
2026-09-01T23:56:08.3688398Z   PROJECT_BUILD: C:\openfhe-2023-1788\project-build-33573158385-1
2026-09-01T23:56:08.3688692Z ##[endgroup]
2026-09-01T23:56:08.5328391Z ##[group]Downloading MSYS2...
2026-09-01T23:56:09.4307285Z ##[endgroup]
2026-09-01T23:56:09.4307734Z ##[group]Extracting MSYS2...
2026-09-01T23:56:09.4321890Z [command]C:\hostedtoolcache\windows\msys2-installer\0.0.20260611\x64\base.exe -y
2026-09-01T23:56:09.6743132Z 
2026-09-01T23:56:09.6744293Z 7-Zip SFX 25.01 ZS v1.5.7 R4 (x64) : Copyright (c) 1999-2025 Igor Pavlov, 2016-2026 Tino Reichardt, 2022-2026 Sergey G. Brester : 2026-01-10
2026-09-01T23:56:09.6745897Z 
2026-09-01T23:56:09.6746287Z Extracting archive: C:\hostedtoolcache\windows\msys2-installer\0.0.20260611\x64\base.exe
2026-09-01T23:56:09.6748236Z --
2026-09-01T23:56:09.6748780Z Path = C:\hostedtoolcache\windows\msys2-installer\0.0.20260611\x64\base.exe
2026-09-01T23:56:09.6749374Z Type = 7z
2026-09-01T23:56:09.6749535Z 
2026-09-01T23:56:09.8713372Z   0%
2026-09-01T23:56:09.8713764Z     
2026-09-01T23:56:10.0744772Z   2% 1327 - msys64\usr\lib\perl5\core_perl\CORE\unixish.h
2026-09-01T23:56:10.0745405Z                                                          
2026-09-01T23:56:10.2775562Z   4% 2460 - msys64\usr\lib\terminfo\68\h29a-nkc-uc
2026-09-01T23:56:10.2776157Z                                                   
2026-09-01T23:56:10.4807361Z   4% 3707 - msys64\usr\lib\terminfo\74\tvi950-rv
2026-09-01T23:56:10.4807979Z                                                 
2026-09-01T23:56:10.6837523Z   5% 4911 - msys64\usr\share\bash-completion\completions\ping
2026-09-01T23:56:10.6838179Z                                                              
2026-09-01T23:56:10.8874564Z  10% 6001 - msys64\usr\share\locale\bg\LC_MESSAGES\bash.mo
2026-09-01T23:56:10.8875027Z                                                           
2026-09-01T23:56:11.0902337Z  24% 6629 - msys64\usr\share\locale\ro\LC_MESSAGES\gnutls.mo
2026-09-01T23:56:11.0903034Z                                                             
2026-09-01T23:56:11.2933388Z  33% 7533 - msys64\usr\share\man\man1\truncate.1.gz
2026-09-01T23:56:11.2933795Z                                                    
2026-09-01T23:56:11.4964418Z  33% 8757 - msys64\usr\share\man\man3\libssh2_sftp_opendir.3.gz
2026-09-01T23:56:11.4965123Z                                                                
2026-09-01T23:56:11.6992117Z  39% 9734 - msys64\usr\share\perl5\core_perl\Digest.pm
2026-09-01T23:56:11.6992677Z                                                       
2026-09-01T23:56:11.9023935Z  44% 10632 - msys64\usr\share\perl5\core_perl\unicore\lib\kEHNoMirror\Y.pl
2026-09-01T23:56:11.9024424Z                                                                           
2026-09-01T23:56:12.1056105Z  47% 11751 - msys64\usr\share\terminfo\64\d578
2026-09-01T23:56:12.1056649Z                                               
2026-09-01T23:56:12.3085205Z  47% 13015 - msys64\usr\share\terminfo\73\sun-s
2026-09-01T23:56:12.3088528Z                                                
2026-09-01T23:56:12.5120117Z  48% 14281 - msys64\usr\share\zoneinfo\Australia\Hobart
2026-09-01T23:56:12.5120508Z                                                        
2026-09-01T23:56:12.7150384Z  48% 15532 - msys64\usr\share\zoneinfo\right\Europe\Andorra
2026-09-01T23:56:12.7151572Z                                                            
2026-09-01T23:56:12.9369813Z  56% 16236 - msys64\usr\bin\minidumper.exe
2026-09-01T23:56:12.9371524Z                                           
2026-09-01T23:56:13.1425327Z  74% 16358 - msys64\usr\bin\pacman.exe
2026-09-01T23:56:13.1442961Z                                       
2026-09-01T23:56:13.1443382Z Everything is Ok
2026-09-01T23:56:13.1444268Z ##[endgroup]
2026-09-01T23:56:13.1444857Z ##[group]Disable Key Refresh...
2026-09-01T23:56:13.1462847Z ##[endgroup]
2026-09-01T23:56:13.1479388Z ##[group]Starting MSYS2 for the first time...
2026-09-01T23:56:13.2101538Z [command]C:\Windows\system32\cmd.exe /D /S /C D:\a\_temp\setup-msys2\msys2.cmd -c "'uname' '-a'"
2026-09-01T23:56:13.3090690Z [1;32mMSYS2 is starting for the first time. Executing the initial setup.[1;0m
2026-09-01T23:56:13.3411103Z Copying skeleton files.
2026-09-01T23:56:13.3411596Z These files are for the users to personalise their msys2 experience.
2026-09-01T23:56:13.3412008Z 
2026-09-01T23:56:13.3412211Z They will never be overwritten nor automatically updated.
2026-09-01T23:56:13.3412613Z 
2026-09-01T23:56:13.3810754Z './.bashrc' -> '/home/runneradmin/.bashrc'
2026-09-01T23:56:13.3949825Z './.bash_profile' -> '/home/runneradmin/.bash_profile'
2026-09-01T23:56:13.4085750Z './.profile' -> '/home/runneradmin/.profile'
2026-09-01T23:56:13.4650578Z 'C:\Windows\system32\drivers\etc\hosts' -> '/etc/hosts'
2026-09-01T23:56:13.5126474Z 'C:\Windows\system32\drivers\etc\protocol' -> '/etc/protocols'
2026-09-01T23:56:13.5564599Z 'C:\Windows\system32\drivers\etc\services' -> '/etc/services'
2026-09-01T23:56:13.6187055Z 'C:\Windows\system32\drivers\etc\networks' -> '/etc/networks'
2026-09-01T23:56:13.7800149Z gpg: /etc/pacman.d/gnupg/trustdb.gpg: trustdb created
2026-09-01T23:56:13.7864292Z gpg: no ultimately trusted keys found
2026-09-01T23:56:14.0327922Z gpg: starting migration from earlier GnuPG versions
2026-09-01T23:56:14.0926126Z gpg: porting secret keys from '/etc/pacman.d/gnupg/secring.gpg' to gpg-agent
2026-09-01T23:56:14.0928327Z gpg: migration succeeded
2026-09-01T23:56:14.1130142Z ==> Generating pacman master key. This may take some time.
2026-09-01T23:56:14.1293324Z gpg: Generating pacman keyring master key...
2026-09-01T23:56:15.1322316Z gpg: directory '/etc/pacman.d/gnupg/openpgp-revocs.d' created
2026-09-01T23:56:15.1597248Z gpg: revocation certificate stored as '/etc/pacman.d/gnupg/openpgp-revocs.d/2D1CB1DAD8B2A93948239E5EE0CCF9DF169F392E.rev'
2026-09-01T23:56:15.1599295Z gpg: Done
2026-09-01T23:56:15.1750056Z ==> Updating trust database...
2026-09-01T23:56:15.2079262Z gpg: marginals needed: 3  completes needed: 1  trust model: pgp
2026-09-01T23:56:15.2079765Z gpg: depth: 0  valid:   1  signed:   0  trust: 0-, 0q, 0n, 0m, 0f, 1u
2026-09-01T23:56:15.3152659Z ==> Appending keys from msys2.gpg...
2026-09-01T23:56:15.9153462Z ==> Locally signing trusted keys in keyring...
2026-09-01T23:56:16.4060465Z   -> Locally signed 5 keys.
2026-09-01T23:56:16.4184832Z ==> Importing owner trust values...
2026-09-01T23:56:16.4344718Z gpg: setting ownertrust to 4
2026-09-01T23:56:16.4345111Z gpg: setting ownertrust to 4
2026-09-01T23:56:16.4345371Z gpg: setting ownertrust to 4
2026-09-01T23:56:16.4345603Z gpg: setting ownertrust to 4
2026-09-01T23:56:16.4345823Z gpg: setting ownertrust to 4
2026-09-01T23:56:16.4577286Z ==> Disabling revoked keys in keyring...
2026-09-01T23:56:16.6665571Z   -> Disabled 4 keys.
2026-09-01T23:56:16.6792666Z ==> Updating trust database...
2026-09-01T23:56:16.7131816Z gpg: marginals needed: 3  completes needed: 1  trust model: pgp
2026-09-01T23:56:16.7156702Z gpg: depth: 0  valid:   1  signed:   5  trust: 0-, 0q, 0n, 0m, 0f, 1u
2026-09-01T23:56:16.7180332Z gpg: depth: 1  valid:   5  signed:   6  trust: 0-, 0q, 0n, 5m, 0f, 0u
2026-09-01T23:56:16.7193092Z gpg: depth: 2  valid:   3  signed:   2  trust: 3-, 0q, 0n, 0m, 0f, 0u
2026-09-01T23:56:16.7531411Z pacman-key (pacman) 6.1.0
2026-09-01T23:56:16.7532357Z Copyright (c) 2010-2024 Pacman Development Team <pacman-dev@lists.archlinux.org>.
2026-09-01T23:56:16.7532701Z 
2026-09-01T23:56:16.7665264Z This is free software; see the source for copying conditions.
2026-09-01T23:56:16.7665983Z There is NO WARRANTY, to the extent permitted by law.
2026-09-01T23:56:16.9491688Z [1;32mInitial setup complete. MSYS2 is now ready to use.[1;0m
2026-09-01T23:56:16.9637933Z MINGW64_NT-10.0-20348 runnervm0js1w 3.6.9-01d6c708.x86_64 2026-05-24 10:45 UTC x86_64 Msys
2026-09-01T23:56:16.9679490Z ##[endgroup]
2026-09-01T23:56:16.9679962Z ##[group]Disable CheckSpace...
2026-09-01T23:56:17.0380054Z [command]C:\Windows\system32\cmd.exe /D /S /C D:\a\_temp\setup-msys2\msys2.cmd -c "'sed' '-i' 's/^CheckSpace/#CheckSpace/g' '/etc/pacman.conf'"
2026-09-01T23:56:17.2131030Z ##[endgroup]
2026-09-01T23:56:17.2131663Z ##[group]Updating packages...
2026-09-01T23:56:17.2667406Z [command]C:\Windows\system32\cmd.exe /D /S /C D:\a\_temp\setup-msys2\msys2.cmd -c "'pacman' '--noconfirm' '-Syuu' '--overwrite' '*'"
2026-09-01T23:56:17.8632237Z :: Synchronizing package databases...
2026-09-01T23:56:19.5357730Z  clangarm64 downloading...
2026-09-01T23:56:19.5358061Z  mingw32 downloading...
2026-09-01T23:56:19.5358291Z  mingw64 downloading...
2026-09-01T23:56:19.5358495Z  ucrt64 downloading...
2026-09-01T23:56:19.5358691Z  clang64 downloading...
2026-09-01T23:56:19.5358882Z  msys downloading...
2026-09-01T23:56:19.9911100Z :: Starting core system upgrade...
2026-09-01T23:56:20.1857802Z warning: terminate other MSYS2 programs before proceeding
2026-09-01T23:56:20.1858404Z resolving dependencies...
2026-09-01T23:56:20.1858819Z looking for conflicting packages...
2026-09-01T23:56:20.1940856Z 
2026-09-01T23:56:20.1941338Z Packages (1) msys2-runtime-3.6.10-3
2026-09-01T23:56:20.1941669Z 
2026-09-01T23:56:20.1941798Z Total Download Size:    1.97 MiB
2026-09-01T23:56:20.1942232Z Total Installed Size:   6.33 MiB
2026-09-01T23:56:20.1942610Z Net Upgrade Size:      -0.20 MiB
2026-09-01T23:56:20.1942809Z 
2026-09-01T23:56:20.1942998Z :: Proceed with installation? [Y/n] 
2026-09-01T23:56:20.1943270Z :: Retrieving packages...
2026-09-01T23:56:22.8052458Z  msys2-runtime-3.6.10-3-x86_64 downloading...
2026-09-01T23:56:22.8052938Z checking keyring...
2026-09-01T23:56:22.8594826Z checking package integrity...
2026-09-01T23:56:23.0141850Z loading package files...
2026-09-01T23:56:23.0168432Z checking for file conflicts...
2026-09-01T23:56:23.0188405Z :: Processing package changes...
2026-09-01T23:56:23.0188845Z upgrading msys2-runtime...
2026-09-01T23:56:23.1563018Z :: To complete this update all MSYS2 processes including this terminal will be closed. Confirm to proceed [Y/n] 
2026-09-01T23:56:23.3866252Z ##[endgroup]
2026-09-01T23:56:23.3866686Z ##[group]Killing remaining tasks...
2026-09-01T23:56:23.4424128Z [command]C:\Windows\system32\taskkill.exe /F /FI "MODULES eq msys-2.0.dll"
2026-09-01T23:56:23.7600284Z 
2026-09-01T23:56:23.7600939Z INFO: No tasks running with the specified criteria.
2026-09-01T23:56:23.7630589Z ##[endgroup]
2026-09-01T23:56:23.7631007Z ##[group]Final system upgrade...
2026-09-01T23:56:23.8203743Z [command]C:\Windows\system32\cmd.exe /D /S /C D:\a\_temp\setup-msys2\msys2.cmd -c "'pacman' '--noconfirm' '-Syuu' '--overwrite' '*'"
2026-09-01T23:56:24.4277364Z :: Synchronizing package databases...
2026-09-01T23:56:25.1264946Z  clangarm64 downloading...
2026-09-01T23:56:25.1265290Z  mingw32 downloading...
2026-09-01T23:56:25.1265529Z  mingw64 downloading...
2026-09-01T23:56:25.1265757Z  ucrt64 downloading...
2026-09-01T23:56:25.1265963Z  clang64 downloading...
2026-09-01T23:56:25.1266156Z  msys downloading...
2026-09-01T23:56:25.5389614Z :: Starting core system upgrade...
2026-09-01T23:56:25.7318017Z  there is nothing to do
2026-09-01T23:56:25.7318518Z :: Starting full system upgrade...
2026-09-01T23:56:25.7670107Z resolving dependencies...
2026-09-01T23:56:25.7721487Z looking for conflicting packages...
2026-09-01T23:56:25.7837399Z 
2026-09-01T23:56:25.7841716Z Packages (31) bash-completion-2.18.0-1  bsdtar-3.8.9-1  ca-certificates-20260816-1  curl-8.21.0-1  findutils-4.11.0-2  gawk-5.4.1-1  gcc-libs-15.3.0-1  gnupg-2.4.9-3  libcurl-8.21.0-1  libexpat-2.8.3-1  libffi-3.8.0-1  libgnutls-3.8.13-2  libhogweed-4.0-1  libnettle-4.0-1  libnghttp2-1.70.0-1  libnghttp3-1.18.0-1  libngtcp2-1.25.0-1  libopenssl-3.6.4-1  libp11-kit-0.26.5-1  libpsl-0.23.2-1  libsqlite-3.53.4-1  msys2-keyring-1~20260814-1  nano-9.2-1  nettle-4.0-1  openssl-3.6.4-1  p11-kit-0.26.5-1  pacman-contrib-1.10.6-2  perl-5.42.3-1  pinentry-1.3.3-1  tzcode-2026c-1  wget-1.25.0-2
2026-09-01T23:56:25.7843597Z 
2026-09-01T23:56:25.7843722Z Total Download Size:    27.05 MiB
2026-09-01T23:56:25.7843977Z Total Installed Size:  108.42 MiB
2026-09-01T23:56:25.7844229Z Net Upgrade Size:       -1.02 MiB
2026-09-01T23:56:25.7844384Z 
2026-09-01T23:56:25.7844822Z :: Proceed with installation? [Y/n] 
2026-09-01T23:56:25.7845245Z :: Retrieving packages...
2026-09-01T23:56:28.7128914Z  perl-5.42.3-1-x86_64 downloading...
2026-09-01T23:56:28.7129441Z  pacman-contrib-1.10.6-2-x86_64 downloading...
2026-09-01T23:56:28.7129773Z  gnupg-2.4.9-3-x86_64 downloading...
2026-09-01T23:56:28.7130056Z  libopenssl-3.6.4-1-x86_64 downloading...
2026-09-01T23:56:28.7130337Z  gawk-5.4.1-1-x86_64 downloading...
2026-09-01T23:56:28.7130597Z  libgnutls-3.8.13-2-x86_64 downloading...
2026-09-01T23:56:28.7130862Z  gcc-libs-15.3.0-1-x86_64 downloading...
2026-09-01T23:56:28.7131119Z  curl-8.21.0-1-x86_64 downloading...
2026-09-01T23:56:28.7131357Z  wget-1.25.0-2-x86_64 downloading...
2026-09-01T23:56:28.7131595Z  libsqlite-3.53.4-1-x86_64 downloading...
2026-09-01T23:56:28.7131863Z  nano-9.2-1-x86_64 downloading...
2026-09-01T23:56:28.7132103Z  openssl-3.6.4-1-x86_64 downloading...
2026-09-01T23:56:28.7132357Z  findutils-4.11.0-2-x86_64 downloading...
2026-09-01T23:56:28.7132606Z  p11-kit-0.26.5-1-x86_64 downloading...
2026-09-01T23:56:28.7132883Z  ca-certificates-20260816-1-any downloading...
2026-09-01T23:56:28.7133174Z  libcurl-8.21.0-1-x86_64 downloading...
2026-09-01T23:56:28.7133418Z  bsdtar-3.8.9-1-x86_64 downloading...
2026-09-01T23:56:28.7133661Z  tzcode-2026c-1-x86_64 downloading...
2026-09-01T23:56:28.7133927Z  libp11-kit-0.26.5-1-x86_64 downloading...
2026-09-01T23:56:28.7134210Z  bash-completion-2.18.0-1-any downloading...
2026-09-01T23:56:28.7134482Z  libhogweed-4.0-1-x86_64 downloading...
2026-09-01T23:56:28.7134738Z  libngtcp2-1.25.0-1-x86_64 downloading...
2026-09-01T23:56:28.7134994Z  libnettle-4.0-1-x86_64 downloading...
2026-09-01T23:56:28.7135240Z  nettle-4.0-1-x86_64 downloading...
2026-09-01T23:56:28.7135483Z  libpsl-0.23.2-1-x86_64 downloading...
2026-09-01T23:56:28.7135733Z  libnghttp3-1.18.0-1-x86_64 downloading...
2026-09-01T23:56:28.7136002Z  libnghttp2-1.70.0-1-x86_64 downloading...
2026-09-01T23:56:28.7136254Z  libexpat-2.8.3-1-x86_64 downloading...
2026-09-01T23:56:28.7136512Z  pinentry-1.3.3-1-x86_64 downloading...
2026-09-01T23:56:28.7136776Z  msys2-keyring-1~20260814-1-any downloading...
2026-09-01T23:56:28.7137054Z  libffi-3.8.0-1-x86_64 downloading...
2026-09-01T23:56:28.7137344Z checking keyring...
2026-09-01T23:56:28.7705352Z checking package integrity...
2026-09-01T23:56:33.3724483Z loading package files...
2026-09-01T23:56:33.4485807Z checking for file conflicts...
2026-09-01T23:56:33.5022719Z :: Running pre-transaction hooks...
2026-09-01T23:56:33.5023305Z (1/1) Removing old entries from the info directory file...
2026-09-01T23:56:33.6261793Z :: Processing package changes...
2026-09-01T23:56:33.6262262Z upgrading bash-completion...
2026-09-01T23:56:34.3990588Z upgrading gcc-libs...
2026-09-01T23:56:34.4155888Z upgrading libexpat...
2026-09-01T23:56:34.4195295Z upgrading libopenssl...
2026-09-01T23:56:34.4454924Z upgrading bsdtar...
2026-09-01T23:56:34.4541830Z upgrading openssl...
2026-09-01T23:56:34.5453140Z upgrading findutils...
2026-09-01T23:56:34.6091543Z upgrading libffi...
2026-09-01T23:56:34.6182468Z upgrading libp11-kit...
2026-09-01T23:56:34.6248756Z upgrading p11-kit...
2026-09-01T23:56:34.7551876Z upgrading ca-certificates...
2026-09-01T23:56:35.3050685Z upgrading libnghttp3...
2026-09-01T23:56:35.3106498Z upgrading libngtcp2...
2026-09-01T23:56:35.3181989Z upgrading libnghttp2...
2026-09-01T23:56:35.3235907Z upgrading libpsl...
2026-09-01T23:56:35.3317012Z upgrading libcurl...
2026-09-01T23:56:35.3380683Z upgrading curl...
2026-09-01T23:56:35.7099277Z upgrading gawk...
2026-09-01T23:56:35.7987068Z upgrading libhogweed...
2026-09-01T23:56:35.8031288Z upgrading libnettle...
2026-09-01T23:56:35.8078704Z upgrading libgnutls...
2026-09-01T23:56:35.8538403Z upgrading libsqlite...
2026-09-01T23:56:35.8633308Z upgrading nettle...
2026-09-01T23:56:35.8707378Z upgrading pinentry...
2026-09-01T23:56:35.8761493Z upgrading gnupg...
2026-09-01T23:56:40.4189791Z ==> Appending keys from msys2.gpg...
2026-09-01T23:56:40.9914071Z ==> Updating trust database...
2026-09-01T23:56:41.0084058Z gpg: no need for a trustdb check
2026-09-01T23:56:41.0959304Z upgrading msys2-keyring...
2026-09-01T23:56:41.4340889Z ==> Appending keys from msys2.gpg...
2026-09-01T23:56:41.9541441Z ==> Updating trust database...
2026-09-01T23:56:41.9715801Z gpg: next trustdb check due at 2027-02-10
2026-09-01T23:56:42.0565056Z upgrading nano...
2026-09-01T23:56:42.1496025Z upgrading pacman-contrib...
2026-09-01T23:56:42.2101595Z New optional dependencies for pacman-contrib
2026-09-01T23:56:42.2101995Z     perl: for pacsearch [installed]
2026-09-01T23:56:42.2167785Z     vim: default diff program for pacdiff
2026-09-01T23:56:42.2168185Z upgrading perl...
2026-09-01T23:56:43.7138612Z upgrading tzcode...
2026-09-01T23:56:45.3058076Z upgrading wget...
2026-09-01T23:56:45.4081417Z :: Running post-transaction hooks...
2026-09-01T23:56:45.4081931Z (1/1) Updating the info directory file...
2026-09-01T23:56:47.1289492Z ##[endgroup]
2026-09-01T23:56:47.1290348Z ##[group]Installing additional packages through pacman...
2026-09-01T23:56:47.1872262Z [command]C:\Windows\system32\cmd.exe /D /S /C D:\a\_temp\setup-msys2\msys2.cmd -c "'pacman' '--noconfirm' '-S' '--needed' '--overwrite' '*' 'git' 'make' 'mingw-w64-x86_64-boost' 'mingw-w64-x86_64-cmake' 'mingw-w64-x86_64-gcc'"
2026-09-01T23:56:47.9875691Z resolving dependencies...
2026-09-01T23:56:47.9990608Z looking for conflicting packages...
2026-09-01T23:56:48.0126159Z 
2026-09-01T23:56:48.0140763Z Packages (89) heimdal-7.8.0-5  heimdal-libs-7.8.0-5  libcbor-0.14.0-2  libedit-20240808_3.1-1  libfido2-1.17.0-1  mingw-w64-x86_64-binutils-2.47-3  mingw-w64-x86_64-boost-libs-1.91.0-3  mingw-w64-x86_64-brotli-1.2.0-1  mingw-w64-x86_64-bzip2-1.0.8-4  mingw-w64-x86_64-c-ares-1.34.8-1  mingw-w64-x86_64-ca-certificates-20260816-1  mingw-w64-x86_64-cppdap-1.65.r11.g6464cd7-1  mingw-w64-x86_64-crt-14.0.0.r302.gd7f3c5201-1  mingw-w64-x86_64-curl-8.21.0-2  mingw-w64-x86_64-expat-2.8.3-1  mingw-w64-x86_64-gcc-libs-16.2.0-3  mingw-w64-x86_64-gettext-runtime-1.0-1  mingw-w64-x86_64-gmp-6.3.0-2  mingw-w64-x86_64-gnutls-3.8.13-3  mingw-w64-x86_64-headers-14.0.0.r302.gd7f3c5201-1  mingw-w64-x86_64-icu-78.3-4  mingw-w64-x86_64-isl-0.28-1  mingw-w64-x86_64-jsoncpp-1.9.8-1  mingw-w64-x86_64-libarchive-3.8.9-5  mingw-w64-x86_64-libb2-0.98.1-3  mingw-w64-x86_64-libffi-3.8.0-1  mingw-w64-x86_64-libiconv-1.19-1  mingw-w64-x86_64-libidn2-2.3.8-4  mingw-w64-x86_64-libpsl-0.21.5-3  mingw-w64-x86_64-libssh2-1.11.1-2  mingw-w64-x86_64-libtasn1-4.21.0-1  mingw-w64-x86_64-libunistring-1.4.2-1  mingw-w64-x86_64-libuv-1.52.1-1  mingw-w64-x86_64-libwinpthread-14.0.0.r302.gd7f3c5201-1  mingw-w64-x86_64-lz4-1.10.0-1  mingw-w64-x86_64-mpc-1.4.1-1  mingw-w64-x86_64-mpfr-4.2.2-3  mingw-w64-x86_64-nettle-4.0-1  mingw-w64-x86_64-nghttp2-1.70.0-1  mingw-w64-x86_64-nghttp3-1.18.0-1  mingw-w64-x86_64-ngtcp2-1.25.0-1  mingw-w64-x86_64-ninja-1.13.2-1  mingw-w64-x86_64-openssl-3.6.4-1  mingw-w64-x86_64-p11-kit-0.26.5-1  mingw-w64-x86_64-pcre2-10.47-1  mingw-w64-x86_64-pkgconf-1~3.0.5-1  mingw-w64-x86_64-rhash-1.4.6-1  mingw-w64-x86_64-tzdata-2026c-1  mingw-w64-x86_64-windows-default-manifest-20260815-1  mingw-w64-x86_64-wineditline-2.208-1  mingw-w64-x86_64-winpthreads-14.0.0.r302.gd7f3c5201-1  mingw-w64-x86_64-xz-5.8.3-1  mingw-w64-x86_64-zlib-1.3.2-2  mingw-w64-x86_64-zstd-1.5.7-2  openssh-10.5p1-2  perl-Authen-SASL-2.2000-1  perl-Clone-0.50-2  perl-Convert-BinHex-1.125-2  perl-Encode-Locale-1.05-2  perl-Error-0.17030-1  perl-File-Listing-6.16-1  perl-HTML-Parser-3.85-1  perl-HTML-Tagset-3.24-1  perl-HTTP-Cookies-6.12-1  perl-HTTP-Daemon-6.17-1  perl-HTTP-Date-6.08-1  perl-HTTP-Message-7.04-1  perl-HTTP-Negotiate-6.01-3  perl-IO-HTML-1.004-2  perl-IO-Socket-SSL-2.099-1  perl-IO-Stringy-2.113-3  perl-LWP-MediaTypes-6.04-2  perl-MIME-tools-5.517-1  perl-MailTools-2.22-1  perl-Net-HTTP-6.24-1  perl-Net-SMTP-SSL-1.04-2  perl-Net-SSLeay-1.96-1  perl-TermReadKey-2.38-8  perl-TimeDate-2.35-1  perl-Try-Tiny-0.32-1  perl-URI-5.36-1  perl-WWW-RobotRules-6.03-1  perl-http-cookiejar-0.014-1  perl-libwww-6.83-2  git-2.55.0-1  make-4.4.1-3  mingw-w64-x86_64-boost-1.91.0-3  mingw-w64-x86_64-cmake-4.4.2-2  mingw-w64-x86_64-gcc-16.2.0-3
2026-09-01T23:56:48.0149811Z 
2026-09-01T23:56:48.0149918Z Total Download Size:    154.18 MiB
2026-09-01T23:56:48.0150173Z Total Installed Size:  1023.08 MiB
2026-09-01T23:56:48.0150330Z 
2026-09-01T23:56:48.0150480Z :: Proceed with installation? [Y/n] 
2026-09-01T23:56:48.0150742Z :: Retrieving packages...
2026-09-01T23:57:00.7324191Z  mingw-w64-x86_64-gcc-16.2.0-3-any downloading...
2026-09-01T23:57:00.7324819Z  mingw-w64-x86_64-icu-78.3-4-any downloading...
2026-09-01T23:57:00.7325201Z  mingw-w64-x86_64-boost-1.91.0-3-any downloading...
2026-09-01T23:57:00.7325567Z  mingw-w64-x86_64-cmake-4.4.2-2-any downloading...
2026-09-01T23:57:00.7325916Z  mingw-w64-x86_64-openssl-3.6.4-1-any downloading...
2026-09-01T23:57:00.7326229Z  git-2.55.0-1-x86_64 downloading...
2026-09-01T23:57:00.7326563Z  mingw-w64-x86_64-headers-14.0.0.r302.gd7f3c5201-1-any downloading...
2026-09-01T23:57:00.7326940Z  mingw-w64-x86_64-binutils-2.47-3-any downloading...
2026-09-01T23:57:00.7327298Z  mingw-w64-x86_64-crt-14.0.0.r302.gd7f3c5201-1-any downloading...
2026-09-01T23:57:00.7327660Z  mingw-w64-x86_64-boost-libs-1.91.0-3-any downloading...
2026-09-01T23:57:00.7327975Z  mingw-w64-x86_64-gnutls-3.8.13-3-any downloading...
2026-09-01T23:57:00.7328318Z  mingw-w64-x86_64-libarchive-3.8.9-5-any downloading...
2026-09-01T23:57:00.7328670Z  mingw-w64-x86_64-curl-8.21.0-2-any downloading...
2026-09-01T23:57:00.7328969Z  mingw-w64-x86_64-isl-0.28-1-any downloading...
2026-09-01T23:57:00.7329265Z  mingw-w64-x86_64-pcre2-10.47-1-any downloading...
2026-09-01T23:57:00.7329547Z  openssh-10.5p1-2-x86_64 downloading...
2026-09-01T23:57:00.7329846Z  mingw-w64-x86_64-gcc-libs-16.2.0-3-any downloading...
2026-09-01T23:57:00.7330186Z  mingw-w64-x86_64-libunistring-1.4.2-1-any downloading...
2026-09-01T23:57:00.7330505Z  heimdal-libs-7.8.0-5-x86_64 downloading...
2026-09-01T23:57:00.7330800Z  mingw-w64-x86_64-libiconv-1.19-1-any downloading...
2026-09-01T23:57:00.7331110Z  mingw-w64-x86_64-zstd-1.5.7-2-any downloading...
2026-09-01T23:57:00.7331437Z  mingw-w64-x86_64-p11-kit-0.26.5-1-any downloading...
2026-09-01T23:57:00.7331750Z  mingw-w64-x86_64-gmp-6.3.0-2-any downloading...
2026-09-01T23:57:00.7332052Z  mingw-w64-x86_64-nettle-4.0-1-any downloading...
2026-09-01T23:57:00.7332328Z  heimdal-7.8.0-5-x86_64 downloading...
2026-09-01T23:57:00.7332602Z  mingw-w64-x86_64-mpfr-4.2.2-3-any downloading...
2026-09-01T23:57:00.7333124Z  mingw-w64-x86_64-cppdap-1.65.r11.g6464cd7-1-any downloading...
2026-09-01T23:57:00.7333462Z  make-4.4.1-3-x86_64 downloading...
2026-09-01T23:57:00.7333721Z  mingw-w64-x86_64-xz-5.8.3-1-any downloading...
2026-09-01T23:57:00.7334277Z  mingw-w64-x86_64-brotli-1.2.0-1-any downloading...
2026-09-01T23:57:00.7334629Z  mingw-w64-x86_64-gettext-runtime-1.0-1-any downloading...
2026-09-01T23:57:00.7335025Z  mingw-w64-x86_64-ca-certificates-20260816-1-any downloading...
2026-09-01T23:57:00.7335377Z  mingw-w64-x86_64-c-ares-1.34.8-1-any downloading...
2026-09-01T23:57:00.7335870Z  mingw-w64-x86_64-libssh2-1.11.1-2-any downloading...
2026-09-01T23:57:00.7336177Z  mingw-w64-x86_64-ngtcp2-1.25.0-1-any downloading...
2026-09-01T23:57:00.7336482Z  mingw-w64-x86_64-rhash-1.4.6-1-any downloading...
2026-09-01T23:57:00.7336968Z  perl-Net-SSLeay-1.96-1-x86_64 downloading...
2026-09-01T23:57:00.7337419Z  mingw-w64-x86_64-tzdata-2026c-1-any downloading...
2026-09-01T23:57:00.7337882Z  mingw-w64-x86_64-libuv-1.52.1-1-any downloading...
2026-09-01T23:57:00.7338361Z  mingw-w64-x86_64-jsoncpp-1.9.8-1-any downloading...
2026-09-01T23:57:00.7338848Z  mingw-w64-x86_64-nghttp2-1.70.0-1-any downloading...
2026-09-01T23:57:00.7339355Z  mingw-w64-x86_64-libtasn1-4.21.0-1-any downloading...
2026-09-01T23:57:00.7339824Z  mingw-w64-x86_64-expat-2.8.3-1-any downloading...
2026-09-01T23:57:00.7340236Z  mingw-w64-x86_64-ninja-1.13.2-1-any downloading...
2026-09-01T23:57:00.7340681Z  perl-MIME-tools-5.517-1-any downloading...
2026-09-01T23:57:00.7341140Z  mingw-w64-x86_64-libidn2-2.3.8-4-any downloading...
2026-09-01T23:57:00.7341621Z  mingw-w64-x86_64-lz4-1.10.0-1-any downloading...
2026-09-01T23:57:00.7342099Z  perl-IO-Socket-SSL-2.099-1-any downloading...
2026-09-01T23:57:00.7342593Z  mingw-w64-x86_64-pkgconf-1~3.0.5-1-any downloading...
2026-09-01T23:57:00.7343102Z  mingw-w64-x86_64-nghttp3-1.18.0-1-any downloading...
2026-09-01T23:57:00.7343635Z  mingw-w64-x86_64-mpc-1.4.1-1-any downloading...
2026-09-01T23:57:00.7344070Z  perl-libwww-6.83-2-any downloading...
2026-09-01T23:57:00.7344493Z  mingw-w64-x86_64-zlib-1.3.2-2-any downloading...
2026-09-01T23:57:00.7344942Z  perl-URI-5.36-1-any downloading...
2026-09-01T23:57:00.7345378Z  mingw-w64-x86_64-libpsl-0.21.5-3-any downloading...
2026-09-01T23:57:00.7345849Z  mingw-w64-x86_64-bzip2-1.0.8-4-any downloading...
2026-09-01T23:57:00.7346322Z  libedit-20240808_3.1-1-x86_64 downloading...
2026-09-01T23:57:00.7346840Z  libfido2-1.17.0-1-x86_64 downloading...
2026-09-01T23:57:00.7347287Z  perl-HTML-Parser-3.85-1-x86_64 downloading...
2026-09-01T23:57:00.7347787Z  perl-HTTP-Message-7.04-1-any downloading...
2026-09-01T23:57:00.7348225Z  perl-TimeDate-2.35-1-any downloading...
2026-09-01T23:57:00.7348682Z  mingw-w64-x86_64-wineditline-2.208-1-any downloading...
2026-09-01T23:57:00.7349170Z  perl-MailTools-2.22-1-any downloading...
2026-09-01T23:57:00.7349462Z  mingw-w64-x86_64-libffi-3.8.0-1-any downloading...
2026-09-01T23:57:00.7349757Z  perl-IO-Stringy-2.113-3-any downloading...
2026-09-01T23:57:00.7350152Z  mingw-w64-x86_64-winpthreads-14.0.0.r302.gd7f3c5201-1-any downloading...
2026-09-01T23:57:00.7350624Z  perl-Authen-SASL-2.2000-1-any downloading...
2026-09-01T23:57:00.7351034Z  mingw-w64-x86_64-libwinpthread-14.0.0.r302.gd7f3c5201-1-any downloading...
2026-09-01T23:57:00.7351437Z  perl-Convert-BinHex-1.125-2-any downloading...
2026-09-01T23:57:00.7351739Z  mingw-w64-x86_64-libb2-0.98.1-3-any downloading...
2026-09-01T23:57:00.7352020Z  libcbor-0.14.0-2-x86_64 downloading...
2026-09-01T23:57:00.7352297Z  perl-HTTP-Cookies-6.12-1-any downloading...
2026-09-01T23:57:00.7352579Z  perl-Net-HTTP-6.24-1-any downloading...
2026-09-01T23:57:00.7352840Z  perl-Error-0.17030-1-any downloading...
2026-09-01T23:57:00.7353115Z  perl-TermReadKey-2.38-8-x86_64 downloading...
2026-09-01T23:57:00.7353402Z  perl-HTTP-Daemon-6.17-1-any downloading...
2026-09-01T23:57:00.7353696Z  perl-LWP-MediaTypes-6.04-2-any downloading...
2026-09-01T23:57:00.7353980Z  perl-Try-Tiny-0.32-1-any downloading...
2026-09-01T23:57:00.7354232Z  perl-Clone-0.50-2-x86_64 downloading...
2026-09-01T23:57:00.7354475Z  perl-IO-HTML-1.004-2-any downloading...
2026-09-01T23:57:00.7355871Z  perl-WWW-RobotRules-6.03-1-any downloading...
2026-09-01T23:57:00.7356324Z  perl-http-cookiejar-0.014-1-any downloading...
2026-09-01T23:57:00.7356750Z  perl-HTTP-Negotiate-6.01-3-any downloading...
2026-09-01T23:57:00.7357160Z  perl-Encode-Locale-1.05-2-any downloading...
2026-09-01T23:57:00.7357560Z  perl-HTML-Tagset-3.24-1-any downloading...
2026-09-01T23:57:00.7359107Z  perl-File-Listing-6.16-1-any downloading...
2026-09-01T23:57:00.7359532Z  perl-HTTP-Date-6.08-1-any downloading...
2026-09-01T23:57:00.7359953Z  perl-Net-SMTP-SSL-1.04-2-any downloading...
2026-09-01T23:57:00.7360501Z  mingw-w64-x86_64-windows-default-manifest-20260815-1-any downloading...
2026-09-01T23:57:00.7361039Z checking keyring...
2026-09-01T23:57:00.7987380Z checking package integrity...
2026-09-01T23:57:15.2266060Z loading package files...
2026-09-01T23:57:15.5826815Z checking for file conflicts...
2026-09-01T23:57:17.8427637Z :: Processing package changes...
2026-09-01T23:57:17.8427968Z installing libedit...
2026-09-01T23:57:17.8726861Z installing heimdal-libs...
2026-09-01T23:57:17.8908533Z installing heimdal...
2026-09-01T23:57:18.4553085Z installing libcbor...
2026-09-01T23:57:18.4581410Z installing libfido2...
2026-09-01T23:57:18.4616510Z installing openssh...
2026-09-01T23:57:18.5000548Z installing perl-Error...
2026-09-01T23:57:18.5073356Z installing perl-Authen-SASL...
2026-09-01T23:57:18.5278110Z installing perl-Encode-Locale...
2026-09-01T23:57:18.5331227Z installing perl-HTTP-Date...
2026-09-01T23:57:18.5385060Z installing perl-File-Listing...
2026-09-01T23:57:18.5443953Z installing perl-HTML-Tagset...
2026-09-01T23:57:18.5500575Z installing perl-Clone...
2026-09-01T23:57:18.5549980Z installing perl-IO-HTML...
2026-09-01T23:57:18.5604679Z installing perl-LWP-MediaTypes...
2026-09-01T23:57:18.5668081Z installing perl-URI...
2026-09-01T23:57:18.6250598Z installing perl-HTTP-Message...
2026-09-01T23:57:18.6424070Z installing perl-HTML-Parser...
2026-09-01T23:57:18.6563641Z installing perl-HTTP-Cookies...
2026-09-01T23:57:18.6639173Z installing perl-HTTP-Daemon...
2026-09-01T23:57:18.6683378Z installing perl-http-cookiejar...
2026-09-01T23:57:18.6745489Z installing perl-HTTP-Negotiate...
2026-09-01T23:57:18.6789575Z installing perl-Net-HTTP...
2026-09-01T23:57:18.6886758Z installing perl-WWW-RobotRules...
2026-09-01T23:57:18.6972500Z installing perl-Try-Tiny...
2026-09-01T23:57:18.7042423Z installing perl-libwww...
2026-09-01T23:57:18.7361991Z Optional dependencies for perl-libwww
2026-09-01T23:57:18.7362601Z     perl-LWP-Protocol-https: for https:// url schemes
2026-09-01T23:57:18.7363132Z installing perl-TimeDate...
2026-09-01T23:57:18.7952534Z installing perl-MailTools...
2026-09-01T23:57:18.8204344Z installing perl-IO-Stringy...
2026-09-01T23:57:18.8330138Z installing perl-Convert-BinHex...
2026-09-01T23:57:18.9768866Z module test... pass.
2026-09-01T23:57:18.9777203Z installing perl-MIME-tools...
2026-09-01T23:57:19.0140661Z installing perl-Net-SSLeay...
2026-09-01T23:57:19.0812712Z installing perl-IO-Socket-SSL...
2026-09-01T23:57:19.0930999Z installing perl-Net-SMTP-SSL...
2026-09-01T23:57:19.0973073Z installing perl-TermReadKey...
2026-09-01T23:57:19.1044441Z installing git...
2026-09-01T23:57:19.6162562Z Optional dependencies for git
2026-09-01T23:57:19.6163055Z     python: various helper scripts
2026-09-01T23:57:19.6163501Z     subversion: git svn
2026-09-01T23:57:19.6163857Z     aspell: spell checking in git gui
2026-09-01T23:57:19.6164251Z installing make...
2026-09-01T23:57:19.6470740Z installing mingw-w64-x86_64-libwinpthread...
2026-09-01T23:57:19.6513650Z installing mingw-w64-x86_64-tzdata...
2026-09-01T23:57:21.1085354Z installing mingw-w64-x86_64-gcc-libs...
2026-09-01T23:57:21.1246040Z installing mingw-w64-x86_64-bzip2...
2026-09-01T23:57:21.1418800Z installing mingw-w64-x86_64-icu...
2026-09-01T23:57:21.4907721Z installing mingw-w64-x86_64-libiconv...
2026-09-01T23:57:21.5126267Z installing mingw-w64-x86_64-gettext-runtime...
2026-09-01T23:57:21.6257983Z installing mingw-w64-x86_64-xz...
2026-09-01T23:57:21.7263658Z installing mingw-w64-x86_64-zstd...
2026-09-01T23:57:21.7453806Z installing mingw-w64-x86_64-zlib...
2026-09-01T23:57:21.7529767Z installing mingw-w64-x86_64-boost-libs...
2026-09-01T23:57:21.7974572Z installing mingw-w64-x86_64-boost...
2026-09-01T23:57:33.2767664Z ##[error]The operation was canceled.
2026-09-01T23:57:33.2897459Z Cleaning up orphan processes
2026-09-01T23:57:33.3247135Z Terminate orphan process: pid (5888) (bash)
