2026-09-01T21:40:29.5203226Z Current runner version: '2.337.0'
2026-09-01T21:40:29.5220533Z ##[group]Runner Image Provisioner
2026-09-01T21:40:29.5221122Z Hosted Compute Agent
2026-09-01T21:40:29.5221818Z Version: 20260819.586
2026-09-01T21:40:29.5222259Z Commit: 3cc4a88dfa507ef76119ad1bb3eccc6378bb2b76
2026-09-01T21:40:29.5222751Z Build Date: 2026-08-18T23:20:18Z
2026-09-01T21:40:29.5223187Z Worker ID: {cf40d662-9d62-45e3-83d6-34aa9334b9a3}
2026-09-01T21:40:29.5223650Z Azure Region: centralus
2026-09-01T21:40:29.5224010Z ##[endgroup]
2026-09-01T21:40:29.5225536Z ##[group]Operating System
2026-09-01T21:40:29.5225958Z Microsoft Windows Server 2022
2026-09-01T21:40:29.5226358Z 10.0.20348
2026-09-01T21:40:29.5226684Z Datacenter
2026-09-01T21:40:29.5227004Z ##[endgroup]
2026-09-01T21:40:29.5227363Z ##[group]Runner Image
2026-09-01T21:40:29.5227768Z Image: windows-2022
2026-09-01T21:40:29.5228121Z Version: 20260824.284.2
2026-09-01T21:40:29.5229148Z Included Software: https://github.com/actions/runner-images/blob/win22/20260824.284/images/windows/Windows2022-Readme.md
2026-09-01T21:40:29.5230187Z Image Release: https://github.com/actions/runner-images/releases/tag/win22%2F20260824.284
2026-09-01T21:40:29.5230810Z ##[endgroup]
2026-09-01T21:40:29.5231553Z ##[group]GITHUB_TOKEN Permissions
2026-09-01T21:40:29.5233013Z Contents: read
2026-09-01T21:40:29.5233379Z Metadata: read
2026-09-01T21:40:29.5233780Z ##[endgroup]
2026-09-01T21:40:29.5235155Z Secret source: Actions
2026-09-01T21:40:29.5235901Z Prepare workflow directory
2026-09-01T21:40:29.5590873Z Prepare all required actions
2026-09-01T21:40:29.5626964Z Getting action download info
2026-09-01T21:40:29.7587450Z Download action repository 'msys2/setup-msys2@v2' (SHA:66cd2cce69caa17b53920067426061ca1de3a884)
2026-09-01T21:40:30.2150039Z Complete job name: windows-mingw64
2026-09-01T21:40:30.5568351Z ##[group]Run git config --global core.autocrlf false
2026-09-01T21:40:30.5569485Z [36;1mgit config --global core.autocrlf false[0m
2026-09-01T21:40:30.5570212Z [36;1mgit config --global core.eol lf[0m
2026-09-01T21:40:30.5571029Z [36;1mNew-Item -ItemType Directory -Path $env:WINDOWS_ROOT | Out-Null[0m
2026-09-01T21:40:30.5571772Z [36;1m[0m
2026-09-01T21:40:30.5572242Z [36;1mgit init $env:PROJECT_SOURCE[0m
2026-09-01T21:40:30.5573036Z [36;1mgit -C $env:PROJECT_SOURCE remote add origin https://github.com/leemaple/20231788..git[0m
2026-09-01T21:40:30.5574091Z [36;1mgit -C $env:PROJECT_SOURCE fetch --depth 1 origin $env:GITHUB_SHA[0m
2026-09-01T21:40:30.5574889Z [36;1mgit -C $env:PROJECT_SOURCE checkout --detach FETCH_HEAD[0m
2026-09-01T21:40:30.5575700Z [36;1m$projectActual = git -C $env:PROJECT_SOURCE rev-parse HEAD[0m
2026-09-01T21:40:30.5576464Z [36;1mif ($projectActual -ne $env:GITHUB_SHA) {[0m
2026-09-01T21:40:30.5577224Z [36;1m  throw "Project checkout mismatch: $projectActual"[0m
2026-09-01T21:40:30.5577886Z [36;1m}[0m
2026-09-01T21:40:30.5578293Z [36;1m[0m
2026-09-01T21:40:30.5578771Z [36;1mgit init $env:OPENFHE_SOURCE[0m
2026-09-01T21:40:30.5579704Z [36;1mgit -C $env:OPENFHE_SOURCE remote add origin https://github.com/openfheorg/openfhe-development.git[0m
2026-09-01T21:40:30.5580810Z [36;1mgit -C $env:OPENFHE_SOURCE fetch --depth 1 origin $env:OPENFHE_COMMIT[0m
2026-09-01T21:40:30.5581655Z [36;1mgit -C $env:OPENFHE_SOURCE checkout --detach FETCH_HEAD[0m
2026-09-01T21:40:30.5582555Z [36;1mgit -C $env:OPENFHE_SOURCE submodule update --init --recursive --depth 1[0m
2026-09-01T21:40:30.5583272Z [36;1m[0m
2026-09-01T21:40:30.5583859Z [36;1m$projectStatus = @(git -C $env:PROJECT_SOURCE status --porcelain)[0m
2026-09-01T21:40:30.5584597Z [36;1mif ($projectStatus.Count -ne 0) {[0m
2026-09-01T21:40:30.5585351Z [36;1m  throw "Project checkout is dirty: $($projectStatus -join '; ')"[0m
2026-09-01T21:40:30.5586130Z [36;1m}[0m
2026-09-01T21:40:30.5586738Z [36;1m$openfheStatus = @(git -C $env:OPENFHE_SOURCE status --porcelain)[0m
2026-09-01T21:40:30.5587497Z [36;1mif ($openfheStatus.Count -ne 0) {[0m
2026-09-01T21:40:30.5589461Z [36;1m  throw "OpenFHE checkout is dirty: $($openfheStatus -join '; ')"[0m
2026-09-01T21:40:30.5590158Z [36;1m}[0m
2026-09-01T21:40:31.5123410Z shell: C:\Program Files\PowerShell\7\pwsh.EXE -command ". '{0}'"
2026-09-01T21:40:31.5124793Z env:
2026-09-01T21:40:31.5125537Z   OPENFHE_COMMIT: df495ba2e91739a6dc8f1de254fc5a41155ce504
2026-09-01T21:40:31.5126585Z   OPENFHE_PREFIX: C:\openfhe-2023-1788\openfhe-install
2026-09-01T21:40:31.5127585Z   WINDOWS_ROOT: C:\openfhe-2023-1788
2026-09-01T21:40:31.5128383Z   PROJECT_SOURCE: C:\openfhe-2023-1788\cleanroom
2026-09-01T21:40:31.5129270Z   OPENFHE_SOURCE: C:\openfhe-2023-1788\openfhe-src
2026-09-01T21:40:31.5130338Z   OPENFHE_BUILD: C:\openfhe-2023-1788\openfhe-build-33562346015-1
2026-09-01T21:40:31.5131523Z   PROJECT_BUILD: C:\openfhe-2023-1788\project-build-33562346015-1
2026-09-01T21:40:31.5132503Z ##[endgroup]
2026-09-01T21:40:33.2630090Z Initialized empty Git repository in C:/openfhe-2023-1788/cleanroom/.git/
2026-09-01T21:40:38.2134516Z From https://github.com/leemaple/20231788.
2026-09-01T21:40:38.2135255Z  * branch            66d28156a698df78ecdfdd71ce8ddeb513308a7a -> FETCH_HEAD
2026-09-01T21:40:40.0347813Z HEAD is now at 66d2815 test: retain Relin2 null-first-key red
2026-09-01T21:40:40.1215579Z Initialized empty Git repository in C:/openfhe-2023-1788/openfhe-src/.git/
2026-09-01T21:40:41.1809332Z From https://github.com/openfheorg/openfhe-development
2026-09-01T21:40:41.1810158Z  * branch            df495ba2e91739a6dc8f1de254fc5a41155ce504 -> FETCH_HEAD
2026-09-01T21:40:45.3372876Z HEAD is now at df495ba Merge pull request #1130 from openfheorg/dev
2026-09-01T21:40:52.2120011Z Submodule 'third-party/cereal' (https://github.com/openfheorg/cereal.git) registered for path 'third-party/cereal'
2026-09-01T21:40:52.2134391Z Submodule 'third-party/google-benchmark' (https://github.com/google/benchmark.git) registered for path 'third-party/google-benchmark'
2026-09-01T21:40:52.2143929Z Submodule 'third-party/google-test' (https://github.com/google/googletest.git) registered for path 'third-party/google-test'
2026-09-01T21:40:52.2167189Z Submodule 'third-party/gperftools' (https://github.com/gperftools/gperftools.git) registered for path 'third-party/gperftools'
2026-09-01T21:40:52.3485801Z Cloning into 'C:/openfhe-2023-1788/openfhe-src/third-party/cereal'...
2026-09-01T21:40:53.5204937Z Cloning into 'C:/openfhe-2023-1788/openfhe-src/third-party/google-benchmark'...
2026-09-01T21:40:55.0841797Z Cloning into 'C:/openfhe-2023-1788/openfhe-src/third-party/google-test'...
2026-09-01T21:40:56.0998968Z Cloning into 'C:/openfhe-2023-1788/openfhe-src/third-party/gperftools'...
2026-09-01T21:40:58.2953022Z Submodule path 'third-party/cereal': checked out '984e3f194862b17916536b5fade40cba6e47a6fe'
2026-09-01T21:41:00.7847675Z From https://github.com/google/benchmark
2026-09-01T21:41:00.7848347Z  * branch            eddb0241389718a23a42db6af5f0164b6e0139af -> FETCH_HEAD
2026-09-01T21:41:02.0583771Z Submodule path 'third-party/google-benchmark': checked out 'eddb0241389718a23a42db6af5f0164b6e0139af'
2026-09-01T21:41:03.1525617Z From https://github.com/google/googletest
2026-09-01T21:41:03.1526193Z  * branch            52eb8108c5bdec04579160ae17225d66034bd723 -> FETCH_HEAD
2026-09-01T21:41:05.9739717Z Submodule path 'third-party/google-test': checked out '52eb8108c5bdec04579160ae17225d66034bd723'
2026-09-01T21:41:07.2977256Z From https://github.com/gperftools/gperftools
2026-09-01T21:41:07.2977833Z  * branch            83edb60836d87cf1b406e8846b9059c03031e8f5 -> FETCH_HEAD
2026-09-01T21:41:13.2873766Z Submodule path 'third-party/gperftools': checked out '83edb60836d87cf1b406e8846b9059c03031e8f5'
2026-09-01T21:41:13.5472123Z ##[group]Run msys2/setup-msys2@v2
2026-09-01T21:41:13.5472543Z with:
2026-09-01T21:41:13.5472787Z   msystem: MINGW64
2026-09-01T21:41:13.5473082Z   update: true
2026-09-01T21:41:13.5473364Z   cache: false
2026-09-01T21:41:13.5473705Z   install: git make mingw-w64-x86_64-boost mingw-w64-x86_64-cmake mingw-w64-x86_64-gcc
2026-09-01T21:41:13.5474707Z   path-type: minimal
2026-09-01T21:41:13.5474925Z   release: true
2026-09-01T21:41:13.5475443Z   platform-check-severity: fatal
2026-09-01T21:41:13.5475735Z env:
2026-09-01T21:41:13.5475984Z   OPENFHE_COMMIT: df495ba2e91739a6dc8f1de254fc5a41155ce504
2026-09-01T21:41:13.5476369Z   OPENFHE_PREFIX: C:\openfhe-2023-1788\openfhe-install
2026-09-01T21:41:13.5476699Z   WINDOWS_ROOT: C:\openfhe-2023-1788
2026-09-01T21:41:13.5476969Z   PROJECT_SOURCE: C:\openfhe-2023-1788\cleanroom
2026-09-01T21:41:13.5477291Z   OPENFHE_SOURCE: C:\openfhe-2023-1788\openfhe-src
2026-09-01T21:41:13.5477821Z   OPENFHE_BUILD: C:\openfhe-2023-1788\openfhe-build-33562346015-1
2026-09-01T21:41:13.5478216Z   PROJECT_BUILD: C:\openfhe-2023-1788\project-build-33562346015-1
2026-09-01T21:41:13.5478514Z ##[endgroup]
2026-09-01T21:41:13.7166805Z ##[group]Downloading MSYS2...
2026-09-01T21:41:14.3076374Z ##[endgroup]
2026-09-01T21:41:14.3076738Z ##[group]Extracting MSYS2...
2026-09-01T21:41:14.3086628Z [command]C:\hostedtoolcache\windows\msys2-installer\0.0.20260611\x64\base.exe -y
2026-09-01T21:41:14.5773143Z 
2026-09-01T21:41:14.5775993Z 7-Zip SFX 25.01 ZS v1.5.7 R4 (x64) : Copyright (c) 1999-2025 Igor Pavlov, 2016-2026 Tino Reichardt, 2022-2026 Sergey G. Brester : 2026-01-10
2026-09-01T21:41:14.5776854Z 
2026-09-01T21:41:14.5777336Z Extracting archive: C:\hostedtoolcache\windows\msys2-installer\0.0.20260611\x64\base.exe
2026-09-01T21:41:14.5777940Z --
2026-09-01T21:41:14.5778320Z Path = C:\hostedtoolcache\windows\msys2-installer\0.0.20260611\x64\base.exe
2026-09-01T21:41:14.5778763Z Type = 7z
2026-09-01T21:41:14.5778919Z 
2026-09-01T21:41:14.7762002Z   0%
2026-09-01T21:41:14.7762344Z     
2026-09-01T21:41:14.9793940Z   3% 2127 - msys64\usr\lib\terminfo\64\d460-7b
2026-09-01T21:41:14.9794325Z                                               
2026-09-01T21:41:15.1830500Z   4% 4306 - msys64\usr\lib\terminfo\78\xterm-xi
2026-09-01T21:41:15.3857457Z                                                
2026-09-01T21:41:15.3857897Z  12% 6086 - msys64\usr\share\locale\da\LC_MESSAGES\util-linux.mo
2026-09-01T21:41:15.3858242Z                                                                 
2026-09-01T21:41:15.6522669Z  32% 7069 - msys64\usr\share\man\ko\man1\unxz.1.gz
2026-09-01T21:41:15.6523113Z                                                   
2026-09-01T21:41:15.8554582Z  33% 7735 - msys64\usr\share\man\man3\CURLINFO_EFFECTIVE_URL.3.gz
2026-09-01T21:41:15.8555135Z                                                                  
2026-09-01T21:41:16.0584152Z  39% 9707 - msys64\usr\share\perl5\core_perl\CPAN\Meta\Validator.pm
2026-09-01T21:41:16.0584662Z                                                                    
2026-09-01T21:41:16.2617362Z  46% 11309 - msys64\usr\share\terminfo\61\at-m
2026-09-01T21:41:16.2617860Z                                               
2026-09-01T21:41:16.4643423Z  47% 13546 - msys64\usr\share\terminfo\77\wy370-tek
2026-09-01T21:41:16.6683945Z                                                    
2026-09-01T21:41:16.6684454Z  48% 15737 - msys64\usr\share\zsh\site-functions\_pacsort
2026-09-01T21:41:16.6684752Z                                                          
2026-09-01T21:41:16.9120387Z  68% 16325 - msys64\usr\bin\msys-perl5_42.dll
2026-09-01T21:41:16.9120769Z                                              
2026-09-01T21:41:17.0471884Z  79% 16359 - msys64\usr\bin\pacsort.exe
2026-09-01T21:41:17.0472306Z                                        
2026-09-01T21:41:17.0472627Z Everything is Ok
2026-09-01T21:41:17.0490812Z ##[endgroup]
2026-09-01T21:41:17.0491600Z ##[group]Disable Key Refresh...
2026-09-01T21:41:17.0507089Z ##[endgroup]
2026-09-01T21:41:17.0515677Z ##[group]Starting MSYS2 for the first time...
2026-09-01T21:41:17.1125764Z [command]C:\Windows\system32\cmd.exe /D /S /C D:\a\_temp\setup-msys2\msys2.cmd -c "'uname' '-a'"
2026-09-01T21:41:17.4962422Z [1;32mMSYS2 is starting for the first time. Executing the initial setup.[1;0m
2026-09-01T21:41:17.4963223Z Copying skeleton files.
2026-09-01T21:41:17.4963939Z These files are for the users to personalise their msys2 experience.
2026-09-01T21:41:17.4964402Z 
2026-09-01T21:41:17.4964550Z They will never be overwritten nor automatically updated.
2026-09-01T21:41:17.4964820Z 
2026-09-01T21:41:17.4964951Z './.bashrc' -> '/home/runneradmin/.bashrc'
2026-09-01T21:41:17.4965298Z './.bash_profile' -> '/home/runneradmin/.bash_profile'
2026-09-01T21:41:17.4965738Z './.profile' -> '/home/runneradmin/.profile'
2026-09-01T21:41:17.4966101Z 'C:\Windows\system32\drivers\etc\hosts' -> '/etc/hosts'
2026-09-01T21:41:17.4966506Z 'C:\Windows\system32\drivers\etc\protocol' -> '/etc/protocols'
2026-09-01T21:41:17.4966997Z 'C:\Windows\system32\drivers\etc\services' -> '/etc/services'
2026-09-01T21:41:17.4967449Z 'C:\Windows\system32\drivers\etc\networks' -> '/etc/networks'
2026-09-01T21:41:17.6103493Z gpg: /etc/pacman.d/gnupg/trustdb.gpg: trustdb created
2026-09-01T21:41:17.6145636Z gpg: no ultimately trusted keys found
2026-09-01T21:41:17.8185352Z gpg: starting migration from earlier GnuPG versions
2026-09-01T21:41:17.8576339Z gpg: porting secret keys from '/etc/pacman.d/gnupg/secring.gpg' to gpg-agent
2026-09-01T21:41:17.8577466Z gpg: migration succeeded
2026-09-01T21:41:17.8723399Z ==> Generating pacman master key. This may take some time.
2026-09-01T21:41:17.8862924Z gpg: Generating pacman keyring master key...
2026-09-01T21:41:19.5800070Z gpg: directory '/etc/pacman.d/gnupg/openpgp-revocs.d' created
2026-09-01T21:41:19.5972062Z gpg: revocation certificate stored as '/etc/pacman.d/gnupg/openpgp-revocs.d/48FC548E4C9C31722DD904A1733BC2F84C139410.rev'
2026-09-01T21:41:19.5972700Z gpg: Done
2026-09-01T21:41:19.6106251Z ==> Updating trust database...
2026-09-01T21:41:19.6351210Z gpg: marginals needed: 3  completes needed: 1  trust model: pgp
2026-09-01T21:41:19.6351615Z gpg: depth: 0  valid:   1  signed:   0  trust: 0-, 0q, 0n, 0m, 0f, 1u
2026-09-01T21:41:19.7170510Z ==> Appending keys from msys2.gpg...
2026-09-01T21:41:20.1988581Z ==> Locally signing trusted keys in keyring...
2026-09-01T21:41:20.5465906Z   -> Locally signed 5 keys.
2026-09-01T21:41:20.5567056Z ==> Importing owner trust values...
2026-09-01T21:41:20.5691779Z gpg: setting ownertrust to 4
2026-09-01T21:41:20.5692101Z gpg: setting ownertrust to 4
2026-09-01T21:41:20.5692332Z gpg: setting ownertrust to 4
2026-09-01T21:41:20.5692596Z gpg: setting ownertrust to 4
2026-09-01T21:41:20.5692795Z gpg: setting ownertrust to 4
2026-09-01T21:41:20.5862895Z ==> Disabling revoked keys in keyring...
2026-09-01T21:41:20.7486633Z   -> Disabled 4 keys.
2026-09-01T21:41:20.7592641Z ==> Updating trust database...
2026-09-01T21:41:20.7848342Z gpg: marginals needed: 3  completes needed: 1  trust model: pgp
2026-09-01T21:41:20.7864712Z gpg: depth: 0  valid:   1  signed:   5  trust: 0-, 0q, 0n, 0m, 0f, 1u
2026-09-01T21:41:20.7880032Z gpg: depth: 1  valid:   5  signed:   6  trust: 0-, 0q, 0n, 5m, 0f, 0u
2026-09-01T21:41:20.7887378Z gpg: depth: 2  valid:   3  signed:   2  trust: 3-, 0q, 0n, 0m, 0f, 0u
2026-09-01T21:41:20.8156784Z pacman-key (pacman) 6.1.0
2026-09-01T21:41:20.8157399Z Copyright (c) 2010-2024 Pacman Development Team <pacman-dev@lists.archlinux.org>.
2026-09-01T21:41:20.8157657Z 
2026-09-01T21:41:20.8269005Z This is free software; see the source for copying conditions.
2026-09-01T21:41:20.8269602Z There is NO WARRANTY, to the extent permitted by law.
2026-09-01T21:41:21.0943077Z [1;32mInitial setup complete. MSYS2 is now ready to use.[1;0m
2026-09-01T21:41:21.1063520Z MINGW64_NT-10.0-20348 runnervm0js1w 3.6.9-01d6c708.x86_64 2026-05-24 10:45 UTC x86_64 Msys
2026-09-01T21:41:21.1109603Z ##[endgroup]
2026-09-01T21:41:21.1110530Z ##[group]Disable CheckSpace...
2026-09-01T21:41:21.1889621Z [command]C:\Windows\system32\cmd.exe /D /S /C D:\a\_temp\setup-msys2\msys2.cmd -c "'sed' '-i' 's/^CheckSpace/#CheckSpace/g' '/etc/pacman.conf'"
2026-09-01T21:41:21.3299282Z ##[endgroup]
2026-09-01T21:41:21.3299751Z ##[group]Updating packages...
2026-09-01T21:41:21.3915697Z [command]C:\Windows\system32\cmd.exe /D /S /C D:\a\_temp\setup-msys2\msys2.cmd -c "'pacman' '--noconfirm' '-Syuu' '--overwrite' '*'"
2026-09-01T21:41:22.0515292Z :: Synchronizing package databases...
2026-09-01T21:41:23.3988238Z  clangarm64 downloading...
2026-09-01T21:41:23.3988880Z  mingw32 downloading...
2026-09-01T21:41:23.3989191Z  mingw64 downloading...
2026-09-01T21:41:23.3989424Z  ucrt64 downloading...
2026-09-01T21:41:23.3989646Z  clang64 downloading...
2026-09-01T21:41:23.3989882Z  msys downloading...
2026-09-01T21:41:23.8234682Z :: Starting core system upgrade...
2026-09-01T21:41:24.0162957Z warning: terminate other MSYS2 programs before proceeding
2026-09-01T21:41:24.0163425Z resolving dependencies...
2026-09-01T21:41:24.0163791Z looking for conflicting packages...
2026-09-01T21:41:24.0225717Z 
2026-09-01T21:41:24.0226229Z Packages (1) msys2-runtime-3.6.10-3
2026-09-01T21:41:24.0226491Z 
2026-09-01T21:41:24.0226624Z Total Download Size:    1.97 MiB
2026-09-01T21:41:24.0226981Z Total Installed Size:   6.33 MiB
2026-09-01T21:41:24.0227249Z Net Upgrade Size:      -0.20 MiB
2026-09-01T21:41:24.0227391Z 
2026-09-01T21:41:24.0227671Z :: Proceed with installation? [Y/n] 
2026-09-01T21:41:24.0227963Z :: Retrieving packages...
2026-09-01T21:41:25.6039319Z  msys2-runtime-3.6.10-3-x86_64 downloading...
2026-09-01T21:41:25.6039694Z checking keyring...
2026-09-01T21:41:25.6538609Z checking package integrity...
2026-09-01T21:41:25.8094511Z loading package files...
2026-09-01T21:41:25.8122046Z checking for file conflicts...
2026-09-01T21:41:25.8141586Z :: Processing package changes...
2026-09-01T21:41:25.8142323Z upgrading msys2-runtime...
2026-09-01T21:41:25.9240684Z :: To complete this update all MSYS2 processes including this terminal will be closed. Confirm to proceed [Y/n] 
2026-09-01T21:41:26.1572143Z ##[endgroup]
2026-09-01T21:41:26.1572744Z ##[group]Killing remaining tasks...
2026-09-01T21:41:26.2168976Z [command]C:\Windows\system32\taskkill.exe /F /FI "MODULES eq msys-2.0.dll"
2026-09-01T21:41:26.7312696Z 
2026-09-01T21:41:26.7313599Z INFO: No tasks running with the specified criteria.
2026-09-01T21:41:26.7342802Z ##[endgroup]
2026-09-01T21:41:26.7343212Z ##[group]Final system upgrade...
2026-09-01T21:41:26.7929877Z [command]C:\Windows\system32\cmd.exe /D /S /C D:\a\_temp\setup-msys2\msys2.cmd -c "'pacman' '--noconfirm' '-Syuu' '--overwrite' '*'"
2026-09-01T21:41:27.3887662Z :: Synchronizing package databases...
2026-09-01T21:41:28.3053802Z  clangarm64 downloading...
2026-09-01T21:41:28.3054209Z  mingw32 downloading...
2026-09-01T21:41:28.3054443Z  mingw64 downloading...
2026-09-01T21:41:28.3054707Z  ucrt64 downloading...
2026-09-01T21:41:28.3054919Z  clang64 downloading...
2026-09-01T21:41:28.3055117Z  msys downloading...
2026-09-01T21:41:28.6493260Z :: Starting core system upgrade...
2026-09-01T21:41:28.8323417Z  there is nothing to do
2026-09-01T21:41:28.8323886Z :: Starting full system upgrade...
2026-09-01T21:41:28.8941317Z resolving dependencies...
2026-09-01T21:41:28.8981300Z looking for conflicting packages...
2026-09-01T21:41:28.9061550Z 
2026-09-01T21:41:28.9063924Z Packages (31) bash-completion-2.18.0-1  bsdtar-3.8.9-1  ca-certificates-20260816-1  curl-8.21.0-1  findutils-4.11.0-2  gawk-5.4.1-1  gcc-libs-15.3.0-1  gnupg-2.4.9-3  libcurl-8.21.0-1  libexpat-2.8.3-1  libffi-3.8.0-1  libgnutls-3.8.13-2  libhogweed-4.0-1  libnettle-4.0-1  libnghttp2-1.70.0-1  libnghttp3-1.18.0-1  libngtcp2-1.25.0-1  libopenssl-3.6.4-1  libp11-kit-0.26.5-1  libpsl-0.23.2-1  libsqlite-3.53.4-1  msys2-keyring-1~20260814-1  nano-9.2-1  nettle-4.0-1  openssl-3.6.4-1  p11-kit-0.26.5-1  pacman-contrib-1.10.6-2  perl-5.42.3-1  pinentry-1.3.3-1  tzcode-2026c-1  wget-1.25.0-2
2026-09-01T21:41:28.9065334Z 
2026-09-01T21:41:28.9065438Z Total Download Size:    27.05 MiB
2026-09-01T21:41:28.9065706Z Total Installed Size:  108.42 MiB
2026-09-01T21:41:28.9065956Z Net Upgrade Size:       -1.02 MiB
2026-09-01T21:41:28.9066145Z 
2026-09-01T21:41:28.9067413Z :: Proceed with installation? [Y/n] 
2026-09-01T21:41:28.9067819Z :: Retrieving packages...
2026-09-01T21:41:34.3642935Z  perl-5.42.3-1-x86_64 downloading...
2026-09-01T21:41:34.3643507Z  pacman-contrib-1.10.6-2-x86_64 downloading...
2026-09-01T21:41:34.3643847Z  gnupg-2.4.9-3-x86_64 downloading...
2026-09-01T21:41:34.3644166Z  libopenssl-3.6.4-1-x86_64 downloading...
2026-09-01T21:41:34.3644516Z  gawk-5.4.1-1-x86_64 downloading...
2026-09-01T21:41:34.3644794Z  libgnutls-3.8.13-2-x86_64 downloading...
2026-09-01T21:41:34.3645114Z  gcc-libs-15.3.0-1-x86_64 downloading...
2026-09-01T21:41:34.3645415Z  curl-8.21.0-1-x86_64 downloading...
2026-09-01T21:41:34.3645736Z  wget-1.25.0-2-x86_64 downloading...
2026-09-01T21:41:34.3646036Z  libsqlite-3.53.4-1-x86_64 downloading...
2026-09-01T21:41:34.3646343Z  nano-9.2-1-x86_64 downloading...
2026-09-01T21:41:34.3646618Z  openssl-3.6.4-1-x86_64 downloading...
2026-09-01T21:41:34.3646899Z  findutils-4.11.0-2-x86_64 downloading...
2026-09-01T21:41:34.3647222Z  p11-kit-0.26.5-1-x86_64 downloading...
2026-09-01T21:41:34.3647531Z  ca-certificates-20260816-1-any downloading...
2026-09-01T21:41:34.3647853Z  libcurl-8.21.0-1-x86_64 downloading...
2026-09-01T21:41:34.3648137Z  bsdtar-3.8.9-1-x86_64 downloading...
2026-09-01T21:41:34.3648414Z  tzcode-2026c-1-x86_64 downloading...
2026-09-01T21:41:34.3648700Z  libp11-kit-0.26.5-1-x86_64 downloading...
2026-09-01T21:41:34.3649136Z  bash-completion-2.18.0-1-any downloading...
2026-09-01T21:41:34.3649471Z  libhogweed-4.0-1-x86_64 downloading...
2026-09-01T21:41:34.3649798Z  libngtcp2-1.25.0-1-x86_64 downloading...
2026-09-01T21:41:34.3650152Z  libnettle-4.0-1-x86_64 downloading...
2026-09-01T21:41:34.3650436Z  nettle-4.0-1-x86_64 downloading...
2026-09-01T21:41:34.3650736Z  libpsl-0.23.2-1-x86_64 downloading...
2026-09-01T21:41:34.3651023Z  libnghttp3-1.18.0-1-x86_64 downloading...
2026-09-01T21:41:34.3651305Z  libnghttp2-1.70.0-1-x86_64 downloading...
2026-09-01T21:41:34.3651607Z  libexpat-2.8.3-1-x86_64 downloading...
2026-09-01T21:41:34.3651911Z  pinentry-1.3.3-1-x86_64 downloading...
2026-09-01T21:41:34.3652240Z  msys2-keyring-1~20260814-1-any downloading...
2026-09-01T21:41:34.3652547Z  libffi-3.8.0-1-x86_64 downloading...
2026-09-01T21:41:34.3652845Z checking keyring...
2026-09-01T21:41:34.4152130Z checking package integrity...
2026-09-01T21:41:38.3649500Z loading package files...
2026-09-01T21:41:38.4311532Z checking for file conflicts...
2026-09-01T21:41:38.4643972Z :: Running pre-transaction hooks...
2026-09-01T21:41:38.4644357Z (1/1) Removing old entries from the info directory file...
2026-09-01T21:41:38.5780660Z :: Processing package changes...
2026-09-01T21:41:38.5781215Z upgrading bash-completion...
2026-09-01T21:41:39.0963685Z upgrading gcc-libs...
2026-09-01T21:41:39.1093356Z upgrading libexpat...
2026-09-01T21:41:39.1125718Z upgrading libopenssl...
2026-09-01T21:41:39.1350939Z upgrading bsdtar...
2026-09-01T21:41:39.1418558Z upgrading openssl...
2026-09-01T21:41:39.2139304Z upgrading findutils...
2026-09-01T21:41:39.2620984Z upgrading libffi...
2026-09-01T21:41:39.2687478Z upgrading libp11-kit...
2026-09-01T21:41:39.2745257Z upgrading p11-kit...
2026-09-01T21:41:39.3632920Z upgrading ca-certificates...
2026-09-01T21:41:39.8494967Z upgrading libnghttp3...
2026-09-01T21:41:39.8532612Z upgrading libngtcp2...
2026-09-01T21:41:39.8581262Z upgrading libnghttp2...
2026-09-01T21:41:39.8618943Z upgrading libpsl...
2026-09-01T21:41:39.8670661Z upgrading libcurl...
2026-09-01T21:41:39.8713972Z upgrading curl...
2026-09-01T21:41:40.1214988Z upgrading gawk...
2026-09-01T21:41:40.1764535Z upgrading libhogweed...
2026-09-01T21:41:40.1797031Z upgrading libnettle...
2026-09-01T21:41:40.1831130Z upgrading libgnutls...
2026-09-01T21:41:40.2142307Z upgrading libsqlite...
2026-09-01T21:41:40.2227150Z upgrading nettle...
2026-09-01T21:41:40.2279125Z upgrading pinentry...
2026-09-01T21:41:40.2317291Z upgrading gnupg...
2026-09-01T21:41:44.7262141Z ==> Appending keys from msys2.gpg...
2026-09-01T21:41:45.0967163Z ==> Updating trust database...
2026-09-01T21:41:45.1098114Z gpg: no need for a trustdb check
2026-09-01T21:41:45.1778271Z upgrading msys2-keyring...
2026-09-01T21:41:45.4915334Z ==> Appending keys from msys2.gpg...
2026-09-01T21:41:45.9619249Z ==> Updating trust database...
2026-09-01T21:41:45.9752632Z gpg: next trustdb check due at 2027-02-10
2026-09-01T21:41:46.0401873Z upgrading nano...
2026-09-01T21:41:46.0968848Z upgrading pacman-contrib...
2026-09-01T21:41:46.1419708Z New optional dependencies for pacman-contrib
2026-09-01T21:41:46.1420290Z     perl: for pacsearch [installed]
2026-09-01T21:41:46.1420754Z     vim: default diff program for pacdiff
2026-09-01T21:41:46.1421136Z upgrading perl...
2026-09-01T21:41:47.0626659Z upgrading tzcode...
2026-09-01T21:41:47.9907107Z upgrading wget...
2026-09-01T21:41:48.0519648Z :: Running post-transaction hooks...
2026-09-01T21:41:48.0520138Z (1/1) Updating the info directory file...
2026-09-01T21:41:49.4562191Z ##[endgroup]
2026-09-01T21:41:49.4562952Z ##[group]Installing additional packages through pacman...
2026-09-01T21:41:49.5153851Z [command]C:\Windows\system32\cmd.exe /D /S /C D:\a\_temp\setup-msys2\msys2.cmd -c "'pacman' '--noconfirm' '-S' '--needed' '--overwrite' '*' 'git' 'make' 'mingw-w64-x86_64-boost' 'mingw-w64-x86_64-cmake' 'mingw-w64-x86_64-gcc'"
2026-09-01T21:41:50.1889067Z resolving dependencies...
2026-09-01T21:41:50.1975725Z looking for conflicting packages...
2026-09-01T21:41:50.2059771Z 
2026-09-01T21:41:50.2067133Z Packages (89) heimdal-7.8.0-5  heimdal-libs-7.8.0-5  libcbor-0.14.0-2  libedit-20240808_3.1-1  libfido2-1.17.0-1  mingw-w64-x86_64-binutils-2.47-3  mingw-w64-x86_64-boost-libs-1.91.0-3  mingw-w64-x86_64-brotli-1.2.0-1  mingw-w64-x86_64-bzip2-1.0.8-4  mingw-w64-x86_64-c-ares-1.34.8-1  mingw-w64-x86_64-ca-certificates-20260816-1  mingw-w64-x86_64-cppdap-1.65.r11.g6464cd7-1  mingw-w64-x86_64-crt-14.0.0.r302.gd7f3c5201-1  mingw-w64-x86_64-curl-8.21.0-2  mingw-w64-x86_64-expat-2.8.3-1  mingw-w64-x86_64-gcc-libs-16.2.0-3  mingw-w64-x86_64-gettext-runtime-1.0-1  mingw-w64-x86_64-gmp-6.3.0-2  mingw-w64-x86_64-gnutls-3.8.13-3  mingw-w64-x86_64-headers-14.0.0.r302.gd7f3c5201-1  mingw-w64-x86_64-icu-78.3-4  mingw-w64-x86_64-isl-0.28-1  mingw-w64-x86_64-jsoncpp-1.9.8-1  mingw-w64-x86_64-libarchive-3.8.9-5  mingw-w64-x86_64-libb2-0.98.1-3  mingw-w64-x86_64-libffi-3.8.0-1  mingw-w64-x86_64-libiconv-1.19-1  mingw-w64-x86_64-libidn2-2.3.8-4  mingw-w64-x86_64-libpsl-0.21.5-3  mingw-w64-x86_64-libssh2-1.11.1-2  mingw-w64-x86_64-libtasn1-4.21.0-1  mingw-w64-x86_64-libunistring-1.4.2-1  mingw-w64-x86_64-libuv-1.52.1-1  mingw-w64-x86_64-libwinpthread-14.0.0.r302.gd7f3c5201-1  mingw-w64-x86_64-lz4-1.10.0-1  mingw-w64-x86_64-mpc-1.4.1-1  mingw-w64-x86_64-mpfr-4.2.2-3  mingw-w64-x86_64-nettle-4.0-1  mingw-w64-x86_64-nghttp2-1.70.0-1  mingw-w64-x86_64-nghttp3-1.18.0-1  mingw-w64-x86_64-ngtcp2-1.25.0-1  mingw-w64-x86_64-ninja-1.13.2-1  mingw-w64-x86_64-openssl-3.6.4-1  mingw-w64-x86_64-p11-kit-0.26.5-1  mingw-w64-x86_64-pcre2-10.47-1  mingw-w64-x86_64-pkgconf-1~3.0.5-1  mingw-w64-x86_64-rhash-1.4.6-1  mingw-w64-x86_64-tzdata-2026c-1  mingw-w64-x86_64-windows-default-manifest-20260815-1  mingw-w64-x86_64-wineditline-2.208-1  mingw-w64-x86_64-winpthreads-14.0.0.r302.gd7f3c5201-1  mingw-w64-x86_64-xz-5.8.3-1  mingw-w64-x86_64-zlib-1.3.2-2  mingw-w64-x86_64-zstd-1.5.7-2  openssh-10.5p1-2  perl-Authen-SASL-2.2000-1  perl-Clone-0.50-2  perl-Convert-BinHex-1.125-2  perl-Encode-Locale-1.05-2  perl-Error-0.17030-1  perl-File-Listing-6.16-1  perl-HTML-Parser-3.85-1  perl-HTML-Tagset-3.24-1  perl-HTTP-Cookies-6.12-1  perl-HTTP-Daemon-6.17-1  perl-HTTP-Date-6.08-1  perl-HTTP-Message-7.04-1  perl-HTTP-Negotiate-6.01-3  perl-IO-HTML-1.004-2  perl-IO-Socket-SSL-2.099-1  perl-IO-Stringy-2.113-3  perl-LWP-MediaTypes-6.04-2  perl-MIME-tools-5.517-1  perl-MailTools-2.22-1  perl-Net-HTTP-6.24-1  perl-Net-SMTP-SSL-1.04-2  perl-Net-SSLeay-1.96-1  perl-TermReadKey-2.38-8  perl-TimeDate-2.35-1  perl-Try-Tiny-0.32-1  perl-URI-5.36-1  perl-WWW-RobotRules-6.03-1  perl-http-cookiejar-0.014-1  perl-libwww-6.83-2  git-2.55.0-1  make-4.4.1-3  mingw-w64-x86_64-boost-1.91.0-3  mingw-w64-x86_64-cmake-4.4.2-2  mingw-w64-x86_64-gcc-16.2.0-3
2026-09-01T21:41:50.2073668Z 
2026-09-01T21:41:50.2073829Z Total Download Size:    154.18 MiB
2026-09-01T21:41:50.2074102Z Total Installed Size:  1023.08 MiB
2026-09-01T21:41:50.2074381Z 
2026-09-01T21:41:50.2074579Z :: Proceed with installation? [Y/n] 
2026-09-01T21:41:50.2074986Z :: Retrieving packages...
2026-09-01T21:41:58.6669703Z  mingw-w64-x86_64-gcc-16.2.0-3-any downloading...
2026-09-01T21:41:58.6670196Z  mingw-w64-x86_64-icu-78.3-4-any downloading...
2026-09-01T21:41:58.6670603Z  mingw-w64-x86_64-boost-1.91.0-3-any downloading...
2026-09-01T21:41:58.6670950Z  mingw-w64-x86_64-cmake-4.4.2-2-any downloading...
2026-09-01T21:41:58.6671325Z  mingw-w64-x86_64-openssl-3.6.4-1-any downloading...
2026-09-01T21:41:58.6671654Z  git-2.55.0-1-x86_64 downloading...
2026-09-01T21:41:58.6672612Z  mingw-w64-x86_64-headers-14.0.0.r302.gd7f3c5201-1-any downloading...
2026-09-01T21:41:58.6673144Z  mingw-w64-x86_64-binutils-2.47-3-any downloading...
2026-09-01T21:41:58.6673617Z  mingw-w64-x86_64-crt-14.0.0.r302.gd7f3c5201-1-any downloading...
2026-09-01T21:41:58.6674020Z  mingw-w64-x86_64-boost-libs-1.91.0-3-any downloading...
2026-09-01T21:41:58.6674401Z  mingw-w64-x86_64-gnutls-3.8.13-3-any downloading...
2026-09-01T21:41:58.6674735Z  mingw-w64-x86_64-libarchive-3.8.9-5-any downloading...
2026-09-01T21:41:58.6675089Z  mingw-w64-x86_64-curl-8.21.0-2-any downloading...
2026-09-01T21:41:58.6675447Z  mingw-w64-x86_64-isl-0.28-1-any downloading...
2026-09-01T21:41:58.6675808Z  mingw-w64-x86_64-pcre2-10.47-1-any downloading...
2026-09-01T21:41:58.6676250Z  openssh-10.5p1-2-x86_64 downloading...
2026-09-01T21:41:58.6676610Z  mingw-w64-x86_64-gcc-libs-16.2.0-3-any downloading...
2026-09-01T21:41:58.6676969Z  mingw-w64-x86_64-libunistring-1.4.2-1-any downloading...
2026-09-01T21:41:58.6677246Z  heimdal-libs-7.8.0-5-x86_64 downloading...
2026-09-01T21:41:58.6677517Z  mingw-w64-x86_64-libiconv-1.19-1-any downloading...
2026-09-01T21:41:58.6677787Z  mingw-w64-x86_64-zstd-1.5.7-2-any downloading...
2026-09-01T21:41:58.6678051Z  mingw-w64-x86_64-p11-kit-0.26.5-1-any downloading...
2026-09-01T21:41:58.6678317Z  mingw-w64-x86_64-gmp-6.3.0-2-any downloading...
2026-09-01T21:41:58.6678597Z  mingw-w64-x86_64-nettle-4.0-1-any downloading...
2026-09-01T21:41:58.6678907Z  heimdal-7.8.0-5-x86_64 downloading...
2026-09-01T21:41:58.6679269Z  mingw-w64-x86_64-mpfr-4.2.2-3-any downloading...
2026-09-01T21:41:58.6679574Z  mingw-w64-x86_64-cppdap-1.65.r11.g6464cd7-1-any downloading...
2026-09-01T21:41:58.6679893Z  make-4.4.1-3-x86_64 downloading...
2026-09-01T21:41:58.6680127Z  mingw-w64-x86_64-xz-5.8.3-1-any downloading...
2026-09-01T21:41:58.6680373Z  mingw-w64-x86_64-brotli-1.2.0-1-any downloading...
2026-09-01T21:41:58.6680688Z  mingw-w64-x86_64-gettext-runtime-1.0-1-any downloading...
2026-09-01T21:41:58.6680999Z  mingw-w64-x86_64-ca-certificates-20260816-1-any downloading...
2026-09-01T21:41:58.6681348Z  mingw-w64-x86_64-c-ares-1.34.8-1-any downloading...
2026-09-01T21:41:58.6681627Z  mingw-w64-x86_64-libssh2-1.11.1-2-any downloading...
2026-09-01T21:41:58.6681877Z  mingw-w64-x86_64-ngtcp2-1.25.0-1-any downloading...
2026-09-01T21:41:58.6682185Z  mingw-w64-x86_64-rhash-1.4.6-1-any downloading...
2026-09-01T21:41:58.6682536Z  perl-Net-SSLeay-1.96-1-x86_64 downloading...
2026-09-01T21:41:58.6682854Z  mingw-w64-x86_64-tzdata-2026c-1-any downloading...
2026-09-01T21:41:58.6683208Z  mingw-w64-x86_64-libuv-1.52.1-1-any downloading...
2026-09-01T21:41:58.6683821Z  mingw-w64-x86_64-jsoncpp-1.9.8-1-any downloading...
2026-09-01T21:41:58.6684193Z  mingw-w64-x86_64-nghttp2-1.70.0-1-any downloading...
2026-09-01T21:41:58.6684543Z  mingw-w64-x86_64-libtasn1-4.21.0-1-any downloading...
2026-09-01T21:41:58.6684879Z  mingw-w64-x86_64-expat-2.8.3-1-any downloading...
2026-09-01T21:41:58.6685212Z  mingw-w64-x86_64-ninja-1.13.2-1-any downloading...
2026-09-01T21:41:58.6686278Z  perl-MIME-tools-5.517-1-any downloading...
2026-09-01T21:41:58.6686633Z  mingw-w64-x86_64-libidn2-2.3.8-4-any downloading...
2026-09-01T21:41:58.6686988Z  mingw-w64-x86_64-lz4-1.10.0-1-any downloading...
2026-09-01T21:41:58.6687338Z  perl-IO-Socket-SSL-2.099-1-any downloading...
2026-09-01T21:41:58.6687692Z  mingw-w64-x86_64-pkgconf-1~3.0.5-1-any downloading...
2026-09-01T21:41:58.6688057Z  mingw-w64-x86_64-nghttp3-1.18.0-1-any downloading...
2026-09-01T21:41:58.6688432Z  mingw-w64-x86_64-mpc-1.4.1-1-any downloading...
2026-09-01T21:41:58.6688770Z  perl-libwww-6.83-2-any downloading...
2026-09-01T21:41:58.6689106Z  mingw-w64-x86_64-zlib-1.3.2-2-any downloading...
2026-09-01T21:41:58.6689477Z  perl-URI-5.36-1-any downloading...
2026-09-01T21:41:58.6689829Z  mingw-w64-x86_64-libpsl-0.21.5-3-any downloading...
2026-09-01T21:41:58.6690187Z  mingw-w64-x86_64-bzip2-1.0.8-4-any downloading...
2026-09-01T21:41:58.6690615Z  libedit-20240808_3.1-1-x86_64 downloading...
2026-09-01T21:41:58.6690969Z  libfido2-1.17.0-1-x86_64 downloading...
2026-09-01T21:41:58.6691343Z  perl-HTML-Parser-3.85-1-x86_64 downloading...
2026-09-01T21:41:58.6691717Z  perl-HTTP-Message-7.04-1-any downloading...
2026-09-01T21:41:58.6692082Z  perl-TimeDate-2.35-1-any downloading...
2026-09-01T21:41:58.6692451Z  mingw-w64-x86_64-wineditline-2.208-1-any downloading...
2026-09-01T21:41:58.6692829Z  perl-MailTools-2.22-1-any downloading...
2026-09-01T21:41:58.6693166Z  mingw-w64-x86_64-libffi-3.8.0-1-any downloading...
2026-09-01T21:41:58.6693493Z  perl-IO-Stringy-2.113-3-any downloading...
2026-09-01T21:41:58.6693891Z  mingw-w64-x86_64-winpthreads-14.0.0.r302.gd7f3c5201-1-any downloading...
2026-09-01T21:41:58.6694285Z  perl-Authen-SASL-2.2000-1-any downloading...
2026-09-01T21:41:58.6694600Z  mingw-w64-x86_64-libwinpthread-14.0.0.r302.gd7f3c5201-1-any downloading...
2026-09-01T21:41:58.6694946Z  perl-Convert-BinHex-1.125-2-any downloading...
2026-09-01T21:41:58.6695210Z  mingw-w64-x86_64-libb2-0.98.1-3-any downloading...
2026-09-01T21:41:58.6695534Z  libcbor-0.14.0-2-x86_64 downloading...
2026-09-01T21:41:58.6695808Z  perl-HTTP-Cookies-6.12-1-any downloading...
2026-09-01T21:41:58.6696253Z  perl-Net-HTTP-6.24-1-any downloading...
2026-09-01T21:41:58.6696591Z  perl-Error-0.17030-1-any downloading...
2026-09-01T21:41:58.6696885Z  perl-TermReadKey-2.38-8-x86_64 downloading...
2026-09-01T21:41:58.6697188Z  perl-HTTP-Daemon-6.17-1-any downloading...
2026-09-01T21:41:58.6697549Z  perl-LWP-MediaTypes-6.04-2-any downloading...
2026-09-01T21:41:58.6697864Z  perl-Try-Tiny-0.32-1-any downloading...
2026-09-01T21:41:58.6698155Z  perl-Clone-0.50-2-x86_64 downloading...
2026-09-01T21:41:58.6698521Z  perl-IO-HTML-1.004-2-any downloading...
2026-09-01T21:41:58.6699016Z  perl-WWW-RobotRules-6.03-1-any downloading...
2026-09-01T21:41:58.6699395Z  perl-http-cookiejar-0.014-1-any downloading...
2026-09-01T21:41:58.6699748Z  perl-HTTP-Negotiate-6.01-3-any downloading...
2026-09-01T21:41:58.6700124Z  perl-Encode-Locale-1.05-2-any downloading...
2026-09-01T21:41:58.6700505Z  perl-HTML-Tagset-3.24-1-any downloading...
2026-09-01T21:41:58.6700838Z  perl-File-Listing-6.16-1-any downloading...
2026-09-01T21:41:58.6701189Z  perl-HTTP-Date-6.08-1-any downloading...
2026-09-01T21:41:58.6701515Z  perl-Net-SMTP-SSL-1.04-2-any downloading...
2026-09-01T21:41:58.6701953Z  mingw-w64-x86_64-windows-default-manifest-20260815-1-any downloading...
2026-09-01T21:41:58.6702342Z checking keyring...
2026-09-01T21:41:58.7256392Z checking package integrity...
2026-09-01T21:42:11.5727753Z loading package files...
2026-09-01T21:42:11.8835509Z checking for file conflicts...
2026-09-01T21:42:13.3534834Z :: Processing package changes...
2026-09-01T21:42:13.3535288Z installing libedit...
2026-09-01T21:42:13.3708504Z installing heimdal-libs...
2026-09-01T21:42:13.3832549Z installing heimdal...
2026-09-01T21:42:13.7052473Z installing libcbor...
2026-09-01T21:42:13.7071933Z installing libfido2...
2026-09-01T21:42:13.7096132Z installing openssh...
2026-09-01T21:42:13.7353296Z installing perl-Error...
2026-09-01T21:42:13.7397655Z installing perl-Authen-SASL...
2026-09-01T21:42:13.7512962Z installing perl-Encode-Locale...
2026-09-01T21:42:13.7546290Z installing perl-HTTP-Date...
2026-09-01T21:42:13.7580665Z installing perl-File-Listing...
2026-09-01T21:42:13.7617690Z installing perl-HTML-Tagset...
2026-09-01T21:42:13.7652393Z installing perl-Clone...
2026-09-01T21:42:13.7682969Z installing perl-IO-HTML...
2026-09-01T21:42:13.7717429Z installing perl-LWP-MediaTypes...
2026-09-01T21:42:13.7756051Z installing perl-URI...
2026-09-01T21:42:13.8083539Z installing perl-HTTP-Message...
2026-09-01T21:42:13.8181481Z installing perl-HTML-Parser...
2026-09-01T21:42:13.8263534Z installing perl-HTTP-Cookies...
2026-09-01T21:42:13.8309031Z installing perl-HTTP-Daemon...
2026-09-01T21:42:13.8337375Z installing perl-http-cookiejar...
2026-09-01T21:42:13.8375835Z installing perl-HTTP-Negotiate...
2026-09-01T21:42:13.8404030Z installing perl-Net-HTTP...
2026-09-01T21:42:13.8461637Z installing perl-WWW-RobotRules...
2026-09-01T21:42:13.8513440Z installing perl-Try-Tiny...
2026-09-01T21:42:13.8558390Z installing perl-libwww...
2026-09-01T21:42:13.8737211Z Optional dependencies for perl-libwww
2026-09-01T21:42:13.8737834Z     perl-LWP-Protocol-https: for https:// url schemes
2026-09-01T21:42:13.8738269Z installing perl-TimeDate...
2026-09-01T21:42:13.9076940Z installing perl-MailTools...
2026-09-01T21:42:13.9226528Z installing perl-IO-Stringy...
2026-09-01T21:42:13.9300880Z installing perl-Convert-BinHex...
2026-09-01T21:42:14.0568035Z module test... pass.
2026-09-01T21:42:14.0577798Z installing perl-MIME-tools...
2026-09-01T21:42:14.0795322Z installing perl-Net-SSLeay...
2026-09-01T21:42:14.1190072Z installing perl-IO-Socket-SSL...
2026-09-01T21:42:14.1258862Z installing perl-Net-SMTP-SSL...
2026-09-01T21:42:14.1286663Z installing perl-TermReadKey...
2026-09-01T21:42:14.1330816Z installing git...
2026-09-01T21:42:14.4423798Z Optional dependencies for git
2026-09-01T21:42:14.4424168Z     python: various helper scripts
2026-09-01T21:42:14.4424505Z     subversion: git svn
2026-09-01T21:42:14.4424731Z     aspell: spell checking in git gui
2026-09-01T21:42:14.4424959Z installing make...
2026-09-01T21:42:14.4608126Z installing mingw-w64-x86_64-libwinpthread...
2026-09-01T21:42:14.4634938Z installing mingw-w64-x86_64-tzdata...
2026-09-01T21:42:15.3303227Z installing mingw-w64-x86_64-gcc-libs...
2026-09-01T21:42:15.3423491Z installing mingw-w64-x86_64-bzip2...
2026-09-01T21:42:15.3529866Z installing mingw-w64-x86_64-icu...
2026-09-01T21:42:15.6028006Z installing mingw-w64-x86_64-libiconv...
2026-09-01T21:42:15.6163434Z installing mingw-w64-x86_64-gettext-runtime...
2026-09-01T21:42:15.6826796Z installing mingw-w64-x86_64-xz...
2026-09-01T21:42:15.7401896Z installing mingw-w64-x86_64-zstd...
2026-09-01T21:42:15.7533722Z installing mingw-w64-x86_64-zlib...
2026-09-01T21:42:15.7583597Z installing mingw-w64-x86_64-boost-libs...
2026-09-01T21:42:15.7930512Z installing mingw-w64-x86_64-boost...
2026-09-01T21:42:23.4461849Z Optional dependencies for mingw-w64-x86_64-boost
2026-09-01T21:42:23.4462352Z     mingw-w64-x86_64-python: For Boost.Python
2026-09-01T21:42:23.4462814Z     mingw-w64-x86_64-python-numpy: For Boost.Python (NumPy)
2026-09-01T21:42:23.4463209Z installing mingw-w64-x86_64-cppdap...
2026-09-01T21:42:23.4618558Z installing mingw-w64-x86_64-c-ares...
2026-09-01T21:42:23.5194177Z installing mingw-w64-x86_64-brotli...
2026-09-01T21:42:23.5324412Z installing mingw-w64-x86_64-libunistring...
2026-09-01T21:42:23.5604542Z installing mingw-w64-x86_64-libidn2...
2026-09-01T21:42:23.5757538Z installing mingw-w64-x86_64-libpsl...
2026-09-01T21:42:23.5808534Z installing mingw-w64-x86_64-libtasn1...
2026-09-01T21:42:23.6018908Z installing mingw-w64-x86_64-libffi...
2026-09-01T21:42:23.6080123Z installing mingw-w64-x86_64-p11-kit...
2026-09-01T21:42:23.7607892Z installing mingw-w64-x86_64-ca-certificates...
2026-09-01T21:42:24.2258483Z installing mingw-w64-x86_64-openssl...
2026-09-01T21:42:27.0872175Z Optional dependencies for mingw-w64-x86_64-openssl
2026-09-01T21:42:27.0872808Z     mingw-w64-x86_64-ca-certificates [installed]
2026-09-01T21:42:27.0873184Z installing mingw-w64-x86_64-libssh2...
2026-09-01T21:42:27.1542962Z installing mingw-w64-x86_64-nghttp2...
2026-09-01T21:42:27.1637687Z installing mingw-w64-x86_64-gmp...
2026-09-01T21:42:27.1736188Z installing mingw-w64-x86_64-nettle...
2026-09-01T21:42:27.4481550Z installing mingw-w64-x86_64-gnutls...
2026-09-01T21:42:27.9120522Z installing mingw-w64-x86_64-ngtcp2...
2026-09-01T21:42:27.9242631Z installing mingw-w64-x86_64-nghttp3...
2026-09-01T21:42:27.9314734Z installing mingw-w64-x86_64-curl...
2026-09-01T21:42:28.1309550Z installing mingw-w64-x86_64-expat...
2026-09-01T21:42:28.1392994Z installing mingw-w64-x86_64-jsoncpp...
2026-09-01T21:42:28.1498380Z installing mingw-w64-x86_64-libb2...
2026-09-01T21:42:28.1535549Z installing mingw-w64-x86_64-lz4...
2026-09-01T21:42:28.1620407Z installing mingw-w64-x86_64-wineditline...
2026-09-01T21:42:28.1667418Z installing mingw-w64-x86_64-pcre2...
2026-09-01T21:42:28.2601540Z installing mingw-w64-x86_64-libarchive...
2026-09-01T21:42:28.3044574Z installing mingw-w64-x86_64-libuv...
2026-09-01T21:42:28.3160972Z installing mingw-w64-x86_64-ninja...
2026-09-01T21:42:28.3194053Z installing mingw-w64-x86_64-pkgconf...
2026-09-01T21:42:28.3305648Z installing mingw-w64-x86_64-rhash...
2026-09-01T21:42:28.3509399Z installing mingw-w64-x86_64-cmake...
2026-09-01T21:42:30.2037870Z Optional dependencies for mingw-w64-x86_64-cmake
2026-09-01T21:42:30.2038425Z     mingw-w64-x86_64-emacs: for cmake emacs mode
2026-09-01T21:42:30.2038814Z installing mingw-w64-x86_64-binutils...
2026-09-01T21:42:30.3826855Z installing mingw-w64-x86_64-headers...
2026-09-01T21:42:31.1868953Z installing mingw-w64-x86_64-crt...
2026-09-01T21:42:31.7336779Z installing mingw-w64-x86_64-isl...
2026-09-01T21:42:31.7764281Z installing mingw-w64-x86_64-mpfr...
2026-09-01T21:42:31.7892755Z installing mingw-w64-x86_64-mpc...
2026-09-01T21:42:31.7936854Z installing mingw-w64-x86_64-windows-default-manifest...
2026-09-01T21:42:31.7954629Z installing mingw-w64-x86_64-winpthreads...
2026-09-01T21:42:31.8011022Z installing mingw-w64-x86_64-gcc...
2026-09-01T21:42:32.5761224Z :: Running post-transaction hooks...
2026-09-01T21:42:32.5761772Z (1/1) Updating the info directory file...
2026-09-01T21:42:33.1457894Z ##[endgroup]
2026-09-01T21:42:33.1655985Z ##[group]Run cmake --version
2026-09-01T21:42:33.1656356Z [36;1mcmake --version[0m
2026-09-01T21:42:33.1656585Z [36;1mg++ --version[0m
2026-09-01T21:42:33.1660534Z shell: D:\a\_temp\setup-msys2\msys2.CMD {0}
2026-09-01T21:42:33.1660846Z env:
2026-09-01T21:42:33.1661107Z   OPENFHE_COMMIT: df495ba2e91739a6dc8f1de254fc5a41155ce504
2026-09-01T21:42:33.1661420Z   OPENFHE_PREFIX: C:\openfhe-2023-1788\openfhe-install
2026-09-01T21:42:33.1661718Z   WINDOWS_ROOT: C:\openfhe-2023-1788
2026-09-01T21:42:33.1662015Z   PROJECT_SOURCE: C:\openfhe-2023-1788\cleanroom
2026-09-01T21:42:33.1662321Z   OPENFHE_SOURCE: C:\openfhe-2023-1788\openfhe-src
2026-09-01T21:42:33.1662641Z   OPENFHE_BUILD: C:\openfhe-2023-1788\openfhe-build-33562346015-1
2026-09-01T21:42:33.1662986Z   PROJECT_BUILD: C:\openfhe-2023-1788\project-build-33562346015-1
2026-09-01T21:42:33.1663331Z   MSYSTEM: MINGW64
2026-09-01T21:42:33.1663537Z ##[endgroup]
2026-09-01T21:42:33.3833718Z cmake version 4.4.2
2026-09-01T21:42:33.3834175Z 
2026-09-01T21:42:33.3834349Z CMake suite maintained and supported by Kitware (kitware.com/cmake).
2026-09-01T21:42:33.4367681Z g++.exe (Rev3, Built by MSYS2 project) 16.2.0
2026-09-01T21:42:33.4368117Z Copyright (C) 2026 Free Software Foundation, Inc.
2026-09-01T21:42:33.4368851Z This is free software; see the source for copying conditions.  There is NO
2026-09-01T21:42:33.4369364Z warranty; not even for MERCHANTABILITY or FITNESS FOR A PARTICULAR PURPOSE.
2026-09-01T21:42:33.4369920Z 
2026-09-01T21:42:33.5059036Z ##[group]Run source="$(cygpath -u "$OPENFHE_SOURCE")"
2026-09-01T21:42:33.5059667Z [36;1msource="$(cygpath -u "$OPENFHE_SOURCE")"[0m
2026-09-01T21:42:33.5059951Z [36;1mactual="$(git -C "$source" rev-parse HEAD)"[0m
2026-09-01T21:42:33.5060230Z [36;1mtest "$actual" = "$OPENFHE_COMMIT"[0m
2026-09-01T21:42:33.5060530Z [36;1mtest -z "$(git -C "$source" status --porcelain)"[0m
2026-09-01T21:42:33.5060814Z [36;1mgit -C "$source" submodule status --recursive[0m
2026-09-01T21:42:33.5062792Z shell: D:\a\_temp\setup-msys2\msys2.CMD {0}
2026-09-01T21:42:33.5063020Z env:
2026-09-01T21:42:33.5063268Z   OPENFHE_COMMIT: df495ba2e91739a6dc8f1de254fc5a41155ce504
2026-09-01T21:42:33.5063572Z   OPENFHE_PREFIX: C:\openfhe-2023-1788\openfhe-install
2026-09-01T21:42:33.5063823Z   WINDOWS_ROOT: C:\openfhe-2023-1788
2026-09-01T21:42:33.5064070Z   PROJECT_SOURCE: C:\openfhe-2023-1788\cleanroom
2026-09-01T21:42:33.5064329Z   OPENFHE_SOURCE: C:\openfhe-2023-1788\openfhe-src
2026-09-01T21:42:33.5064726Z   OPENFHE_BUILD: C:\openfhe-2023-1788\openfhe-build-33562346015-1
2026-09-01T21:42:33.5065047Z   PROJECT_BUILD: C:\openfhe-2023-1788\project-build-33562346015-1
2026-09-01T21:42:33.5065289Z   MSYSTEM: MINGW64
2026-09-01T21:42:33.5065475Z ##[endgroup]
2026-09-01T21:42:34.6622484Z  984e3f194862b17916536b5fade40cba6e47a6fe third-party/cereal (heads/main)
2026-09-01T21:42:34.7304141Z  eddb0241389718a23a42db6af5f0164b6e0139af third-party/google-benchmark (eddb024)
2026-09-01T21:42:34.7993182Z  52eb8108c5bdec04579160ae17225d66034bd723 third-party/google-test (52eb810)
2026-09-01T21:42:34.8682664Z  83edb60836d87cf1b406e8846b9059c03031e8f5 third-party/gperftools (83edb60)
2026-09-01T21:42:34.8964034Z ##[group]Run prefix="$(cygpath -u "$OPENFHE_PREFIX")"
2026-09-01T21:42:34.8964469Z [36;1mprefix="$(cygpath -u "$OPENFHE_PREFIX")"[0m
2026-09-01T21:42:34.8964869Z [36;1msource="$(cygpath -u "$OPENFHE_SOURCE")"[0m
2026-09-01T21:42:34.8965223Z [36;1mbuild="$(cygpath -u "$OPENFHE_BUILD")"[0m
2026-09-01T21:42:34.8965572Z [36;1mcmake -S "$source" -B "$build" \[0m
2026-09-01T21:42:34.8965839Z [36;1m  -DCMAKE_BUILD_TYPE=Release \[0m
2026-09-01T21:42:34.8966167Z [36;1m  -DCMAKE_INSTALL_PREFIX="$prefix" \[0m
2026-09-01T21:42:34.8966497Z [36;1m  -DBUILD_UNITTESTS=OFF \[0m
2026-09-01T21:42:34.8966764Z [36;1m  -DBUILD_EXAMPLES=OFF \[0m
2026-09-01T21:42:34.8967008Z [36;1m  -DBUILD_BENCHMARKS=OFF \[0m
2026-09-01T21:42:34.8967338Z [36;1m  -DBUILD_EXTRAS=OFF \[0m
2026-09-01T21:42:34.8967611Z [36;1m  -DWITH_OPENMP=ON[0m
2026-09-01T21:42:34.8969637Z shell: D:\a\_temp\setup-msys2\msys2.CMD {0}
2026-09-01T21:42:34.8969897Z env:
2026-09-01T21:42:34.8970240Z   OPENFHE_COMMIT: df495ba2e91739a6dc8f1de254fc5a41155ce504
2026-09-01T21:42:34.8970553Z   OPENFHE_PREFIX: C:\openfhe-2023-1788\openfhe-install
2026-09-01T21:42:34.8970880Z   WINDOWS_ROOT: C:\openfhe-2023-1788
2026-09-01T21:42:34.8971154Z   PROJECT_SOURCE: C:\openfhe-2023-1788\cleanroom
2026-09-01T21:42:34.8971440Z   OPENFHE_SOURCE: C:\openfhe-2023-1788\openfhe-src
2026-09-01T21:42:34.8971788Z   OPENFHE_BUILD: C:\openfhe-2023-1788\openfhe-build-33562346015-1
2026-09-01T21:42:34.8972142Z   PROJECT_BUILD: C:\openfhe-2023-1788\project-build-33562346015-1
2026-09-01T21:42:34.8972508Z   MSYSTEM: MINGW64
2026-09-01T21:42:34.8972712Z ##[endgroup]
2026-09-01T21:42:35.6218791Z -- The C compiler identification is GNU 16.2.0
2026-09-01T21:42:35.8793563Z -- The CXX compiler identification is GNU 16.2.0
2026-09-01T21:42:35.9099366Z -- Detecting C compiler ABI info
2026-09-01T21:42:36.2728424Z -- Detecting C compiler ABI info - done
2026-09-01T21:42:36.2958062Z -- Check for working C compiler: D:/a/_temp/msys64/mingw64/bin/cc.exe - skipped
2026-09-01T21:42:36.2960660Z -- Detecting C compile features
2026-09-01T21:42:36.2964652Z -- Detecting C compile features - done
2026-09-01T21:42:36.3229824Z -- Detecting CXX compiler ABI info
2026-09-01T21:42:36.6006489Z -- Detecting CXX compiler ABI info - done
2026-09-01T21:42:36.6237048Z -- Check for working CXX compiler: D:/a/_temp/msys64/mingw64/bin/c++.exe - skipped
2026-09-01T21:42:36.6240283Z -- Detecting CXX compile features
2026-09-01T21:42:36.6245917Z -- Detecting CXX compile features - done
2026-09-01T21:42:36.6351787Z -- Building in Release mode
2026-09-01T21:42:36.6352244Z -- BUILD_UNITTESTS:    OFF
2026-09-01T21:42:36.6352573Z -- BUILD_EXAMPLES:     OFF
2026-09-01T21:42:36.6352827Z -- BUILD_BENCHMARKS:   OFF
2026-09-01T21:42:36.6353087Z -- BUILD_EXTRAS:       OFF
2026-09-01T21:42:36.6353374Z -- BUILD_STATIC:       OFF
2026-09-01T21:42:36.6353713Z -- BUILD_SHARED:       ON
2026-09-01T21:42:36.6353958Z -- GIT_SUBMOD_AUTO:    ON
2026-09-01T21:42:36.6354201Z -- WITH_BE2:           OFF
2026-09-01T21:42:36.6354410Z -- WITH_BE4:           OFF
2026-09-01T21:42:36.6354723Z -- WITH_NTL:           OFF
2026-09-01T21:42:36.6354985Z -- WITH_TCM:           OFF
2026-09-01T21:42:36.6355210Z -- WITH_OPENMP:        ON
2026-09-01T21:42:36.6355433Z -- NATIVE_SIZE:        64
2026-09-01T21:42:36.6355693Z -- CKKS_M_FACTOR:      1
2026-09-01T21:42:36.6355932Z -- WITH_NATIVEOPT:     OFF
2026-09-01T21:42:36.6356173Z -- WITH_COVTEST:       OFF
2026-09-01T21:42:36.6356394Z -- WITH_NOISE_DEBUG:   OFF
2026-09-01T21:42:36.6356616Z -- WITH_REDUCED_NOISE: OFF
2026-09-01T21:42:36.6356815Z -- USE_MACPORTS:       OFF
2026-09-01T21:42:36.6357235Z ***** INSTALL IS AT C:/openfhe-2023-1788/openfhe-install; to change, run cmake with -DCMAKE_INSTALL_PREFIX=/your/path
2026-09-01T21:42:36.6357636Z -- BUILTIN_INFO_AVAILABLE is defined
2026-09-01T21:42:36.6523147Z -- Architecture is x86_64
2026-09-01T21:42:36.6534765Z -- Looking for sys/types.h
2026-09-01T21:42:37.0225436Z -- Looking for sys/types.h - found
2026-09-01T21:42:37.0226012Z -- Looking for stdint.h
2026-09-01T21:42:37.3663684Z -- Looking for stdint.h - found
2026-09-01T21:42:37.3664825Z -- Looking for stddef.h
2026-09-01T21:42:37.6790776Z -- Looking for stddef.h - found
2026-09-01T21:42:37.6791139Z -- Check size of __int128
2026-09-01T21:42:37.9777310Z -- Check size of __int128 - done
2026-09-01T21:42:37.9779284Z -- Check size of uint64_t
2026-09-01T21:42:38.3844898Z -- Check size of uint64_t - done
2026-09-01T21:42:38.3845286Z -- NATIVEINT is set to 64
2026-09-01T21:42:38.3845485Z -- MATHBACKEND is set to 4
2026-09-01T21:42:38.3845744Z -- MATHBACKEND set to 4. Setting WITH_BE4 to ON
2026-09-01T21:42:39.5931385Z -- Found OpenMP_C: -fopenmp (found version "5.2")
2026-09-01T21:42:39.9493098Z -- Found OpenMP_CXX: -fopenmp (found version "5.2")
2026-09-01T21:42:39.9496037Z -- Found OpenMP: TRUE (found version "5.2")
2026-09-01T21:42:39.9622834Z -- Found Git: D:/a/_temp/msys64/usr/bin/git.exe (found version "2.55.0")
2026-09-01T21:42:39.9623306Z -- Submodule update
2026-09-01T21:42:40.6699091Z Synchronizing submodule url for 'third-party/cereal'
2026-09-01T21:42:40.8072644Z Synchronizing submodule url for 'third-party/google-benchmark'
2026-09-01T21:42:40.8281637Z Synchronizing submodule url for 'third-party/google-test'
2026-09-01T21:42:40.8483013Z Synchronizing submodule url for 'third-party/gperftools'
2026-09-01T21:42:41.2584895Z -- Configuring done (6.2s)
2026-09-01T21:42:42.3266922Z -- Generating done (1.1s)
2026-09-01T21:42:42.3277153Z -- Build files have been written to: C:/openfhe-2023-1788/openfhe-build-33562346015-1
2026-09-01T21:42:42.3510402Z ##[group]Run build="$(cygpath -u "$OPENFHE_BUILD")"
2026-09-01T21:42:42.3510799Z [36;1mbuild="$(cygpath -u "$OPENFHE_BUILD")"[0m
2026-09-01T21:42:42.3511073Z [36;1mcmake --build "$build" --parallel 2[0m
2026-09-01T21:42:42.3511306Z [36;1mcmake --install "$build"[0m
2026-09-01T21:42:42.3513085Z shell: D:\a\_temp\setup-msys2\msys2.CMD {0}
2026-09-01T21:42:42.3513318Z env:
2026-09-01T21:42:42.3513531Z   OPENFHE_COMMIT: df495ba2e91739a6dc8f1de254fc5a41155ce504
2026-09-01T21:42:42.3513844Z   OPENFHE_PREFIX: C:\openfhe-2023-1788\openfhe-install
2026-09-01T21:42:42.3514103Z   WINDOWS_ROOT: C:\openfhe-2023-1788
2026-09-01T21:42:42.3514337Z   PROJECT_SOURCE: C:\openfhe-2023-1788\cleanroom
2026-09-01T21:42:42.3514754Z   OPENFHE_SOURCE: C:\openfhe-2023-1788\openfhe-src
2026-09-01T21:42:42.3515079Z   OPENFHE_BUILD: C:\openfhe-2023-1788\openfhe-build-33562346015-1
2026-09-01T21:42:42.3515423Z   PROJECT_BUILD: C:\openfhe-2023-1788\project-build-33562346015-1
2026-09-01T21:42:42.3515751Z   MSYSTEM: MINGW64
2026-09-01T21:42:42.3515945Z ##[endgroup]
2026-09-01T21:42:42.6750429Z -- Copied demoData files
2026-09-01T21:42:42.7044995Z [  0%] Built target third-party
2026-09-01T21:42:42.8055273Z [  2%] Building CXX object src/core/CMakeFiles/coreobj.dir/lib/lattice/constants-lattice-impl.cpp.obj
2026-09-01T21:42:42.8056038Z [  2%] Building CXX object src/core/CMakeFiles/coreobj.dir/lib/lattice/lattice.cpp.obj
2026-09-01T21:42:43.2933601Z [  3%] Building CXX object src/core/CMakeFiles/coreobj.dir/lib/lattice/stdlatticeparms.cpp.obj
2026-09-01T21:42:44.0907797Z [  4%] Building CXX object src/core/CMakeFiles/coreobj.dir/lib/lattice/trapdoor-dcrtpoly.cpp.obj
2026-09-01T21:42:50.2420297Z [  5%] Building CXX object src/core/CMakeFiles/coreobj.dir/lib/lattice/trapdoor-poly.cpp.obj
2026-09-01T21:42:57.6829904Z [  6%] Building CXX object src/core/CMakeFiles/coreobj.dir/lib/math/chebyshev.cpp.obj
2026-09-01T21:42:58.2827706Z [  6%] Building CXX object src/core/CMakeFiles/coreobj.dir/lib/math/dftransform.cpp.obj
2026-09-01T21:42:59.5006200Z [  8%] Building CXX object src/core/CMakeFiles/coreobj.dir/lib/math/discretegaussiangeneratorgeneric.cpp.obj
2026-09-01T21:42:59.5006953Z [  8%] Building CXX object src/core/CMakeFiles/coreobj.dir/lib/math/distributiongenerator.cpp.obj
2026-09-01T21:43:00.0590544Z [  9%] Building CXX object src/core/CMakeFiles/coreobj.dir/lib/math/hal/bigintdyn/be4-math-impl.cpp.obj
2026-09-01T21:43:00.7744104Z [ 10%] Building CXX object src/core/CMakeFiles/coreobj.dir/lib/math/hal/bigintdyn/mubintvecdyn.cpp.obj
2026-09-01T21:43:02.9615804Z [ 11%] Building CXX object src/core/CMakeFiles/coreobj.dir/lib/math/hal/bigintdyn/ubintdyn.cpp.obj
2026-09-01T21:43:04.3747667Z [ 12%] Building CXX object src/core/CMakeFiles/coreobj.dir/lib/math/hal/bigintfxd/be2-math-impl.cpp.obj
2026-09-01T21:43:04.4593794Z [ 13%] Building CXX object src/core/CMakeFiles/coreobj.dir/lib/math/hal/bigintfxd/mubintvecfxd.cpp.obj
2026-09-01T21:43:04.6599537Z [ 14%] Building CXX object src/core/CMakeFiles/coreobj.dir/lib/math/hal/bigintfxd/ubintfxd.cpp.obj
2026-09-01T21:43:04.7433651Z [ 15%] Building CXX object src/core/CMakeFiles/coreobj.dir/lib/math/hal/bigintntl/be6-math-impl.cpp.obj
2026-09-01T21:43:04.8328859Z [ 15%] Building CXX object src/core/CMakeFiles/coreobj.dir/lib/math/hal/bigintntl/mubintvecntl.cpp.obj
2026-09-01T21:43:04.9989851Z [ 16%] Building CXX object src/core/CMakeFiles/coreobj.dir/lib/math/hal/bigintntl/ubintntl.cpp.obj
2026-09-01T21:43:05.1255666Z [ 17%] Building CXX object src/core/CMakeFiles/coreobj.dir/lib/math/hal/intnat/benative-math-impl.cpp.obj
2026-09-01T21:43:05.2799943Z [ 18%] Building CXX object src/core/CMakeFiles/coreobj.dir/lib/math/hal/intnat/mubintvecnat.cpp.obj
2026-09-01T21:43:06.8571715Z Terminate batch job (Y/N)? 
2026-09-01T21:43:06.8580404Z ^C
2026-09-01T21:43:06.8682433Z ##[error]The operation was canceled.
2026-09-01T21:43:06.8780503Z Cleaning up orphan processes
