2026-08-31T18:50:49.5407651Z Current runner version: '2.337.0'
2026-08-31T18:50:49.5432729Z ##[group]Runner Image Provisioner
2026-08-31T18:50:49.5433518Z Hosted Compute Agent
2026-08-31T18:50:49.5434029Z Version: 20260819.586
2026-08-31T18:50:49.5434918Z Commit: 3cc4a88dfa507ef76119ad1bb3eccc6378bb2b76
2026-08-31T18:50:49.5435596Z Build Date: 2026-08-18T23:20:18Z
2026-08-31T18:50:49.5436234Z Worker ID: {c2ec5f47-5253-4a98-87dc-5d5360e8aa84}
2026-08-31T18:50:49.5436892Z Azure Region: westus
2026-08-31T18:50:49.5437404Z ##[endgroup]
2026-08-31T18:50:49.5439303Z ##[group]Operating System
2026-08-31T18:50:49.5439942Z Microsoft Windows Server 2022
2026-08-31T18:50:49.5440541Z 10.0.20348
2026-08-31T18:50:49.5441027Z Datacenter
2026-08-31T18:50:49.5441503Z ##[endgroup]
2026-08-31T18:50:49.5442010Z ##[group]Runner Image
2026-08-31T18:50:49.5442548Z Image: windows-2022
2026-08-31T18:50:49.5443047Z Version: 20260824.284.2
2026-08-31T18:50:49.5444384Z Included Software: https://github.com/actions/runner-images/blob/win22/20260824.284/images/windows/Windows2022-Readme.md
2026-08-31T18:50:49.5445825Z Image Release: https://github.com/actions/runner-images/releases/tag/win22%2F20260824.284
2026-08-31T18:50:49.5446703Z ##[endgroup]
2026-08-31T18:50:49.5447748Z ##[group]GITHUB_TOKEN Permissions
2026-08-31T18:50:49.5449651Z Contents: read
2026-08-31T18:50:49.5450217Z Metadata: read
2026-08-31T18:50:49.5450773Z ##[endgroup]
2026-08-31T18:50:49.5452764Z Secret source: Actions
2026-08-31T18:50:49.5453939Z Prepare workflow directory
2026-08-31T18:50:49.6051743Z Prepare all required actions
2026-08-31T18:50:49.6100305Z Getting action download info
2026-08-31T18:50:50.0029066Z Download action repository 'msys2/setup-msys2@v2' (SHA:66cd2cce69caa17b53920067426061ca1de3a884)
2026-08-31T18:50:50.3803868Z Complete job name: windows-mingw64
2026-08-31T18:50:50.5602130Z ##[group]Run git config --global core.autocrlf false
2026-08-31T18:50:50.5603053Z [36;1mgit config --global core.autocrlf false[0m
2026-08-31T18:50:50.5603722Z [36;1mgit config --global core.eol lf[0m
2026-08-31T18:50:50.5604520Z [36;1mNew-Item -ItemType Directory -Path $env:WINDOWS_ROOT | Out-Null[0m
2026-08-31T18:50:50.5605236Z [36;1m[0m
2026-08-31T18:50:50.5605656Z [36;1mgit init $env:PROJECT_SOURCE[0m
2026-08-31T18:50:50.5606512Z [36;1mgit -C $env:PROJECT_SOURCE remote add origin https://github.com/leemaple/20231788..git[0m
2026-08-31T18:50:50.5607547Z [36;1mgit -C $env:PROJECT_SOURCE fetch --depth 1 origin $env:GITHUB_SHA[0m
2026-08-31T18:50:50.5608402Z [36;1mgit -C $env:PROJECT_SOURCE checkout --detach FETCH_HEAD[0m
2026-08-31T18:50:50.5609260Z [36;1m$projectActual = git -C $env:PROJECT_SOURCE rev-parse HEAD[0m
2026-08-31T18:50:50.5610026Z [36;1mif ($projectActual -ne $env:GITHUB_SHA) {[0m
2026-08-31T18:50:50.5610787Z [36;1m  throw "Project checkout mismatch: $projectActual"[0m
2026-08-31T18:50:50.5611435Z [36;1m}[0m
2026-08-31T18:50:50.5611830Z [36;1m[0m
2026-08-31T18:50:50.5612252Z [36;1mgit init $env:OPENFHE_SOURCE[0m
2026-08-31T18:50:50.5613542Z [36;1mgit -C $env:OPENFHE_SOURCE remote add origin https://github.com/openfheorg/openfhe-development.git[0m
2026-08-31T18:50:50.5614680Z [36;1mgit -C $env:OPENFHE_SOURCE fetch --depth 1 origin $env:OPENFHE_COMMIT[0m
2026-08-31T18:50:50.5615544Z [36;1mgit -C $env:OPENFHE_SOURCE checkout --detach FETCH_HEAD[0m
2026-08-31T18:50:50.5616414Z [36;1mgit -C $env:OPENFHE_SOURCE submodule update --init --recursive --depth 1[0m
2026-08-31T18:50:50.5617161Z [36;1m[0m
2026-08-31T18:50:50.5617747Z [36;1m$projectStatus = @(git -C $env:PROJECT_SOURCE status --porcelain)[0m
2026-08-31T18:50:50.5618515Z [36;1mif ($projectStatus.Count -ne 0) {[0m
2026-08-31T18:50:50.5619250Z [36;1m  throw "Project checkout is dirty: $($projectStatus -join '; ')"[0m
2026-08-31T18:50:50.5619956Z [36;1m}[0m
2026-08-31T18:50:50.5620535Z [36;1m$openfheStatus = @(git -C $env:OPENFHE_SOURCE status --porcelain)[0m
2026-08-31T18:50:50.5621282Z [36;1mif ($openfheStatus.Count -ne 0) {[0m
2026-08-31T18:50:50.5623730Z [36;1m  throw "OpenFHE checkout is dirty: $($openfheStatus -join '; ')"[0m
2026-08-31T18:50:50.5624444Z [36;1m}[0m
2026-08-31T18:50:50.7581534Z shell: C:\Program Files\PowerShell\7\pwsh.EXE -command ". '{0}'"
2026-08-31T18:50:50.7582782Z env:
2026-08-31T18:50:50.7583403Z   OPENFHE_COMMIT: df495ba2e91739a6dc8f1de254fc5a41155ce504
2026-08-31T18:50:50.7584295Z   OPENFHE_PREFIX: C:\openfhe-2023-1788\openfhe-install
2026-08-31T18:50:50.7585069Z   WINDOWS_ROOT: C:\openfhe-2023-1788
2026-08-31T18:50:50.7585758Z   PROJECT_SOURCE: C:\openfhe-2023-1788\cleanroom
2026-08-31T18:50:50.7586533Z   OPENFHE_SOURCE: C:\openfhe-2023-1788\openfhe-src
2026-08-31T18:50:50.7587420Z   OPENFHE_BUILD: C:\openfhe-2023-1788\openfhe-build-33427271692-1
2026-08-31T18:50:50.7588434Z   PROJECT_BUILD: C:\openfhe-2023-1788\project-build-33427271692-1
2026-08-31T18:50:50.7589252Z ##[endgroup]
2026-08-31T18:50:51.8113431Z Initialized empty Git repository in C:/openfhe-2023-1788/cleanroom/.git/
2026-08-31T18:50:53.9525605Z From https://github.com/leemaple/20231788.
2026-08-31T18:50:53.9526956Z  * branch            1408d46217e97a1c14d43d49b64791da22f652da -> FETCH_HEAD
2026-08-31T18:50:54.1107697Z HEAD is now at 1408d46 feat: implement bounded Tensor2 algorithm
2026-08-31T18:50:54.1950503Z Initialized empty Git repository in C:/openfhe-2023-1788/openfhe-src/.git/
2026-08-31T18:50:55.6802132Z From https://github.com/openfheorg/openfhe-development
2026-08-31T18:50:55.6802784Z  * branch            df495ba2e91739a6dc8f1de254fc5a41155ce504 -> FETCH_HEAD
2026-08-31T18:50:56.3817775Z HEAD is now at df495ba Merge pull request #1130 from openfheorg/dev
2026-08-31T18:50:57.7889874Z Submodule 'third-party/cereal' (https://github.com/openfheorg/cereal.git) registered for path 'third-party/cereal'
2026-08-31T18:50:57.7911690Z Submodule 'third-party/google-benchmark' (https://github.com/google/benchmark.git) registered for path 'third-party/google-benchmark'
2026-08-31T18:50:57.7929686Z Submodule 'third-party/google-test' (https://github.com/google/googletest.git) registered for path 'third-party/google-test'
2026-08-31T18:50:57.8017905Z Submodule 'third-party/gperftools' (https://github.com/gperftools/gperftools.git) registered for path 'third-party/gperftools'
2026-08-31T18:50:57.8487374Z Cloning into 'C:/openfhe-2023-1788/openfhe-src/third-party/cereal'...
2026-08-31T18:50:58.5836740Z Cloning into 'C:/openfhe-2023-1788/openfhe-src/third-party/google-benchmark'...
2026-08-31T18:50:59.6474173Z Cloning into 'C:/openfhe-2023-1788/openfhe-src/third-party/google-test'...
2026-08-31T18:51:00.3818397Z Cloning into 'C:/openfhe-2023-1788/openfhe-src/third-party/gperftools'...
2026-08-31T18:51:01.6289682Z Submodule path 'third-party/cereal': checked out '984e3f194862b17916536b5fade40cba6e47a6fe'
2026-08-31T18:51:03.9959584Z From https://github.com/google/benchmark
2026-08-31T18:51:03.9960689Z  * branch            eddb0241389718a23a42db6af5f0164b6e0139af -> FETCH_HEAD
2026-08-31T18:51:04.3846799Z Submodule path 'third-party/google-benchmark': checked out 'eddb0241389718a23a42db6af5f0164b6e0139af'
2026-08-31T18:51:05.7069940Z From https://github.com/google/googletest
2026-08-31T18:51:05.7070760Z  * branch            52eb8108c5bdec04579160ae17225d66034bd723 -> FETCH_HEAD
2026-08-31T18:51:06.6097437Z Submodule path 'third-party/google-test': checked out '52eb8108c5bdec04579160ae17225d66034bd723'
2026-08-31T18:51:08.1900979Z From https://github.com/gperftools/gperftools
2026-08-31T18:51:08.1901737Z  * branch            83edb60836d87cf1b406e8846b9059c03031e8f5 -> FETCH_HEAD
2026-08-31T18:51:09.4242699Z Submodule path 'third-party/gperftools': checked out '83edb60836d87cf1b406e8846b9059c03031e8f5'
2026-08-31T18:51:09.7524251Z ##[group]Run msys2/setup-msys2@v2
2026-08-31T18:51:09.7524591Z with:
2026-08-31T18:51:09.7524771Z   msystem: MINGW64
2026-08-31T18:51:09.7524994Z   update: true
2026-08-31T18:51:09.7525209Z   cache: false
2026-08-31T18:51:09.7525543Z   install: git make mingw-w64-x86_64-boost mingw-w64-x86_64-cmake mingw-w64-x86_64-gcc
2026-08-31T18:51:09.7526745Z   path-type: minimal
2026-08-31T18:51:09.7526947Z   release: true
2026-08-31T18:51:09.7527149Z   platform-check-severity: fatal
2026-08-31T18:51:09.7527378Z env:
2026-08-31T18:51:09.7527612Z   OPENFHE_COMMIT: df495ba2e91739a6dc8f1de254fc5a41155ce504
2026-08-31T18:51:09.7527984Z   OPENFHE_PREFIX: C:\openfhe-2023-1788\openfhe-install
2026-08-31T18:51:09.7528288Z   WINDOWS_ROOT: C:\openfhe-2023-1788
2026-08-31T18:51:09.7528556Z   PROJECT_SOURCE: C:\openfhe-2023-1788\cleanroom
2026-08-31T18:51:09.7528867Z   OPENFHE_SOURCE: C:\openfhe-2023-1788\openfhe-src
2026-08-31T18:51:09.7529255Z   OPENFHE_BUILD: C:\openfhe-2023-1788\openfhe-build-33427271692-1
2026-08-31T18:51:09.7529665Z   PROJECT_BUILD: C:\openfhe-2023-1788\project-build-33427271692-1
2026-08-31T18:51:09.7529980Z ##[endgroup]
2026-08-31T18:51:09.9133312Z ##[group]Downloading MSYS2...
2026-08-31T18:51:10.9152315Z ##[endgroup]
2026-08-31T18:51:10.9153079Z ##[group]Extracting MSYS2...
2026-08-31T18:51:10.9170200Z [command]C:\hostedtoolcache\windows\msys2-installer\0.0.20260611\x64\base.exe -y
2026-08-31T18:51:11.1983235Z 
2026-08-31T18:51:11.1984340Z 7-Zip SFX 25.01 ZS v1.5.7 R4 (x64) : Copyright (c) 1999-2025 Igor Pavlov, 2016-2026 Tino Reichardt, 2022-2026 Sergey G. Brester : 2026-01-10
2026-08-31T18:51:11.1985277Z 
2026-08-31T18:51:11.1986828Z Extracting archive: C:\hostedtoolcache\windows\msys2-installer\0.0.20260611\x64\base.exe
2026-08-31T18:51:11.1987843Z --
2026-08-31T18:51:11.1988486Z Path = C:\hostedtoolcache\windows\msys2-installer\0.0.20260611\x64\base.exe
2026-08-31T18:51:11.1989257Z Type = 7z
2026-08-31T18:51:11.1989427Z 
2026-08-31T18:51:11.3999081Z   0%
2026-08-31T18:51:11.3999414Z     
2026-08-31T18:51:11.5987489Z   0% 1201 - msys64\usr\bin\tzselect
2026-08-31T18:51:11.5988919Z                                    
2026-08-31T18:51:11.8081032Z   3% 2028 - msys64\usr\lib\terminfo\63\cygwinB19
2026-08-31T18:51:11.8081472Z                                                 
2026-08-31T18:51:12.0115739Z   4% 3091 - msys64\usr\lib\terminfo\6f\osborne-w
2026-08-31T18:51:12.0116222Z                                                 
2026-08-31T18:51:12.2033277Z   4% 4078 - msys64\usr\lib\terminfo\77\wyse325-43w
2026-08-31T18:51:12.2033873Z                                                   
2026-08-31T18:51:12.4065535Z   5% 4976 - msys64\usr\share\bash-completion\completions\pypy3
2026-08-31T18:51:12.4066269Z                                                               
2026-08-31T18:51:12.6091043Z   9% 5887 - msys64\usr\share\info\gdbm.info.gz
2026-08-31T18:51:12.6091916Z                                               
2026-08-31T18:51:12.8116794Z  21% 6507 - msys64\usr\share\locale\nb\LC_MESSAGES\gettext-tools.mo
2026-08-31T18:51:12.8117583Z                                                                    
2026-08-31T18:51:13.0131905Z  32% 7091 - msys64\usr\share\man\man1\basename.1.gz
2026-08-31T18:51:13.0132739Z                                                    
2026-08-31T18:51:13.2168922Z  33% 8091 - msys64\usr\share\man\man3\CURLOPT_TCP_KEEPCNT.3.gz
2026-08-31T18:51:13.2169808Z                                                               
2026-08-31T18:51:13.4200546Z  34% 9100 - msys64\usr\share\man\man3\set_item_term.3x.gz
2026-08-31T18:51:13.4201194Z                                                          
2026-08-31T18:51:13.6225427Z  41% 9907 - msys64\usr\share\perl5\core_perl\Module\Load.pm
2026-08-31T18:51:13.6226092Z                                                            
2026-08-31T18:51:13.8369962Z  44% 10738 - msys64\usr\share\perl5\core_perl\unicore\lib\PatSyn\Y.pl
2026-08-31T18:51:13.8373391Z                                                                      
2026-08-31T18:51:14.0400575Z  47% 11752 - msys64\usr\share\terminfo\64\d578-7b
2026-08-31T18:51:14.0401046Z                                                  
2026-08-31T18:51:14.2460624Z  47% 12851 - msys64\usr\share\terminfo\71\qvt119+-w
2026-08-31T18:51:14.2461369Z                                                    
2026-08-31T18:51:14.4476212Z  47% 13933 - msys64\usr\share\zoneinfo\Africa\Bangui
2026-08-31T18:51:14.6505812Z                                                     
2026-08-31T18:51:14.6506349Z  48% 14984 - msys64\usr\share\zoneinfo\posix\Europe\Uzhgorod
2026-08-31T18:51:14.6506706Z                                                             
2026-08-31T18:51:14.8586169Z  49% 16032 - msys64\var\lib\pacman\sync\mingw64.db.sig
2026-08-31T18:51:14.8586593Z                                                       
2026-08-31T18:51:15.0567573Z  62% 16297 - msys64\usr\bin\msys-gnutlsxx-30.dll
2026-08-31T18:51:15.0568102Z                                                 
2026-08-31T18:51:15.1484980Z  91% 16445 - msys64\usr\bin\truncate.exe
2026-08-31T18:51:15.1485634Z                                         
2026-08-31T18:51:15.1486183Z Everything is Ok
2026-08-31T18:51:15.1511712Z ##[endgroup]
2026-08-31T18:51:15.1512440Z ##[group]Disable Key Refresh...
2026-08-31T18:51:15.1533014Z ##[endgroup]
2026-08-31T18:51:15.1551016Z ##[group]Starting MSYS2 for the first time...
2026-08-31T18:51:15.2435481Z [command]C:\Windows\system32\cmd.exe /D /S /C D:\a\_temp\setup-msys2\msys2.cmd -c "'uname' '-a'"
2026-08-31T18:51:15.3457078Z [1;32mMSYS2 is starting for the first time. Executing the initial setup.[1;0m
2026-08-31T18:51:15.3772332Z Copying skeleton files.
2026-08-31T18:51:15.3772935Z These files are for the users to personalise their msys2 experience.
2026-08-31T18:51:15.3773241Z 
2026-08-31T18:51:15.3773398Z They will never be overwritten nor automatically updated.
2026-08-31T18:51:15.3773648Z 
2026-08-31T18:51:15.4192443Z './.bashrc' -> '/home/runneradmin/.bashrc'
2026-08-31T18:51:15.4326876Z './.bash_profile' -> '/home/runneradmin/.bash_profile'
2026-08-31T18:51:15.4460842Z './.profile' -> '/home/runneradmin/.profile'
2026-08-31T18:51:15.4919757Z 'C:\Windows\system32\drivers\etc\hosts' -> '/etc/hosts'
2026-08-31T18:51:15.5372450Z 'C:\Windows\system32\drivers\etc\protocol' -> '/etc/protocols'
2026-08-31T18:51:15.5773372Z 'C:\Windows\system32\drivers\etc\services' -> '/etc/services'
2026-08-31T18:51:15.6176747Z 'C:\Windows\system32\drivers\etc\networks' -> '/etc/networks'
2026-08-31T18:51:15.7708940Z gpg: /etc/pacman.d/gnupg/trustdb.gpg: trustdb created
2026-08-31T18:51:15.7775997Z gpg: no ultimately trusted keys found
2026-08-31T18:51:16.0167177Z gpg: starting migration from earlier GnuPG versions
2026-08-31T18:51:16.0784908Z gpg: porting secret keys from '/etc/pacman.d/gnupg/secring.gpg' to gpg-agent
2026-08-31T18:51:16.0795496Z gpg: migration succeeded
2026-08-31T18:51:16.1956451Z ==> Generating pacman master key. This may take some time.
2026-08-31T18:51:16.2119240Z gpg: Generating pacman keyring master key...
2026-08-31T18:51:18.3036898Z gpg: directory '/etc/pacman.d/gnupg/openpgp-revocs.d' created
2026-08-31T18:51:18.3285483Z gpg: revocation certificate stored as '/etc/pacman.d/gnupg/openpgp-revocs.d/2C84D88FA3502450F3DF63E322B1D36D0578A45C.rev'
2026-08-31T18:51:18.3286961Z gpg: Done
2026-08-31T18:51:18.3430184Z ==> Updating trust database...
2026-08-31T18:51:18.3752558Z gpg: marginals needed: 3  completes needed: 1  trust model: pgp
2026-08-31T18:51:18.3753369Z gpg: depth: 0  valid:   1  signed:   0  trust: 0-, 0q, 0n, 0m, 0f, 1u
2026-08-31T18:51:18.4781061Z ==> Appending keys from msys2.gpg...
2026-08-31T18:51:18.9922677Z ==> Locally signing trusted keys in keyring...
2026-08-31T18:51:19.4820542Z   -> Locally signed 5 keys.
2026-08-31T18:51:19.4942067Z ==> Importing owner trust values...
2026-08-31T18:51:19.5097162Z gpg: setting ownertrust to 4
2026-08-31T18:51:19.5098109Z gpg: setting ownertrust to 4
2026-08-31T18:51:19.5099575Z gpg: setting ownertrust to 4
2026-08-31T18:51:19.5099920Z gpg: setting ownertrust to 4
2026-08-31T18:51:19.5100209Z gpg: setting ownertrust to 4
2026-08-31T18:51:19.5317287Z ==> Disabling revoked keys in keyring...
2026-08-31T18:51:19.7297713Z   -> Disabled 4 keys.
2026-08-31T18:51:19.7418386Z ==> Updating trust database...
2026-08-31T18:51:19.7751887Z gpg: marginals needed: 3  completes needed: 1  trust model: pgp
2026-08-31T18:51:19.7778631Z gpg: depth: 0  valid:   1  signed:   5  trust: 0-, 0q, 0n, 0m, 0f, 1u
2026-08-31T18:51:19.7807535Z gpg: depth: 1  valid:   5  signed:   6  trust: 0-, 0q, 0n, 5m, 0f, 0u
2026-08-31T18:51:19.7820161Z gpg: depth: 2  valid:   3  signed:   2  trust: 3-, 0q, 0n, 0m, 0f, 0u
2026-08-31T18:51:19.8137045Z pacman-key (pacman) 6.1.0
2026-08-31T18:51:19.8138063Z Copyright (c) 2010-2024 Pacman Development Team <pacman-dev@lists.archlinux.org>.
2026-08-31T18:51:19.8139114Z 
2026-08-31T18:51:19.8260338Z This is free software; see the source for copying conditions.
2026-08-31T18:51:19.8261031Z There is NO WARRANTY, to the extent permitted by law.
2026-08-31T18:51:19.9968928Z [1;32mInitial setup complete. MSYS2 is now ready to use.[1;0m
2026-08-31T18:51:20.0105152Z MINGW64_NT-10.0-20348 runnervm0js1w 3.6.9-01d6c708.x86_64 2026-05-24 10:45 UTC x86_64 Msys
2026-08-31T18:51:20.0145462Z ##[endgroup]
2026-08-31T18:51:20.0146034Z ##[group]Disable CheckSpace...
2026-08-31T18:51:20.0958442Z [command]C:\Windows\system32\cmd.exe /D /S /C D:\a\_temp\setup-msys2\msys2.cmd -c "'sed' '-i' 's/^CheckSpace/#CheckSpace/g' '/etc/pacman.conf'"
2026-08-31T18:51:20.3549320Z ##[endgroup]
2026-08-31T18:51:20.3550154Z ##[group]Updating packages...
2026-08-31T18:51:20.4343598Z [command]C:\Windows\system32\cmd.exe /D /S /C D:\a\_temp\setup-msys2\msys2.cmd -c "'pacman' '--noconfirm' '-Syuu' '--overwrite' '*'"
2026-08-31T18:51:21.0631069Z :: Synchronizing package databases...
2026-08-31T18:51:22.2320590Z  clangarm64 downloading...
2026-08-31T18:51:22.2321337Z  mingw32 downloading...
2026-08-31T18:51:22.2321687Z  mingw64 downloading...
2026-08-31T18:51:22.2321955Z  ucrt64 downloading...
2026-08-31T18:51:22.2322213Z  clang64 downloading...
2026-08-31T18:51:22.2322468Z  msys downloading...
2026-08-31T18:51:22.6693122Z :: Starting core system upgrade...
2026-08-31T18:51:22.8508222Z warning: terminate other MSYS2 programs before proceeding
2026-08-31T18:51:22.8508737Z resolving dependencies...
2026-08-31T18:51:22.8509054Z looking for conflicting packages...
2026-08-31T18:51:22.8609080Z 
2026-08-31T18:51:22.8609432Z Packages (1) msys2-runtime-3.6.10-3
2026-08-31T18:51:22.8610000Z 
2026-08-31T18:51:22.8610220Z Total Download Size:    1.97 MiB
2026-08-31T18:51:22.8610718Z Total Installed Size:   6.33 MiB
2026-08-31T18:51:22.8611239Z Net Upgrade Size:      -0.20 MiB
2026-08-31T18:51:22.8611638Z 
2026-08-31T18:51:22.8611961Z :: Proceed with installation? [Y/n] 
2026-08-31T18:51:22.8612628Z :: Retrieving packages...
2026-08-31T18:51:23.5582500Z  msys2-runtime-3.6.10-3-x86_64 downloading...
2026-08-31T18:51:23.5582957Z checking keyring...
2026-08-31T18:51:23.6122900Z checking package integrity...
2026-08-31T18:51:23.7745506Z loading package files...
2026-08-31T18:51:23.7770886Z checking for file conflicts...
2026-08-31T18:51:23.7792117Z :: Processing package changes...
2026-08-31T18:51:23.7792425Z upgrading msys2-runtime...
2026-08-31T18:51:23.9258844Z :: To complete this update all MSYS2 processes including this terminal will be closed. Confirm to proceed [Y/n] 
2026-08-31T18:51:24.1995380Z ##[endgroup]
2026-08-31T18:51:24.1996102Z ##[group]Killing remaining tasks...
2026-08-31T18:51:24.2799194Z [command]C:\Windows\system32\taskkill.exe /F /FI "MODULES eq msys-2.0.dll"
2026-08-31T18:51:24.4848288Z 
2026-08-31T18:51:24.4848858Z INFO: No tasks running with the specified criteria.
2026-08-31T18:51:24.4878448Z ##[endgroup]
2026-08-31T18:51:24.4878925Z ##[group]Final system upgrade...
2026-08-31T18:51:24.5656013Z [command]C:\Windows\system32\cmd.exe /D /S /C D:\a\_temp\setup-msys2\msys2.cmd -c "'pacman' '--noconfirm' '-Syuu' '--overwrite' '*'"
2026-08-31T18:51:25.1729536Z :: Synchronizing package databases...
2026-08-31T18:51:26.2821577Z  clangarm64 downloading...
2026-08-31T18:51:26.2822300Z  mingw32 downloading...
2026-08-31T18:51:26.2822740Z  mingw64 downloading...
2026-08-31T18:51:26.2823198Z  ucrt64 downloading...
2026-08-31T18:51:26.2825250Z  clang64 downloading...
2026-08-31T18:51:26.2825772Z  msys downloading...
2026-08-31T18:51:26.6938291Z :: Starting core system upgrade...
2026-08-31T18:51:26.8736125Z  there is nothing to do
2026-08-31T18:51:26.8736621Z :: Starting full system upgrade...
2026-08-31T18:51:26.9042965Z resolving dependencies...
2026-08-31T18:51:26.9106323Z looking for conflicting packages...
2026-08-31T18:51:26.9232544Z 
2026-08-31T18:51:26.9236164Z Packages (31) bash-completion-2.18.0-1  bsdtar-3.8.9-1  ca-certificates-20260816-1  curl-8.21.0-1  findutils-4.11.0-2  gawk-5.4.1-1  gcc-libs-15.3.0-1  gnupg-2.4.9-3  libcurl-8.21.0-1  libexpat-2.8.3-1  libffi-3.8.0-1  libgnutls-3.8.13-2  libhogweed-4.0-1  libnettle-4.0-1  libnghttp2-1.70.0-1  libnghttp3-1.18.0-1  libngtcp2-1.25.0-1  libopenssl-3.6.4-1  libp11-kit-0.26.5-1  libpsl-0.23.2-1  libsqlite-3.53.4-1  msys2-keyring-1~20260814-1  nano-9.2-1  nettle-4.0-1  openssl-3.6.4-1  p11-kit-0.26.5-1  pacman-contrib-1.10.6-2  perl-5.42.3-1  pinentry-1.3.3-1  tzcode-2026c-1  wget-1.25.0-2
2026-08-31T18:51:26.9239767Z 
2026-08-31T18:51:26.9239934Z Total Download Size:    27.05 MiB
2026-08-31T18:51:26.9240377Z Total Installed Size:  108.42 MiB
2026-08-31T18:51:26.9240817Z Net Upgrade Size:       -1.02 MiB
2026-08-31T18:51:26.9241186Z 
2026-08-31T18:51:26.9241671Z :: Proceed with installation? [Y/n] 
2026-08-31T18:51:26.9242205Z :: Retrieving packages...
2026-08-31T18:51:29.5719535Z  perl-5.42.3-1-x86_64 downloading...
2026-08-31T18:51:29.5720794Z  pacman-contrib-1.10.6-2-x86_64 downloading...
2026-08-31T18:51:29.5722092Z  gnupg-2.4.9-3-x86_64 downloading...
2026-08-31T18:51:29.5722933Z  libopenssl-3.6.4-1-x86_64 downloading...
2026-08-31T18:51:29.5723590Z  gawk-5.4.1-1-x86_64 downloading...
2026-08-31T18:51:29.5724697Z  libgnutls-3.8.13-2-x86_64 downloading...
2026-08-31T18:51:29.5725072Z  gcc-libs-15.3.0-1-x86_64 downloading...
2026-08-31T18:51:29.5725429Z  curl-8.21.0-1-x86_64 downloading...
2026-08-31T18:51:29.5727972Z  wget-1.25.0-2-x86_64 downloading...
2026-08-31T18:51:29.5729438Z  libsqlite-3.53.4-1-x86_64 downloading...
2026-08-31T18:51:29.5730869Z  nano-9.2-1-x86_64 downloading...
2026-08-31T18:51:29.5731207Z  openssl-3.6.4-1-x86_64 downloading...
2026-08-31T18:51:29.5732464Z  findutils-4.11.0-2-x86_64 downloading...
2026-08-31T18:51:29.5733839Z  p11-kit-0.26.5-1-x86_64 downloading...
2026-08-31T18:51:29.5734686Z  ca-certificates-20260816-1-any downloading...
2026-08-31T18:51:29.5735532Z  libcurl-8.21.0-1-x86_64 downloading...
2026-08-31T18:51:29.5736013Z  bsdtar-3.8.9-1-x86_64 downloading...
2026-08-31T18:51:29.5737460Z  tzcode-2026c-1-x86_64 downloading...
2026-08-31T18:51:29.5737993Z  libp11-kit-0.26.5-1-x86_64 downloading...
2026-08-31T18:51:29.5738848Z  bash-completion-2.18.0-1-any downloading...
2026-08-31T18:51:29.5739325Z  libhogweed-4.0-1-x86_64 downloading...
2026-08-31T18:51:29.5739685Z  libngtcp2-1.25.0-1-x86_64 downloading...
2026-08-31T18:51:29.5740578Z  libnettle-4.0-1-x86_64 downloading...
2026-08-31T18:51:29.5740950Z  nettle-4.0-1-x86_64 downloading...
2026-08-31T18:51:29.5742327Z  libpsl-0.23.2-1-x86_64 downloading...
2026-08-31T18:51:29.5742882Z  libnghttp3-1.18.0-1-x86_64 downloading...
2026-08-31T18:51:29.5743467Z  libnghttp2-1.70.0-1-x86_64 downloading...
2026-08-31T18:51:29.5744105Z  libexpat-2.8.3-1-x86_64 downloading...
2026-08-31T18:51:29.5744702Z  pinentry-1.3.3-1-x86_64 downloading...
2026-08-31T18:51:29.5745360Z  msys2-keyring-1~20260814-1-any downloading...
2026-08-31T18:51:29.5745927Z  libffi-3.8.0-1-x86_64 downloading...
2026-08-31T18:51:29.5746439Z checking keyring...
2026-08-31T18:51:29.6410230Z checking package integrity...
2026-08-31T18:51:33.9649997Z loading package files...
2026-08-31T18:51:34.0367691Z checking for file conflicts...
2026-08-31T18:51:34.0919178Z :: Running pre-transaction hooks...
2026-08-31T18:51:34.0919758Z (1/1) Removing old entries from the info directory file...
2026-08-31T18:51:34.2050633Z :: Processing package changes...
2026-08-31T18:51:34.2051462Z upgrading bash-completion...
2026-08-31T18:51:35.1031965Z upgrading gcc-libs...
2026-08-31T18:51:35.1211240Z upgrading libexpat...
2026-08-31T18:51:35.1257388Z upgrading libopenssl...
2026-08-31T18:51:35.1519855Z upgrading bsdtar...
2026-08-31T18:51:35.1616199Z upgrading openssl...
2026-08-31T18:51:35.2673220Z upgrading findutils...
2026-08-31T18:51:35.3490969Z upgrading libffi...
2026-08-31T18:51:35.3595741Z upgrading libp11-kit...
2026-08-31T18:51:35.3666703Z upgrading p11-kit...
2026-08-31T18:51:35.5181247Z upgrading ca-certificates...
2026-08-31T18:51:36.0520196Z upgrading libnghttp3...
2026-08-31T18:51:36.0581109Z upgrading libngtcp2...
2026-08-31T18:51:36.0660558Z upgrading libnghttp2...
2026-08-31T18:51:36.0720057Z upgrading libpsl...
2026-08-31T18:51:36.0812534Z upgrading libcurl...
2026-08-31T18:51:36.0876550Z upgrading curl...
2026-08-31T18:51:36.5281791Z upgrading gawk...
2026-08-31T18:51:36.6287404Z upgrading libhogweed...
2026-08-31T18:51:36.6333241Z upgrading libnettle...
2026-08-31T18:51:36.6382917Z upgrading libgnutls...
2026-08-31T18:51:36.6893292Z upgrading libsqlite...
2026-08-31T18:51:36.6994468Z upgrading nettle...
2026-08-31T18:51:36.7073987Z upgrading pinentry...
2026-08-31T18:51:36.7134748Z upgrading gnupg...
2026-08-31T18:51:41.2713500Z ==> Appending keys from msys2.gpg...
2026-08-31T18:51:41.7296064Z ==> Updating trust database...
2026-08-31T18:51:41.7461687Z gpg: no need for a trustdb check
2026-08-31T18:51:41.8305055Z upgrading msys2-keyring...
2026-08-31T18:51:42.1634035Z ==> Appending keys from msys2.gpg...
2026-08-31T18:51:42.7467916Z ==> Updating trust database...
2026-08-31T18:51:42.7630262Z gpg: next trustdb check due at 2027-02-10
2026-08-31T18:51:42.8476971Z upgrading nano...
2026-08-31T18:51:42.9463404Z upgrading pacman-contrib...
2026-08-31T18:51:43.0097021Z New optional dependencies for pacman-contrib
2026-08-31T18:51:43.0097620Z     perl: for pacsearch [installed]
2026-08-31T18:51:43.0098091Z     vim: default diff program for pacdiff
2026-08-31T18:51:43.0098594Z upgrading perl...
2026-08-31T18:51:44.7378802Z upgrading tzcode...
2026-08-31T18:51:46.6185025Z upgrading wget...
2026-08-31T18:51:46.7335860Z :: Running post-transaction hooks...
2026-08-31T18:51:46.7336406Z (1/1) Updating the info directory file...
2026-08-31T18:51:48.4559396Z ##[endgroup]
2026-08-31T18:51:48.4560624Z ##[group]Installing additional packages through pacman...
2026-08-31T18:51:48.5344927Z [command]C:\Windows\system32\cmd.exe /D /S /C D:\a\_temp\setup-msys2\msys2.cmd -c "'pacman' '--noconfirm' '-S' '--needed' '--overwrite' '*' 'git' 'make' 'mingw-w64-x86_64-boost' 'mingw-w64-x86_64-cmake' 'mingw-w64-x86_64-gcc'"
2026-08-31T18:51:49.3163130Z resolving dependencies...
2026-08-31T18:51:49.3295179Z looking for conflicting packages...
2026-08-31T18:51:49.3454854Z 
2026-08-31T18:51:49.3473498Z Packages (89) heimdal-7.8.0-5  heimdal-libs-7.8.0-5  libcbor-0.14.0-2  libedit-20240808_3.1-1  libfido2-1.17.0-1  mingw-w64-x86_64-binutils-2.47-3  mingw-w64-x86_64-boost-libs-1.91.0-3  mingw-w64-x86_64-brotli-1.2.0-1  mingw-w64-x86_64-bzip2-1.0.8-4  mingw-w64-x86_64-c-ares-1.34.8-1  mingw-w64-x86_64-ca-certificates-20260816-1  mingw-w64-x86_64-cppdap-1.65.r11.g6464cd7-1  mingw-w64-x86_64-crt-14.0.0.r302.gd7f3c5201-1  mingw-w64-x86_64-curl-8.21.0-2  mingw-w64-x86_64-expat-2.8.3-1  mingw-w64-x86_64-gcc-libs-16.2.0-3  mingw-w64-x86_64-gettext-runtime-1.0-1  mingw-w64-x86_64-gmp-6.3.0-2  mingw-w64-x86_64-gnutls-3.8.13-3  mingw-w64-x86_64-headers-14.0.0.r302.gd7f3c5201-1  mingw-w64-x86_64-icu-78.3-4  mingw-w64-x86_64-isl-0.28-1  mingw-w64-x86_64-jsoncpp-1.9.8-1  mingw-w64-x86_64-libarchive-3.8.9-5  mingw-w64-x86_64-libb2-0.98.1-3  mingw-w64-x86_64-libffi-3.8.0-1  mingw-w64-x86_64-libiconv-1.19-1  mingw-w64-x86_64-libidn2-2.3.8-4  mingw-w64-x86_64-libpsl-0.21.5-3  mingw-w64-x86_64-libssh2-1.11.1-2  mingw-w64-x86_64-libtasn1-4.21.0-1  mingw-w64-x86_64-libunistring-1.4.2-1  mingw-w64-x86_64-libuv-1.52.1-1  mingw-w64-x86_64-libwinpthread-14.0.0.r302.gd7f3c5201-1  mingw-w64-x86_64-lz4-1.10.0-1  mingw-w64-x86_64-mpc-1.4.1-1  mingw-w64-x86_64-mpfr-4.2.2-3  mingw-w64-x86_64-nettle-4.0-1  mingw-w64-x86_64-nghttp2-1.70.0-1  mingw-w64-x86_64-nghttp3-1.18.0-1  mingw-w64-x86_64-ngtcp2-1.25.0-1  mingw-w64-x86_64-ninja-1.13.2-1  mingw-w64-x86_64-openssl-3.6.4-1  mingw-w64-x86_64-p11-kit-0.26.5-1  mingw-w64-x86_64-pcre2-10.47-1  mingw-w64-x86_64-pkgconf-1~3.0.5-1  mingw-w64-x86_64-rhash-1.4.6-1  mingw-w64-x86_64-tzdata-2026c-1  mingw-w64-x86_64-windows-default-manifest-20260815-1  mingw-w64-x86_64-wineditline-2.208-1  mingw-w64-x86_64-winpthreads-14.0.0.r302.gd7f3c5201-1  mingw-w64-x86_64-xz-5.8.3-1  mingw-w64-x86_64-zlib-1.3.2-2  mingw-w64-x86_64-zstd-1.5.7-2  openssh-10.5p1-2  perl-Authen-SASL-2.2000-1  perl-Clone-0.50-2  perl-Convert-BinHex-1.125-2  perl-Encode-Locale-1.05-2  perl-Error-0.17030-1  perl-File-Listing-6.16-1  perl-HTML-Parser-3.85-1  perl-HTML-Tagset-3.24-1  perl-HTTP-Cookies-6.12-1  perl-HTTP-Daemon-6.17-1  perl-HTTP-Date-6.08-1  perl-HTTP-Message-7.04-1  perl-HTTP-Negotiate-6.01-3  perl-IO-HTML-1.004-2  perl-IO-Socket-SSL-2.099-1  perl-IO-Stringy-2.113-3  perl-LWP-MediaTypes-6.04-2  perl-MIME-tools-5.517-1  perl-MailTools-2.22-1  perl-Net-HTTP-6.24-1  perl-Net-SMTP-SSL-1.04-2  perl-Net-SSLeay-1.96-1  perl-TermReadKey-2.38-8  perl-TimeDate-2.35-1  perl-Try-Tiny-0.32-1  perl-URI-5.36-1  perl-WWW-RobotRules-6.03-1  perl-http-cookiejar-0.014-1  perl-libwww-6.83-2  git-2.55.0-1  make-4.4.1-3  mingw-w64-x86_64-boost-1.91.0-3  mingw-w64-x86_64-cmake-4.4.2-2  mingw-w64-x86_64-gcc-16.2.0-3
2026-08-31T18:51:49.3491835Z 
2026-08-31T18:51:49.3492756Z Total Download Size:    154.18 MiB
2026-08-31T18:51:49.3493282Z Total Installed Size:  1023.08 MiB
2026-08-31T18:51:49.3493579Z 
2026-08-31T18:51:49.3493805Z :: Proceed with installation? [Y/n] 
2026-08-31T18:51:49.3495978Z :: Retrieving packages...
2026-08-31T18:51:58.4806558Z  mingw-w64-x86_64-gcc-16.2.0-3-any downloading...
2026-08-31T18:51:58.4807516Z  mingw-w64-x86_64-icu-78.3-4-any downloading...
2026-08-31T18:51:58.4808267Z  mingw-w64-x86_64-boost-1.91.0-3-any downloading...
2026-08-31T18:51:58.4808882Z  mingw-w64-x86_64-cmake-4.4.2-2-any downloading...
2026-08-31T18:51:58.4809540Z  mingw-w64-x86_64-openssl-3.6.4-1-any downloading...
2026-08-31T18:51:58.4810184Z  git-2.55.0-1-x86_64 downloading...
2026-08-31T18:51:58.4810891Z  mingw-w64-x86_64-headers-14.0.0.r302.gd7f3c5201-1-any downloading...
2026-08-31T18:51:58.4811533Z  mingw-w64-x86_64-binutils-2.47-3-any downloading...
2026-08-31T18:51:58.4812118Z  mingw-w64-x86_64-crt-14.0.0.r302.gd7f3c5201-1-any downloading...
2026-08-31T18:51:58.4812727Z  mingw-w64-x86_64-boost-libs-1.91.0-3-any downloading...
2026-08-31T18:51:58.4813290Z  mingw-w64-x86_64-gnutls-3.8.13-3-any downloading...
2026-08-31T18:51:58.4813816Z  mingw-w64-x86_64-libarchive-3.8.9-5-any downloading...
2026-08-31T18:51:58.4814333Z  mingw-w64-x86_64-curl-8.21.0-2-any downloading...
2026-08-31T18:51:58.4814812Z  mingw-w64-x86_64-isl-0.28-1-any downloading...
2026-08-31T18:51:58.4815286Z  mingw-w64-x86_64-pcre2-10.47-1-any downloading...
2026-08-31T18:51:58.4815952Z  openssh-10.5p1-2-x86_64 downloading...
2026-08-31T18:51:58.4816348Z  mingw-w64-x86_64-gcc-libs-16.2.0-3-any downloading...
2026-08-31T18:51:58.4816749Z  mingw-w64-x86_64-libunistring-1.4.2-1-any downloading...
2026-08-31T18:51:58.4817105Z  heimdal-libs-7.8.0-5-x86_64 downloading...
2026-08-31T18:51:58.4817440Z  mingw-w64-x86_64-libiconv-1.19-1-any downloading...
2026-08-31T18:51:58.4817790Z  mingw-w64-x86_64-zstd-1.5.7-2-any downloading...
2026-08-31T18:51:58.4818143Z  mingw-w64-x86_64-p11-kit-0.26.5-1-any downloading...
2026-08-31T18:51:58.4818734Z  mingw-w64-x86_64-gmp-6.3.0-2-any downloading...
2026-08-31T18:51:58.4819191Z  mingw-w64-x86_64-nettle-4.0-1-any downloading...
2026-08-31T18:51:58.4819688Z  heimdal-7.8.0-5-x86_64 downloading...
2026-08-31T18:51:58.4820161Z  mingw-w64-x86_64-mpfr-4.2.2-3-any downloading...
2026-08-31T18:51:58.4820791Z  mingw-w64-x86_64-cppdap-1.65.r11.g6464cd7-1-any downloading...
2026-08-31T18:51:58.4821623Z  make-4.4.1-3-x86_64 downloading...
2026-08-31T18:51:58.4822060Z  mingw-w64-x86_64-xz-5.8.3-1-any downloading...
2026-08-31T18:51:58.4822552Z  mingw-w64-x86_64-brotli-1.2.0-1-any downloading...
2026-08-31T18:51:58.4823098Z  mingw-w64-x86_64-gettext-runtime-1.0-1-any downloading...
2026-08-31T18:51:58.4823790Z  mingw-w64-x86_64-ca-certificates-20260816-1-any downloading...
2026-08-31T18:51:58.4824448Z  mingw-w64-x86_64-c-ares-1.34.8-1-any downloading...
2026-08-31T18:51:58.4825039Z  mingw-w64-x86_64-libssh2-1.11.1-2-any downloading...
2026-08-31T18:51:58.4825731Z  mingw-w64-x86_64-ngtcp2-1.25.0-1-any downloading...
2026-08-31T18:51:58.4826318Z  mingw-w64-x86_64-rhash-1.4.6-1-any downloading...
2026-08-31T18:51:58.4826839Z  perl-Net-SSLeay-1.96-1-x86_64 downloading...
2026-08-31T18:51:58.4827332Z  mingw-w64-x86_64-tzdata-2026c-1-any downloading...
2026-08-31T18:51:58.4827814Z  mingw-w64-x86_64-libuv-1.52.1-1-any downloading...
2026-08-31T18:51:58.4828327Z  mingw-w64-x86_64-jsoncpp-1.9.8-1-any downloading...
2026-08-31T18:51:58.4828869Z  mingw-w64-x86_64-nghttp2-1.70.0-1-any downloading...
2026-08-31T18:51:58.4829420Z  mingw-w64-x86_64-libtasn1-4.21.0-1-any downloading...
2026-08-31T18:51:58.4829952Z  mingw-w64-x86_64-expat-2.8.3-1-any downloading...
2026-08-31T18:51:58.4830488Z  mingw-w64-x86_64-ninja-1.13.2-1-any downloading...
2026-08-31T18:51:58.4831038Z  perl-MIME-tools-5.517-1-any downloading...
2026-08-31T18:51:58.4831356Z  mingw-w64-x86_64-libidn2-2.3.8-4-any downloading...
2026-08-31T18:51:58.4831673Z  mingw-w64-x86_64-lz4-1.10.0-1-any downloading...
2026-08-31T18:51:58.4832246Z  perl-IO-Socket-SSL-2.099-1-any downloading...
2026-08-31T18:51:58.4832855Z  mingw-w64-x86_64-pkgconf-1~3.0.5-1-any downloading...
2026-08-31T18:51:58.4833481Z  mingw-w64-x86_64-nghttp3-1.18.0-1-any downloading...
2026-08-31T18:51:58.4833982Z  mingw-w64-x86_64-mpc-1.4.1-1-any downloading...
2026-08-31T18:51:58.4834275Z  perl-libwww-6.83-2-any downloading...
2026-08-31T18:51:58.4834554Z  mingw-w64-x86_64-zlib-1.3.2-2-any downloading...
2026-08-31T18:51:58.4834856Z  perl-URI-5.36-1-any downloading...
2026-08-31T18:51:58.4835133Z  mingw-w64-x86_64-libpsl-0.21.5-3-any downloading...
2026-08-31T18:51:58.4835447Z  mingw-w64-x86_64-bzip2-1.0.8-4-any downloading...
2026-08-31T18:51:58.4835742Z  libedit-20240808_3.1-1-x86_64 downloading...
2026-08-31T18:51:58.4836015Z  libfido2-1.17.0-1-x86_64 downloading...
2026-08-31T18:51:58.4836298Z  perl-HTML-Parser-3.85-1-x86_64 downloading...
2026-08-31T18:51:58.4836601Z  perl-HTTP-Message-7.04-1-any downloading...
2026-08-31T18:51:58.4836891Z  perl-TimeDate-2.35-1-any downloading...
2026-08-31T18:51:58.4837206Z  mingw-w64-x86_64-wineditline-2.208-1-any downloading...
2026-08-31T18:51:58.4837528Z  perl-MailTools-2.22-1-any downloading...
2026-08-31T18:51:58.4837834Z  mingw-w64-x86_64-libffi-3.8.0-1-any downloading...
2026-08-31T18:51:58.4838139Z  perl-IO-Stringy-2.113-3-any downloading...
2026-08-31T18:51:58.4838517Z  mingw-w64-x86_64-winpthreads-14.0.0.r302.gd7f3c5201-1-any downloading...
2026-08-31T18:51:58.4838927Z  perl-Authen-SASL-2.2000-1-any downloading...
2026-08-31T18:51:58.4839320Z  mingw-w64-x86_64-libwinpthread-14.0.0.r302.gd7f3c5201-1-any downloading...
2026-08-31T18:51:58.4839745Z  perl-Convert-BinHex-1.125-2-any downloading...
2026-08-31T18:51:58.4840062Z  mingw-w64-x86_64-libb2-0.98.1-3-any downloading...
2026-08-31T18:51:58.4840354Z  libcbor-0.14.0-2-x86_64 downloading...
2026-08-31T18:51:58.4840633Z  perl-HTTP-Cookies-6.12-1-any downloading...
2026-08-31T18:51:58.4840922Z  perl-Net-HTTP-6.24-1-any downloading...
2026-08-31T18:51:58.4841191Z  perl-Error-0.17030-1-any downloading...
2026-08-31T18:51:58.4841760Z  perl-TermReadKey-2.38-8-x86_64 downloading...
2026-08-31T18:51:58.4842328Z  perl-HTTP-Daemon-6.17-1-any downloading...
2026-08-31T18:51:58.4842826Z  perl-LWP-MediaTypes-6.04-2-any downloading...
2026-08-31T18:51:58.4843312Z  perl-Try-Tiny-0.32-1-any downloading...
2026-08-31T18:51:58.4843799Z  perl-Clone-0.50-2-x86_64 downloading...
2026-08-31T18:51:58.4844886Z  perl-IO-HTML-1.004-2-any downloading...
2026-08-31T18:51:58.4845183Z  perl-WWW-RobotRules-6.03-1-any downloading...
2026-08-31T18:51:58.4845504Z  perl-http-cookiejar-0.014-1-any downloading...
2026-08-31T18:51:58.4845824Z  perl-HTTP-Negotiate-6.01-3-any downloading...
2026-08-31T18:51:58.4846124Z  perl-Encode-Locale-1.05-2-any downloading...
2026-08-31T18:51:58.4846503Z  perl-HTML-Tagset-3.24-1-any downloading...
2026-08-31T18:51:58.4847011Z  perl-File-Listing-6.16-1-any downloading...
2026-08-31T18:51:58.4847538Z  perl-HTTP-Date-6.08-1-any downloading...
2026-08-31T18:51:58.4847890Z  perl-Net-SMTP-SSL-1.04-2-any downloading...
2026-08-31T18:51:58.4849138Z  mingw-w64-x86_64-windows-default-manifest-20260815-1-any downloading...
2026-08-31T18:51:58.4849794Z checking keyring...
2026-08-31T18:51:58.5494190Z checking package integrity...
2026-08-31T18:52:12.9778176Z loading package files...
2026-08-31T18:52:13.3086908Z checking for file conflicts...
2026-08-31T18:52:15.6863113Z :: Processing package changes...
2026-08-31T18:52:15.6863701Z installing libedit...
2026-08-31T18:52:15.7205208Z installing heimdal-libs...
2026-08-31T18:52:15.7392364Z installing heimdal...
2026-08-31T18:52:16.3933462Z installing libcbor...
2026-08-31T18:52:16.3964066Z installing libfido2...
2026-08-31T18:52:16.3999195Z installing openssh...
2026-08-31T18:52:16.4388096Z installing perl-Error...
2026-08-31T18:52:16.4468492Z installing perl-Authen-SASL...
2026-08-31T18:52:16.4694550Z installing perl-Encode-Locale...
2026-08-31T18:52:16.4753557Z installing perl-HTTP-Date...
2026-08-31T18:52:16.4811963Z installing perl-File-Listing...
2026-08-31T18:52:16.4875039Z installing perl-HTML-Tagset...
2026-08-31T18:52:16.4935755Z installing perl-Clone...
2026-08-31T18:52:16.4988262Z installing perl-IO-HTML...
2026-08-31T18:52:16.5048459Z installing perl-LWP-MediaTypes...
2026-08-31T18:52:16.5117520Z installing perl-URI...
2026-08-31T18:52:16.5775854Z installing perl-HTTP-Message...
2026-08-31T18:52:16.5966947Z installing perl-HTML-Parser...
2026-08-31T18:52:16.6122256Z installing perl-HTTP-Cookies...
2026-08-31T18:52:16.6205065Z installing perl-HTTP-Daemon...
2026-08-31T18:52:16.6252241Z installing perl-http-cookiejar...
2026-08-31T18:52:16.6319793Z installing perl-HTTP-Negotiate...
2026-08-31T18:52:16.6366174Z installing perl-Net-HTTP...
2026-08-31T18:52:16.6474571Z installing perl-WWW-RobotRules...
2026-08-31T18:52:16.6567888Z installing perl-Try-Tiny...
2026-08-31T18:52:16.6643750Z installing perl-libwww...
2026-08-31T18:52:16.6998037Z Optional dependencies for perl-libwww
2026-08-31T18:52:16.6998692Z     perl-LWP-Protocol-https: for https:// url schemes
2026-08-31T18:52:16.6999184Z installing perl-TimeDate...
2026-08-31T18:52:16.7662790Z installing perl-MailTools...
2026-08-31T18:52:16.7945615Z installing perl-IO-Stringy...
2026-08-31T18:52:16.8087257Z installing perl-Convert-BinHex...
2026-08-31T18:52:16.9479790Z module test... pass.
2026-08-31T18:52:16.9489406Z installing perl-MIME-tools...
2026-08-31T18:52:16.9888800Z installing perl-Net-SSLeay...
2026-08-31T18:52:17.0685525Z installing perl-IO-Socket-SSL...
2026-08-31T18:52:17.0814004Z installing perl-Net-SMTP-SSL...
2026-08-31T18:52:17.0859006Z installing perl-TermReadKey...
2026-08-31T18:52:17.0937742Z installing git...
2026-08-31T18:52:17.6576344Z Optional dependencies for git
2026-08-31T18:52:17.6576801Z     python: various helper scripts
2026-08-31T18:52:17.6577126Z     subversion: git svn
2026-08-31T18:52:17.6577413Z     aspell: spell checking in git gui
2026-08-31T18:52:17.6577733Z installing make...
2026-08-31T18:52:17.6911246Z installing mingw-w64-x86_64-libwinpthread...
2026-08-31T18:52:17.6960455Z installing mingw-w64-x86_64-tzdata...
2026-08-31T18:52:19.3870849Z installing mingw-w64-x86_64-gcc-libs...
2026-08-31T18:52:19.4044990Z installing mingw-w64-x86_64-bzip2...
2026-08-31T18:52:19.4235505Z installing mingw-w64-x86_64-icu...
2026-08-31T18:52:19.7819134Z installing mingw-w64-x86_64-libiconv...
2026-08-31T18:52:19.8056733Z installing mingw-w64-x86_64-gettext-runtime...
2026-08-31T18:52:19.9329492Z installing mingw-w64-x86_64-xz...
2026-08-31T18:52:20.0558021Z installing mingw-w64-x86_64-zstd...
2026-08-31T18:52:20.0753426Z installing mingw-w64-x86_64-zlib...
2026-08-31T18:52:20.0840625Z installing mingw-w64-x86_64-boost-libs...
2026-08-31T18:52:20.1315695Z installing mingw-w64-x86_64-boost...
2026-08-31T18:52:34.4125409Z Optional dependencies for mingw-w64-x86_64-boost
2026-08-31T18:52:34.4125986Z     mingw-w64-x86_64-python: For Boost.Python
2026-08-31T18:52:34.4126362Z     mingw-w64-x86_64-python-numpy: For Boost.Python (NumPy)
2026-08-31T18:52:34.4126734Z installing mingw-w64-x86_64-cppdap...
2026-08-31T18:52:34.4372741Z installing mingw-w64-x86_64-c-ares...
2026-08-31T18:52:34.5532298Z installing mingw-w64-x86_64-brotli...
2026-08-31T18:52:34.5750215Z installing mingw-w64-x86_64-libunistring...
2026-08-31T18:52:34.6216963Z installing mingw-w64-x86_64-libidn2...
2026-08-31T18:52:34.6499205Z installing mingw-w64-x86_64-libpsl...
2026-08-31T18:52:34.6590627Z installing mingw-w64-x86_64-libtasn1...
2026-08-31T18:52:34.6983298Z installing mingw-w64-x86_64-libffi...
2026-08-31T18:52:34.7088336Z installing mingw-w64-x86_64-p11-kit...
2026-08-31T18:52:34.9064705Z installing mingw-w64-x86_64-ca-certificates...
2026-08-31T18:52:35.5242274Z installing mingw-w64-x86_64-openssl...
2026-08-31T18:52:41.0758362Z Optional dependencies for mingw-w64-x86_64-openssl
2026-08-31T18:52:41.0758907Z     mingw-w64-x86_64-ca-certificates [installed]
2026-08-31T18:52:41.0759342Z installing mingw-w64-x86_64-libssh2...
2026-08-31T18:52:41.2083541Z installing mingw-w64-x86_64-nghttp2...
2026-08-31T18:52:41.2256571Z installing mingw-w64-x86_64-gmp...
2026-08-31T18:52:41.2408979Z installing mingw-w64-x86_64-nettle...
2026-08-31T18:52:41.2969016Z installing mingw-w64-x86_64-gnutls...
2026-08-31T18:52:42.2035323Z installing mingw-w64-x86_64-ngtcp2...
2026-08-31T18:52:42.2241866Z installing mingw-w64-x86_64-nghttp3...
2026-08-31T18:52:42.2372697Z installing mingw-w64-x86_64-curl...
2026-08-31T18:52:42.6788061Z installing mingw-w64-x86_64-expat...
2026-08-31T18:52:42.6938175Z installing mingw-w64-x86_64-jsoncpp...
2026-08-31T18:52:42.7122269Z installing mingw-w64-x86_64-libb2...
2026-08-31T18:52:42.7188945Z installing mingw-w64-x86_64-lz4...
2026-08-31T18:52:42.7327615Z installing mingw-w64-x86_64-wineditline...
2026-08-31T18:52:42.7410090Z installing mingw-w64-x86_64-pcre2...
2026-08-31T18:52:42.9170891Z installing mingw-w64-x86_64-libarchive...
2026-08-31T18:52:42.9960196Z installing mingw-w64-x86_64-libuv...
2026-08-31T18:52:43.0171929Z installing mingw-w64-x86_64-ninja...
2026-08-31T18:52:43.0227192Z installing mingw-w64-x86_64-pkgconf...
2026-08-31T18:52:43.0437990Z installing mingw-w64-x86_64-rhash...
2026-08-31T18:52:43.0789700Z installing mingw-w64-x86_64-cmake...
2026-08-31T18:52:46.2835282Z Optional dependencies for mingw-w64-x86_64-cmake
2026-08-31T18:52:46.2836010Z     mingw-w64-x86_64-emacs: for cmake emacs mode
2026-08-31T18:52:46.2836557Z installing mingw-w64-x86_64-binutils...
2026-08-31T18:52:46.5098902Z installing mingw-w64-x86_64-headers...
2026-08-31T18:52:47.7776859Z installing mingw-w64-x86_64-crt...
2026-08-31T18:52:48.6340479Z installing mingw-w64-x86_64-isl...
2026-08-31T18:52:48.7008828Z installing mingw-w64-x86_64-mpfr...
2026-08-31T18:52:48.7232365Z installing mingw-w64-x86_64-mpc...
2026-08-31T18:52:48.7303172Z installing mingw-w64-x86_64-windows-default-manifest...
2026-08-31T18:52:48.7332190Z installing mingw-w64-x86_64-winpthreads...
2026-08-31T18:52:48.7436888Z installing mingw-w64-x86_64-gcc...
2026-08-31T18:52:50.0611251Z :: Running post-transaction hooks...
2026-08-31T18:52:50.0611837Z (1/1) Updating the info directory file...
2026-08-31T18:52:50.3445829Z ##[endgroup]
2026-08-31T18:52:50.3671194Z ##[group]Run cmake --version
2026-08-31T18:52:50.3671566Z [36;1mcmake --version[0m
2026-08-31T18:52:50.3671826Z [36;1mg++ --version[0m
2026-08-31T18:52:50.3675968Z shell: D:\a\_temp\setup-msys2\msys2.CMD {0}
2026-08-31T18:52:50.3676293Z env:
2026-08-31T18:52:50.3676575Z   OPENFHE_COMMIT: df495ba2e91739a6dc8f1de254fc5a41155ce504
2026-08-31T18:52:50.3676998Z   OPENFHE_PREFIX: C:\openfhe-2023-1788\openfhe-install
2026-08-31T18:52:50.3677351Z   WINDOWS_ROOT: C:\openfhe-2023-1788
2026-08-31T18:52:50.3677673Z   PROJECT_SOURCE: C:\openfhe-2023-1788\cleanroom
2026-08-31T18:52:50.3678033Z   OPENFHE_SOURCE: C:\openfhe-2023-1788\openfhe-src
2026-08-31T18:52:50.3678469Z   OPENFHE_BUILD: C:\openfhe-2023-1788\openfhe-build-33427271692-1
2026-08-31T18:52:50.3678951Z   PROJECT_BUILD: C:\openfhe-2023-1788\project-build-33427271692-1
2026-08-31T18:52:50.3679325Z   MSYSTEM: MINGW64
2026-08-31T18:52:50.3679535Z ##[endgroup]
2026-08-31T18:52:50.5535475Z cmake version 4.4.2
2026-08-31T18:52:50.5535853Z 
2026-08-31T18:52:50.5536205Z CMake suite maintained and supported by Kitware (kitware.com/cmake).
2026-08-31T18:52:50.5856082Z g++.exe (Rev3, Built by MSYS2 project) 16.2.0
2026-08-31T18:52:50.5856730Z Copyright (C) 2026 Free Software Foundation, Inc.
2026-08-31T18:52:50.5857451Z This is free software; see the source for copying conditions.  There is NO
2026-08-31T18:52:50.5858403Z warranty; not even for MERCHANTABILITY or FITNESS FOR A PARTICULAR PURPOSE.
2026-08-31T18:52:50.5858966Z 
2026-08-31T18:52:50.6080029Z ##[group]Run source="$(cygpath -u "$OPENFHE_SOURCE")"
2026-08-31T18:52:50.6080599Z [36;1msource="$(cygpath -u "$OPENFHE_SOURCE")"[0m
2026-08-31T18:52:50.6081035Z [36;1mactual="$(git -C "$source" rev-parse HEAD)"[0m
2026-08-31T18:52:50.6081434Z [36;1mtest "$actual" = "$OPENFHE_COMMIT"[0m
2026-08-31T18:52:50.6081833Z [36;1mtest -z "$(git -C "$source" status --porcelain)"[0m
2026-08-31T18:52:50.6082283Z [36;1mgit -C "$source" submodule status --recursive[0m
2026-08-31T18:52:50.6084569Z shell: D:\a\_temp\setup-msys2\msys2.CMD {0}
2026-08-31T18:52:50.6084919Z env:
2026-08-31T18:52:50.6085220Z   OPENFHE_COMMIT: df495ba2e91739a6dc8f1de254fc5a41155ce504
2026-08-31T18:52:50.6085675Z   OPENFHE_PREFIX: C:\openfhe-2023-1788\openfhe-install
2026-08-31T18:52:50.6086053Z   WINDOWS_ROOT: C:\openfhe-2023-1788
2026-08-31T18:52:50.6086402Z   PROJECT_SOURCE: C:\openfhe-2023-1788\cleanroom
2026-08-31T18:52:50.6086795Z   OPENFHE_SOURCE: C:\openfhe-2023-1788\openfhe-src
2026-08-31T18:52:50.6087254Z   OPENFHE_BUILD: C:\openfhe-2023-1788\openfhe-build-33427271692-1
2026-08-31T18:52:50.6087664Z   PROJECT_BUILD: C:\openfhe-2023-1788\project-build-33427271692-1
2026-08-31T18:52:50.6087988Z   MSYSTEM: MINGW64
2026-08-31T18:52:50.6088173Z ##[endgroup]
2026-08-31T18:52:51.9320805Z  984e3f194862b17916536b5fade40cba6e47a6fe third-party/cereal (heads/main)
2026-08-31T18:52:52.0309359Z  eddb0241389718a23a42db6af5f0164b6e0139af third-party/google-benchmark (eddb024)
2026-08-31T18:52:52.1272189Z  52eb8108c5bdec04579160ae17225d66034bd723 third-party/google-test (52eb810)
2026-08-31T18:52:52.2228464Z  83edb60836d87cf1b406e8846b9059c03031e8f5 third-party/gperftools (83edb60)
2026-08-31T18:52:52.2546359Z ##[group]Run prefix="$(cygpath -u "$OPENFHE_PREFIX")"
2026-08-31T18:52:52.2546831Z [36;1mprefix="$(cygpath -u "$OPENFHE_PREFIX")"[0m
2026-08-31T18:52:52.2547162Z [36;1msource="$(cygpath -u "$OPENFHE_SOURCE")"[0m
2026-08-31T18:52:52.2547485Z [36;1mbuild="$(cygpath -u "$OPENFHE_BUILD")"[0m
2026-08-31T18:52:52.2547775Z [36;1mcmake -S "$source" -B "$build" \[0m
2026-08-31T18:52:52.2548045Z [36;1m  -DCMAKE_BUILD_TYPE=Release \[0m
2026-08-31T18:52:52.2548321Z [36;1m  -DCMAKE_INSTALL_PREFIX="$prefix" \[0m
2026-08-31T18:52:52.2548592Z [36;1m  -DBUILD_UNITTESTS=OFF \[0m
2026-08-31T18:52:52.2548837Z [36;1m  -DBUILD_EXAMPLES=OFF \[0m
2026-08-31T18:52:52.2549080Z [36;1m  -DBUILD_BENCHMARKS=OFF \[0m
2026-08-31T18:52:52.2549315Z [36;1m  -DBUILD_EXTRAS=OFF \[0m
2026-08-31T18:52:52.2549537Z [36;1m  -DWITH_OPENMP=ON[0m
2026-08-31T18:52:52.2551256Z shell: D:\a\_temp\setup-msys2\msys2.CMD {0}
2026-08-31T18:52:52.2551517Z env:
2026-08-31T18:52:52.2551952Z   OPENFHE_COMMIT: df495ba2e91739a6dc8f1de254fc5a41155ce504
2026-08-31T18:52:52.2552307Z   OPENFHE_PREFIX: C:\openfhe-2023-1788\openfhe-install
2026-08-31T18:52:52.2552601Z   WINDOWS_ROOT: C:\openfhe-2023-1788
2026-08-31T18:52:52.2552860Z   PROJECT_SOURCE: C:\openfhe-2023-1788\cleanroom
2026-08-31T18:52:52.2553153Z   OPENFHE_SOURCE: C:\openfhe-2023-1788\openfhe-src
2026-08-31T18:52:52.2553500Z   OPENFHE_BUILD: C:\openfhe-2023-1788\openfhe-build-33427271692-1
2026-08-31T18:52:52.2553890Z   PROJECT_BUILD: C:\openfhe-2023-1788\project-build-33427271692-1
2026-08-31T18:52:52.2554203Z   MSYSTEM: MINGW64
2026-08-31T18:52:52.2554373Z ##[endgroup]
2026-08-31T18:52:52.6877922Z -- The C compiler identification is GNU 16.2.0
2026-08-31T18:52:52.8566830Z -- The CXX compiler identification is GNU 16.2.0
2026-08-31T18:52:52.8978395Z -- Detecting C compiler ABI info
2026-08-31T18:52:53.2544776Z -- Detecting C compiler ABI info - done
2026-08-31T18:52:53.2879647Z -- Check for working C compiler: D:/a/_temp/msys64/mingw64/bin/cc.exe - skipped
2026-08-31T18:52:53.2884234Z -- Detecting C compile features
2026-08-31T18:52:53.2890310Z -- Detecting C compile features - done
2026-08-31T18:52:53.3247477Z -- Detecting CXX compiler ABI info
2026-08-31T18:52:53.6924215Z -- Detecting CXX compiler ABI info - done
2026-08-31T18:52:53.7407543Z -- Check for working CXX compiler: D:/a/_temp/msys64/mingw64/bin/c++.exe - skipped
2026-08-31T18:52:53.7411918Z -- Detecting CXX compile features
2026-08-31T18:52:53.7419805Z -- Detecting CXX compile features - done
2026-08-31T18:52:53.7568393Z -- Building in Release mode
2026-08-31T18:52:53.7569705Z -- BUILD_UNITTESTS:    OFF
2026-08-31T18:52:53.7570070Z -- BUILD_EXAMPLES:     OFF
2026-08-31T18:52:53.7570435Z -- BUILD_BENCHMARKS:   OFF
2026-08-31T18:52:53.7570802Z -- BUILD_EXTRAS:       OFF
2026-08-31T18:52:53.7571147Z -- BUILD_STATIC:       OFF
2026-08-31T18:52:53.7571501Z -- BUILD_SHARED:       ON
2026-08-31T18:52:53.7571852Z -- GIT_SUBMOD_AUTO:    ON
2026-08-31T18:52:53.7572202Z -- WITH_BE2:           OFF
2026-08-31T18:52:53.7572807Z -- WITH_BE4:           OFF
2026-08-31T18:52:53.7573148Z -- WITH_NTL:           OFF
2026-08-31T18:52:53.7593848Z -- WITH_TCM:           OFF
2026-08-31T18:52:53.7594253Z -- WITH_OPENMP:        ON
2026-08-31T18:52:53.7594613Z -- NATIVE_SIZE:        64
2026-08-31T18:52:53.7595741Z -- CKKS_M_FACTOR:      1
2026-08-31T18:52:53.7596107Z -- WITH_NATIVEOPT:     OFF
2026-08-31T18:52:53.7597159Z ***** INSTALL IS AT C:/openfhe-2023-1788/openfhe-install; to change, run cmake with -DCMAKE_INSTALL_PREFIX=/your/path
2026-08-31T18:52:53.7598011Z -- WITH_COVTEST:       OFF
2026-08-31T18:52:53.7598345Z -- WITH_NOISE_DEBUG:   OFF
2026-08-31T18:52:53.7598688Z -- WITH_REDUCED_NOISE: OFF
2026-08-31T18:52:53.7599023Z -- USE_MACPORTS:       OFF
2026-08-31T18:52:53.7599367Z -- BUILTIN_INFO_AVAILABLE is defined
2026-08-31T18:52:53.7799601Z -- Architecture is x86_64
2026-08-31T18:52:53.7817706Z -- Looking for sys/types.h
2026-08-31T18:52:54.1601696Z -- Looking for sys/types.h - found
2026-08-31T18:52:54.1602417Z -- Looking for stdint.h
2026-08-31T18:52:54.5205215Z -- Looking for stdint.h - found
2026-08-31T18:52:54.5206688Z -- Looking for stddef.h
2026-08-31T18:52:54.8797696Z -- Looking for stddef.h - found
2026-08-31T18:52:54.8798218Z -- Check size of __int128
2026-08-31T18:52:55.2574907Z -- Check size of __int128 - done
2026-08-31T18:52:55.2577789Z -- Check size of uint64_t
2026-08-31T18:52:55.6634712Z -- Check size of uint64_t - done
2026-08-31T18:52:55.6635562Z -- NATIVEINT is set to 64
2026-08-31T18:52:55.6636007Z -- MATHBACKEND is set to 4
2026-08-31T18:52:55.6636491Z -- MATHBACKEND set to 4. Setting WITH_BE4 to ON
2026-08-31T18:52:56.8055169Z -- Found OpenMP_C: -fopenmp (found version "5.2")
2026-08-31T18:52:57.1800938Z -- Found OpenMP_CXX: -fopenmp (found version "5.2")
2026-08-31T18:52:57.1805250Z -- Found OpenMP: TRUE (found version "5.2")
2026-08-31T18:52:57.1964730Z -- Found Git: D:/a/_temp/msys64/usr/bin/git.exe (found version "2.55.0")
2026-08-31T18:52:57.1965435Z -- Submodule update
2026-08-31T18:52:57.5770985Z Synchronizing submodule url for 'third-party/cereal'
2026-08-31T18:52:57.6072031Z Synchronizing submodule url for 'third-party/google-benchmark'
2026-08-31T18:52:57.6372381Z Synchronizing submodule url for 'third-party/google-test'
2026-08-31T18:52:57.6762087Z Synchronizing submodule url for 'third-party/gperftools'
2026-08-31T18:52:58.1882455Z -- Configuring done (5.7s)
2026-08-31T18:52:58.4760676Z -- Generating done (0.3s)
2026-08-31T18:52:58.4774772Z -- Build files have been written to: C:/openfhe-2023-1788/openfhe-build-33427271692-1
2026-08-31T18:52:58.5028467Z ##[group]Run build="$(cygpath -u "$OPENFHE_BUILD")"
2026-08-31T18:52:58.5028992Z [36;1mbuild="$(cygpath -u "$OPENFHE_BUILD")"[0m
2026-08-31T18:52:58.5029318Z [36;1mcmake --build "$build" --parallel 2[0m
2026-08-31T18:52:58.5029603Z [36;1mcmake --install "$build"[0m
2026-08-31T18:52:58.5031538Z shell: D:\a\_temp\setup-msys2\msys2.CMD {0}
2026-08-31T18:52:58.5031826Z env:
2026-08-31T18:52:58.5032067Z   OPENFHE_COMMIT: df495ba2e91739a6dc8f1de254fc5a41155ce504
2026-08-31T18:52:58.5032430Z   OPENFHE_PREFIX: C:\openfhe-2023-1788\openfhe-install
2026-08-31T18:52:58.5032725Z   WINDOWS_ROOT: C:\openfhe-2023-1788
2026-08-31T18:52:58.5033004Z   PROJECT_SOURCE: C:\openfhe-2023-1788\cleanroom
2026-08-31T18:52:58.5033302Z   OPENFHE_SOURCE: C:\openfhe-2023-1788\openfhe-src
2026-08-31T18:52:58.5033653Z   OPENFHE_BUILD: C:\openfhe-2023-1788\openfhe-build-33427271692-1
2026-08-31T18:52:58.5034069Z   PROJECT_BUILD: C:\openfhe-2023-1788\project-build-33427271692-1
2026-08-31T18:52:58.5034425Z   MSYSTEM: MINGW64
2026-08-31T18:52:58.5034605Z ##[endgroup]
2026-08-31T18:52:58.9269195Z -- Copied demoData files
2026-08-31T18:52:58.9754068Z [  0%] Built target third-party
2026-08-31T18:52:59.1039103Z [  1%] Building CXX object src/core/CMakeFiles/coreobj.dir/lib/lattice/constants-lattice-impl.cpp.obj
2026-08-31T18:52:59.1094479Z [  2%] Building CXX object src/core/CMakeFiles/coreobj.dir/lib/lattice/lattice.cpp.obj
2026-08-31T18:52:59.8497225Z [  3%] Building CXX object src/core/CMakeFiles/coreobj.dir/lib/lattice/stdlatticeparms.cpp.obj
2026-08-31T18:53:01.1412157Z [  4%] Building CXX object src/core/CMakeFiles/coreobj.dir/lib/lattice/trapdoor-dcrtpoly.cpp.obj
2026-08-31T18:53:10.5942601Z [  5%] Building CXX object src/core/CMakeFiles/coreobj.dir/lib/lattice/trapdoor-poly.cpp.obj
2026-08-31T18:53:21.8058382Z [  6%] Building CXX object src/core/CMakeFiles/coreobj.dir/lib/math/chebyshev.cpp.obj
2026-08-31T18:53:22.7608039Z [  6%] Building CXX object src/core/CMakeFiles/coreobj.dir/lib/math/dftransform.cpp.obj
2026-08-31T18:53:23.9382961Z [  7%] Building CXX object src/core/CMakeFiles/coreobj.dir/lib/math/discretegaussiangeneratorgeneric.cpp.obj
2026-08-31T18:53:24.5068934Z [  8%] Building CXX object src/core/CMakeFiles/coreobj.dir/lib/math/distributiongenerator.cpp.obj
2026-08-31T18:53:25.3889972Z [  9%] Building CXX object src/core/CMakeFiles/coreobj.dir/lib/math/hal/bigintdyn/be4-math-impl.cpp.obj
2026-08-31T18:53:25.8435481Z [ 10%] Building CXX object src/core/CMakeFiles/coreobj.dir/lib/math/hal/bigintdyn/mubintvecdyn.cpp.obj
2026-08-31T18:53:29.0899810Z [ 11%] Building CXX object src/core/CMakeFiles/coreobj.dir/lib/math/hal/bigintdyn/ubintdyn.cpp.obj
2026-08-31T18:53:31.6309377Z [ 12%] Building CXX object src/core/CMakeFiles/coreobj.dir/lib/math/hal/bigintfxd/be2-math-impl.cpp.obj
2026-08-31T18:53:31.7450519Z [ 13%] Building CXX object src/core/CMakeFiles/coreobj.dir/lib/math/hal/bigintfxd/mubintvecfxd.cpp.obj
2026-08-31T18:53:31.8675434Z [ 14%] Building CXX object src/core/CMakeFiles/coreobj.dir/lib/math/hal/bigintfxd/ubintfxd.cpp.obj
2026-08-31T18:53:31.9841780Z [ 15%] Building CXX object src/core/CMakeFiles/coreobj.dir/lib/math/hal/bigintntl/be6-math-impl.cpp.obj
2026-08-31T18:53:32.0995445Z [ 15%] Building CXX object src/core/CMakeFiles/coreobj.dir/lib/math/hal/bigintntl/mubintvecntl.cpp.obj
2026-08-31T18:53:32.2102933Z [ 16%] Building CXX object src/core/CMakeFiles/coreobj.dir/lib/math/hal/bigintntl/ubintntl.cpp.obj
2026-08-31T18:53:32.3263505Z [ 17%] Building CXX object src/core/CMakeFiles/coreobj.dir/lib/math/hal/intnat/benative-math-impl.cpp.obj
2026-08-31T18:53:32.5478191Z [ 18%] Building CXX object src/core/CMakeFiles/coreobj.dir/lib/math/hal/intnat/mubintvecnat.cpp.obj
2026-08-31T18:53:35.4398492Z [ 19%] Building CXX object src/core/CMakeFiles/coreobj.dir/lib/math/hermite.cpp.obj
2026-08-31T18:53:36.6974010Z [ 20%] Building CXX object src/core/CMakeFiles/coreobj.dir/lib/math/matrix.cpp.obj
2026-08-31T18:53:38.4573790Z [ 21%] Building CXX object src/core/CMakeFiles/coreobj.dir/lib/math/nbtheory2.cpp.obj
2026-08-31T18:53:40.2934317Z [ 22%] Building CXX object src/core/CMakeFiles/coreobj.dir/lib/utils/blockAllocator/blockAllocator.cpp.obj
2026-08-31T18:53:41.0327086Z [ 23%] Building CXX object src/core/CMakeFiles/coreobj.dir/lib/utils/blockAllocator/xallocator.cpp.obj
2026-08-31T18:53:41.8559055Z [ 24%] Building CXX object src/core/CMakeFiles/coreobj.dir/lib/utils/debug.cpp.obj
2026-08-31T18:53:42.0699506Z [ 24%] Building CXX object src/core/CMakeFiles/coreobj.dir/lib/utils/demangle.cpp.obj
2026-08-31T18:53:42.4141532Z [ 25%] Building CXX object src/core/CMakeFiles/coreobj.dir/lib/utils/get-call-stack.cpp.obj
2026-08-31T18:53:42.5100268Z [ 26%] Building CXX object src/core/CMakeFiles/coreobj.dir/lib/utils/hashutil.cpp.obj
2026-08-31T18:53:42.8391010Z [ 27%] Building CXX object src/core/CMakeFiles/coreobj.dir/lib/utils/inttypes.cpp.obj
2026-08-31T18:53:43.3599051Z [ 28%] Building CXX object src/core/CMakeFiles/coreobj.dir/lib/utils/memory.cpp.obj
2026-08-31T18:53:43.4969684Z [ 29%] Building CXX object src/core/CMakeFiles/coreobj.dir/lib/utils/openfhebase64.cpp.obj
2026-08-31T18:53:43.7935200Z [ 30%] Building CXX object src/core/CMakeFiles/coreobj.dir/lib/utils/parallel.cpp.obj
2026-08-31T18:53:43.9436148Z [ 31%] Building C object src/core/CMakeFiles/coreobj.dir/lib/utils/prng/blake2b-ref.c.obj
2026-08-31T18:53:43.9749935Z [ 32%] Building CXX object src/core/CMakeFiles/coreobj.dir/lib/utils/prng/blake2engine.cpp.obj
2026-08-31T18:53:44.3784284Z [ 34%] Building C object src/core/CMakeFiles/coreobj.dir/lib/utils/prng/blake2xb-ref.c.obj
2026-08-31T18:53:44.5814902Z [ 34%] Building CXX object src/core/CMakeFiles/coreobj.dir/lib/utils/utilities.cpp.obj
2026-08-31T18:53:45.0787414Z [ 34%] Built target coreobj
2026-08-31T18:53:45.1987826Z [ 35%] Linking CXX shared library ../../lib/libOPENFHEcore.dll
2026-08-31T18:53:45.7474984Z [ 35%] Built target OPENFHEcore
2026-08-31T18:53:45.8832511Z [ 36%] Building CXX object src/binfhe/CMakeFiles/binfheobj.dir/lib/binfhe-base-scheme.cpp.obj
2026-08-31T18:53:45.8839328Z [ 37%] Building CXX object src/binfhe/CMakeFiles/binfheobj.dir/lib/binfhe-constants-impl.cpp.obj
2026-08-31T18:53:46.6801245Z [ 38%] Building CXX object src/binfhe/CMakeFiles/binfheobj.dir/lib/binfhecontext.cpp.obj
2026-08-31T18:53:51.3292938Z [ 39%] Building CXX object src/binfhe/CMakeFiles/binfheobj.dir/lib/lwe-pke.cpp.obj
2026-08-31T18:53:51.3833344Z [ 40%] Building CXX object src/binfhe/CMakeFiles/binfheobj.dir/lib/rgsw-acc-cggi.cpp.obj
2026-08-31T18:53:53.9765899Z [ 41%] Building CXX object src/binfhe/CMakeFiles/binfheobj.dir/lib/rgsw-acc-dm.cpp.obj
2026-08-31T18:53:54.4658309Z [ 41%] Building CXX object src/binfhe/CMakeFiles/binfheobj.dir/lib/rgsw-acc-lmkcdey.cpp.obj
2026-08-31T18:53:56.9561401Z [ 42%] Building CXX object src/binfhe/CMakeFiles/binfheobj.dir/lib/rgsw-acc.cpp.obj
2026-08-31T18:53:58.1762026Z [ 43%] Building CXX object src/binfhe/CMakeFiles/binfheobj.dir/lib/rgsw-cryptoparameters.cpp.obj
2026-08-31T18:54:00.6215029Z [ 43%] Built target binfheobj
2026-08-31T18:54:00.7428281Z [ 43%] Linking CXX shared library ../../lib/libOPENFHEbinfhe.dll
2026-08-31T18:54:01.0274295Z [ 43%] Built target OPENFHEbinfhe
2026-08-31T18:54:01.1539669Z [ 44%] Building CXX object src/pke/CMakeFiles/pkeobj.dir/lib/ciphertext-impl.cpp.obj
2026-08-31T18:54:01.1585990Z [ 45%] Building CXX object src/pke/CMakeFiles/pkeobj.dir/lib/constants-impl.cpp.obj
2026-08-31T18:54:02.8124840Z [ 46%] Building CXX object src/pke/CMakeFiles/pkeobj.dir/lib/cryptocontext.cpp.obj
2026-08-31T18:54:07.5960775Z [ 47%] Building CXX object src/pke/CMakeFiles/pkeobj.dir/lib/cryptocontextfactory.cpp.obj
2026-08-31T18:54:13.9544695Z [ 48%] Building CXX object src/pke/CMakeFiles/pkeobj.dir/lib/cryptoobject-impl.cpp.obj
2026-08-31T18:54:16.9520193Z [ 49%] Building CXX object src/pke/CMakeFiles/pkeobj.dir/lib/encoding/ckkspackedencoding.cpp.obj
2026-08-31T18:54:19.0962780Z [ 50%] Building CXX object src/pke/CMakeFiles/pkeobj.dir/lib/encoding/coefpackedencoding.cpp.obj
2026-08-31T18:54:21.8475546Z [ 51%] Building CXX object src/pke/CMakeFiles/pkeobj.dir/lib/encoding/encodingparams.cpp.obj
2026-08-31T18:54:23.3670240Z [ 51%] Building CXX object src/pke/CMakeFiles/pkeobj.dir/lib/encoding/packedencoding.cpp.obj
2026-08-31T18:54:23.5837653Z [ 52%] Building CXX object src/pke/CMakeFiles/pkeobj.dir/lib/encoding/stringencoding.cpp.obj
2026-08-31T18:54:27.5359465Z [ 53%] Building CXX object src/pke/CMakeFiles/pkeobj.dir/lib/globals-impl.cpp.obj
2026-08-31T18:54:27.6599541Z [ 54%] Building CXX object src/pke/CMakeFiles/pkeobj.dir/lib/key/evalkey.cpp.obj
2026-08-31T18:54:30.0436411Z [ 55%] Building CXX object src/pke/CMakeFiles/pkeobj.dir/lib/key/evalkeyrelin.cpp.obj
2026-08-31T18:54:30.6759556Z [ 56%] Building CXX object src/pke/CMakeFiles/pkeobj.dir/lib/key/privatekey.cpp.obj
2026-08-31T18:54:35.2938952Z [ 57%] Building CXX object src/pke/CMakeFiles/pkeobj.dir/lib/key/publickey.cpp.obj
2026-08-31T18:54:35.3959576Z [ 58%] Building CXX object src/pke/CMakeFiles/pkeobj.dir/lib/keyswitch/keyswitch-base.cpp.obj
2026-08-31T18:54:38.5143489Z [ 59%] Building CXX object src/pke/CMakeFiles/pkeobj.dir/lib/keyswitch/keyswitch-bv.cpp.obj
2026-08-31T18:54:40.5337576Z [ 60%] Building CXX object src/pke/CMakeFiles/pkeobj.dir/lib/keyswitch/keyswitch-hybrid.cpp.obj
2026-08-31T18:54:41.1382399Z Terminate batch job (Y/N)? 
2026-08-31T18:54:41.1390437Z ^C
2026-08-31T18:54:41.1532885Z ##[error]The operation was canceled.
2026-08-31T18:54:41.1719403Z Cleaning up orphan processes
