2026-09-01T16:35:03.5693711Z Current runner version: '2.337.0'
2026-09-01T16:35:03.5717146Z ##[group]Runner Image Provisioner
2026-09-01T16:35:03.5718279Z Hosted Compute Agent
2026-09-01T16:35:03.5718854Z Version: 20260819.586
2026-09-01T16:35:03.5719381Z Commit: 3cc4a88dfa507ef76119ad1bb3eccc6378bb2b76
2026-09-01T16:35:03.5719982Z Build Date: 2026-08-18T23:20:18Z
2026-09-01T16:35:03.5720607Z Worker ID: {968620c7-9fcd-4adc-b368-463f9a6c61b0}
2026-09-01T16:35:03.5721180Z Azure Region: eastus
2026-09-01T16:35:03.5721775Z ##[endgroup]
2026-09-01T16:35:03.5722868Z ##[group]Operating System
2026-09-01T16:35:03.5723401Z Microsoft Windows Server 2022
2026-09-01T16:35:03.5723914Z 10.0.20348
2026-09-01T16:35:03.5724341Z Datacenter
2026-09-01T16:35:03.5724910Z ##[endgroup]
2026-09-01T16:35:03.5725433Z ##[group]Runner Image
2026-09-01T16:35:03.5725876Z Image: windows-2022
2026-09-01T16:35:03.5726535Z Version: 20260824.284.2
2026-09-01T16:35:03.5727706Z Included Software: https://github.com/actions/runner-images/blob/win22/20260824.284/images/windows/Windows2022-Readme.md
2026-09-01T16:35:03.5728879Z Image Release: https://github.com/actions/runner-images/releases/tag/win22%2F20260824.284
2026-09-01T16:35:03.5729599Z ##[endgroup]
2026-09-01T16:35:03.5730509Z ##[group]GITHUB_TOKEN Permissions
2026-09-01T16:35:03.5732271Z Contents: read
2026-09-01T16:35:03.5732755Z Metadata: read
2026-09-01T16:35:03.5733175Z ##[endgroup]
2026-09-01T16:35:03.5734930Z Secret source: Actions
2026-09-01T16:35:03.5735738Z Prepare workflow directory
2026-09-01T16:35:03.6172980Z Prepare all required actions
2026-09-01T16:35:03.6217205Z Getting action download info
2026-09-01T16:35:03.7615216Z Download action repository 'msys2/setup-msys2@v2' (SHA:66cd2cce69caa17b53920067426061ca1de3a884)
2026-09-01T16:35:03.9924806Z Complete job name: windows-mingw64
2026-09-01T16:35:04.1338548Z ##[group]Run git config --global core.autocrlf false
2026-09-01T16:35:04.1339374Z [36;1mgit config --global core.autocrlf false[0m
2026-09-01T16:35:04.1339867Z [36;1mgit config --global core.eol lf[0m
2026-09-01T16:35:04.1340462Z [36;1mNew-Item -ItemType Directory -Path $env:WINDOWS_ROOT | Out-Null[0m
2026-09-01T16:35:04.1341003Z [36;1m[0m
2026-09-01T16:35:04.1341314Z [36;1mgit init $env:PROJECT_SOURCE[0m
2026-09-01T16:35:04.1341967Z [36;1mgit -C $env:PROJECT_SOURCE remote add origin https://github.com/leemaple/20231788..git[0m
2026-09-01T16:35:04.1342731Z [36;1mgit -C $env:PROJECT_SOURCE fetch --depth 1 origin $env:GITHUB_SHA[0m
2026-09-01T16:35:04.1343368Z [36;1mgit -C $env:PROJECT_SOURCE checkout --detach FETCH_HEAD[0m
2026-09-01T16:35:04.1343976Z [36;1m$projectActual = git -C $env:PROJECT_SOURCE rev-parse HEAD[0m
2026-09-01T16:35:04.1344580Z [36;1mif ($projectActual -ne $env:GITHUB_SHA) {[0m
2026-09-01T16:35:04.1345144Z [36;1m  throw "Project checkout mismatch: $projectActual"[0m
2026-09-01T16:35:04.1345613Z [36;1m}[0m
2026-09-01T16:35:04.1345896Z [36;1m[0m
2026-09-01T16:35:04.1346200Z [36;1mgit init $env:OPENFHE_SOURCE[0m
2026-09-01T16:35:04.1346888Z [36;1mgit -C $env:OPENFHE_SOURCE remote add origin https://github.com/openfheorg/openfhe-development.git[0m
2026-09-01T16:35:04.1347720Z [36;1mgit -C $env:OPENFHE_SOURCE fetch --depth 1 origin $env:OPENFHE_COMMIT[0m
2026-09-01T16:35:04.1348362Z [36;1mgit -C $env:OPENFHE_SOURCE checkout --detach FETCH_HEAD[0m
2026-09-01T16:35:04.1349035Z [36;1mgit -C $env:OPENFHE_SOURCE submodule update --init --recursive --depth 1[0m
2026-09-01T16:35:04.1349596Z [36;1m[0m
2026-09-01T16:35:04.1350023Z [36;1m$projectStatus = @(git -C $env:PROJECT_SOURCE status --porcelain)[0m
2026-09-01T16:35:04.1350589Z [36;1mif ($projectStatus.Count -ne 0) {[0m
2026-09-01T16:35:04.1351127Z [36;1m  throw "Project checkout is dirty: $($projectStatus -join '; ')"[0m
2026-09-01T16:35:04.1351643Z [36;1m}[0m
2026-09-01T16:35:04.1352067Z [36;1m$openfheStatus = @(git -C $env:OPENFHE_SOURCE status --porcelain)[0m
2026-09-01T16:35:04.1352615Z [36;1mif ($openfheStatus.Count -ne 0) {[0m
2026-09-01T16:35:04.1354523Z [36;1m  throw "OpenFHE checkout is dirty: $($openfheStatus -join '; ')"[0m
2026-09-01T16:35:04.1355049Z [36;1m}[0m
2026-09-01T16:35:04.4248338Z shell: C:\Program Files\PowerShell\7\pwsh.EXE -command ". '{0}'"
2026-09-01T16:35:04.4249188Z env:
2026-09-01T16:35:04.4249635Z   OPENFHE_COMMIT: df495ba2e91739a6dc8f1de254fc5a41155ce504
2026-09-01T16:35:04.4250198Z   OPENFHE_PREFIX: C:\openfhe-2023-1788\openfhe-install
2026-09-01T16:35:04.4250679Z   WINDOWS_ROOT: C:\openfhe-2023-1788
2026-09-01T16:35:04.4251140Z   PROJECT_SOURCE: C:\openfhe-2023-1788\cleanroom
2026-09-01T16:35:04.4251691Z   OPENFHE_SOURCE: C:\openfhe-2023-1788\openfhe-src
2026-09-01T16:35:04.4252287Z   OPENFHE_BUILD: C:\openfhe-2023-1788\openfhe-build-33532645418-1
2026-09-01T16:35:04.4252944Z   PROJECT_BUILD: C:\openfhe-2023-1788\project-build-33532645418-1
2026-09-01T16:35:04.4253456Z ##[endgroup]
2026-09-01T16:35:05.3608708Z Initialized empty Git repository in C:/openfhe-2023-1788/cleanroom/.git/
2026-09-01T16:35:06.8203403Z From https://github.com/leemaple/20231788.
2026-09-01T16:35:06.8203953Z  * branch            84df6518df47fc7e50b8f465e5aa294fe5fdf84d -> FETCH_HEAD
2026-09-01T16:35:07.0220028Z HEAD is now at 84df651 feat: validate Relin2 Tensor input first
2026-09-01T16:35:07.1049823Z Initialized empty Git repository in C:/openfhe-2023-1788/openfhe-src/.git/
2026-09-01T16:35:08.3121874Z From https://github.com/openfheorg/openfhe-development
2026-09-01T16:35:08.3122682Z  * branch            df495ba2e91739a6dc8f1de254fc5a41155ce504 -> FETCH_HEAD
2026-09-01T16:35:09.0975245Z HEAD is now at df495ba Merge pull request #1130 from openfheorg/dev
2026-09-01T16:35:11.0863454Z Submodule 'third-party/cereal' (https://github.com/openfheorg/cereal.git) registered for path 'third-party/cereal'
2026-09-01T16:35:11.0879970Z Submodule 'third-party/google-benchmark' (https://github.com/google/benchmark.git) registered for path 'third-party/google-benchmark'
2026-09-01T16:35:11.0895612Z Submodule 'third-party/google-test' (https://github.com/google/googletest.git) registered for path 'third-party/google-test'
2026-09-01T16:35:11.0943968Z Submodule 'third-party/gperftools' (https://github.com/gperftools/gperftools.git) registered for path 'third-party/gperftools'
2026-09-01T16:35:11.1359124Z Cloning into 'C:/openfhe-2023-1788/openfhe-src/third-party/cereal'...
2026-09-01T16:35:11.6672614Z Cloning into 'C:/openfhe-2023-1788/openfhe-src/third-party/google-benchmark'...
2026-09-01T16:35:12.0268756Z Cloning into 'C:/openfhe-2023-1788/openfhe-src/third-party/google-test'...
2026-09-01T16:35:12.4489015Z Cloning into 'C:/openfhe-2023-1788/openfhe-src/third-party/gperftools'...
2026-09-01T16:35:13.4124291Z Submodule path 'third-party/cereal': checked out '984e3f194862b17916536b5fade40cba6e47a6fe'
2026-09-01T16:35:14.2211195Z From https://github.com/google/benchmark
2026-09-01T16:35:14.2211646Z  * branch            eddb0241389718a23a42db6af5f0164b6e0139af -> FETCH_HEAD
2026-09-01T16:35:14.7565409Z Submodule path 'third-party/google-benchmark': checked out 'eddb0241389718a23a42db6af5f0164b6e0139af'
2026-09-01T16:35:15.8551592Z From https://github.com/google/googletest
2026-09-01T16:35:15.8552166Z  * branch            52eb8108c5bdec04579160ae17225d66034bd723 -> FETCH_HEAD
2026-09-01T16:35:17.3268700Z Submodule path 'third-party/google-test': checked out '52eb8108c5bdec04579160ae17225d66034bd723'
2026-09-01T16:35:19.0544531Z From https://github.com/gperftools/gperftools
2026-09-01T16:35:19.0545059Z  * branch            83edb60836d87cf1b406e8846b9059c03031e8f5 -> FETCH_HEAD
2026-09-01T16:35:20.8694925Z Submodule path 'third-party/gperftools': checked out '83edb60836d87cf1b406e8846b9059c03031e8f5'
2026-09-01T16:35:21.1251858Z ##[group]Run msys2/setup-msys2@v2
2026-09-01T16:35:21.1252141Z with:
2026-09-01T16:35:21.1252293Z   msystem: MINGW64
2026-09-01T16:35:21.1252448Z   update: true
2026-09-01T16:35:21.1252591Z   cache: false
2026-09-01T16:35:21.1252845Z   install: git make mingw-w64-x86_64-boost mingw-w64-x86_64-cmake mingw-w64-x86_64-gcc
2026-09-01T16:35:21.1253857Z   path-type: minimal
2026-09-01T16:35:21.1254015Z   release: true
2026-09-01T16:35:21.1254180Z   platform-check-severity: fatal
2026-09-01T16:35:21.1254367Z env:
2026-09-01T16:35:21.1254559Z   OPENFHE_COMMIT: df495ba2e91739a6dc8f1de254fc5a41155ce504
2026-09-01T16:35:21.1254841Z   OPENFHE_PREFIX: C:\openfhe-2023-1788\openfhe-install
2026-09-01T16:35:21.1255081Z   WINDOWS_ROOT: C:\openfhe-2023-1788
2026-09-01T16:35:21.1255292Z   PROJECT_SOURCE: C:\openfhe-2023-1788\cleanroom
2026-09-01T16:35:21.1255532Z   OPENFHE_SOURCE: C:\openfhe-2023-1788\openfhe-src
2026-09-01T16:35:21.1255839Z   OPENFHE_BUILD: C:\openfhe-2023-1788\openfhe-build-33532645418-1
2026-09-01T16:35:21.1256146Z   PROJECT_BUILD: C:\openfhe-2023-1788\project-build-33532645418-1
2026-09-01T16:35:21.1256392Z ##[endgroup]
2026-09-01T16:35:21.3065321Z ##[group]Downloading MSYS2...
2026-09-01T16:35:21.9348558Z ##[endgroup]
2026-09-01T16:35:21.9348991Z ##[group]Extracting MSYS2...
2026-09-01T16:35:21.9360878Z [command]C:\hostedtoolcache\windows\msys2-installer\0.0.20260611\x64\base.exe -y
2026-09-01T16:35:22.2016319Z 
2026-09-01T16:35:22.2017667Z 7-Zip SFX 25.01 ZS v1.5.7 R4 (x64) : Copyright (c) 1999-2025 Igor Pavlov, 2016-2026 Tino Reichardt, 2022-2026 Sergey G. Brester : 2026-01-10
2026-09-01T16:35:22.2018381Z 
2026-09-01T16:35:22.2018924Z Extracting archive: C:\hostedtoolcache\windows\msys2-installer\0.0.20260611\x64\base.exe
2026-09-01T16:35:22.2019602Z --
2026-09-01T16:35:22.2020118Z Path = C:\hostedtoolcache\windows\msys2-installer\0.0.20260611\x64\base.exe
2026-09-01T16:35:22.2020710Z Type = 7z
2026-09-01T16:35:22.2020952Z 
2026-09-01T16:35:22.4005911Z   0%
2026-09-01T16:35:22.4006112Z     
2026-09-01T16:35:22.6034217Z   3% 1432 - msys64\usr\lib\perl5\core_perl\Time\Seconds.pm
2026-09-01T16:35:22.6034794Z                                                           
2026-09-01T16:35:22.8067040Z   4% 2625 - msys64\usr\lib\terminfo\69\ibmapa8c
2026-09-01T16:35:22.8067586Z                                                
2026-09-01T16:35:23.0100408Z   4% 3905 - msys64\usr\lib\terminfo\77\wsvt25m
2026-09-01T16:35:23.0100708Z                                               
2026-09-01T16:35:23.2137785Z   5% 5159 - msys64\usr\share\bash-completion\completions\vgmknodes
2026-09-01T16:35:23.2138237Z                                                                   
2026-09-01T16:35:23.4486021Z  13% 6128 - msys64\usr\share\locale\el\LC_MESSAGES\sed.mo
2026-09-01T16:35:23.4486365Z                                                          
2026-09-01T16:35:23.6365549Z  23% 6583 - msys64\usr\share\locale\pt\LC_MESSAGES\gnupg2.mo
2026-09-01T16:35:23.6366091Z                                                             
2026-09-01T16:35:23.8396575Z  32% 7413 - msys64\usr\share\man\man1\pinky.1.gz
2026-09-01T16:35:23.8397020Z                                                 
2026-09-01T16:35:24.0427453Z  33% 8632 - msys64\usr\share\man\man3\libs . nel_direct_streamlocal_ex.3.gz
2026-09-01T16:35:24.0428069Z                                                                            
2026-09-01T16:35:24.2461641Z  39% 9744 - msys64\usr\share\perl5\core_perl\Encode\_T.e2x
2026-09-01T16:35:24.2462114Z                                                           
2026-09-01T16:35:24.4492561Z  42% 10179 - msys64\usr\share\perl5\core_perl\Test2\Manual\Tooling\Formatter.pm
2026-09-01T16:35:24.4493209Z                                                                                
2026-09-01T16:35:24.6524629Z  46% 11258 - msys64\usr\share\terminfo\61\ansi.sys-old
2026-09-01T16:35:24.6525180Z                                                       
2026-09-01T16:35:24.8558652Z  47% 12608 - msys64\usr\share\terminfo\6e\nwp-517-w
2026-09-01T16:35:24.8559006Z                                                    
2026-09-01T16:35:25.0588039Z  47% 13933 - msys64\usr\share\zoneinfo\Africa\Bangui
2026-09-01T16:35:25.0588341Z                                                     
2026-09-01T16:35:25.2934984Z  48% 15272 - msys64\usr\share\zoneinfo\right\America\Montserrat
2026-09-01T16:35:25.2935746Z                                                                
2026-09-01T16:35:25.4966677Z  50% 16042 - msys64\usr\share\mintty\sounds\ambient-splash.wav
2026-09-01T16:35:25.4967227Z                                                               
2026-09-01T16:35:25.7072792Z  68% 16332 - msys64\usr\bin\msys-ssl-3.dll
2026-09-01T16:35:25.7073170Z                                           
2026-09-01T16:35:25.7073422Z Everything is Ok
2026-09-01T16:35:25.7091773Z ##[endgroup]
2026-09-01T16:35:25.7092512Z ##[group]Disable Key Refresh...
2026-09-01T16:35:25.7108623Z ##[endgroup]
2026-09-01T16:35:25.7122644Z ##[group]Starting MSYS2 for the first time...
2026-09-01T16:35:25.7624432Z [command]C:\Windows\system32\cmd.exe /D /S /C D:\a\_temp\setup-msys2\msys2.cmd -c "'uname' '-a'"
2026-09-01T16:35:25.8672518Z [1;32mMSYS2 is starting for the first time. Executing the initial setup.[1;0m
2026-09-01T16:35:25.8859181Z Copying skeleton files.
2026-09-01T16:35:25.8859592Z These files are for the users to personalise their msys2 experience.
2026-09-01T16:35:25.8859817Z 
2026-09-01T16:35:25.8859931Z They will never be overwritten nor automatically updated.
2026-09-01T16:35:25.8860223Z 
2026-09-01T16:35:25.9196312Z './.bashrc' -> '/home/runneradmin/.bashrc'
2026-09-01T16:35:25.9313456Z './.bash_profile' -> '/home/runneradmin/.bash_profile'
2026-09-01T16:35:25.9423831Z './.profile' -> '/home/runneradmin/.profile'
2026-09-01T16:35:25.9881219Z 'C:\Windows\system32\drivers\etc\hosts' -> '/etc/hosts'
2026-09-01T16:35:26.0273548Z 'C:\Windows\system32\drivers\etc\protocol' -> '/etc/protocols'
2026-09-01T16:35:26.0609620Z 'C:\Windows\system32\drivers\etc\services' -> '/etc/services'
2026-09-01T16:35:26.0939437Z 'C:\Windows\system32\drivers\etc\networks' -> '/etc/networks'
2026-09-01T16:35:26.2511758Z gpg: /etc/pacman.d/gnupg/trustdb.gpg: trustdb created
2026-09-01T16:35:26.2564917Z gpg: no ultimately trusted keys found
2026-09-01T16:35:26.4538992Z gpg: starting migration from earlier GnuPG versions
2026-09-01T16:35:26.4993999Z gpg: porting secret keys from '/etc/pacman.d/gnupg/secring.gpg' to gpg-agent
2026-09-01T16:35:26.4995530Z gpg: migration succeeded
2026-09-01T16:35:26.5157554Z ==> Generating pacman master key. This may take some time.
2026-09-01T16:35:26.5306320Z gpg: Generating pacman keyring master key...
2026-09-01T16:35:26.7645276Z gpg: directory '/etc/pacman.d/gnupg/openpgp-revocs.d' created
2026-09-01T16:35:26.7860265Z gpg: revocation certificate stored as '/etc/pacman.d/gnupg/openpgp-revocs.d/EDB2373FA4F13B0BC7A548A0C8E733B532CC9570.rev'
2026-09-01T16:35:26.7861023Z gpg: Done
2026-09-01T16:35:26.7994666Z ==> Updating trust database...
2026-09-01T16:35:26.8272968Z gpg: marginals needed: 3  completes needed: 1  trust model: pgp
2026-09-01T16:35:26.8273447Z gpg: depth: 0  valid:   1  signed:   0  trust: 0-, 0q, 0n, 0m, 0f, 1u
2026-09-01T16:35:26.9160343Z ==> Appending keys from msys2.gpg...
2026-09-01T16:35:27.3300681Z ==> Locally signing trusted keys in keyring...
2026-09-01T16:35:27.7300183Z   -> Locally signed 5 keys.
2026-09-01T16:35:27.7402788Z ==> Importing owner trust values...
2026-09-01T16:35:27.7534764Z gpg: setting ownertrust to 4
2026-09-01T16:35:27.7535068Z gpg: setting ownertrust to 4
2026-09-01T16:35:27.7535271Z gpg: setting ownertrust to 4
2026-09-01T16:35:27.7535455Z gpg: setting ownertrust to 4
2026-09-01T16:35:27.7535633Z gpg: setting ownertrust to 4
2026-09-01T16:35:27.7729061Z ==> Disabling revoked keys in keyring...
2026-09-01T16:35:27.9800776Z   -> Disabled 4 keys.
2026-09-01T16:35:27.9915393Z ==> Updating trust database...
2026-09-01T16:35:28.0668544Z gpg: marginals needed: 3  completes needed: 1  trust model: pgp
2026-09-01T16:35:28.0687630Z gpg: depth: 0  valid:   1  signed:   5  trust: 0-, 0q, 0n, 0m, 0f, 1u
2026-09-01T16:35:28.0711747Z gpg: depth: 1  valid:   5  signed:   6  trust: 0-, 0q, 0n, 5m, 0f, 0u
2026-09-01T16:35:28.0721863Z gpg: depth: 2  valid:   3  signed:   2  trust: 3-, 0q, 0n, 0m, 0f, 0u
2026-09-01T16:35:28.1015124Z pacman-key (pacman) 6.1.0
2026-09-01T16:35:28.1015693Z Copyright (c) 2010-2024 Pacman Development Team <pacman-dev@lists.archlinux.org>.
2026-09-01T16:35:28.1016078Z 
2026-09-01T16:35:28.1138387Z This is free software; see the source for copying conditions.
2026-09-01T16:35:28.1139033Z There is NO WARRANTY, to the extent permitted by law.
2026-09-01T16:35:28.2780782Z [1;32mInitial setup complete. MSYS2 is now ready to use.[1;0m
2026-09-01T16:35:28.2901180Z MINGW64_NT-10.0-20348 runnervm0js1w 3.6.9-01d6c708.x86_64 2026-05-24 10:45 UTC x86_64 Msys
2026-09-01T16:35:28.2936277Z ##[endgroup]
2026-09-01T16:35:28.2936827Z ##[group]Disable CheckSpace...
2026-09-01T16:35:28.3388769Z [command]C:\Windows\system32\cmd.exe /D /S /C D:\a\_temp\setup-msys2\msys2.cmd -c "'sed' '-i' 's/^CheckSpace/#CheckSpace/g' '/etc/pacman.conf'"
2026-09-01T16:35:28.4811993Z ##[endgroup]
2026-09-01T16:35:28.4812408Z ##[group]Updating packages...
2026-09-01T16:35:28.5254390Z [command]C:\Windows\system32\cmd.exe /D /S /C D:\a\_temp\setup-msys2\msys2.cmd -c "'pacman' '--noconfirm' '-Syuu' '--overwrite' '*'"
2026-09-01T16:35:29.1244938Z :: Synchronizing package databases...
2026-09-01T16:35:31.0163321Z  clangarm64 downloading...
2026-09-01T16:35:31.0163593Z  mingw32 downloading...
2026-09-01T16:35:31.0163776Z  mingw64 downloading...
2026-09-01T16:35:31.0163944Z  ucrt64 downloading...
2026-09-01T16:35:31.0164106Z  clang64 downloading...
2026-09-01T16:35:31.0164270Z  msys downloading...
2026-09-01T16:35:31.6070982Z :: Starting core system upgrade...
2026-09-01T16:35:31.7572390Z warning: terminate other MSYS2 programs before proceeding
2026-09-01T16:35:31.7572720Z resolving dependencies...
2026-09-01T16:35:31.7572924Z looking for conflicting packages...
2026-09-01T16:35:31.7655348Z 
2026-09-01T16:35:31.7655776Z Packages (1) msys2-runtime-3.6.10-3
2026-09-01T16:35:31.7656086Z 
2026-09-01T16:35:31.7656180Z Total Download Size:    1.97 MiB
2026-09-01T16:35:31.7656557Z Total Installed Size:   6.33 MiB
2026-09-01T16:35:31.7656852Z Net Upgrade Size:      -0.20 MiB
2026-09-01T16:35:31.7656996Z 
2026-09-01T16:35:31.7657171Z :: Proceed with installation? [Y/n] 
2026-09-01T16:35:31.7657385Z :: Retrieving packages...
2026-09-01T16:35:34.2202625Z  msys2-runtime-3.6.10-3-x86_64 downloading...
2026-09-01T16:35:34.2203064Z checking keyring...
2026-09-01T16:35:34.2743368Z checking package integrity...
2026-09-01T16:35:34.4230112Z loading package files...
2026-09-01T16:35:34.4250257Z checking for file conflicts...
2026-09-01T16:35:34.4267048Z :: Processing package changes...
2026-09-01T16:35:34.4267337Z upgrading msys2-runtime...
2026-09-01T16:35:34.5422377Z :: To complete this update all MSYS2 processes including this terminal will be closed. Confirm to proceed [Y/n] 
2026-09-01T16:35:34.7499427Z ##[endgroup]
2026-09-01T16:35:34.7499862Z ##[group]Killing remaining tasks...
2026-09-01T16:35:34.8011630Z [command]C:\Windows\system32\taskkill.exe /F /FI "MODULES eq msys-2.0.dll"
2026-09-01T16:35:34.9456660Z 
2026-09-01T16:35:34.9457425Z INFO: No tasks running with the specified criteria.
2026-09-01T16:35:34.9487106Z ##[endgroup]
2026-09-01T16:35:34.9487461Z ##[group]Final system upgrade...
2026-09-01T16:35:34.9962201Z [command]C:\Windows\system32\cmd.exe /D /S /C D:\a\_temp\setup-msys2\msys2.cmd -c "'pacman' '--noconfirm' '-Syuu' '--overwrite' '*'"
2026-09-01T16:35:35.5223302Z :: Synchronizing package databases...
2026-09-01T16:35:36.2726649Z  clangarm64 downloading...
2026-09-01T16:35:36.2726952Z  mingw32 downloading...
2026-09-01T16:35:36.2727137Z  mingw64 downloading...
2026-09-01T16:35:36.2727320Z  ucrt64 downloading...
2026-09-01T16:35:36.2727779Z  clang64 downloading...
2026-09-01T16:35:36.2727945Z  msys downloading...
2026-09-01T16:35:36.6206075Z :: Starting core system upgrade...
2026-09-01T16:35:36.7768312Z  there is nothing to do
2026-09-01T16:35:36.7768654Z :: Starting full system upgrade...
2026-09-01T16:35:36.8048310Z resolving dependencies...
2026-09-01T16:35:36.8102552Z looking for conflicting packages...
2026-09-01T16:35:36.8212320Z 
2026-09-01T16:35:36.8214684Z Packages (31) bash-completion-2.18.0-1  bsdtar-3.8.9-1  ca-certificates-20260816-1  curl-8.21.0-1  findutils-4.11.0-2  gawk-5.4.1-1  gcc-libs-15.3.0-1  gnupg-2.4.9-3  libcurl-8.21.0-1  libexpat-2.8.3-1  libffi-3.8.0-1  libgnutls-3.8.13-2  libhogweed-4.0-1  libnettle-4.0-1  libnghttp2-1.70.0-1  libnghttp3-1.18.0-1  libngtcp2-1.25.0-1  libopenssl-3.6.4-1  libp11-kit-0.26.5-1  libpsl-0.23.2-1  libsqlite-3.53.4-1  msys2-keyring-1~20260814-1  nano-9.2-1  nettle-4.0-1  openssl-3.6.4-1  p11-kit-0.26.5-1  pacman-contrib-1.10.6-2  perl-5.42.3-1  pinentry-1.3.3-1  tzcode-2026c-1  wget-1.25.0-2
2026-09-01T16:35:36.8217471Z 
2026-09-01T16:35:36.8217616Z Total Download Size:    27.05 MiB
2026-09-01T16:35:36.8218322Z Total Installed Size:  108.42 MiB
2026-09-01T16:35:36.8218635Z Net Upgrade Size:       -1.02 MiB
2026-09-01T16:35:36.8218830Z 
2026-09-01T16:35:36.8219118Z :: Proceed with installation? [Y/n] 
2026-09-01T16:35:36.8219438Z :: Retrieving packages...
2026-09-01T16:35:39.7676845Z  perl-5.42.3-1-x86_64 downloading...
2026-09-01T16:35:39.7677292Z  pacman-contrib-1.10.6-2-x86_64 downloading...
2026-09-01T16:35:39.7677544Z  gnupg-2.4.9-3-x86_64 downloading...
2026-09-01T16:35:39.7677756Z  libopenssl-3.6.4-1-x86_64 downloading...
2026-09-01T16:35:39.7677983Z  gawk-5.4.1-1-x86_64 downloading...
2026-09-01T16:35:39.7678194Z  libgnutls-3.8.13-2-x86_64 downloading...
2026-09-01T16:35:39.7678408Z  gcc-libs-15.3.0-1-x86_64 downloading...
2026-09-01T16:35:39.7678609Z  curl-8.21.0-1-x86_64 downloading...
2026-09-01T16:35:39.7678839Z  wget-1.25.0-2-x86_64 downloading...
2026-09-01T16:35:39.7679037Z  libsqlite-3.53.4-1-x86_64 downloading...
2026-09-01T16:35:39.7679241Z  nano-9.2-1-x86_64 downloading...
2026-09-01T16:35:39.7679435Z  openssl-3.6.4-1-x86_64 downloading...
2026-09-01T16:35:39.7679635Z  findutils-4.11.0-2-x86_64 downloading...
2026-09-01T16:35:39.7679836Z  p11-kit-0.26.5-1-x86_64 downloading...
2026-09-01T16:35:39.7680071Z  ca-certificates-20260816-1-any downloading...
2026-09-01T16:35:39.7680294Z  libcurl-8.21.0-1-x86_64 downloading...
2026-09-01T16:35:39.7680491Z  bsdtar-3.8.9-1-x86_64 downloading...
2026-09-01T16:35:39.7680683Z  tzcode-2026c-1-x86_64 downloading...
2026-09-01T16:35:39.7680883Z  libp11-kit-0.26.5-1-x86_64 downloading...
2026-09-01T16:35:39.7681117Z  bash-completion-2.18.0-1-any downloading...
2026-09-01T16:35:39.7681340Z  libhogweed-4.0-1-x86_64 downloading...
2026-09-01T16:35:39.7681551Z  libngtcp2-1.25.0-1-x86_64 downloading...
2026-09-01T16:35:39.7681758Z  libnettle-4.0-1-x86_64 downloading...
2026-09-01T16:35:39.7681965Z  nettle-4.0-1-x86_64 downloading...
2026-09-01T16:35:39.7682161Z  libpsl-0.23.2-1-x86_64 downloading...
2026-09-01T16:35:39.7682364Z  libnghttp3-1.18.0-1-x86_64 downloading...
2026-09-01T16:35:39.7682574Z  libnghttp2-1.70.0-1-x86_64 downloading...
2026-09-01T16:35:39.7682778Z  libexpat-2.8.3-1-x86_64 downloading...
2026-09-01T16:35:39.7682981Z  pinentry-1.3.3-1-x86_64 downloading...
2026-09-01T16:35:39.7683214Z  msys2-keyring-1~20260814-1-any downloading...
2026-09-01T16:35:39.7683435Z  libffi-3.8.0-1-x86_64 downloading...
2026-09-01T16:35:39.7683624Z checking keyring...
2026-09-01T16:35:39.8154127Z checking package integrity...
2026-09-01T16:35:43.8208948Z loading package files...
2026-09-01T16:35:43.8809273Z checking for file conflicts...
2026-09-01T16:35:43.9236036Z :: Running pre-transaction hooks...
2026-09-01T16:35:43.9236379Z (1/1) Removing old entries from the info directory file...
2026-09-01T16:35:44.0260202Z :: Processing package changes...
2026-09-01T16:35:44.0261010Z upgrading bash-completion...
2026-09-01T16:35:44.7188975Z upgrading gcc-libs...
2026-09-01T16:35:44.7336196Z upgrading libexpat...
2026-09-01T16:35:44.7370650Z upgrading libopenssl...
2026-09-01T16:35:44.7590759Z upgrading bsdtar...
2026-09-01T16:35:44.7664730Z upgrading openssl...
2026-09-01T16:35:44.8475487Z upgrading findutils...
2026-09-01T16:35:44.9041540Z upgrading libffi...
2026-09-01T16:35:44.9121575Z upgrading libp11-kit...
2026-09-01T16:35:44.9179855Z upgrading p11-kit...
2026-09-01T16:35:45.0341402Z upgrading ca-certificates...
2026-09-01T16:35:45.4831696Z upgrading libnghttp3...
2026-09-01T16:35:45.4878537Z upgrading libngtcp2...
2026-09-01T16:35:45.4940762Z upgrading libnghttp2...
2026-09-01T16:35:45.4987810Z upgrading libpsl...
2026-09-01T16:35:45.5057782Z upgrading libcurl...
2026-09-01T16:35:45.5108746Z upgrading curl...
2026-09-01T16:35:45.8520537Z upgrading gawk...
2026-09-01T16:35:45.9292858Z upgrading libhogweed...
2026-09-01T16:35:45.9328611Z upgrading libnettle...
2026-09-01T16:35:45.9369995Z upgrading libgnutls...
2026-09-01T16:35:45.9758828Z upgrading libsqlite...
2026-09-01T16:35:45.9841844Z upgrading nettle...
2026-09-01T16:35:45.9903899Z upgrading pinentry...
2026-09-01T16:35:45.9951218Z upgrading gnupg...
2026-09-01T16:35:50.4747299Z ==> Appending keys from msys2.gpg...
2026-09-01T16:35:50.8946261Z ==> Updating trust database...
2026-09-01T16:35:50.9097663Z gpg: no need for a trustdb check
2026-09-01T16:35:50.9888424Z upgrading msys2-keyring...
2026-09-01T16:35:51.3043952Z ==> Appending keys from msys2.gpg...
2026-09-01T16:35:51.8253512Z ==> Updating trust database...
2026-09-01T16:35:51.8394563Z gpg: next trustdb check due at 2027-02-10
2026-09-01T16:35:51.9088030Z upgrading nano...
2026-09-01T16:35:51.9938561Z upgrading pacman-contrib...
2026-09-01T16:35:52.0494773Z New optional dependencies for pacman-contrib
2026-09-01T16:35:52.0495078Z     perl: for pacsearch [installed]
2026-09-01T16:35:52.0495299Z     vim: default diff program for pacdiff
2026-09-01T16:35:52.0495540Z upgrading perl...
2026-09-01T16:35:53.4103060Z upgrading tzcode...
2026-09-01T16:35:54.8418393Z upgrading wget...
2026-09-01T16:35:54.9294035Z :: Running post-transaction hooks...
2026-09-01T16:35:54.9294347Z (1/1) Updating the info directory file...
2026-09-01T16:35:56.3770091Z ##[endgroup]
2026-09-01T16:35:56.3771360Z ##[group]Installing additional packages through pacman...
2026-09-01T16:35:56.4246351Z [command]C:\Windows\system32\cmd.exe /D /S /C D:\a\_temp\setup-msys2\msys2.cmd -c "'pacman' '--noconfirm' '-S' '--needed' '--overwrite' '*' 'git' 'make' 'mingw-w64-x86_64-boost' 'mingw-w64-x86_64-cmake' 'mingw-w64-x86_64-gcc'"
2026-09-01T16:35:57.0910160Z resolving dependencies...
2026-09-01T16:35:57.1027533Z looking for conflicting packages...
2026-09-01T16:35:57.1139772Z 
2026-09-01T16:35:57.1147868Z Packages (89) heimdal-7.8.0-5  heimdal-libs-7.8.0-5  libcbor-0.14.0-2  libedit-20240808_3.1-1  libfido2-1.17.0-1  mingw-w64-x86_64-binutils-2.47-3  mingw-w64-x86_64-boost-libs-1.91.0-3  mingw-w64-x86_64-brotli-1.2.0-1  mingw-w64-x86_64-bzip2-1.0.8-4  mingw-w64-x86_64-c-ares-1.34.8-1  mingw-w64-x86_64-ca-certificates-20260816-1  mingw-w64-x86_64-cppdap-1.65.r11.g6464cd7-1  mingw-w64-x86_64-crt-14.0.0.r302.gd7f3c5201-1  mingw-w64-x86_64-curl-8.21.0-2  mingw-w64-x86_64-expat-2.8.3-1  mingw-w64-x86_64-gcc-libs-16.2.0-3  mingw-w64-x86_64-gettext-runtime-1.0-1  mingw-w64-x86_64-gmp-6.3.0-2  mingw-w64-x86_64-gnutls-3.8.13-3  mingw-w64-x86_64-headers-14.0.0.r302.gd7f3c5201-1  mingw-w64-x86_64-icu-78.3-4  mingw-w64-x86_64-isl-0.28-1  mingw-w64-x86_64-jsoncpp-1.9.8-1  mingw-w64-x86_64-libarchive-3.8.9-5  mingw-w64-x86_64-libb2-0.98.1-3  mingw-w64-x86_64-libffi-3.8.0-1  mingw-w64-x86_64-libiconv-1.19-1  mingw-w64-x86_64-libidn2-2.3.8-4  mingw-w64-x86_64-libpsl-0.21.5-3  mingw-w64-x86_64-libssh2-1.11.1-2  mingw-w64-x86_64-libtasn1-4.21.0-1  mingw-w64-x86_64-libunistring-1.4.2-1  mingw-w64-x86_64-libuv-1.52.1-1  mingw-w64-x86_64-libwinpthread-14.0.0.r302.gd7f3c5201-1  mingw-w64-x86_64-lz4-1.10.0-1  mingw-w64-x86_64-mpc-1.4.1-1  mingw-w64-x86_64-mpfr-4.2.2-3  mingw-w64-x86_64-nettle-4.0-1  mingw-w64-x86_64-nghttp2-1.70.0-1  mingw-w64-x86_64-nghttp3-1.18.0-1  mingw-w64-x86_64-ngtcp2-1.25.0-1  mingw-w64-x86_64-ninja-1.13.2-1  mingw-w64-x86_64-openssl-3.6.4-1  mingw-w64-x86_64-p11-kit-0.26.5-1  mingw-w64-x86_64-pcre2-10.47-1  mingw-w64-x86_64-pkgconf-1~3.0.5-1  mingw-w64-x86_64-rhash-1.4.6-1  mingw-w64-x86_64-tzdata-2026c-1  mingw-w64-x86_64-windows-default-manifest-20260815-1  mingw-w64-x86_64-wineditline-2.208-1  mingw-w64-x86_64-winpthreads-14.0.0.r302.gd7f3c5201-1  mingw-w64-x86_64-xz-5.8.3-1  mingw-w64-x86_64-zlib-1.3.2-2  mingw-w64-x86_64-zstd-1.5.7-2  openssh-10.5p1-2  perl-Authen-SASL-2.2000-1  perl-Clone-0.50-2  perl-Convert-BinHex-1.125-2  perl-Encode-Locale-1.05-2  perl-Error-0.17030-1  perl-File-Listing-6.16-1  perl-HTML-Parser-3.85-1  perl-HTML-Tagset-3.24-1  perl-HTTP-Cookies-6.12-1  perl-HTTP-Daemon-6.17-1  perl-HTTP-Date-6.08-1  perl-HTTP-Message-7.04-1  perl-HTTP-Negotiate-6.01-3  perl-IO-HTML-1.004-2  perl-IO-Socket-SSL-2.099-1  perl-IO-Stringy-2.113-3  perl-LWP-MediaTypes-6.04-2  perl-MIME-tools-5.517-1  perl-MailTools-2.22-1  perl-Net-HTTP-6.24-1  perl-Net-SMTP-SSL-1.04-2  perl-Net-SSLeay-1.96-1  perl-TermReadKey-2.38-8  perl-TimeDate-2.35-1  perl-Try-Tiny-0.32-1  perl-URI-5.36-1  perl-WWW-RobotRules-6.03-1  perl-http-cookiejar-0.014-1  perl-libwww-6.83-2  git-2.55.0-1  make-4.4.1-3  mingw-w64-x86_64-boost-1.91.0-3  mingw-w64-x86_64-cmake-4.4.2-2  mingw-w64-x86_64-gcc-16.2.0-3
2026-09-01T16:35:57.1154824Z 
2026-09-01T16:35:57.1154909Z Total Download Size:    154.18 MiB
2026-09-01T16:35:57.1155112Z Total Installed Size:  1023.08 MiB
2026-09-01T16:35:57.1155232Z 
2026-09-01T16:35:57.1155358Z :: Proceed with installation? [Y/n] 
2026-09-01T16:35:57.1155563Z :: Retrieving packages...
2026-09-01T16:36:09.6921722Z  mingw-w64-x86_64-gcc-16.2.0-3-any downloading...
2026-09-01T16:36:09.6922149Z  mingw-w64-x86_64-icu-78.3-4-any downloading...
2026-09-01T16:36:09.6922554Z  mingw-w64-x86_64-boost-1.91.0-3-any downloading...
2026-09-01T16:36:09.6922931Z  mingw-w64-x86_64-cmake-4.4.2-2-any downloading...
2026-09-01T16:36:09.6923276Z  mingw-w64-x86_64-openssl-3.6.4-1-any downloading...
2026-09-01T16:36:09.6923589Z  git-2.55.0-1-x86_64 downloading...
2026-09-01T16:36:09.6923960Z  mingw-w64-x86_64-headers-14.0.0.r302.gd7f3c5201-1-any downloading...
2026-09-01T16:36:09.6924474Z  mingw-w64-x86_64-binutils-2.47-3-any downloading...
2026-09-01T16:36:09.6924919Z  mingw-w64-x86_64-crt-14.0.0.r302.gd7f3c5201-1-any downloading...
2026-09-01T16:36:09.6925351Z  mingw-w64-x86_64-boost-libs-1.91.0-3-any downloading...
2026-09-01T16:36:09.6925742Z  mingw-w64-x86_64-gnutls-3.8.13-3-any downloading...
2026-09-01T16:36:09.6925998Z  mingw-w64-x86_64-libarchive-3.8.9-5-any downloading...
2026-09-01T16:36:09.6926254Z  mingw-w64-x86_64-curl-8.21.0-2-any downloading...
2026-09-01T16:36:09.6926506Z  mingw-w64-x86_64-isl-0.28-1-any downloading...
2026-09-01T16:36:09.6926752Z  mingw-w64-x86_64-pcre2-10.47-1-any downloading...
2026-09-01T16:36:09.6926992Z  openssh-10.5p1-2-x86_64 downloading...
2026-09-01T16:36:09.6927225Z  mingw-w64-x86_64-gcc-libs-16.2.0-3-any downloading...
2026-09-01T16:36:09.6927502Z  mingw-w64-x86_64-libunistring-1.4.2-1-any downloading...
2026-09-01T16:36:09.6927750Z  heimdal-libs-7.8.0-5-x86_64 downloading...
2026-09-01T16:36:09.6927991Z  mingw-w64-x86_64-libiconv-1.19-1-any downloading...
2026-09-01T16:36:09.6928236Z  mingw-w64-x86_64-zstd-1.5.7-2-any downloading...
2026-09-01T16:36:09.6928481Z  mingw-w64-x86_64-p11-kit-0.26.5-1-any downloading...
2026-09-01T16:36:09.6928722Z  mingw-w64-x86_64-gmp-6.3.0-2-any downloading...
2026-09-01T16:36:09.6928969Z  mingw-w64-x86_64-nettle-4.0-1-any downloading...
2026-09-01T16:36:09.6929192Z  heimdal-7.8.0-5-x86_64 downloading...
2026-09-01T16:36:09.6929407Z  mingw-w64-x86_64-mpfr-4.2.2-3-any downloading...
2026-09-01T16:36:09.6929846Z  mingw-w64-x86_64-cppdap-1.65.r11.g6464cd7-1-any downloading...
2026-09-01T16:36:09.6930361Z  make-4.4.1-3-x86_64 downloading...
2026-09-01T16:36:09.6930573Z  mingw-w64-x86_64-xz-5.8.3-1-any downloading...
2026-09-01T16:36:09.6930809Z  mingw-w64-x86_64-brotli-1.2.0-1-any downloading...
2026-09-01T16:36:09.6931076Z  mingw-w64-x86_64-gettext-runtime-1.0-1-any downloading...
2026-09-01T16:36:09.6931373Z  mingw-w64-x86_64-ca-certificates-20260816-1-any downloading...
2026-09-01T16:36:09.6931796Z  mingw-w64-x86_64-c-ares-1.34.8-1-any downloading...
2026-09-01T16:36:09.6932044Z  mingw-w64-x86_64-libssh2-1.11.1-2-any downloading...
2026-09-01T16:36:09.6932291Z  mingw-w64-x86_64-ngtcp2-1.25.0-1-any downloading...
2026-09-01T16:36:09.6932532Z  mingw-w64-x86_64-rhash-1.4.6-1-any downloading...
2026-09-01T16:36:09.6932772Z  perl-Net-SSLeay-1.96-1-x86_64 downloading...
2026-09-01T16:36:09.6933008Z  mingw-w64-x86_64-tzdata-2026c-1-any downloading...
2026-09-01T16:36:09.6933244Z  mingw-w64-x86_64-libuv-1.52.1-1-any downloading...
2026-09-01T16:36:09.6933480Z  mingw-w64-x86_64-jsoncpp-1.9.8-1-any downloading...
2026-09-01T16:36:09.6933871Z  mingw-w64-x86_64-nghttp2-1.70.0-1-any downloading...
2026-09-01T16:36:09.6934267Z  mingw-w64-x86_64-libtasn1-4.21.0-1-any downloading...
2026-09-01T16:36:09.6934640Z  mingw-w64-x86_64-expat-2.8.3-1-any downloading...
2026-09-01T16:36:09.6935021Z  mingw-w64-x86_64-ninja-1.13.2-1-any downloading...
2026-09-01T16:36:09.6935398Z  perl-MIME-tools-5.517-1-any downloading...
2026-09-01T16:36:09.6935751Z  mingw-w64-x86_64-libidn2-2.3.8-4-any downloading...
2026-09-01T16:36:09.6936103Z  mingw-w64-x86_64-lz4-1.10.0-1-any downloading...
2026-09-01T16:36:09.6936450Z  perl-IO-Socket-SSL-2.099-1-any downloading...
2026-09-01T16:36:09.6936780Z  mingw-w64-x86_64-pkgconf-1~3.0.5-1-any downloading...
2026-09-01T16:36:09.6937157Z  mingw-w64-x86_64-nghttp3-1.18.0-1-any downloading...
2026-09-01T16:36:09.6937533Z  mingw-w64-x86_64-mpc-1.4.1-1-any downloading...
2026-09-01T16:36:09.6937888Z  perl-libwww-6.83-2-any downloading...
2026-09-01T16:36:09.6938236Z  mingw-w64-x86_64-zlib-1.3.2-2-any downloading...
2026-09-01T16:36:09.6938588Z  perl-URI-5.36-1-any downloading...
2026-09-01T16:36:09.6938935Z  mingw-w64-x86_64-libpsl-0.21.5-3-any downloading...
2026-09-01T16:36:09.6939330Z  mingw-w64-x86_64-bzip2-1.0.8-4-any downloading...
2026-09-01T16:36:09.6939714Z  libedit-20240808_3.1-1-x86_64 downloading...
2026-09-01T16:36:09.6940047Z  libfido2-1.17.0-1-x86_64 downloading...
2026-09-01T16:36:09.6940393Z  perl-HTML-Parser-3.85-1-x86_64 downloading...
2026-09-01T16:36:09.6940777Z  perl-HTTP-Message-7.04-1-any downloading...
2026-09-01T16:36:09.6941131Z  perl-TimeDate-2.35-1-any downloading...
2026-09-01T16:36:09.6941509Z  mingw-w64-x86_64-wineditline-2.208-1-any downloading...
2026-09-01T16:36:09.6941904Z  perl-MailTools-2.22-1-any downloading...
2026-09-01T16:36:09.6942270Z  mingw-w64-x86_64-libffi-3.8.0-1-any downloading...
2026-09-01T16:36:09.6942654Z  perl-IO-Stringy-2.113-3-any downloading...
2026-09-01T16:36:09.6943136Z  mingw-w64-x86_64-winpthreads-14.0.0.r302.gd7f3c5201-1-any downloading...
2026-09-01T16:36:09.6943666Z  perl-Authen-SASL-2.2000-1-any downloading...
2026-09-01T16:36:09.6944168Z  mingw-w64-x86_64-libwinpthread-14.0.0.r302.gd7f3c5201-1-any downloading...
2026-09-01T16:36:09.6944531Z  perl-Convert-BinHex-1.125-2-any downloading...
2026-09-01T16:36:09.6944776Z  mingw-w64-x86_64-libb2-0.98.1-3-any downloading...
2026-09-01T16:36:09.6945005Z  libcbor-0.14.0-2-x86_64 downloading...
2026-09-01T16:36:09.6945221Z  perl-HTTP-Cookies-6.12-1-any downloading...
2026-09-01T16:36:09.6945450Z  perl-Net-HTTP-6.24-1-any downloading...
2026-09-01T16:36:09.6945654Z  perl-Error-0.17030-1-any downloading...
2026-09-01T16:36:09.6945874Z  perl-TermReadKey-2.38-8-x86_64 downloading...
2026-09-01T16:36:09.6946105Z  perl-HTTP-Daemon-6.17-1-any downloading...
2026-09-01T16:36:09.6946334Z  perl-LWP-MediaTypes-6.04-2-any downloading...
2026-09-01T16:36:09.6946558Z  perl-Try-Tiny-0.32-1-any downloading...
2026-09-01T16:36:09.6946763Z  perl-Clone-0.50-2-x86_64 downloading...
2026-09-01T16:36:09.6947093Z  perl-IO-HTML-1.004-2-any downloading...
2026-09-01T16:36:09.6947339Z  perl-WWW-RobotRules-6.03-1-any downloading...
2026-09-01T16:36:09.6947575Z  perl-http-cookiejar-0.014-1-any downloading...
2026-09-01T16:36:09.6947822Z  perl-HTTP-Negotiate-6.01-3-any downloading...
2026-09-01T16:36:09.6948052Z  perl-Encode-Locale-1.05-2-any downloading...
2026-09-01T16:36:09.6949015Z  perl-HTML-Tagset-3.24-1-any downloading...
2026-09-01T16:36:09.6949237Z  perl-File-Listing-6.16-1-any downloading...
2026-09-01T16:36:09.6949455Z  perl-HTTP-Date-6.08-1-any downloading...
2026-09-01T16:36:09.6949673Z  perl-Net-SMTP-SSL-1.04-2-any downloading...
2026-09-01T16:36:09.6949960Z  mingw-w64-x86_64-windows-default-manifest-20260815-1-any downloading...
2026-09-01T16:36:09.6950239Z checking keyring...
2026-09-01T16:36:09.7513548Z checking package integrity...
2026-09-01T16:36:21.9428284Z loading package files...
2026-09-01T16:36:22.2218760Z checking for file conflicts...
2026-09-01T16:36:24.0861016Z :: Processing package changes...
2026-09-01T16:36:24.0861371Z installing libedit...
2026-09-01T16:36:24.1113002Z installing heimdal-libs...
2026-09-01T16:36:24.1265724Z installing heimdal...
2026-09-01T16:36:24.6000905Z installing libcbor...
2026-09-01T16:36:24.6023385Z installing libfido2...
2026-09-01T16:36:24.6050917Z installing openssh...
2026-09-01T16:36:24.6370978Z installing perl-Error...
2026-09-01T16:36:24.6430186Z installing perl-Authen-SASL...
2026-09-01T16:36:24.6597802Z installing perl-Encode-Locale...
2026-09-01T16:36:24.6641482Z installing perl-HTTP-Date...
2026-09-01T16:36:24.6685298Z installing perl-File-Listing...
2026-09-01T16:36:24.6732463Z installing perl-HTML-Tagset...
2026-09-01T16:36:24.6778555Z installing perl-Clone...
2026-09-01T16:36:24.6817753Z installing perl-IO-HTML...
2026-09-01T16:36:24.6862021Z installing perl-LWP-MediaTypes...
2026-09-01T16:36:24.6914053Z installing perl-URI...
2026-09-01T16:36:24.7403797Z installing perl-HTTP-Message...
2026-09-01T16:36:24.7546216Z installing perl-HTML-Parser...
2026-09-01T16:36:24.7662074Z installing perl-HTTP-Cookies...
2026-09-01T16:36:24.7724623Z installing perl-HTTP-Daemon...
2026-09-01T16:36:24.7760484Z installing perl-http-cookiejar...
2026-09-01T16:36:24.7812116Z installing perl-HTTP-Negotiate...
2026-09-01T16:36:24.7848813Z installing perl-Net-HTTP...
2026-09-01T16:36:24.7929820Z installing perl-WWW-RobotRules...
2026-09-01T16:36:24.8000193Z installing perl-Try-Tiny...
2026-09-01T16:36:24.8057150Z installing perl-libwww...
2026-09-01T16:36:24.8321032Z Optional dependencies for perl-libwww
2026-09-01T16:36:24.8321389Z     perl-LWP-Protocol-https: for https:// url schemes
2026-09-01T16:36:24.8321714Z installing perl-TimeDate...
2026-09-01T16:36:24.8817210Z installing perl-MailTools...
2026-09-01T16:36:24.9024756Z installing perl-IO-Stringy...
2026-09-01T16:36:24.9129551Z installing perl-Convert-BinHex...
2026-09-01T16:36:25.0269800Z module test... pass.
2026-09-01T16:36:25.0276110Z installing perl-MIME-tools...
2026-09-01T16:36:25.0574365Z installing perl-Net-SSLeay...
2026-09-01T16:36:25.1121770Z installing perl-IO-Socket-SSL...
2026-09-01T16:36:25.1217802Z installing perl-Net-SMTP-SSL...
2026-09-01T16:36:25.1252128Z installing perl-TermReadKey...
2026-09-01T16:36:25.1312256Z installing git...
2026-09-01T16:36:25.5759052Z Optional dependencies for git
2026-09-01T16:36:25.5759483Z     python: various helper scripts
2026-09-01T16:36:25.5759821Z     subversion: git svn
2026-09-01T16:36:25.5760113Z     aspell: spell checking in git gui
2026-09-01T16:36:25.5760431Z installing make...
2026-09-01T16:36:25.6005695Z installing mingw-w64-x86_64-libwinpthread...
2026-09-01T16:36:25.6043689Z installing mingw-w64-x86_64-tzdata...
2026-09-01T16:36:26.7825821Z installing mingw-w64-x86_64-gcc-libs...
2026-09-01T16:36:26.7968046Z installing mingw-w64-x86_64-bzip2...
2026-09-01T16:36:26.8109863Z installing mingw-w64-x86_64-icu...
2026-09-01T16:36:27.1193993Z installing mingw-w64-x86_64-libiconv...
2026-09-01T16:36:27.1375978Z installing mingw-w64-x86_64-gettext-runtime...
2026-09-01T16:36:27.2303347Z installing mingw-w64-x86_64-xz...
2026-09-01T16:36:27.3130293Z installing mingw-w64-x86_64-zstd...
2026-09-01T16:36:27.3289452Z installing mingw-w64-x86_64-zlib...
2026-09-01T16:36:27.3353315Z installing mingw-w64-x86_64-boost-libs...
2026-09-01T16:36:27.3733034Z installing mingw-w64-x86_64-boost...
2026-09-01T16:36:38.3760171Z Optional dependencies for mingw-w64-x86_64-boost
2026-09-01T16:36:38.3760493Z     mingw-w64-x86_64-python: For Boost.Python
2026-09-01T16:36:38.3760770Z     mingw-w64-x86_64-python-numpy: For Boost.Python (NumPy)
2026-09-01T16:36:38.3761025Z installing mingw-w64-x86_64-cppdap...
2026-09-01T16:36:38.3956131Z installing mingw-w64-x86_64-c-ares...
2026-09-01T16:36:38.4808990Z installing mingw-w64-x86_64-brotli...
2026-09-01T16:36:38.4978917Z installing mingw-w64-x86_64-libunistring...
2026-09-01T16:36:38.5344748Z installing mingw-w64-x86_64-libidn2...
2026-09-01T16:36:38.5557006Z installing mingw-w64-x86_64-libpsl...
2026-09-01T16:36:38.5628451Z installing mingw-w64-x86_64-libtasn1...
2026-09-01T16:36:38.5923947Z installing mingw-w64-x86_64-libffi...
2026-09-01T16:36:38.6002328Z installing mingw-w64-x86_64-p11-kit...
2026-09-01T16:36:38.7081395Z installing mingw-w64-x86_64-ca-certificates...
2026-09-01T16:36:39.2005419Z installing mingw-w64-x86_64-openssl...
2026-09-01T16:36:43.5783963Z Optional dependencies for mingw-w64-x86_64-openssl
2026-09-01T16:36:43.5784449Z     mingw-w64-x86_64-ca-certificates [installed]
2026-09-01T16:36:43.5784850Z installing mingw-w64-x86_64-libssh2...
2026-09-01T16:36:43.7294122Z installing mingw-w64-x86_64-nghttp2...
2026-09-01T16:36:43.7416022Z installing mingw-w64-x86_64-gmp...
2026-09-01T16:36:43.7532658Z installing mingw-w64-x86_64-nettle...
2026-09-01T16:36:43.7944507Z installing mingw-w64-x86_64-gnutls...
2026-09-01T16:36:44.4704953Z installing mingw-w64-x86_64-ngtcp2...
2026-09-01T16:36:44.4867372Z installing mingw-w64-x86_64-nghttp3...
2026-09-01T16:36:44.4965465Z installing mingw-w64-x86_64-curl...
2026-09-01T16:36:44.7891091Z installing mingw-w64-x86_64-expat...
2026-09-01T16:36:44.8007076Z installing mingw-w64-x86_64-jsoncpp...
2026-09-01T16:36:44.8145846Z installing mingw-w64-x86_64-libb2...
2026-09-01T16:36:44.8197331Z installing mingw-w64-x86_64-lz4...
2026-09-01T16:36:44.8304767Z installing mingw-w64-x86_64-wineditline...
2026-09-01T16:36:44.8367893Z installing mingw-w64-x86_64-pcre2...
2026-09-01T16:36:44.9761852Z installing mingw-w64-x86_64-libarchive...
2026-09-01T16:36:45.1389737Z installing mingw-w64-x86_64-libuv...
2026-09-01T16:36:45.1551243Z installing mingw-w64-x86_64-ninja...
2026-09-01T16:36:45.1592228Z installing mingw-w64-x86_64-pkgconf...
2026-09-01T16:36:45.1752935Z installing mingw-w64-x86_64-rhash...
2026-09-01T16:36:45.2022007Z installing mingw-w64-x86_64-cmake...
2026-09-01T16:36:47.6476856Z Optional dependencies for mingw-w64-x86_64-cmake
2026-09-01T16:36:47.6477404Z     mingw-w64-x86_64-emacs: for cmake emacs mode
2026-09-01T16:36:47.6477762Z installing mingw-w64-x86_64-binutils...
2026-09-01T16:36:48.0481462Z installing mingw-w64-x86_64-headers...
2026-09-01T16:36:49.0212372Z installing mingw-w64-x86_64-crt...
2026-09-01T16:36:49.6620328Z installing mingw-w64-x86_64-isl...
2026-09-01T16:36:49.7137730Z installing mingw-w64-x86_64-mpfr...
2026-09-01T16:36:49.7306068Z installing mingw-w64-x86_64-mpc...
2026-09-01T16:36:49.7360337Z installing mingw-w64-x86_64-windows-default-manifest...
2026-09-01T16:36:49.7383245Z installing mingw-w64-x86_64-winpthreads...
2026-09-01T16:36:49.7481260Z installing mingw-w64-x86_64-gcc...
2026-09-01T16:36:51.0558227Z :: Running post-transaction hooks...
2026-09-01T16:36:51.0558623Z (1/1) Updating the info directory file...
2026-09-01T16:36:51.3003582Z ##[endgroup]
2026-09-01T16:36:51.3195424Z ##[group]Run cmake --version
2026-09-01T16:36:51.3195767Z [36;1mcmake --version[0m
2026-09-01T16:36:51.3195950Z [36;1mg++ --version[0m
2026-09-01T16:36:51.3200405Z shell: D:\a\_temp\setup-msys2\msys2.CMD {0}
2026-09-01T16:36:51.3200637Z env:
2026-09-01T16:36:51.3200844Z   OPENFHE_COMMIT: df495ba2e91739a6dc8f1de254fc5a41155ce504
2026-09-01T16:36:51.3201131Z   OPENFHE_PREFIX: C:\openfhe-2023-1788\openfhe-install
2026-09-01T16:36:51.3201376Z   WINDOWS_ROOT: C:\openfhe-2023-1788
2026-09-01T16:36:51.3201749Z   PROJECT_SOURCE: C:\openfhe-2023-1788\cleanroom
2026-09-01T16:36:51.3201993Z   OPENFHE_SOURCE: C:\openfhe-2023-1788\openfhe-src
2026-09-01T16:36:51.3202275Z   OPENFHE_BUILD: C:\openfhe-2023-1788\openfhe-build-33532645418-1
2026-09-01T16:36:51.3202590Z   PROJECT_BUILD: C:\openfhe-2023-1788\project-build-33532645418-1
2026-09-01T16:36:51.3202834Z   MSYSTEM: MINGW64
2026-09-01T16:36:51.3202988Z ##[endgroup]
2026-09-01T16:36:51.5254287Z cmake version 4.4.2
2026-09-01T16:36:51.5257939Z 
2026-09-01T16:36:51.5259391Z CMake suite maintained and supported by Kitware (kitware.com/cmake).
2026-09-01T16:36:51.5991392Z g++.exe (Rev3, Built by MSYS2 project) 16.2.0
2026-09-01T16:36:51.5991726Z Copyright (C) 2026 Free Software Foundation, Inc.
2026-09-01T16:36:51.5992115Z This is free software; see the source for copying conditions.  There is NO
2026-09-01T16:36:51.5992631Z warranty; not even for MERCHANTABILITY or FITNESS FOR A PARTICULAR PURPOSE.
2026-09-01T16:36:51.5992954Z 
2026-09-01T16:36:51.6122260Z ##[group]Run source="$(cygpath -u "$OPENFHE_SOURCE")"
2026-09-01T16:36:51.6122627Z [36;1msource="$(cygpath -u "$OPENFHE_SOURCE")"[0m
2026-09-01T16:36:51.6122895Z [36;1mactual="$(git -C "$source" rev-parse HEAD)"[0m
2026-09-01T16:36:51.6123139Z [36;1mtest "$actual" = "$OPENFHE_COMMIT"[0m
2026-09-01T16:36:51.6123391Z [36;1mtest -z "$(git -C "$source" status --porcelain)"[0m
2026-09-01T16:36:51.6123664Z [36;1mgit -C "$source" submodule status --recursive[0m
2026-09-01T16:36:51.6125212Z shell: D:\a\_temp\setup-msys2\msys2.CMD {0}
2026-09-01T16:36:51.6125424Z env:
2026-09-01T16:36:51.6125624Z   OPENFHE_COMMIT: df495ba2e91739a6dc8f1de254fc5a41155ce504
2026-09-01T16:36:51.6125908Z   OPENFHE_PREFIX: C:\openfhe-2023-1788\openfhe-install
2026-09-01T16:36:51.6126147Z   WINDOWS_ROOT: C:\openfhe-2023-1788
2026-09-01T16:36:51.6126378Z   PROJECT_SOURCE: C:\openfhe-2023-1788\cleanroom
2026-09-01T16:36:51.6126618Z   OPENFHE_SOURCE: C:\openfhe-2023-1788\openfhe-src
2026-09-01T16:36:51.6126937Z   OPENFHE_BUILD: C:\openfhe-2023-1788\openfhe-build-33532645418-1
2026-09-01T16:36:51.6127257Z   PROJECT_BUILD: C:\openfhe-2023-1788\project-build-33532645418-1
2026-09-01T16:36:51.6127510Z   MSYSTEM: MINGW64
2026-09-01T16:36:51.6127665Z ##[endgroup]
2026-09-01T16:36:52.8660647Z  984e3f194862b17916536b5fade40cba6e47a6fe third-party/cereal (heads/main)
2026-09-01T16:36:53.0409693Z  eddb0241389718a23a42db6af5f0164b6e0139af third-party/google-benchmark (eddb024)
2026-09-01T16:36:53.1150118Z  52eb8108c5bdec04579160ae17225d66034bd723 third-party/google-test (52eb810)
2026-09-01T16:36:53.1903027Z  83edb60836d87cf1b406e8846b9059c03031e8f5 third-party/gperftools (83edb60)
2026-09-01T16:36:53.3590233Z ##[group]Run prefix="$(cygpath -u "$OPENFHE_PREFIX")"
2026-09-01T16:36:53.3590612Z [36;1mprefix="$(cygpath -u "$OPENFHE_PREFIX")"[0m
2026-09-01T16:36:53.3590862Z [36;1msource="$(cygpath -u "$OPENFHE_SOURCE")"[0m
2026-09-01T16:36:53.3591099Z [36;1mbuild="$(cygpath -u "$OPENFHE_BUILD")"[0m
2026-09-01T16:36:53.3591341Z [36;1mcmake -S "$source" -B "$build" \[0m
2026-09-01T16:36:53.3591549Z [36;1m  -DCMAKE_BUILD_TYPE=Release \[0m
2026-09-01T16:36:53.3591773Z [36;1m  -DCMAKE_INSTALL_PREFIX="$prefix" \[0m
2026-09-01T16:36:53.3591990Z [36;1m  -DBUILD_UNITTESTS=OFF \[0m
2026-09-01T16:36:53.3592187Z [36;1m  -DBUILD_EXAMPLES=OFF \[0m
2026-09-01T16:36:53.3592378Z [36;1m  -DBUILD_BENCHMARKS=OFF \[0m
2026-09-01T16:36:53.3592565Z [36;1m  -DBUILD_EXTRAS=OFF \[0m
2026-09-01T16:36:53.3592752Z [36;1m  -DWITH_OPENMP=ON[0m
2026-09-01T16:36:53.3594677Z shell: D:\a\_temp\setup-msys2\msys2.CMD {0}
2026-09-01T16:36:53.3594881Z env:
2026-09-01T16:36:53.3595130Z   OPENFHE_COMMIT: df495ba2e91739a6dc8f1de254fc5a41155ce504
2026-09-01T16:36:53.3595407Z   OPENFHE_PREFIX: C:\openfhe-2023-1788\openfhe-install
2026-09-01T16:36:53.3595641Z   WINDOWS_ROOT: C:\openfhe-2023-1788
2026-09-01T16:36:53.3595853Z   PROJECT_SOURCE: C:\openfhe-2023-1788\cleanroom
2026-09-01T16:36:53.3596084Z   OPENFHE_SOURCE: C:\openfhe-2023-1788\openfhe-src
2026-09-01T16:36:53.3596494Z   OPENFHE_BUILD: C:\openfhe-2023-1788\openfhe-build-33532645418-1
2026-09-01T16:36:53.3596797Z   PROJECT_BUILD: C:\openfhe-2023-1788\project-build-33532645418-1
2026-09-01T16:36:53.3597038Z   MSYSTEM: MINGW64
2026-09-01T16:36:53.3597181Z ##[endgroup]
2026-09-01T16:36:53.8966415Z -- The C compiler identification is GNU 16.2.0
2026-09-01T16:36:54.1855897Z -- The CXX compiler identification is GNU 16.2.0
2026-09-01T16:36:54.2205728Z -- Detecting C compiler ABI info
2026-09-01T16:36:54.5383359Z -- Detecting C compiler ABI info - done
2026-09-01T16:36:54.5646358Z -- Check for working C compiler: D:/a/_temp/msys64/mingw64/bin/cc.exe - skipped
2026-09-01T16:36:54.5649927Z -- Detecting C compile features
2026-09-01T16:36:54.5654717Z -- Detecting C compile features - done
2026-09-01T16:36:54.5992138Z -- Detecting CXX compiler ABI info
2026-09-01T16:36:54.9460183Z -- Detecting CXX compiler ABI info - done
2026-09-01T16:36:54.9723671Z -- Check for working CXX compiler: D:/a/_temp/msys64/mingw64/bin/c++.exe - skipped
2026-09-01T16:36:54.9727551Z -- Detecting CXX compile features
2026-09-01T16:36:54.9734189Z -- Detecting CXX compile features - done
2026-09-01T16:36:54.9880618Z -- Building in Release mode
2026-09-01T16:36:54.9881555Z -- BUILD_UNITTESTS:    OFF
2026-09-01T16:36:54.9881836Z -- BUILD_EXAMPLES:     OFF
2026-09-01T16:36:54.9882082Z -- BUILD_BENCHMARKS:   OFF
2026-09-01T16:36:54.9882327Z -- BUILD_EXTRAS:       OFF
2026-09-01T16:36:54.9882581Z -- BUILD_STATIC:       OFF
2026-09-01T16:36:54.9882839Z -- BUILD_SHARED:       ON
2026-09-01T16:36:54.9883095Z -- GIT_SUBMOD_AUTO:    ON
2026-09-01T16:36:54.9883349Z -- WITH_BE2:           OFF
2026-09-01T16:36:54.9883548Z -- WITH_BE4:           OFF
2026-09-01T16:36:54.9904882Z -- WITH_NTL:           OFF
2026-09-01T16:36:54.9905227Z -- WITH_TCM:           OFF
2026-09-01T16:36:54.9905517Z -- WITH_OPENMP:        ON
2026-09-01T16:36:54.9905777Z -- NATIVE_SIZE:        64
2026-09-01T16:36:54.9906006Z -- CKKS_M_FACTOR:      1
2026-09-01T16:36:54.9906258Z -- WITH_NATIVEOPT:     OFF
2026-09-01T16:36:54.9906525Z -- WITH_COVTEST:       OFF
2026-09-01T16:36:54.9906785Z -- WITH_NOISE_DEBUG:   OFF
2026-09-01T16:36:54.9907071Z -- WITH_REDUCED_NOISE: OFF
2026-09-01T16:36:54.9907339Z -- USE_MACPORTS:       OFF
2026-09-01T16:36:54.9907619Z -- BUILTIN_INFO_AVAILABLE is defined
2026-09-01T16:36:54.9908333Z ***** INSTALL IS AT C:/openfhe-2023-1788/openfhe-install; to change, run cmake with -DCMAKE_INSTALL_PREFIX=/your/path
2026-09-01T16:36:55.0081059Z -- Architecture is x86_64
2026-09-01T16:36:55.0096734Z -- Looking for sys/types.h
2026-09-01T16:36:55.3522073Z -- Looking for sys/types.h - found
2026-09-01T16:36:55.3522414Z -- Looking for stdint.h
2026-09-01T16:36:55.6641689Z -- Looking for stdint.h - found
2026-09-01T16:36:55.6642751Z -- Looking for stddef.h
2026-09-01T16:36:55.9936840Z -- Looking for stddef.h - found
2026-09-01T16:36:55.9937123Z -- Check size of __int128
2026-09-01T16:36:56.3234675Z -- Check size of __int128 - done
2026-09-01T16:36:56.3236726Z -- Check size of uint64_t
2026-09-01T16:36:56.6664974Z -- Check size of uint64_t - done
2026-09-01T16:36:56.6665456Z -- NATIVEINT is set to 64
2026-09-01T16:36:56.6665720Z -- MATHBACKEND is set to 4
2026-09-01T16:36:56.6666025Z -- MATHBACKEND set to 4. Setting WITH_BE4 to ON
2026-09-01T16:36:57.7456780Z -- Found OpenMP_C: -fopenmp (found version "5.2")
2026-09-01T16:36:58.0728985Z -- Found OpenMP_CXX: -fopenmp (found version "5.2")
2026-09-01T16:36:58.0731931Z -- Found OpenMP: TRUE (found version "5.2")
2026-09-01T16:36:58.0869102Z -- Found Git: D:/a/_temp/msys64/usr/bin/git.exe (found version "2.55.0")
2026-09-01T16:36:58.0869464Z -- Submodule update
2026-09-01T16:36:58.4504954Z Synchronizing submodule url for 'third-party/cereal'
2026-09-01T16:36:58.4757635Z Synchronizing submodule url for 'third-party/google-benchmark'
2026-09-01T16:36:58.6064412Z Synchronizing submodule url for 'third-party/google-test'
2026-09-01T16:36:58.6302597Z Synchronizing submodule url for 'third-party/gperftools'
2026-09-01T16:36:59.5319198Z -- Configuring done (5.9s)
2026-09-01T16:37:00.0216435Z -- Generating done (0.5s)
2026-09-01T16:37:00.0217276Z -- Build files have been written to: C:/openfhe-2023-1788/openfhe-build-33532645418-1
2026-09-01T16:37:00.0478591Z ##[group]Run build="$(cygpath -u "$OPENFHE_BUILD")"
2026-09-01T16:37:00.0479365Z [36;1mbuild="$(cygpath -u "$OPENFHE_BUILD")"[0m
2026-09-01T16:37:00.0479753Z [36;1mcmake --build "$build" --parallel 2[0m
2026-09-01T16:37:00.0480013Z [36;1mcmake --install "$build"[0m
2026-09-01T16:37:00.0481880Z shell: D:\a\_temp\setup-msys2\msys2.CMD {0}
2026-09-01T16:37:00.0482108Z env:
2026-09-01T16:37:00.0482302Z   OPENFHE_COMMIT: df495ba2e91739a6dc8f1de254fc5a41155ce504
2026-09-01T16:37:00.0482583Z   OPENFHE_PREFIX: C:\openfhe-2023-1788\openfhe-install
2026-09-01T16:37:00.0482828Z   WINDOWS_ROOT: C:\openfhe-2023-1788
2026-09-01T16:37:00.0483080Z   PROJECT_SOURCE: C:\openfhe-2023-1788\cleanroom
2026-09-01T16:37:00.0483339Z   OPENFHE_SOURCE: C:\openfhe-2023-1788\openfhe-src
2026-09-01T16:37:00.0483619Z   OPENFHE_BUILD: C:\openfhe-2023-1788\openfhe-build-33532645418-1
2026-09-01T16:37:00.0483927Z   PROJECT_BUILD: C:\openfhe-2023-1788\project-build-33532645418-1
2026-09-01T16:37:00.0484225Z   MSYSTEM: MINGW64
2026-09-01T16:37:00.0484378Z ##[endgroup]
2026-09-01T16:37:00.3793327Z -- Copied demoData files
2026-09-01T16:37:00.4236331Z [  0%] Built target third-party
2026-09-01T16:37:00.6090609Z [  1%] Building CXX object src/core/CMakeFiles/coreobj.dir/lib/lattice/constants-lattice-impl.cpp.obj
2026-09-01T16:37:00.6142498Z [  2%] Building CXX object src/core/CMakeFiles/coreobj.dir/lib/lattice/lattice.cpp.obj
2026-09-01T16:37:01.1876286Z [  3%] Building CXX object src/core/CMakeFiles/coreobj.dir/lib/lattice/stdlatticeparms.cpp.obj
2026-09-01T16:37:02.1187770Z [  4%] Building CXX object src/core/CMakeFiles/coreobj.dir/lib/lattice/trapdoor-dcrtpoly.cpp.obj
2026-09-01T16:37:09.1051737Z [  5%] Building CXX object src/core/CMakeFiles/coreobj.dir/lib/lattice/trapdoor-poly.cpp.obj
2026-09-01T16:37:17.7990848Z [  6%] Building CXX object src/core/CMakeFiles/coreobj.dir/lib/math/chebyshev.cpp.obj
2026-09-01T16:37:18.5318404Z [  6%] Building CXX object src/core/CMakeFiles/coreobj.dir/lib/math/dftransform.cpp.obj
2026-09-01T16:37:19.7111731Z [  7%] Building CXX object src/core/CMakeFiles/coreobj.dir/lib/math/discretegaussiangeneratorgeneric.cpp.obj
2026-09-01T16:37:19.9468672Z [  8%] Building CXX object src/core/CMakeFiles/coreobj.dir/lib/math/distributiongenerator.cpp.obj
2026-09-01T16:37:20.5869012Z [  9%] Building CXX object src/core/CMakeFiles/coreobj.dir/lib/math/hal/bigintdyn/be4-math-impl.cpp.obj
2026-09-01T16:37:21.1936689Z [ 10%] Building CXX object src/core/CMakeFiles/coreobj.dir/lib/math/hal/bigintdyn/mubintvecdyn.cpp.obj
2026-09-01T16:37:23.6883225Z [ 11%] Building CXX object src/core/CMakeFiles/coreobj.dir/lib/math/hal/bigintdyn/ubintdyn.cpp.obj
2026-09-01T16:37:25.6471872Z [ 12%] Building CXX object src/core/CMakeFiles/coreobj.dir/lib/math/hal/bigintfxd/be2-math-impl.cpp.obj
2026-09-01T16:37:25.7503927Z [ 13%] Building CXX object src/core/CMakeFiles/coreobj.dir/lib/math/hal/bigintfxd/mubintvecfxd.cpp.obj
2026-09-01T16:37:25.8584777Z [ 14%] Building CXX object src/core/CMakeFiles/coreobj.dir/lib/math/hal/bigintfxd/ubintfxd.cpp.obj
2026-09-01T16:37:25.9621398Z [ 15%] Building CXX object src/core/CMakeFiles/coreobj.dir/lib/math/hal/bigintntl/be6-math-impl.cpp.obj
2026-09-01T16:37:26.0606743Z [ 15%] Building CXX object src/core/CMakeFiles/coreobj.dir/lib/math/hal/bigintntl/mubintvecntl.cpp.obj
2026-09-01T16:37:26.4301328Z [ 16%] Building CXX object src/core/CMakeFiles/coreobj.dir/lib/math/hal/bigintntl/ubintntl.cpp.obj
2026-09-01T16:37:26.4994032Z [ 17%] Building CXX object src/core/CMakeFiles/coreobj.dir/lib/math/hal/intnat/benative-math-impl.cpp.obj
2026-09-01T16:37:26.5224627Z [ 18%] Building CXX object src/core/CMakeFiles/coreobj.dir/lib/math/hal/intnat/mubintvecnat.cpp.obj
2026-09-01T16:37:28.6368669Z [ 19%] Building CXX object src/core/CMakeFiles/coreobj.dir/lib/math/hermite.cpp.obj
2026-09-01T16:37:29.6268399Z [ 20%] Building CXX object src/core/CMakeFiles/coreobj.dir/lib/math/matrix.cpp.obj
2026-09-01T16:37:31.1815288Z [ 21%] Building CXX object src/core/CMakeFiles/coreobj.dir/lib/math/nbtheory2.cpp.obj
2026-09-01T16:37:32.6057920Z [ 22%] Building CXX object src/core/CMakeFiles/coreobj.dir/lib/utils/blockAllocator/blockAllocator.cpp.obj
2026-09-01T16:37:33.1328395Z [ 23%] Building CXX object src/core/CMakeFiles/coreobj.dir/lib/utils/blockAllocator/xallocator.cpp.obj
2026-09-01T16:37:33.6256123Z [ 24%] Building CXX object src/core/CMakeFiles/coreobj.dir/lib/utils/debug.cpp.obj
2026-09-01T16:37:33.9525527Z [ 24%] Building CXX object src/core/CMakeFiles/coreobj.dir/lib/utils/demangle.cpp.obj
2026-09-01T16:37:34.0943633Z [ 25%] Building CXX object src/core/CMakeFiles/coreobj.dir/lib/utils/get-call-stack.cpp.obj
2026-09-01T16:37:34.2836415Z [ 26%] Building CXX object src/core/CMakeFiles/coreobj.dir/lib/utils/hashutil.cpp.obj
2026-09-01T16:37:34.4167610Z [ 27%] Building CXX object src/core/CMakeFiles/coreobj.dir/lib/utils/inttypes.cpp.obj
2026-09-01T16:37:34.7776367Z [ 28%] Building CXX object src/core/CMakeFiles/coreobj.dir/lib/utils/memory.cpp.obj
2026-09-01T16:37:34.9962466Z [ 29%] Building CXX object src/core/CMakeFiles/coreobj.dir/lib/utils/openfhebase64.cpp.obj
2026-09-01T16:37:35.1331269Z [ 30%] Building CXX object src/core/CMakeFiles/coreobj.dir/lib/utils/parallel.cpp.obj
2026-09-01T16:37:35.2384242Z [ 31%] Building C object src/core/CMakeFiles/coreobj.dir/lib/utils/prng/blake2b-ref.c.obj
2026-09-01T16:37:35.4153071Z [ 32%] Building CXX object src/core/CMakeFiles/coreobj.dir/lib/utils/prng/blake2engine.cpp.obj
2026-09-01T16:37:35.6301003Z [ 34%] Building C object src/core/CMakeFiles/coreobj.dir/lib/utils/prng/blake2xb-ref.c.obj
2026-09-01T16:37:35.7970347Z [ 34%] Building CXX object src/core/CMakeFiles/coreobj.dir/lib/utils/utilities.cpp.obj
2026-09-01T16:37:36.2483763Z [ 34%] Built target coreobj
2026-09-01T16:37:36.3494921Z [ 35%] Linking CXX shared library ../../lib/libOPENFHEcore.dll
2026-09-01T16:37:36.8506385Z [ 35%] Built target OPENFHEcore
2026-09-01T16:37:36.9598746Z [ 36%] Building CXX object src/binfhe/CMakeFiles/binfheobj.dir/lib/binfhe-base-scheme.cpp.obj
2026-09-01T16:37:36.9634810Z [ 37%] Building CXX object src/binfhe/CMakeFiles/binfheobj.dir/lib/binfhe-constants-impl.cpp.obj
2026-09-01T16:37:37.5746991Z [ 38%] Building CXX object src/binfhe/CMakeFiles/binfheobj.dir/lib/binfhecontext.cpp.obj
2026-09-01T16:37:40.8662051Z Terminate batch job (Y/N)? 
2026-09-01T16:37:40.8665568Z ^C
2026-09-01T16:37:40.8768481Z ##[error]The operation was canceled.
2026-09-01T16:37:40.8890321Z Cleaning up orphan processes
