2026-09-01T22:10:11.6799679Z Current runner version: '2.337.0'
2026-09-01T22:10:11.6824198Z ##[group]Runner Image Provisioner
2026-09-01T22:10:11.6824980Z Hosted Compute Agent
2026-09-01T22:10:11.6825850Z Version: 20260819.586
2026-09-01T22:10:11.6826447Z Commit: 3cc4a88dfa507ef76119ad1bb3eccc6378bb2b76
2026-09-01T22:10:11.6827118Z Build Date: 2026-08-18T23:20:18Z
2026-09-01T22:10:11.6827772Z Worker ID: {da13b744-e2f1-4ac0-aa3a-0547ae9c9d9f}
2026-09-01T22:10:11.6828448Z Azure Region: westus2
2026-09-01T22:10:11.6828962Z ##[endgroup]
2026-09-01T22:10:11.6830799Z ##[group]Operating System
2026-09-01T22:10:11.6831445Z Microsoft Windows Server 2022
2026-09-01T22:10:11.6832062Z 10.0.20348
2026-09-01T22:10:11.6832565Z Datacenter
2026-09-01T22:10:11.6833039Z ##[endgroup]
2026-09-01T22:10:11.6833545Z ##[group]Runner Image
2026-09-01T22:10:11.6834081Z Image: windows-2022
2026-09-01T22:10:11.6834593Z Version: 20260824.284.2
2026-09-01T22:10:11.6835883Z Included Software: https://github.com/actions/runner-images/blob/win22/20260824.284/images/windows/Windows2022-Readme.md
2026-09-01T22:10:11.6837341Z Image Release: https://github.com/actions/runner-images/releases/tag/win22%2F20260824.284
2026-09-01T22:10:11.6838229Z ##[endgroup]
2026-09-01T22:10:11.6839287Z ##[group]GITHUB_TOKEN Permissions
2026-09-01T22:10:11.6841192Z Contents: read
2026-09-01T22:10:11.6841828Z Metadata: read
2026-09-01T22:10:11.6842331Z ##[endgroup]
2026-09-01T22:10:11.6844253Z Secret source: Actions
2026-09-01T22:10:11.6845435Z Prepare workflow directory
2026-09-01T22:10:11.7469047Z Prepare all required actions
2026-09-01T22:10:11.7519618Z Getting action download info
2026-09-01T22:10:12.1351173Z Download action repository 'msys2/setup-msys2@v2' (SHA:66cd2cce69caa17b53920067426061ca1de3a884)
2026-09-01T22:10:12.3746629Z Complete job name: windows-mingw64
2026-09-01T22:10:12.5358996Z ##[group]Run git config --global core.autocrlf false
2026-09-01T22:10:12.5360201Z [36;1mgit config --global core.autocrlf false[0m
2026-09-01T22:10:12.5361035Z [36;1mgit config --global core.eol lf[0m
2026-09-01T22:10:12.5362034Z [36;1mNew-Item -ItemType Directory -Path $env:WINDOWS_ROOT | Out-Null[0m
2026-09-01T22:10:12.5362978Z [36;1m[0m
2026-09-01T22:10:12.5363517Z [36;1mgit init $env:PROJECT_SOURCE[0m
2026-09-01T22:10:12.5364598Z [36;1mgit -C $env:PROJECT_SOURCE remote add origin https://github.com/leemaple/20231788..git[0m
2026-09-01T22:10:12.5365958Z [36;1mgit -C $env:PROJECT_SOURCE fetch --depth 1 origin $env:GITHUB_SHA[0m
2026-09-01T22:10:12.5367046Z [36;1mgit -C $env:PROJECT_SOURCE checkout --detach FETCH_HEAD[0m
2026-09-01T22:10:12.5368089Z [36;1m$projectActual = git -C $env:PROJECT_SOURCE rev-parse HEAD[0m
2026-09-01T22:10:12.5369080Z [36;1mif ($projectActual -ne $env:GITHUB_SHA) {[0m
2026-09-01T22:10:12.5370001Z [36;1m  throw "Project checkout mismatch: $projectActual"[0m
2026-09-01T22:10:12.5370605Z [36;1m}[0m
2026-09-01T22:10:12.5370967Z [36;1m[0m
2026-09-01T22:10:12.5371357Z [36;1mgit init $env:OPENFHE_SOURCE[0m
2026-09-01T22:10:12.5372254Z [36;1mgit -C $env:OPENFHE_SOURCE remote add origin https://github.com/openfheorg/openfhe-development.git[0m
2026-09-01T22:10:12.5373334Z [36;1mgit -C $env:OPENFHE_SOURCE fetch --depth 1 origin $env:OPENFHE_COMMIT[0m
2026-09-01T22:10:12.5374156Z [36;1mgit -C $env:OPENFHE_SOURCE checkout --detach FETCH_HEAD[0m
2026-09-01T22:10:12.5375004Z [36;1mgit -C $env:OPENFHE_SOURCE submodule update --init --recursive --depth 1[0m
2026-09-01T22:10:12.5375711Z [36;1m[0m
2026-09-01T22:10:12.5376270Z [36;1m$projectStatus = @(git -C $env:PROJECT_SOURCE status --porcelain)[0m
2026-09-01T22:10:12.5376996Z [36;1mif ($projectStatus.Count -ne 0) {[0m
2026-09-01T22:10:12.5377700Z [36;1m  throw "Project checkout is dirty: $($projectStatus -join '; ')"[0m
2026-09-01T22:10:12.5378375Z [36;1m}[0m
2026-09-01T22:10:12.5378934Z [36;1m$openfheStatus = @(git -C $env:OPENFHE_SOURCE status --porcelain)[0m
2026-09-01T22:10:12.5379648Z [36;1mif ($openfheStatus.Count -ne 0) {[0m
2026-09-01T22:10:12.5381924Z [36;1m  throw "OpenFHE checkout is dirty: $($openfheStatus -join '; ')"[0m
2026-09-01T22:10:12.5382603Z [36;1m}[0m
2026-09-01T22:10:12.7664822Z shell: C:\Program Files\PowerShell\7\pwsh.EXE -command ". '{0}'"
2026-09-01T22:10:12.7665790Z env:
2026-09-01T22:10:12.7666365Z   OPENFHE_COMMIT: df495ba2e91739a6dc8f1de254fc5a41155ce504
2026-09-01T22:10:12.7667082Z   OPENFHE_PREFIX: C:\openfhe-2023-1788\openfhe-install
2026-09-01T22:10:12.7667687Z   WINDOWS_ROOT: C:\openfhe-2023-1788
2026-09-01T22:10:12.7668238Z   PROJECT_SOURCE: C:\openfhe-2023-1788\cleanroom
2026-09-01T22:10:12.7668838Z   OPENFHE_SOURCE: C:\openfhe-2023-1788\openfhe-src
2026-09-01T22:10:12.7669542Z   OPENFHE_BUILD: C:\openfhe-2023-1788\openfhe-build-33564908322-1
2026-09-01T22:10:12.7670356Z   PROJECT_BUILD: C:\openfhe-2023-1788\project-build-33564908322-1
2026-09-01T22:10:12.7670999Z ##[endgroup]
2026-09-01T22:10:13.6327934Z Initialized empty Git repository in C:/openfhe-2023-1788/cleanroom/.git/
2026-09-01T22:10:15.2568751Z From https://github.com/leemaple/20231788.
2026-09-01T22:10:15.2571234Z  * branch            0a8f84039e61c36548987df2b68153754c519442 -> FETCH_HEAD
2026-09-01T22:10:15.4447894Z HEAD is now at 0a8f840 test: retain Relin2 wrong-context-key red
2026-09-01T22:10:15.5318093Z Initialized empty Git repository in C:/openfhe-2023-1788/openfhe-src/.git/
2026-09-01T22:10:17.0598911Z From https://github.com/openfheorg/openfhe-development
2026-09-01T22:10:17.0599570Z  * branch            df495ba2e91739a6dc8f1de254fc5a41155ce504 -> FETCH_HEAD
2026-09-01T22:10:17.8887587Z HEAD is now at df495ba Merge pull request #1130 from openfheorg/dev
2026-09-01T22:10:18.9520477Z Submodule 'third-party/cereal' (https://github.com/openfheorg/cereal.git) registered for path 'third-party/cereal'
2026-09-01T22:10:18.9542972Z Submodule 'third-party/google-benchmark' (https://github.com/google/benchmark.git) registered for path 'third-party/google-benchmark'
2026-09-01T22:10:18.9561790Z Submodule 'third-party/google-test' (https://github.com/google/googletest.git) registered for path 'third-party/google-test'
2026-09-01T22:10:18.9595163Z Submodule 'third-party/gperftools' (https://github.com/gperftools/gperftools.git) registered for path 'third-party/gperftools'
2026-09-01T22:10:18.9954471Z Cloning into 'C:/openfhe-2023-1788/openfhe-src/third-party/cereal'...
2026-09-01T22:10:19.7147621Z Cloning into 'C:/openfhe-2023-1788/openfhe-src/third-party/google-benchmark'...
2026-09-01T22:10:20.3087730Z Cloning into 'C:/openfhe-2023-1788/openfhe-src/third-party/google-test'...
2026-09-01T22:10:20.9974109Z Cloning into 'C:/openfhe-2023-1788/openfhe-src/third-party/gperftools'...
2026-09-01T22:10:22.2461251Z Submodule path 'third-party/cereal': checked out '984e3f194862b17916536b5fade40cba6e47a6fe'
2026-09-01T22:10:24.5551786Z From https://github.com/google/benchmark
2026-09-01T22:10:24.5552812Z  * branch            eddb0241389718a23a42db6af5f0164b6e0139af -> FETCH_HEAD
2026-09-01T22:10:24.9530511Z Submodule path 'third-party/google-benchmark': checked out 'eddb0241389718a23a42db6af5f0164b6e0139af'
2026-09-01T22:10:26.2025425Z From https://github.com/google/googletest
2026-09-01T22:10:26.2026204Z  * branch            52eb8108c5bdec04579160ae17225d66034bd723 -> FETCH_HEAD
2026-09-01T22:10:26.7472420Z Submodule path 'third-party/google-test': checked out '52eb8108c5bdec04579160ae17225d66034bd723'
2026-09-01T22:10:28.3371184Z From https://github.com/gperftools/gperftools
2026-09-01T22:10:28.3371747Z  * branch            83edb60836d87cf1b406e8846b9059c03031e8f5 -> FETCH_HEAD
2026-09-01T22:10:29.5451875Z Submodule path 'third-party/gperftools': checked out '83edb60836d87cf1b406e8846b9059c03031e8f5'
2026-09-01T22:10:29.8894121Z ##[group]Run msys2/setup-msys2@v2
2026-09-01T22:10:29.8894469Z with:
2026-09-01T22:10:29.8894657Z   msystem: MINGW64
2026-09-01T22:10:29.8894885Z   update: true
2026-09-01T22:10:29.8895109Z   cache: false
2026-09-01T22:10:29.8895445Z   install: git make mingw-w64-x86_64-boost mingw-w64-x86_64-cmake mingw-w64-x86_64-gcc
2026-09-01T22:10:29.8896587Z   path-type: minimal
2026-09-01T22:10:29.8896798Z   release: true
2026-09-01T22:10:29.8896995Z   platform-check-severity: fatal
2026-09-01T22:10:29.8897224Z env:
2026-09-01T22:10:29.8897452Z   OPENFHE_COMMIT: df495ba2e91739a6dc8f1de254fc5a41155ce504
2026-09-01T22:10:29.8897808Z   OPENFHE_PREFIX: C:\openfhe-2023-1788\openfhe-install
2026-09-01T22:10:29.8898101Z   WINDOWS_ROOT: C:\openfhe-2023-1788
2026-09-01T22:10:29.8898371Z   PROJECT_SOURCE: C:\openfhe-2023-1788\cleanroom
2026-09-01T22:10:29.8898679Z   OPENFHE_SOURCE: C:\openfhe-2023-1788\openfhe-src
2026-09-01T22:10:29.8899057Z   OPENFHE_BUILD: C:\openfhe-2023-1788\openfhe-build-33564908322-1
2026-09-01T22:10:29.8899473Z   PROJECT_BUILD: C:\openfhe-2023-1788\project-build-33564908322-1
2026-09-01T22:10:29.8899780Z ##[endgroup]
2026-09-01T22:10:30.0478224Z ##[group]Downloading MSYS2...
2026-09-01T22:10:30.8149333Z ##[endgroup]
2026-09-01T22:10:30.8150020Z ##[group]Extracting MSYS2...
2026-09-01T22:10:30.8175635Z [command]C:\hostedtoolcache\windows\msys2-installer\0.0.20260611\x64\base.exe -y
2026-09-01T22:10:31.0737987Z 
2026-09-01T22:10:31.0739065Z 7-Zip SFX 25.01 ZS v1.5.7 R4 (x64) : Copyright (c) 1999-2025 Igor Pavlov, 2016-2026 Tino Reichardt, 2022-2026 Sergey G. Brester : 2026-01-10
2026-09-01T22:10:31.0741140Z 
2026-09-01T22:10:31.0741682Z Extracting archive: C:\hostedtoolcache\windows\msys2-installer\0.0.20260611\x64\base.exe
2026-09-01T22:10:31.0742549Z --
2026-09-01T22:10:31.0743051Z Path = C:\hostedtoolcache\windows\msys2-installer\0.0.20260611\x64\base.exe
2026-09-01T22:10:31.0743480Z Type = 7z
2026-09-01T22:10:31.0743603Z 
2026-09-01T22:10:31.2710640Z   0%
2026-09-01T22:10:31.2711626Z     
2026-09-01T22:10:31.4741551Z   1% 1239 - msys64\usr\lib\perl5\core_perl\attributes.pm
2026-09-01T22:10:31.4742044Z                                                         
2026-09-01T22:10:31.6771912Z   3% 2171 - msys64\usr\lib\terminfo\64\d577
2026-09-01T22:10:31.6772340Z                                            
2026-09-01T22:10:31.8805863Z   4% 3161 - msys64\usr\lib\terminfo\70\pcplot
2026-09-01T22:10:31.8806696Z                                              
2026-09-01T22:10:32.0837769Z   4% 4234 - msys64\usr\lib\terminfo\78\xterm+noapp
2026-09-01T22:10:32.0838367Z                                                   
2026-09-01T22:10:32.2870349Z   5% 5254 - msys64\usr\share\bash-completion\completions\_colima
2026-09-01T22:10:32.2871015Z                                                                 
2026-09-01T22:10:32.4902589Z  13% 6112 - msys64\usr\share\locale\de\LC_MESSAGES\wget-gnulib.mo
2026-09-01T22:10:32.4903304Z                                                                  
2026-09-01T22:10:32.6932330Z  27% 6730 - msys64\usr\share\locale\sr\LC_MESSAGES\util-linux.mo
2026-09-01T22:10:32.6932831Z                                                                 
2026-09-01T22:10:32.8967561Z  33% 7636 - msys64\usr\share\man\man3\asn1_find_structure_from_oid.3.gz
2026-09-01T22:10:32.8968823Z                                                                        
2026-09-01T22:10:33.0990952Z  33% 8699 - msys64\usr\share\man\man3\libssh2_knownhost_writeline.3.gz
2026-09-01T22:10:33.3022325Z                                                                       
2026-09-01T22:10:33.3022923Z  36% 9580 - msys64\usr\share\misc\magic.mgc
2026-09-01T22:10:33.3023418Z                                            
2026-09-01T22:10:33.5055171Z  43% 10304 - msys64\usr\share\perl5\core_perl\Unicode\Collate\Locale\dsb.pl
2026-09-01T22:10:33.5055705Z                                                                            
2026-09-01T22:10:33.7088478Z  46% 11218 - msys64\usr\share\terminfo\61\ampex232
2026-09-01T22:10:33.7088921Z                                                   
2026-09-01T22:10:33.9116362Z  47% 12306 - msys64\usr\share\terminfo\6c\linux-m
2026-09-01T22:10:33.9117024Z                                                  
2026-09-01T22:10:34.1150158Z  47% 13364 - msys64\usr\share\terminfo\76\vt-61
2026-09-01T22:10:34.1151433Z                                                
2026-09-01T22:10:34.3180934Z  48% 14459 - msys64\usr\share\zoneinfo\Pacific\Bougainville
2026-09-01T22:10:34.5221732Z                                                            
2026-09-01T22:10:34.5222333Z  48% 15464 - msys64\usr\share\zoneinfo\right\Australia\North
2026-09-01T22:10:34.5222843Z                                                             
2026-09-01T22:10:34.7303876Z  56% 16190 - msys64\usr\bin\gpgparsemail.exe
2026-09-01T22:10:34.7304356Z                                             
2026-09-01T22:10:34.9029002Z  79% 16359 - msys64\usr\bin\pacsort.exe
2026-09-01T22:10:34.9029509Z                                        
2026-09-01T22:10:34.9029870Z Everything is Ok
2026-09-01T22:10:34.9047991Z ##[endgroup]
2026-09-01T22:10:34.9048867Z ##[group]Disable Key Refresh...
2026-09-01T22:10:34.9067524Z ##[endgroup]
2026-09-01T22:10:34.9084111Z ##[group]Starting MSYS2 for the first time...
2026-09-01T22:10:34.9930711Z [command]C:\Windows\system32\cmd.exe /D /S /C D:\a\_temp\setup-msys2\msys2.cmd -c "'uname' '-a'"
2026-09-01T22:10:35.1041508Z [1;32mMSYS2 is starting for the first time. Executing the initial setup.[1;0m
2026-09-01T22:10:35.1240947Z Copying skeleton files.
2026-09-01T22:10:35.1241528Z These files are for the users to personalise their msys2 experience.
2026-09-01T22:10:35.1241866Z 
2026-09-01T22:10:35.1242052Z They will never be overwritten nor automatically updated.
2026-09-01T22:10:35.1242290Z 
2026-09-01T22:10:35.1647575Z './.bashrc' -> '/home/runneradmin/.bashrc'
2026-09-01T22:10:35.1783131Z './.bash_profile' -> '/home/runneradmin/.bash_profile'
2026-09-01T22:10:35.1942362Z './.profile' -> '/home/runneradmin/.profile'
2026-09-01T22:10:35.2540179Z 'C:\Windows\system32\drivers\etc\hosts' -> '/etc/hosts'
2026-09-01T22:10:35.3001932Z 'C:\Windows\system32\drivers\etc\protocol' -> '/etc/protocols'
2026-09-01T22:10:35.3394979Z 'C:\Windows\system32\drivers\etc\services' -> '/etc/services'
2026-09-01T22:10:35.3789129Z 'C:\Windows\system32\drivers\etc\networks' -> '/etc/networks'
2026-09-01T22:10:35.5289748Z gpg: /etc/pacman.d/gnupg/trustdb.gpg: trustdb created
2026-09-01T22:10:35.5363503Z gpg: no ultimately trusted keys found
2026-09-01T22:10:35.8350542Z gpg: starting migration from earlier GnuPG versions
2026-09-01T22:10:35.8833969Z gpg: porting secret keys from '/etc/pacman.d/gnupg/secring.gpg' to gpg-agent
2026-09-01T22:10:35.8837283Z gpg: migration succeeded
2026-09-01T22:10:35.9015621Z ==> Generating pacman master key. This may take some time.
2026-09-01T22:10:35.9173840Z gpg: Generating pacman keyring master key...
2026-09-01T22:10:36.5898996Z gpg: directory '/etc/pacman.d/gnupg/openpgp-revocs.d' created
2026-09-01T22:10:36.6142964Z gpg: revocation certificate stored as '/etc/pacman.d/gnupg/openpgp-revocs.d/D4CDB9A86608F5E2FB0D13EAE22006785D61A8E6.rev'
2026-09-01T22:10:36.6144242Z gpg: Done
2026-09-01T22:10:36.6286146Z ==> Updating trust database...
2026-09-01T22:10:36.6611673Z gpg: marginals needed: 3  completes needed: 1  trust model: pgp
2026-09-01T22:10:36.6612585Z gpg: depth: 0  valid:   1  signed:   0  trust: 0-, 0q, 0n, 0m, 0f, 1u
2026-09-01T22:10:36.7621840Z ==> Appending keys from msys2.gpg...
2026-09-01T22:10:37.2773227Z ==> Locally signing trusted keys in keyring...
2026-09-01T22:10:37.7576600Z   -> Locally signed 5 keys.
2026-09-01T22:10:37.7697674Z ==> Importing owner trust values...
2026-09-01T22:10:37.7854463Z gpg: setting ownertrust to 4
2026-09-01T22:10:37.7855400Z gpg: setting ownertrust to 4
2026-09-01T22:10:37.7855803Z gpg: setting ownertrust to 4
2026-09-01T22:10:37.7857094Z gpg: setting ownertrust to 4
2026-09-01T22:10:37.7857419Z gpg: setting ownertrust to 4
2026-09-01T22:10:37.8076254Z ==> Disabling revoked keys in keyring...
2026-09-01T22:10:38.0213028Z   -> Disabled 4 keys.
2026-09-01T22:10:38.0335316Z ==> Updating trust database...
2026-09-01T22:10:38.0673566Z gpg: marginals needed: 3  completes needed: 1  trust model: pgp
2026-09-01T22:10:38.0699844Z gpg: depth: 0  valid:   1  signed:   5  trust: 0-, 0q, 0n, 0m, 0f, 1u
2026-09-01T22:10:38.0731451Z gpg: depth: 1  valid:   5  signed:   6  trust: 0-, 0q, 0n, 5m, 0f, 0u
2026-09-01T22:10:38.0744071Z gpg: depth: 2  valid:   3  signed:   2  trust: 3-, 0q, 0n, 0m, 0f, 0u
2026-09-01T22:10:38.1065653Z pacman-key (pacman) 6.1.0
2026-09-01T22:10:38.1066213Z Copyright (c) 2010-2024 Pacman Development Team <pacman-dev@lists.archlinux.org>.
2026-09-01T22:10:38.1066663Z 
2026-09-01T22:10:38.1195825Z This is free software; see the source for copying conditions.
2026-09-01T22:10:38.1196723Z There is NO WARRANTY, to the extent permitted by law.
2026-09-01T22:10:38.2962621Z [1;32mInitial setup complete. MSYS2 is now ready to use.[1;0m
2026-09-01T22:10:38.3098862Z MINGW64_NT-10.0-20348 runnervm0js1w 3.6.9-01d6c708.x86_64 2026-05-24 10:45 UTC x86_64 Msys
2026-09-01T22:10:38.3136025Z ##[endgroup]
2026-09-01T22:10:38.3136718Z ##[group]Disable CheckSpace...
2026-09-01T22:10:38.4030396Z [command]C:\Windows\system32\cmd.exe /D /S /C D:\a\_temp\setup-msys2\msys2.cmd -c "'sed' '-i' 's/^CheckSpace/#CheckSpace/g' '/etc/pacman.conf'"
2026-09-01T22:10:38.5659292Z ##[endgroup]
2026-09-01T22:10:38.5659738Z ##[group]Updating packages...
2026-09-01T22:10:38.6414630Z [command]C:\Windows\system32\cmd.exe /D /S /C D:\a\_temp\setup-msys2\msys2.cmd -c "'pacman' '--noconfirm' '-Syuu' '--overwrite' '*'"
2026-09-01T22:10:39.2489100Z :: Synchronizing package databases...
2026-09-01T22:10:40.3063950Z  clangarm64 downloading...
2026-09-01T22:10:40.3064433Z  mingw32 downloading...
2026-09-01T22:10:40.3064790Z  mingw64 downloading...
2026-09-01T22:10:40.3065178Z  ucrt64 downloading...
2026-09-01T22:10:40.3065526Z  clang64 downloading...
2026-09-01T22:10:40.3065869Z  msys downloading...
2026-09-01T22:10:40.7410637Z :: Starting core system upgrade...
2026-09-01T22:10:40.9219372Z warning: terminate other MSYS2 programs before proceeding
2026-09-01T22:10:40.9220007Z resolving dependencies...
2026-09-01T22:10:40.9220459Z looking for conflicting packages...
2026-09-01T22:10:40.9321933Z 
2026-09-01T22:10:40.9322533Z Packages (1) msys2-runtime-3.6.10-3
2026-09-01T22:10:40.9323115Z 
2026-09-01T22:10:40.9323300Z Total Download Size:    1.97 MiB
2026-09-01T22:10:40.9323829Z Total Installed Size:   6.33 MiB
2026-09-01T22:10:40.9324285Z Net Upgrade Size:      -0.20 MiB
2026-09-01T22:10:40.9324562Z 
2026-09-01T22:10:40.9325060Z :: Proceed with installation? [Y/n] 
2026-09-01T22:10:40.9325551Z :: Retrieving packages...
2026-09-01T22:10:41.4130022Z  msys2-runtime-3.6.10-3-x86_64 downloading...
2026-09-01T22:10:41.4654632Z checking keyring...
2026-09-01T22:10:41.4655032Z checking package integrity...
2026-09-01T22:10:41.6263482Z loading package files...
2026-09-01T22:10:41.6289512Z checking for file conflicts...
2026-09-01T22:10:41.6310633Z :: Processing package changes...
2026-09-01T22:10:41.6311141Z upgrading msys2-runtime...
2026-09-01T22:10:41.7823999Z :: To complete this update all MSYS2 processes including this terminal will be closed. Confirm to proceed [Y/n] 
2026-09-01T22:10:42.0372337Z ##[endgroup]
2026-09-01T22:10:42.0372775Z ##[group]Killing remaining tasks...
2026-09-01T22:10:42.1144105Z [command]C:\Windows\system32\taskkill.exe /F /FI "MODULES eq msys-2.0.dll"
2026-09-01T22:10:42.4246314Z 
2026-09-01T22:10:42.4246726Z INFO: No tasks running with the specified criteria.
2026-09-01T22:10:42.4274741Z ##[endgroup]
2026-09-01T22:10:42.4275146Z ##[group]Final system upgrade...
2026-09-01T22:10:42.5252772Z [command]C:\Windows\system32\cmd.exe /D /S /C D:\a\_temp\setup-msys2\msys2.cmd -c "'pacman' '--noconfirm' '-Syuu' '--overwrite' '*'"
2026-09-01T22:10:43.1275108Z :: Synchronizing package databases...
2026-09-01T22:10:44.2461447Z  clangarm64 downloading...
2026-09-01T22:10:44.2461934Z  mingw32 downloading...
2026-09-01T22:10:44.2462299Z  mingw64 downloading...
2026-09-01T22:10:44.2462656Z  ucrt64 downloading...
2026-09-01T22:10:44.2462996Z  clang64 downloading...
2026-09-01T22:10:44.2464742Z  msys downloading...
2026-09-01T22:10:44.6685041Z :: Starting core system upgrade...
2026-09-01T22:10:44.8497315Z  there is nothing to do
2026-09-01T22:10:44.8497939Z :: Starting full system upgrade...
2026-09-01T22:10:44.8805963Z resolving dependencies...
2026-09-01T22:10:44.8868938Z looking for conflicting packages...
2026-09-01T22:10:44.8995010Z 
2026-09-01T22:10:44.8998991Z Packages (31) bash-completion-2.18.0-1  bsdtar-3.8.9-1  ca-certificates-20260816-1  curl-8.21.0-1  findutils-4.11.0-2  gawk-5.4.1-1  gcc-libs-15.3.0-1  gnupg-2.4.9-3  libcurl-8.21.0-1  libexpat-2.8.3-1  libffi-3.8.0-1  libgnutls-3.8.13-2  libhogweed-4.0-1  libnettle-4.0-1  libnghttp2-1.70.0-1  libnghttp3-1.18.0-1  libngtcp2-1.25.0-1  libopenssl-3.6.4-1  libp11-kit-0.26.5-1  libpsl-0.23.2-1  libsqlite-3.53.4-1  msys2-keyring-1~20260814-1  nano-9.2-1  nettle-4.0-1  openssl-3.6.4-1  p11-kit-0.26.5-1  pacman-contrib-1.10.6-2  perl-5.42.3-1  pinentry-1.3.3-1  tzcode-2026c-1  wget-1.25.0-2
2026-09-01T22:10:44.9001663Z 
2026-09-01T22:10:44.9001785Z Total Download Size:    27.05 MiB
2026-09-01T22:10:44.9002114Z Total Installed Size:  108.42 MiB
2026-09-01T22:10:44.9002441Z Net Upgrade Size:       -1.02 MiB
2026-09-01T22:10:44.9002663Z 
2026-09-01T22:10:44.9002884Z :: Proceed with installation? [Y/n] 
2026-09-01T22:10:44.9003239Z :: Retrieving packages...
2026-09-01T22:10:46.9305814Z  perl-5.42.3-1-x86_64 downloading...
2026-09-01T22:10:46.9306423Z  pacman-contrib-1.10.6-2-x86_64 downloading...
2026-09-01T22:10:46.9306782Z  gnupg-2.4.9-3-x86_64 downloading...
2026-09-01T22:10:46.9307063Z  libopenssl-3.6.4-1-x86_64 downloading...
2026-09-01T22:10:46.9307363Z  gawk-5.4.1-1-x86_64 downloading...
2026-09-01T22:10:46.9307615Z  libgnutls-3.8.13-2-x86_64 downloading...
2026-09-01T22:10:46.9307883Z  gcc-libs-15.3.0-1-x86_64 downloading...
2026-09-01T22:10:46.9308145Z  curl-8.21.0-1-x86_64 downloading...
2026-09-01T22:10:46.9308399Z  wget-1.25.0-2-x86_64 downloading...
2026-09-01T22:10:46.9308649Z  libsqlite-3.53.4-1-x86_64 downloading...
2026-09-01T22:10:46.9308921Z  nano-9.2-1-x86_64 downloading...
2026-09-01T22:10:46.9309164Z  openssl-3.6.4-1-x86_64 downloading...
2026-09-01T22:10:46.9309416Z  findutils-4.11.0-2-x86_64 downloading...
2026-09-01T22:10:46.9309676Z  p11-kit-0.26.5-1-x86_64 downloading...
2026-09-01T22:10:46.9309959Z  ca-certificates-20260816-1-any downloading...
2026-09-01T22:10:46.9310238Z  libcurl-8.21.0-1-x86_64 downloading...
2026-09-01T22:10:46.9310487Z  bsdtar-3.8.9-1-x86_64 downloading...
2026-09-01T22:10:46.9310730Z  tzcode-2026c-1-x86_64 downloading...
2026-09-01T22:10:46.9310979Z  libp11-kit-0.26.5-1-x86_64 downloading...
2026-09-01T22:10:46.9311259Z  bash-completion-2.18.0-1-any downloading...
2026-09-01T22:10:46.9311535Z  libhogweed-4.0-1-x86_64 downloading...
2026-09-01T22:10:46.9311788Z  libngtcp2-1.25.0-1-x86_64 downloading...
2026-09-01T22:10:46.9312048Z  libnettle-4.0-1-x86_64 downloading...
2026-09-01T22:10:46.9312295Z  nettle-4.0-1-x86_64 downloading...
2026-09-01T22:10:46.9312548Z  libpsl-0.23.2-1-x86_64 downloading...
2026-09-01T22:10:46.9312812Z  libnghttp3-1.18.0-1-x86_64 downloading...
2026-09-01T22:10:46.9313091Z  libnghttp2-1.70.0-1-x86_64 downloading...
2026-09-01T22:10:46.9313350Z  libexpat-2.8.3-1-x86_64 downloading...
2026-09-01T22:10:46.9313609Z  pinentry-1.3.3-1-x86_64 downloading...
2026-09-01T22:10:46.9313880Z  msys2-keyring-1~20260814-1-any downloading...
2026-09-01T22:10:46.9314157Z  libffi-3.8.0-1-x86_64 downloading...
2026-09-01T22:10:46.9314596Z checking keyring...
2026-09-01T22:10:46.9846326Z checking package integrity...
2026-09-01T22:10:51.3055532Z loading package files...
2026-09-01T22:10:51.3770692Z checking for file conflicts...
2026-09-01T22:10:51.4315767Z :: Running pre-transaction hooks...
2026-09-01T22:10:51.4316224Z (1/1) Removing old entries from the info directory file...
2026-09-01T22:10:51.5472610Z :: Processing package changes...
2026-09-01T22:10:51.5473504Z upgrading bash-completion...
2026-09-01T22:10:52.4375131Z upgrading gcc-libs...
2026-09-01T22:10:52.4553365Z upgrading libexpat...
2026-09-01T22:10:52.4597665Z upgrading libopenssl...
2026-09-01T22:10:52.4847096Z upgrading bsdtar...
2026-09-01T22:10:52.4947628Z upgrading openssl...
2026-09-01T22:10:52.6008358Z upgrading findutils...
2026-09-01T22:10:52.6744524Z upgrading libffi...
2026-09-01T22:10:52.6849827Z upgrading libp11-kit...
2026-09-01T22:10:52.6920048Z upgrading p11-kit...
2026-09-01T22:10:52.8434211Z upgrading ca-certificates...
2026-09-01T22:10:53.3689183Z upgrading libnghttp3...
2026-09-01T22:10:53.3750645Z upgrading libngtcp2...
2026-09-01T22:10:53.3829772Z upgrading libnghttp2...
2026-09-01T22:10:53.3889857Z upgrading libpsl...
2026-09-01T22:10:53.3981467Z upgrading libcurl...
2026-09-01T22:10:53.4044473Z upgrading curl...
2026-09-01T22:10:53.8424844Z upgrading gawk...
2026-09-01T22:10:53.9408838Z upgrading libhogweed...
2026-09-01T22:10:53.9452339Z upgrading libnettle...
2026-09-01T22:10:53.9499418Z upgrading libgnutls...
2026-09-01T22:10:53.9991577Z upgrading libsqlite...
2026-09-01T22:10:54.0086650Z upgrading nettle...
2026-09-01T22:10:54.0162944Z upgrading pinentry...
2026-09-01T22:10:54.0221985Z upgrading gnupg...
2026-09-01T22:10:58.5384931Z ==> Appending keys from msys2.gpg...
2026-09-01T22:10:58.9927571Z ==> Updating trust database...
2026-09-01T22:10:59.0093130Z gpg: no need for a trustdb check
2026-09-01T22:10:59.0923136Z upgrading msys2-keyring...
2026-09-01T22:10:59.4491319Z ==> Appending keys from msys2.gpg...
2026-09-01T22:10:59.9430336Z ==> Updating trust database...
2026-09-01T22:10:59.9594506Z gpg: next trustdb check due at 2027-02-10
2026-09-01T22:11:00.0419433Z upgrading nano...
2026-09-01T22:11:00.1466368Z upgrading pacman-contrib...
2026-09-01T22:11:00.2098534Z New optional dependencies for pacman-contrib
2026-09-01T22:11:00.2099196Z     perl: for pacsearch [installed]
2026-09-01T22:11:00.2099697Z     vim: default diff program for pacdiff
2026-09-01T22:11:00.2100171Z upgrading perl...
2026-09-01T22:11:01.9306972Z upgrading tzcode...
2026-09-01T22:11:03.8111128Z upgrading wget...
2026-09-01T22:11:03.9245985Z :: Running post-transaction hooks...
2026-09-01T22:11:03.9246904Z (1/1) Updating the info directory file...
2026-09-01T22:11:05.5376124Z ##[endgroup]
2026-09-01T22:11:05.5376982Z ##[group]Installing additional packages through pacman...
2026-09-01T22:11:05.6202232Z [command]C:\Windows\system32\cmd.exe /D /S /C D:\a\_temp\setup-msys2\msys2.cmd -c "'pacman' '--noconfirm' '-S' '--needed' '--overwrite' '*' 'git' 'make' 'mingw-w64-x86_64-boost' 'mingw-w64-x86_64-cmake' 'mingw-w64-x86_64-gcc'"
2026-09-01T22:11:06.4033515Z resolving dependencies...
2026-09-01T22:11:06.4158666Z looking for conflicting packages...
2026-09-01T22:11:06.4318083Z 
2026-09-01T22:11:06.4331386Z Packages (89) heimdal-7.8.0-5  heimdal-libs-7.8.0-5  libcbor-0.14.0-2  libedit-20240808_3.1-1  libfido2-1.17.0-1  mingw-w64-x86_64-binutils-2.47-3  mingw-w64-x86_64-boost-libs-1.91.0-3  mingw-w64-x86_64-brotli-1.2.0-1  mingw-w64-x86_64-bzip2-1.0.8-4  mingw-w64-x86_64-c-ares-1.34.8-1  mingw-w64-x86_64-ca-certificates-20260816-1  mingw-w64-x86_64-cppdap-1.65.r11.g6464cd7-1  mingw-w64-x86_64-crt-14.0.0.r302.gd7f3c5201-1  mingw-w64-x86_64-curl-8.21.0-2  mingw-w64-x86_64-expat-2.8.3-1  mingw-w64-x86_64-gcc-libs-16.2.0-3  mingw-w64-x86_64-gettext-runtime-1.0-1  mingw-w64-x86_64-gmp-6.3.0-2  mingw-w64-x86_64-gnutls-3.8.13-3  mingw-w64-x86_64-headers-14.0.0.r302.gd7f3c5201-1  mingw-w64-x86_64-icu-78.3-4  mingw-w64-x86_64-isl-0.28-1  mingw-w64-x86_64-jsoncpp-1.9.8-1  mingw-w64-x86_64-libarchive-3.8.9-5  mingw-w64-x86_64-libb2-0.98.1-3  mingw-w64-x86_64-libffi-3.8.0-1  mingw-w64-x86_64-libiconv-1.19-1  mingw-w64-x86_64-libidn2-2.3.8-4  mingw-w64-x86_64-libpsl-0.21.5-3  mingw-w64-x86_64-libssh2-1.11.1-2  mingw-w64-x86_64-libtasn1-4.21.0-1  mingw-w64-x86_64-libunistring-1.4.2-1  mingw-w64-x86_64-libuv-1.52.1-1  mingw-w64-x86_64-libwinpthread-14.0.0.r302.gd7f3c5201-1  mingw-w64-x86_64-lz4-1.10.0-1  mingw-w64-x86_64-mpc-1.4.1-1  mingw-w64-x86_64-mpfr-4.2.2-3  mingw-w64-x86_64-nettle-4.0-1  mingw-w64-x86_64-nghttp2-1.70.0-1  mingw-w64-x86_64-nghttp3-1.18.0-1  mingw-w64-x86_64-ngtcp2-1.25.0-1  mingw-w64-x86_64-ninja-1.13.2-1  mingw-w64-x86_64-openssl-3.6.4-1  mingw-w64-x86_64-p11-kit-0.26.5-1  mingw-w64-x86_64-pcre2-10.47-1  mingw-w64-x86_64-pkgconf-1~3.0.5-1  mingw-w64-x86_64-rhash-1.4.6-1  mingw-w64-x86_64-tzdata-2026c-1  mingw-w64-x86_64-windows-default-manifest-20260815-1  mingw-w64-x86_64-wineditline-2.208-1  mingw-w64-x86_64-winpthreads-14.0.0.r302.gd7f3c5201-1  mingw-w64-x86_64-xz-5.8.3-1  mingw-w64-x86_64-zlib-1.3.2-2  mingw-w64-x86_64-zstd-1.5.7-2  openssh-10.5p1-2  perl-Authen-SASL-2.2000-1  perl-Clone-0.50-2  perl-Convert-BinHex-1.125-2  perl-Encode-Locale-1.05-2  perl-Error-0.17030-1  perl-File-Listing-6.16-1  perl-HTML-Parser-3.85-1  perl-HTML-Tagset-3.24-1  perl-HTTP-Cookies-6.12-1  perl-HTTP-Daemon-6.17-1  perl-HTTP-Date-6.08-1  perl-HTTP-Message-7.04-1  perl-HTTP-Negotiate-6.01-3  perl-IO-HTML-1.004-2  perl-IO-Socket-SSL-2.099-1  perl-IO-Stringy-2.113-3  perl-LWP-MediaTypes-6.04-2  perl-MIME-tools-5.517-1  perl-MailTools-2.22-1  perl-Net-HTTP-6.24-1  perl-Net-SMTP-SSL-1.04-2  perl-Net-SSLeay-1.96-1  perl-TermReadKey-2.38-8  perl-TimeDate-2.35-1  perl-Try-Tiny-0.32-1  perl-URI-5.36-1  perl-WWW-RobotRules-6.03-1  perl-http-cookiejar-0.014-1  perl-libwww-6.83-2  git-2.55.0-1  make-4.4.1-3  mingw-w64-x86_64-boost-1.91.0-3  mingw-w64-x86_64-cmake-4.4.2-2  mingw-w64-x86_64-gcc-16.2.0-3
2026-09-01T22:11:06.4342926Z 
2026-09-01T22:11:06.4343085Z Total Download Size:    154.18 MiB
2026-09-01T22:11:06.4343488Z Total Installed Size:  1023.08 MiB
2026-09-01T22:11:06.4343735Z 
2026-09-01T22:11:06.4343951Z :: Proceed with installation? [Y/n] 
2026-09-01T22:11:06.4344365Z :: Retrieving packages...
2026-09-01T22:11:14.6224617Z  mingw-w64-x86_64-gcc-16.2.0-3-any downloading...
2026-09-01T22:11:14.6225295Z  mingw-w64-x86_64-icu-78.3-4-any downloading...
2026-09-01T22:11:14.6225854Z  mingw-w64-x86_64-boost-1.91.0-3-any downloading...
2026-09-01T22:11:14.6226432Z  mingw-w64-x86_64-cmake-4.4.2-2-any downloading...
2026-09-01T22:11:14.6226933Z  mingw-w64-x86_64-openssl-3.6.4-1-any downloading...
2026-09-01T22:11:14.6227469Z  git-2.55.0-1-x86_64 downloading...
2026-09-01T22:11:14.6228015Z  mingw-w64-x86_64-headers-14.0.0.r302.gd7f3c5201-1-any downloading...
2026-09-01T22:11:14.6228636Z  mingw-w64-x86_64-binutils-2.47-3-any downloading...
2026-09-01T22:11:14.6229232Z  mingw-w64-x86_64-crt-14.0.0.r302.gd7f3c5201-1-any downloading...
2026-09-01T22:11:14.6229823Z  mingw-w64-x86_64-boost-libs-1.91.0-3-any downloading...
2026-09-01T22:11:14.6230304Z  mingw-w64-x86_64-gnutls-3.8.13-3-any downloading...
2026-09-01T22:11:14.6230678Z  mingw-w64-x86_64-libarchive-3.8.9-5-any downloading...
2026-09-01T22:11:14.6231025Z  mingw-w64-x86_64-curl-8.21.0-2-any downloading...
2026-09-01T22:11:14.6231349Z  mingw-w64-x86_64-isl-0.28-1-any downloading...
2026-09-01T22:11:14.6231674Z  mingw-w64-x86_64-pcre2-10.47-1-any downloading...
2026-09-01T22:11:14.6231980Z  openssh-10.5p1-2-x86_64 downloading...
2026-09-01T22:11:14.6232294Z  mingw-w64-x86_64-gcc-libs-16.2.0-3-any downloading...
2026-09-01T22:11:14.6232661Z  mingw-w64-x86_64-libunistring-1.4.2-1-any downloading...
2026-09-01T22:11:14.6233010Z  heimdal-libs-7.8.0-5-x86_64 downloading...
2026-09-01T22:11:14.6233477Z  mingw-w64-x86_64-libiconv-1.19-1-any downloading...
2026-09-01T22:11:14.6233858Z  mingw-w64-x86_64-zstd-1.5.7-2-any downloading...
2026-09-01T22:11:14.6234184Z  mingw-w64-x86_64-p11-kit-0.26.5-1-any downloading...
2026-09-01T22:11:14.6234504Z  mingw-w64-x86_64-gmp-6.3.0-2-any downloading...
2026-09-01T22:11:14.6234795Z  mingw-w64-x86_64-nettle-4.0-1-any downloading...
2026-09-01T22:11:14.6235302Z  heimdal-7.8.0-5-x86_64 downloading...
2026-09-01T22:11:14.6235590Z  mingw-w64-x86_64-mpfr-4.2.2-3-any downloading...
2026-09-01T22:11:14.6235935Z  mingw-w64-x86_64-cppdap-1.65.r11.g6464cd7-1-any downloading...
2026-09-01T22:11:14.6236259Z  make-4.4.1-3-x86_64 downloading...
2026-09-01T22:11:14.6236517Z  mingw-w64-x86_64-xz-5.8.3-1-any downloading...
2026-09-01T22:11:14.6237233Z  mingw-w64-x86_64-brotli-1.2.0-1-any downloading...
2026-09-01T22:11:14.6237830Z  mingw-w64-x86_64-gettext-runtime-1.0-1-any downloading...
2026-09-01T22:11:14.6238511Z  mingw-w64-x86_64-ca-certificates-20260816-1-any downloading...
2026-09-01T22:11:14.6239137Z  mingw-w64-x86_64-c-ares-1.34.8-1-any downloading...
2026-09-01T22:11:14.6239674Z  mingw-w64-x86_64-libssh2-1.11.1-2-any downloading...
2026-09-01T22:11:14.6240141Z  mingw-w64-x86_64-ngtcp2-1.25.0-1-any downloading...
2026-09-01T22:11:14.6240678Z  mingw-w64-x86_64-rhash-1.4.6-1-any downloading...
2026-09-01T22:11:14.6241239Z  perl-Net-SSLeay-1.96-1-x86_64 downloading...
2026-09-01T22:11:14.6241794Z  mingw-w64-x86_64-tzdata-2026c-1-any downloading...
2026-09-01T22:11:14.6242343Z  mingw-w64-x86_64-libuv-1.52.1-1-any downloading...
2026-09-01T22:11:14.6242894Z  mingw-w64-x86_64-jsoncpp-1.9.8-1-any downloading...
2026-09-01T22:11:14.6243446Z  mingw-w64-x86_64-nghttp2-1.70.0-1-any downloading...
2026-09-01T22:11:14.6244000Z  mingw-w64-x86_64-libtasn1-4.21.0-1-any downloading...
2026-09-01T22:11:14.6244521Z  mingw-w64-x86_64-expat-2.8.3-1-any downloading...
2026-09-01T22:11:14.6245005Z  mingw-w64-x86_64-ninja-1.13.2-1-any downloading...
2026-09-01T22:11:14.6245485Z  perl-MIME-tools-5.517-1-any downloading...
2026-09-01T22:11:14.6245970Z  mingw-w64-x86_64-libidn2-2.3.8-4-any downloading...
2026-09-01T22:11:14.6246481Z  mingw-w64-x86_64-lz4-1.10.0-1-any downloading...
2026-09-01T22:11:14.6247000Z  perl-IO-Socket-SSL-2.099-1-any downloading...
2026-09-01T22:11:14.6247525Z  mingw-w64-x86_64-pkgconf-1~3.0.5-1-any downloading...
2026-09-01T22:11:14.6248137Z  mingw-w64-x86_64-nghttp3-1.18.0-1-any downloading...
2026-09-01T22:11:14.6248452Z  mingw-w64-x86_64-mpc-1.4.1-1-any downloading...
2026-09-01T22:11:14.6248738Z  perl-libwww-6.83-2-any downloading...
2026-09-01T22:11:14.6249231Z  mingw-w64-x86_64-zlib-1.3.2-2-any downloading...
2026-09-01T22:11:14.6249740Z  perl-URI-5.36-1-any downloading...
2026-09-01T22:11:14.6250187Z  mingw-w64-x86_64-libpsl-0.21.5-3-any downloading...
2026-09-01T22:11:14.6250812Z  mingw-w64-x86_64-bzip2-1.0.8-4-any downloading...
2026-09-01T22:11:14.6251223Z  libedit-20240808_3.1-1-x86_64 downloading...
2026-09-01T22:11:14.6251508Z  libfido2-1.17.0-1-x86_64 downloading...
2026-09-01T22:11:14.6251804Z  perl-HTML-Parser-3.85-1-x86_64 downloading...
2026-09-01T22:11:14.6252121Z  perl-HTTP-Message-7.04-1-any downloading...
2026-09-01T22:11:14.6252560Z  perl-TimeDate-2.35-1-any downloading...
2026-09-01T22:11:14.6253132Z  mingw-w64-x86_64-wineditline-2.208-1-any downloading...
2026-09-01T22:11:14.6253577Z  perl-MailTools-2.22-1-any downloading...
2026-09-01T22:11:14.6253880Z  mingw-w64-x86_64-libffi-3.8.0-1-any downloading...
2026-09-01T22:11:14.6254184Z  perl-IO-Stringy-2.113-3-any downloading...
2026-09-01T22:11:14.6254568Z  mingw-w64-x86_64-winpthreads-14.0.0.r302.gd7f3c5201-1-any downloading...
2026-09-01T22:11:14.6255036Z  perl-Authen-SASL-2.2000-1-any downloading...
2026-09-01T22:11:14.6255442Z  mingw-w64-x86_64-libwinpthread-14.0.0.r302.gd7f3c5201-1-any downloading...
2026-09-01T22:11:14.6255858Z  perl-Convert-BinHex-1.125-2-any downloading...
2026-09-01T22:11:14.6256173Z  mingw-w64-x86_64-libb2-0.98.1-3-any downloading...
2026-09-01T22:11:14.6256467Z  libcbor-0.14.0-2-x86_64 downloading...
2026-09-01T22:11:14.6256742Z  perl-HTTP-Cookies-6.12-1-any downloading...
2026-09-01T22:11:14.6257021Z  perl-Net-HTTP-6.24-1-any downloading...
2026-09-01T22:11:14.6257286Z  perl-Error-0.17030-1-any downloading...
2026-09-01T22:11:14.6257564Z  perl-TermReadKey-2.38-8-x86_64 downloading...
2026-09-01T22:11:14.6258017Z  perl-HTTP-Daemon-6.17-1-any downloading...
2026-09-01T22:11:14.6258581Z  perl-LWP-MediaTypes-6.04-2-any downloading...
2026-09-01T22:11:14.6259092Z  perl-Try-Tiny-0.32-1-any downloading...
2026-09-01T22:11:14.6259519Z  perl-Clone-0.50-2-x86_64 downloading...
2026-09-01T22:11:14.6259951Z  perl-IO-HTML-1.004-2-any downloading...
2026-09-01T22:11:14.6261590Z  perl-WWW-RobotRules-6.03-1-any downloading...
2026-09-01T22:11:14.6262094Z  perl-http-cookiejar-0.014-1-any downloading...
2026-09-01T22:11:14.6262608Z  perl-HTTP-Negotiate-6.01-3-any downloading...
2026-09-01T22:11:14.6263113Z  perl-Encode-Locale-1.05-2-any downloading...
2026-09-01T22:11:14.6263604Z  perl-HTML-Tagset-3.24-1-any downloading...
2026-09-01T22:11:14.6264084Z  perl-File-Listing-6.16-1-any downloading...
2026-09-01T22:11:14.6264590Z  perl-HTTP-Date-6.08-1-any downloading...
2026-09-01T22:11:14.6264888Z  perl-Net-SMTP-SSL-1.04-2-any downloading...
2026-09-01T22:11:14.6265512Z  mingw-w64-x86_64-windows-default-manifest-20260815-1-any downloading...
2026-09-01T22:11:14.6266178Z checking keyring...
2026-09-01T22:11:14.6891758Z checking package integrity...
2026-09-01T22:11:28.4101352Z loading package files...
2026-09-01T22:11:28.7420822Z checking for file conflicts...
2026-09-01T22:11:31.1074079Z :: Processing package changes...
2026-09-01T22:11:31.1074608Z installing libedit...
2026-09-01T22:11:31.1407124Z installing heimdal-libs...
2026-09-01T22:11:31.1586085Z installing heimdal...
2026-09-01T22:11:31.8014519Z installing libcbor...
2026-09-01T22:11:31.8043774Z installing libfido2...
2026-09-01T22:11:31.8079591Z installing openssh...
2026-09-01T22:11:31.8459307Z installing perl-Error...
2026-09-01T22:11:31.8540735Z installing perl-Authen-SASL...
2026-09-01T22:11:31.8768601Z installing perl-Encode-Locale...
2026-09-01T22:11:31.8828222Z installing perl-HTTP-Date...
2026-09-01T22:11:31.8900943Z installing perl-File-Listing...
2026-09-01T22:11:31.8959906Z installing perl-HTML-Tagset...
2026-09-01T22:11:31.9021836Z installing perl-Clone...
2026-09-01T22:11:31.9074976Z installing perl-IO-HTML...
2026-09-01T22:11:31.9134911Z installing perl-LWP-MediaTypes...
2026-09-01T22:11:31.9207150Z installing perl-URI...
2026-09-01T22:11:31.9871848Z installing perl-HTTP-Message...
2026-09-01T22:11:32.0065105Z installing perl-HTML-Parser...
2026-09-01T22:11:32.0218295Z installing perl-HTTP-Cookies...
2026-09-01T22:11:32.0304145Z installing perl-HTTP-Daemon...
2026-09-01T22:11:32.0351066Z installing perl-http-cookiejar...
2026-09-01T22:11:32.0418585Z installing perl-HTTP-Negotiate...
2026-09-01T22:11:32.0465565Z installing perl-Net-HTTP...
2026-09-01T22:11:32.0572475Z installing perl-WWW-RobotRules...
2026-09-01T22:11:32.0666245Z installing perl-Try-Tiny...
2026-09-01T22:11:32.0744948Z installing perl-libwww...
2026-09-01T22:11:32.1096126Z Optional dependencies for perl-libwww
2026-09-01T22:11:32.1096748Z     perl-LWP-Protocol-https: for https:// url schemes
2026-09-01T22:11:32.1097331Z installing perl-TimeDate...
2026-09-01T22:11:32.1763465Z installing perl-MailTools...
2026-09-01T22:11:32.2044542Z installing perl-IO-Stringy...
2026-09-01T22:11:32.2184605Z installing perl-Convert-BinHex...
2026-09-01T22:11:32.3542390Z module test... pass.
2026-09-01T22:11:32.3551110Z installing perl-MIME-tools...
2026-09-01T22:11:32.3949147Z installing perl-Net-SSLeay...
2026-09-01T22:11:32.4779487Z installing perl-IO-Socket-SSL...
2026-09-01T22:11:32.4906459Z installing perl-Net-SMTP-SSL...
2026-09-01T22:11:32.4953482Z installing perl-TermReadKey...
2026-09-01T22:11:32.5032304Z installing git...
2026-09-01T22:11:33.0542978Z Optional dependencies for git
2026-09-01T22:11:33.0543508Z     python: various helper scripts
2026-09-01T22:11:33.0543978Z     subversion: git svn
2026-09-01T22:11:33.0544375Z     aspell: spell checking in git gui
2026-09-01T22:11:33.0544824Z installing make...
2026-09-01T22:11:33.0909542Z installing mingw-w64-x86_64-libwinpthread...
2026-09-01T22:11:33.0954975Z installing mingw-w64-x86_64-tzdata...
2026-09-01T22:11:34.7739348Z installing mingw-w64-x86_64-gcc-libs...
2026-09-01T22:11:34.7898673Z installing mingw-w64-x86_64-bzip2...
2026-09-01T22:11:34.8084272Z installing mingw-w64-x86_64-icu...
2026-09-01T22:11:35.1567871Z installing mingw-w64-x86_64-libiconv...
2026-09-01T22:11:35.1799576Z installing mingw-w64-x86_64-gettext-runtime...
2026-09-01T22:11:35.3260718Z installing mingw-w64-x86_64-xz...
2026-09-01T22:11:35.4367977Z installing mingw-w64-x86_64-zstd...
2026-09-01T22:11:35.4564444Z installing mingw-w64-x86_64-zlib...
2026-09-01T22:11:35.4647733Z installing mingw-w64-x86_64-boost-libs...
2026-09-01T22:11:35.5097364Z installing mingw-w64-x86_64-boost...
2026-09-01T22:11:49.6944277Z Optional dependencies for mingw-w64-x86_64-boost
2026-09-01T22:11:49.6944862Z     mingw-w64-x86_64-python: For Boost.Python
2026-09-01T22:11:49.6945569Z     mingw-w64-x86_64-python-numpy: For Boost.Python (NumPy)
2026-09-01T22:11:49.6946001Z installing mingw-w64-x86_64-cppdap...
2026-09-01T22:11:49.7185046Z installing mingw-w64-x86_64-c-ares...
2026-09-01T22:11:49.8332203Z installing mingw-w64-x86_64-brotli...
2026-09-01T22:11:49.8548381Z installing mingw-w64-x86_64-libunistring...
2026-09-01T22:11:49.9014668Z installing mingw-w64-x86_64-libidn2...
2026-09-01T22:11:49.9303062Z installing mingw-w64-x86_64-libpsl...
2026-09-01T22:11:49.9393565Z installing mingw-w64-x86_64-libtasn1...
2026-09-01T22:11:49.9794960Z installing mingw-w64-x86_64-libffi...
2026-09-01T22:11:49.9901119Z installing mingw-w64-x86_64-p11-kit...
2026-09-01T22:11:50.2105749Z installing mingw-w64-x86_64-ca-certificates...
2026-09-01T22:11:50.8434945Z installing mingw-w64-x86_64-openssl...
2026-09-01T22:11:56.4578739Z Optional dependencies for mingw-w64-x86_64-openssl
2026-09-01T22:11:56.4579509Z     mingw-w64-x86_64-ca-certificates [installed]
2026-09-01T22:11:56.4580066Z installing mingw-w64-x86_64-libssh2...
2026-09-01T22:11:56.5913504Z installing mingw-w64-x86_64-nghttp2...
2026-09-01T22:11:56.6075296Z installing mingw-w64-x86_64-gmp...
2026-09-01T22:11:56.6225583Z installing mingw-w64-x86_64-nettle...
2026-09-01T22:11:56.6782124Z installing mingw-w64-x86_64-gnutls...
2026-09-01T22:11:57.6237921Z installing mingw-w64-x86_64-ngtcp2...
2026-09-01T22:11:57.6501474Z installing mingw-w64-x86_64-nghttp3...
2026-09-01T22:11:57.6632282Z installing mingw-w64-x86_64-curl...
2026-09-01T22:11:58.0632672Z installing mingw-w64-x86_64-expat...
2026-09-01T22:11:58.0782815Z installing mingw-w64-x86_64-jsoncpp...
2026-09-01T22:11:58.0963532Z installing mingw-w64-x86_64-libb2...
2026-09-01T22:11:58.1030082Z installing mingw-w64-x86_64-lz4...
2026-09-01T22:11:58.1168504Z installing mingw-w64-x86_64-wineditline...
2026-09-01T22:11:58.1250724Z installing mingw-w64-x86_64-pcre2...
2026-09-01T22:11:58.3021713Z installing mingw-w64-x86_64-libarchive...
2026-09-01T22:11:58.3811095Z installing mingw-w64-x86_64-libuv...
2026-09-01T22:11:58.4022807Z installing mingw-w64-x86_64-ninja...
2026-09-01T22:11:58.4075533Z installing mingw-w64-x86_64-pkgconf...
2026-09-01T22:11:58.4287182Z installing mingw-w64-x86_64-rhash...
2026-09-01T22:11:58.4633376Z installing mingw-w64-x86_64-cmake...
2026-09-01T22:12:01.6439840Z Optional dependencies for mingw-w64-x86_64-cmake
2026-09-01T22:12:01.6441316Z     mingw-w64-x86_64-emacs: for cmake emacs mode
2026-09-01T22:12:01.6441809Z installing mingw-w64-x86_64-binutils...
2026-09-01T22:12:01.8745444Z installing mingw-w64-x86_64-headers...
2026-09-01T22:12:03.3162231Z installing mingw-w64-x86_64-crt...
2026-09-01T22:12:03.9389141Z installing mingw-w64-x86_64-isl...
2026-09-01T22:12:04.0046901Z installing mingw-w64-x86_64-mpfr...
2026-09-01T22:12:04.0265763Z installing mingw-w64-x86_64-mpc...
2026-09-01T22:12:04.0335719Z installing mingw-w64-x86_64-windows-default-manifest...
2026-09-01T22:12:04.0364562Z installing mingw-w64-x86_64-winpthreads...
2026-09-01T22:12:04.0466712Z installing mingw-w64-x86_64-gcc...
2026-09-01T22:12:05.4472731Z :: Running post-transaction hooks...
2026-09-01T22:12:05.4474142Z (1/1) Updating the info directory file...
2026-09-01T22:12:05.7292219Z ##[endgroup]
2026-09-01T22:12:05.7517810Z ##[group]Run cmake --version
2026-09-01T22:12:05.7518254Z [36;1mcmake --version[0m
2026-09-01T22:12:05.7518548Z [36;1mg++ --version[0m
2026-09-01T22:12:05.7522841Z shell: D:\a\_temp\setup-msys2\msys2.CMD {0}
2026-09-01T22:12:05.7523304Z env:
2026-09-01T22:12:05.7523568Z   OPENFHE_COMMIT: df495ba2e91739a6dc8f1de254fc5a41155ce504
2026-09-01T22:12:05.7523958Z   OPENFHE_PREFIX: C:\openfhe-2023-1788\openfhe-install
2026-09-01T22:12:05.7524285Z   WINDOWS_ROOT: C:\openfhe-2023-1788
2026-09-01T22:12:05.7524581Z   PROJECT_SOURCE: C:\openfhe-2023-1788\cleanroom
2026-09-01T22:12:05.7524909Z   OPENFHE_SOURCE: C:\openfhe-2023-1788\openfhe-src
2026-09-01T22:12:05.7525285Z   OPENFHE_BUILD: C:\openfhe-2023-1788\openfhe-build-33564908322-1
2026-09-01T22:12:05.7525694Z   PROJECT_BUILD: C:\openfhe-2023-1788\project-build-33564908322-1
2026-09-01T22:12:05.7526010Z   MSYSTEM: MINGW64
2026-09-01T22:12:05.7526200Z ##[endgroup]
2026-09-01T22:12:05.9754568Z cmake version 4.4.2
2026-09-01T22:12:05.9754939Z 
2026-09-01T22:12:05.9755283Z CMake suite maintained and supported by Kitware (kitware.com/cmake).
2026-09-01T22:12:06.0051810Z g++.exe (Rev3, Built by MSYS2 project) 16.2.0
2026-09-01T22:12:06.0052419Z Copyright (C) 2026 Free Software Foundation, Inc.
2026-09-01T22:12:06.0053137Z This is free software; see the source for copying conditions.  There is NO
2026-09-01T22:12:06.0054060Z warranty; not even for MERCHANTABILITY or FITNESS FOR A PARTICULAR PURPOSE.
2026-09-01T22:12:06.0054551Z 
2026-09-01T22:12:06.0294270Z ##[group]Run source="$(cygpath -u "$OPENFHE_SOURCE")"
2026-09-01T22:12:06.0294975Z [36;1msource="$(cygpath -u "$OPENFHE_SOURCE")"[0m
2026-09-01T22:12:06.0295566Z [36;1mactual="$(git -C "$source" rev-parse HEAD)"[0m
2026-09-01T22:12:06.0296124Z [36;1mtest "$actual" = "$OPENFHE_COMMIT"[0m
2026-09-01T22:12:06.0296543Z [36;1mtest -z "$(git -C "$source" status --porcelain)"[0m
2026-09-01T22:12:06.0296925Z [36;1mgit -C "$source" submodule status --recursive[0m
2026-09-01T22:12:06.0299097Z shell: D:\a\_temp\setup-msys2\msys2.CMD {0}
2026-09-01T22:12:06.0299377Z env:
2026-09-01T22:12:06.0299623Z   OPENFHE_COMMIT: df495ba2e91739a6dc8f1de254fc5a41155ce504
2026-09-01T22:12:06.0299988Z   OPENFHE_PREFIX: C:\openfhe-2023-1788\openfhe-install
2026-09-01T22:12:06.0300307Z   WINDOWS_ROOT: C:\openfhe-2023-1788
2026-09-01T22:12:06.0300579Z   PROJECT_SOURCE: C:\openfhe-2023-1788\cleanroom
2026-09-01T22:12:06.0300882Z   OPENFHE_SOURCE: C:\openfhe-2023-1788\openfhe-src
2026-09-01T22:12:06.0301267Z   OPENFHE_BUILD: C:\openfhe-2023-1788\openfhe-build-33564908322-1
2026-09-01T22:12:06.0301680Z   PROJECT_BUILD: C:\openfhe-2023-1788\project-build-33564908322-1
2026-09-01T22:12:06.0302010Z   MSYSTEM: MINGW64
2026-09-01T22:12:06.0302191Z ##[endgroup]
2026-09-01T22:12:07.3034752Z  984e3f194862b17916536b5fade40cba6e47a6fe third-party/cereal (heads/main)
2026-09-01T22:12:07.3986626Z  eddb0241389718a23a42db6af5f0164b6e0139af third-party/google-benchmark (eddb024)
2026-09-01T22:12:07.4941199Z  52eb8108c5bdec04579160ae17225d66034bd723 third-party/google-test (52eb810)
2026-09-01T22:12:07.5906129Z  83edb60836d87cf1b406e8846b9059c03031e8f5 third-party/gperftools (83edb60)
2026-09-01T22:12:07.6384210Z ##[group]Run prefix="$(cygpath -u "$OPENFHE_PREFIX")"
2026-09-01T22:12:07.6384699Z [36;1mprefix="$(cygpath -u "$OPENFHE_PREFIX")"[0m
2026-09-01T22:12:07.6385029Z [36;1msource="$(cygpath -u "$OPENFHE_SOURCE")"[0m
2026-09-01T22:12:07.6385333Z [36;1mbuild="$(cygpath -u "$OPENFHE_BUILD")"[0m
2026-09-01T22:12:07.6385616Z [36;1mcmake -S "$source" -B "$build" \[0m
2026-09-01T22:12:07.6385884Z [36;1m  -DCMAKE_BUILD_TYPE=Release \[0m
2026-09-01T22:12:07.6386170Z [36;1m  -DCMAKE_INSTALL_PREFIX="$prefix" \[0m
2026-09-01T22:12:07.6386451Z [36;1m  -DBUILD_UNITTESTS=OFF \[0m
2026-09-01T22:12:07.6386701Z [36;1m  -DBUILD_EXAMPLES=OFF \[0m
2026-09-01T22:12:07.6386940Z [36;1m  -DBUILD_BENCHMARKS=OFF \[0m
2026-09-01T22:12:07.6387177Z [36;1m  -DBUILD_EXTRAS=OFF \[0m
2026-09-01T22:12:07.6387402Z [36;1m  -DWITH_OPENMP=ON[0m
2026-09-01T22:12:07.6389163Z shell: D:\a\_temp\setup-msys2\msys2.CMD {0}
2026-09-01T22:12:07.6389431Z env:
2026-09-01T22:12:07.6389709Z   OPENFHE_COMMIT: df495ba2e91739a6dc8f1de254fc5a41155ce504
2026-09-01T22:12:07.6390241Z   OPENFHE_PREFIX: C:\openfhe-2023-1788\openfhe-install
2026-09-01T22:12:07.6390552Z   WINDOWS_ROOT: C:\openfhe-2023-1788
2026-09-01T22:12:07.6390825Z   PROJECT_SOURCE: C:\openfhe-2023-1788\cleanroom
2026-09-01T22:12:07.6391126Z   OPENFHE_SOURCE: C:\openfhe-2023-1788\openfhe-src
2026-09-01T22:12:07.6391477Z   OPENFHE_BUILD: C:\openfhe-2023-1788\openfhe-build-33564908322-1
2026-09-01T22:12:07.6391866Z   PROJECT_BUILD: C:\openfhe-2023-1788\project-build-33564908322-1
2026-09-01T22:12:07.6392175Z   MSYSTEM: MINGW64
2026-09-01T22:12:07.6392355Z ##[endgroup]
2026-09-01T22:12:08.0173218Z -- The C compiler identification is GNU 16.2.0
2026-09-01T22:12:08.1900076Z -- The CXX compiler identification is GNU 16.2.0
2026-09-01T22:12:08.2308337Z -- Detecting C compiler ABI info
2026-09-01T22:12:08.6027129Z -- Detecting C compiler ABI info - done
2026-09-01T22:12:08.6357073Z -- Check for working C compiler: D:/a/_temp/msys64/mingw64/bin/cc.exe - skipped
2026-09-01T22:12:08.6361297Z -- Detecting C compile features
2026-09-01T22:12:08.6367092Z -- Detecting C compile features - done
2026-09-01T22:12:08.6718248Z -- Detecting CXX compiler ABI info
2026-09-01T22:12:09.0283685Z -- Detecting CXX compiler ABI info - done
2026-09-01T22:12:09.0623419Z -- Check for working CXX compiler: D:/a/_temp/msys64/mingw64/bin/c++.exe - skipped
2026-09-01T22:12:09.0627905Z -- Detecting CXX compile features
2026-09-01T22:12:09.0635572Z -- Detecting CXX compile features - done
2026-09-01T22:12:09.0778268Z -- Building in Release mode
2026-09-01T22:12:09.0779576Z -- BUILD_UNITTESTS:    OFF
2026-09-01T22:12:09.0779960Z -- BUILD_EXAMPLES:     OFF
2026-09-01T22:12:09.0780343Z -- BUILD_BENCHMARKS:   OFF
2026-09-01T22:12:09.0780720Z -- BUILD_EXTRAS:       OFF
2026-09-01T22:12:09.0804287Z -- BUILD_STATIC:       OFF
2026-09-01T22:12:09.0805443Z -- BUILD_SHARED:       ON
2026-09-01T22:12:09.0805823Z -- GIT_SUBMOD_AUTO:    ON
2026-09-01T22:12:09.0806183Z -- WITH_BE2:           OFF
2026-09-01T22:12:09.0806509Z -- WITH_BE4:           OFF
2026-09-01T22:12:09.0806864Z -- WITH_NTL:           OFF
2026-09-01T22:12:09.0807184Z -- WITH_TCM:           OFF
2026-09-01T22:12:09.0807496Z -- WITH_OPENMP:        ON
2026-09-01T22:12:09.0807811Z -- NATIVE_SIZE:        64
2026-09-01T22:12:09.0808122Z -- CKKS_M_FACTOR:      1
2026-09-01T22:12:09.0808436Z -- WITH_NATIVEOPT:     OFF
2026-09-01T22:12:09.0809220Z ***** INSTALL IS AT C:/openfhe-2023-1788/openfhe-install; to change, run cmake with -DCMAKE_INSTALL_PREFIX=/your/path
2026-09-01T22:12:09.0810006Z -- WITH_COVTEST:       OFF
2026-09-01T22:12:09.0810394Z -- WITH_NOISE_DEBUG:   OFF
2026-09-01T22:12:09.0810789Z -- WITH_REDUCED_NOISE: OFF
2026-09-01T22:12:09.0811007Z -- USE_MACPORTS:       OFF
2026-09-01T22:12:09.0811232Z -- BUILTIN_INFO_AVAILABLE is defined
2026-09-01T22:12:09.1007467Z -- Architecture is x86_64
2026-09-01T22:12:09.1025236Z -- Looking for sys/types.h
2026-09-01T22:12:09.4966649Z -- Looking for sys/types.h - found
2026-09-01T22:12:09.4967080Z -- Looking for stdint.h
2026-09-01T22:12:09.8555666Z -- Looking for stdint.h - found
2026-09-01T22:12:09.8557099Z -- Looking for stddef.h
2026-09-01T22:12:10.2467626Z -- Looking for stddef.h - found
2026-09-01T22:12:10.2467956Z -- Check size of __int128
2026-09-01T22:12:10.6086101Z -- Check size of __int128 - done
2026-09-01T22:12:10.6089125Z -- Check size of uint64_t
2026-09-01T22:12:10.9646659Z -- Check size of uint64_t - done
2026-09-01T22:12:10.9647982Z -- NATIVEINT is set to 64
2026-09-01T22:12:10.9648347Z -- MATHBACKEND is set to 4
2026-09-01T22:12:10.9648688Z -- MATHBACKEND set to 4. Setting WITH_BE4 to ON
2026-09-01T22:12:12.1714662Z -- Found OpenMP_C: -fopenmp (found version "5.2")
2026-09-01T22:12:12.5611712Z -- Found OpenMP_CXX: -fopenmp (found version "5.2")
2026-09-01T22:12:12.5615752Z -- Found OpenMP: TRUE (found version "5.2")
2026-09-01T22:12:12.5778759Z -- Found Git: D:/a/_temp/msys64/usr/bin/git.exe (found version "2.55.0")
2026-09-01T22:12:12.5779579Z -- Submodule update
2026-09-01T22:12:12.9366989Z Synchronizing submodule url for 'third-party/cereal'
2026-09-01T22:12:12.9693678Z Synchronizing submodule url for 'third-party/google-benchmark'
2026-09-01T22:12:12.9967699Z Synchronizing submodule url for 'third-party/google-test'
2026-09-01T22:12:13.0242836Z Synchronizing submodule url for 'third-party/gperftools'
2026-09-01T22:12:13.5177339Z -- Configuring done (5.7s)
2026-09-01T22:12:13.8041523Z -- Generating done (0.3s)
2026-09-01T22:12:13.8055010Z -- Build files have been written to: C:/openfhe-2023-1788/openfhe-build-33564908322-1
2026-09-01T22:12:13.8292041Z ##[group]Run build="$(cygpath -u "$OPENFHE_BUILD")"
2026-09-01T22:12:13.8292502Z [36;1mbuild="$(cygpath -u "$OPENFHE_BUILD")"[0m
2026-09-01T22:12:13.8292838Z [36;1mcmake --build "$build" --parallel 2[0m
2026-09-01T22:12:13.8293120Z [36;1mcmake --install "$build"[0m
2026-09-01T22:12:13.8295084Z shell: D:\a\_temp\setup-msys2\msys2.CMD {0}
2026-09-01T22:12:13.8295358Z env:
2026-09-01T22:12:13.8295598Z   OPENFHE_COMMIT: df495ba2e91739a6dc8f1de254fc5a41155ce504
2026-09-01T22:12:13.8296015Z   OPENFHE_PREFIX: C:\openfhe-2023-1788\openfhe-install
2026-09-01T22:12:13.8296315Z   WINDOWS_ROOT: C:\openfhe-2023-1788
2026-09-01T22:12:13.8296581Z   PROJECT_SOURCE: C:\openfhe-2023-1788\cleanroom
2026-09-01T22:12:13.8296890Z   OPENFHE_SOURCE: C:\openfhe-2023-1788\openfhe-src
2026-09-01T22:12:13.8297248Z   OPENFHE_BUILD: C:\openfhe-2023-1788\openfhe-build-33564908322-1
2026-09-01T22:12:13.8297661Z   PROJECT_BUILD: C:\openfhe-2023-1788\project-build-33564908322-1
2026-09-01T22:12:13.8298009Z   MSYSTEM: MINGW64
2026-09-01T22:12:13.8298186Z ##[endgroup]
2026-09-01T22:12:14.2412514Z -- Copied demoData files
2026-09-01T22:12:14.2874948Z [  0%] Built target third-party
2026-09-01T22:12:14.4209533Z [  1%] Building CXX object src/core/CMakeFiles/coreobj.dir/lib/lattice/constants-lattice-impl.cpp.obj
2026-09-01T22:12:14.4290017Z [  2%] Building CXX object src/core/CMakeFiles/coreobj.dir/lib/lattice/lattice.cpp.obj
2026-09-01T22:12:15.1775219Z [  3%] Building CXX object src/core/CMakeFiles/coreobj.dir/lib/lattice/stdlatticeparms.cpp.obj
2026-09-01T22:12:16.3899821Z [  4%] Building CXX object src/core/CMakeFiles/coreobj.dir/lib/lattice/trapdoor-dcrtpoly.cpp.obj
2026-09-01T22:12:25.1240378Z [  5%] Building CXX object src/core/CMakeFiles/coreobj.dir/lib/lattice/trapdoor-poly.cpp.obj
2026-09-01T22:12:32.9291264Z Terminate batch job (Y/N)? 
2026-09-01T22:12:32.9300069Z ^C
2026-09-01T22:12:32.9420674Z ##[error]The operation was canceled.
2026-09-01T22:12:32.9556364Z Cleaning up orphan processes
