2026-09-02T00:12:34.5984631Z Current runner version: '2.337.0'
2026-09-02T00:12:34.6019472Z ##[group]Runner Image Provisioner
2026-09-02T00:12:34.6020719Z Hosted Compute Agent
2026-09-02T00:12:34.6022820Z Version: 20260819.586
2026-09-02T00:12:34.6023856Z Commit: 3cc4a88dfa507ef76119ad1bb3eccc6378bb2b76
2026-09-02T00:12:34.6025033Z Build Date: 2026-08-18T23:20:18Z
2026-09-02T00:12:34.6026082Z Worker ID: {5e99e9f1-2cbe-4717-b865-a046843328a8}
2026-09-02T00:12:34.6027211Z Azure Region: canadacentral
2026-09-02T00:12:34.6028140Z ##[endgroup]
2026-09-02T00:12:34.6030238Z ##[group]Operating System
2026-09-02T00:12:34.6031234Z Microsoft Windows Server 2022
2026-09-02T00:12:34.6032334Z 10.0.20348
2026-09-02T00:12:34.6033147Z Datacenter
2026-09-02T00:12:34.6033924Z ##[endgroup]
2026-09-02T00:12:34.6034724Z ##[group]Runner Image
2026-09-02T00:12:34.6035585Z Image: windows-2022
2026-09-02T00:12:34.6036464Z Version: 20260824.284.2
2026-09-02T00:12:34.6038820Z Included Software: https://github.com/actions/runner-images/blob/win22/20260824.284/images/windows/Windows2022-Readme.md
2026-09-02T00:12:34.6041736Z Image Release: https://github.com/actions/runner-images/releases/tag/win22%2F20260824.284
2026-09-02T00:12:34.6043341Z ##[endgroup]
2026-09-02T00:12:34.6045155Z ##[group]GITHUB_TOKEN Permissions
2026-09-02T00:12:34.6047819Z Contents: read
2026-09-02T00:12:34.6048730Z Metadata: read
2026-09-02T00:12:34.6049536Z ##[endgroup]
2026-09-02T00:12:34.6052376Z Secret source: Actions
2026-09-02T00:12:34.6053938Z Prepare workflow directory
2026-09-02T00:12:34.6740246Z Prepare all required actions
2026-09-02T00:12:34.6790716Z Getting action download info
2026-09-02T00:12:34.8713265Z Download action repository 'msys2/setup-msys2@v2' (SHA:66cd2cce69caa17b53920067426061ca1de3a884)
2026-09-02T00:12:35.1876657Z Complete job name: windows-mingw64
2026-09-02T00:12:35.3319160Z ##[group]Run git config --global core.autocrlf false
2026-09-02T00:12:35.3320038Z [36;1mgit config --global core.autocrlf false[0m
2026-09-02T00:12:35.3320683Z [36;1mgit config --global core.eol lf[0m
2026-09-02T00:12:35.3321439Z [36;1mNew-Item -ItemType Directory -Path $env:WINDOWS_ROOT | Out-Null[0m
2026-09-02T00:12:35.3322170Z [36;1m[0m
2026-09-02T00:12:35.3322587Z [36;1mgit init $env:PROJECT_SOURCE[0m
2026-09-02T00:12:35.3323408Z [36;1mgit -C $env:PROJECT_SOURCE remote add origin https://github.com/leemaple/20231788..git[0m
2026-09-02T00:12:35.3324416Z [36;1mgit -C $env:PROJECT_SOURCE fetch --depth 1 origin $env:GITHUB_SHA[0m
2026-09-02T00:12:35.3325222Z [36;1mgit -C $env:PROJECT_SOURCE checkout --detach FETCH_HEAD[0m
2026-09-02T00:12:35.3326014Z [36;1m$projectActual = git -C $env:PROJECT_SOURCE rev-parse HEAD[0m
2026-09-02T00:12:35.3326753Z [36;1mif ($projectActual -ne $env:GITHUB_SHA) {[0m
2026-09-02T00:12:35.3327452Z [36;1m  throw "Project checkout mismatch: $projectActual"[0m
2026-09-02T00:12:35.3328061Z [36;1m}[0m
2026-09-02T00:12:35.3328426Z [36;1m[0m
2026-09-02T00:12:35.3328820Z [36;1mgit init $env:OPENFHE_SOURCE[0m
2026-09-02T00:12:35.3329735Z [36;1mgit -C $env:OPENFHE_SOURCE remote add origin https://github.com/openfheorg/openfhe-development.git[0m
2026-09-02T00:12:35.3330847Z [36;1mgit -C $env:OPENFHE_SOURCE fetch --depth 1 origin $env:OPENFHE_COMMIT[0m
2026-09-02T00:12:35.3331688Z [36;1mgit -C $env:OPENFHE_SOURCE checkout --detach FETCH_HEAD[0m
2026-09-02T00:12:35.3332538Z [36;1mgit -C $env:OPENFHE_SOURCE submodule update --init --recursive --depth 1[0m
2026-09-02T00:12:35.3333253Z [36;1m[0m
2026-09-02T00:12:35.3333810Z [36;1m$projectStatus = @(git -C $env:PROJECT_SOURCE status --porcelain)[0m
2026-09-02T00:12:35.3334535Z [36;1mif ($projectStatus.Count -ne 0) {[0m
2026-09-02T00:12:35.3335241Z [36;1m  throw "Project checkout is dirty: $($projectStatus -join '; ')"[0m
2026-09-02T00:12:35.3335907Z [36;1m}[0m
2026-09-02T00:12:35.3336454Z [36;1m$openfheStatus = @(git -C $env:OPENFHE_SOURCE status --porcelain)[0m
2026-09-02T00:12:35.3337179Z [36;1mif ($openfheStatus.Count -ne 0) {[0m
2026-09-02T00:12:35.3339433Z [36;1m  throw "OpenFHE checkout is dirty: $($openfheStatus -join '; ')"[0m
2026-09-02T00:12:35.3340118Z [36;1m}[0m
2026-09-02T00:12:35.5127848Z shell: C:\Program Files\PowerShell\7\pwsh.EXE -command ". '{0}'"
2026-09-02T00:12:35.5129029Z env:
2026-09-02T00:12:35.5129679Z   OPENFHE_COMMIT: df495ba2e91739a6dc8f1de254fc5a41155ce504
2026-09-02T00:12:35.5130527Z   OPENFHE_PREFIX: C:\openfhe-2023-1788\openfhe-install
2026-09-02T00:12:35.5131256Z   WINDOWS_ROOT: C:\openfhe-2023-1788
2026-09-02T00:12:35.5132041Z   PROJECT_SOURCE: C:\openfhe-2023-1788\cleanroom
2026-09-02T00:12:35.5132794Z   OPENFHE_SOURCE: C:\openfhe-2023-1788\openfhe-src
2026-09-02T00:12:35.5133656Z   OPENFHE_BUILD: C:\openfhe-2023-1788\openfhe-build-33574363738-1
2026-09-02T00:12:35.5134629Z   PROJECT_BUILD: C:\openfhe-2023-1788\project-build-33574363738-1
2026-09-02T00:12:35.5135344Z ##[endgroup]
2026-09-02T00:12:36.4550220Z Initialized empty Git repository in C:/openfhe-2023-1788/cleanroom/.git/
2026-09-02T00:12:37.8246121Z From https://github.com/leemaple/20231788.
2026-09-02T00:12:37.8246758Z  * branch            0efab27ea1e2946db94b8621be53c2ecaaa282e8 -> FETCH_HEAD
2026-09-02T00:12:38.0206505Z HEAD is now at 0efab27 test: add Relin2 HYBRID B-length red
2026-09-02T00:12:38.1268086Z Initialized empty Git repository in C:/openfhe-2023-1788/openfhe-src/.git/
2026-09-02T00:12:39.0017060Z From https://github.com/openfheorg/openfhe-development
2026-09-02T00:12:39.0018383Z  * branch            df495ba2e91739a6dc8f1de254fc5a41155ce504 -> FETCH_HEAD
2026-09-02T00:12:39.6791849Z HEAD is now at df495ba Merge pull request #1130 from openfheorg/dev
2026-09-02T00:12:41.0014137Z Submodule 'third-party/cereal' (https://github.com/openfheorg/cereal.git) registered for path 'third-party/cereal'
2026-09-02T00:12:41.0041533Z Submodule 'third-party/google-benchmark' (https://github.com/google/benchmark.git) registered for path 'third-party/google-benchmark'
2026-09-02T00:12:41.0062163Z Submodule 'third-party/google-test' (https://github.com/google/googletest.git) registered for path 'third-party/google-test'
2026-09-02T00:12:41.0103525Z Submodule 'third-party/gperftools' (https://github.com/gperftools/gperftools.git) registered for path 'third-party/gperftools'
2026-09-02T00:12:41.0611841Z Cloning into 'C:/openfhe-2023-1788/openfhe-src/third-party/cereal'...
2026-09-02T00:12:41.6237372Z Cloning into 'C:/openfhe-2023-1788/openfhe-src/third-party/google-benchmark'...
2026-09-02T00:12:42.1392473Z Cloning into 'C:/openfhe-2023-1788/openfhe-src/third-party/google-test'...
2026-09-02T00:12:42.6860795Z Cloning into 'C:/openfhe-2023-1788/openfhe-src/third-party/gperftools'...
2026-09-02T00:12:43.7835963Z Submodule path 'third-party/cereal': checked out '984e3f194862b17916536b5fade40cba6e47a6fe'
2026-09-02T00:12:45.4380926Z From https://github.com/google/benchmark
2026-09-02T00:12:45.4381472Z  * branch            eddb0241389718a23a42db6af5f0164b6e0139af -> FETCH_HEAD
2026-09-02T00:12:45.8142849Z Submodule path 'third-party/google-benchmark': checked out 'eddb0241389718a23a42db6af5f0164b6e0139af'
2026-09-02T00:12:46.8333239Z From https://github.com/google/googletest
2026-09-02T00:12:46.8334003Z  * branch            52eb8108c5bdec04579160ae17225d66034bd723 -> FETCH_HEAD
2026-09-02T00:12:47.4482213Z Submodule path 'third-party/google-test': checked out '52eb8108c5bdec04579160ae17225d66034bd723'
2026-09-02T00:12:48.8968546Z From https://github.com/gperftools/gperftools
2026-09-02T00:12:48.8969316Z  * branch            83edb60836d87cf1b406e8846b9059c03031e8f5 -> FETCH_HEAD
2026-09-02T00:12:50.0984977Z Submodule path 'third-party/gperftools': checked out '83edb60836d87cf1b406e8846b9059c03031e8f5'
2026-09-02T00:12:50.4372389Z ##[group]Run msys2/setup-msys2@v2
2026-09-02T00:12:50.4372750Z with:
2026-09-02T00:12:50.4372932Z   msystem: MINGW64
2026-09-02T00:12:50.4373123Z   update: true
2026-09-02T00:12:50.4373302Z   cache: false
2026-09-02T00:12:50.4373622Z   install: git make mingw-w64-x86_64-boost mingw-w64-x86_64-cmake mingw-w64-x86_64-gcc
2026-09-02T00:12:50.4374824Z   path-type: minimal
2026-09-02T00:12:50.4375015Z   release: true
2026-09-02T00:12:50.4375217Z   platform-check-severity: fatal
2026-09-02T00:12:50.4375449Z env:
2026-09-02T00:12:50.4375679Z   OPENFHE_COMMIT: df495ba2e91739a6dc8f1de254fc5a41155ce504
2026-09-02T00:12:50.4376032Z   OPENFHE_PREFIX: C:\openfhe-2023-1788\openfhe-install
2026-09-02T00:12:50.4376335Z   WINDOWS_ROOT: C:\openfhe-2023-1788
2026-09-02T00:12:50.4376615Z   PROJECT_SOURCE: C:\openfhe-2023-1788\cleanroom
2026-09-02T00:12:50.4376914Z   OPENFHE_SOURCE: C:\openfhe-2023-1788\openfhe-src
2026-09-02T00:12:50.4377311Z   OPENFHE_BUILD: C:\openfhe-2023-1788\openfhe-build-33574363738-1
2026-09-02T00:12:50.4377716Z   PROJECT_BUILD: C:\openfhe-2023-1788\project-build-33574363738-1
2026-09-02T00:12:50.4378016Z ##[endgroup]
2026-09-02T00:12:50.5975876Z ##[group]Downloading MSYS2...
2026-09-02T00:12:51.2497107Z ##[endgroup]
2026-09-02T00:12:51.2498218Z ##[group]Extracting MSYS2...
2026-09-02T00:12:51.2520586Z [command]C:\hostedtoolcache\windows\msys2-installer\0.0.20260611\x64\base.exe -y
2026-09-02T00:12:52.1301038Z 
2026-09-02T00:12:52.1303613Z 7-Zip SFX 25.01 ZS v1.5.7 R4 (x64) : Copyright (c) 1999-2025 Igor Pavlov, 2016-2026 Tino Reichardt, 2022-2026 Sergey G. Brester : 2026-01-10
2026-09-02T00:12:52.1304597Z 
2026-09-02T00:12:52.1305053Z Extracting archive: C:\hostedtoolcache\windows\msys2-installer\0.0.20260611\x64\base.exe
2026-09-02T00:12:52.1306001Z --
2026-09-02T00:12:52.1306551Z Path = C:\hostedtoolcache\windows\msys2-installer\0.0.20260611\x64\base.exe
2026-09-02T00:12:52.1307039Z Type = 7z
2026-09-02T00:12:52.1307150Z 
2026-09-02T00:12:52.3226994Z   0%
2026-09-02T00:12:52.3227296Z     
2026-09-02T00:12:52.5258675Z   0% 1192 - msys64\usr\bin\psl-make-dafsa
2026-09-02T00:12:52.5259372Z                                          
2026-09-02T00:12:52.7288421Z   3% 2095 - msys64\usr\lib\terminfo\64\d414-unix
2026-09-02T00:12:52.7288963Z                                                 
2026-09-02T00:12:52.9322100Z   4% 3099 - msys64\usr\lib\terminfo\6f\owl
2026-09-02T00:12:52.9322570Z                                           
2026-09-02T00:12:53.1353336Z   4% 4034 - msys64\usr\lib\terminfo\77\wy99gt-w
2026-09-02T00:12:53.1353929Z                                                
2026-09-02T00:12:53.3385827Z   5% 5049 - msys64\usr\share\bash-completion\completions\sbcl
2026-09-02T00:12:53.3386544Z                                                              
2026-09-02T00:12:53.5426328Z   9% 5977 - msys64\usr\share\locale\ar\LC_MESSAGES\gawk.mo
2026-09-02T00:12:53.5426968Z                                                           
2026-09-02T00:12:53.7457076Z  22% 6571 - msys64\usr\share\locale\pl\LC_MESSAGES\tar.mo
2026-09-02T00:12:53.7457626Z                                                          
2026-09-02T00:12:53.9487966Z  32% 7272 - msys64\usr\share\man\man1\kill.1
2026-09-02T00:12:53.9488534Z                                             
2026-09-02T00:12:54.1527252Z  33% 8262 - msys64\usr\share\man\man3\curs_ins_wch.3x.gz
2026-09-02T00:12:54.1527928Z                                                         
2026-09-02T00:12:54.3559759Z  34% 9281 - msys64\usr\share\man\man3\wattroff.3x.gz
2026-09-02T00:12:54.3560314Z                                                     
2026-09-02T00:12:54.5589660Z  42% 10095 - msys64\usr\share\perl5\core_perl\Test2\Bundle\Simple.pm
2026-09-02T00:12:54.5590462Z                                                                     
2026-09-02T00:12:54.7622610Z  45% 10947 - msys64\usr\share\perl5\core_perl\unicore\To\InPC.pl
2026-09-02T00:12:54.9655335Z                                                                 
2026-09-02T00:12:54.9655851Z  47% 11958 - msys64\usr\share\terminfo\66\freedom-rv
2026-09-02T00:12:55.1687503Z                                                     
2026-09-02T00:12:55.1688155Z  47% 13018 - msys64\usr\share\terminfo\73\sun-type4
2026-09-02T00:12:55.1688917Z                                                    
2026-09-02T00:12:55.3719121Z  48% 14056 - msys64\usr\share\zoneinfo\America\Indiana\Marengo
2026-09-02T00:12:55.3719601Z                                                               
2026-09-02T00:12:55.5763092Z  48% 15113 - msys64\usr\share\zoneinfo\right\Africa\Bissau
2026-09-02T00:12:55.5763564Z                                                           
2026-09-02T00:12:55.7784587Z  50% 16038
2026-09-02T00:12:55.7784929Z           
2026-09-02T00:12:55.9729489Z  62% 16314 - msys64\usr\bin\msys-nettle-8.dll
2026-09-02T00:12:55.9729862Z                                              
2026-09-02T00:12:56.0707996Z  91% 16455 - msys64\usr\bin\uniq.exe
2026-09-02T00:12:56.0708492Z                                     
2026-09-02T00:12:56.0708850Z Everything is Ok
2026-09-02T00:12:56.0725208Z ##[endgroup]
2026-09-02T00:12:56.0725824Z ##[group]Disable Key Refresh...
2026-09-02T00:12:56.0742245Z ##[endgroup]
2026-09-02T00:12:56.0758495Z ##[group]Starting MSYS2 for the first time...
2026-09-02T00:12:56.1599260Z [command]C:\Windows\system32\cmd.exe /D /S /C D:\a\_temp\setup-msys2\msys2.cmd -c "'uname' '-a'"
2026-09-02T00:12:56.2681430Z [1;32mMSYS2 is starting for the first time. Executing the initial setup.[1;0m
2026-09-02T00:12:56.3040656Z Copying skeleton files.
2026-09-02T00:12:56.3041359Z These files are for the users to personalise their msys2 experience.
2026-09-02T00:12:56.3041719Z 
2026-09-02T00:12:56.3041905Z They will never be overwritten nor automatically updated.
2026-09-02T00:12:56.3042144Z 
2026-09-02T00:12:56.3435032Z './.bashrc' -> '/home/runneradmin/.bashrc'
2026-09-02T00:12:56.3571221Z './.bash_profile' -> '/home/runneradmin/.bash_profile'
2026-09-02T00:12:56.3720203Z './.profile' -> '/home/runneradmin/.profile'
2026-09-02T00:12:56.4337514Z 'C:\Windows\system32\drivers\etc\hosts' -> '/etc/hosts'
2026-09-02T00:12:56.4842396Z 'C:\Windows\system32\drivers\etc\protocol' -> '/etc/protocols'
2026-09-02T00:12:56.5240005Z 'C:\Windows\system32\drivers\etc\services' -> '/etc/services'
2026-09-02T00:12:56.5638732Z 'C:\Windows\system32\drivers\etc\networks' -> '/etc/networks'
2026-09-02T00:12:56.7156786Z gpg: /etc/pacman.d/gnupg/trustdb.gpg: trustdb created
2026-09-02T00:12:56.7222541Z gpg: no ultimately trusted keys found
2026-09-02T00:12:57.0467723Z gpg: starting migration from earlier GnuPG versions
2026-09-02T00:12:57.0931989Z gpg: porting secret keys from '/etc/pacman.d/gnupg/secring.gpg' to gpg-agent
2026-09-02T00:12:57.0935011Z gpg: migration succeeded
2026-09-02T00:12:57.1114993Z ==> Generating pacman master key. This may take some time.
2026-09-02T00:12:57.1276090Z gpg: Generating pacman keyring master key...
2026-09-02T00:13:01.6699901Z gpg: directory '/etc/pacman.d/gnupg/openpgp-revocs.d' created
2026-09-02T00:13:01.6946854Z gpg: revocation certificate stored as '/etc/pacman.d/gnupg/openpgp-revocs.d/3C629923780E3EA6F89F608E2D035138EDD2102C.rev'
2026-09-02T00:13:01.6947782Z gpg: Done
2026-09-02T00:13:01.7093473Z ==> Updating trust database...
2026-09-02T00:13:01.7422024Z gpg: marginals needed: 3  completes needed: 1  trust model: pgp
2026-09-02T00:13:01.7422900Z gpg: depth: 0  valid:   1  signed:   0  trust: 0-, 0q, 0n, 0m, 0f, 1u
2026-09-02T00:13:01.8462211Z ==> Appending keys from msys2.gpg...
2026-09-02T00:13:02.3339651Z ==> Locally signing trusted keys in keyring...
2026-09-02T00:13:02.8308813Z   -> Locally signed 5 keys.
2026-09-02T00:13:02.8429968Z ==> Importing owner trust values...
2026-09-02T00:13:02.8588339Z gpg: setting ownertrust to 4
2026-09-02T00:13:02.8589405Z gpg: setting ownertrust to 4
2026-09-02T00:13:02.8590269Z gpg: setting ownertrust to 4
2026-09-02T00:13:02.8590620Z gpg: setting ownertrust to 4
2026-09-02T00:13:02.8591958Z gpg: setting ownertrust to 4
2026-09-02T00:13:02.8813264Z ==> Disabling revoked keys in keyring...
2026-09-02T00:13:03.0941738Z   -> Disabled 4 keys.
2026-09-02T00:13:03.1066289Z ==> Updating trust database...
2026-09-02T00:13:03.1405385Z gpg: marginals needed: 3  completes needed: 1  trust model: pgp
2026-09-02T00:13:03.1434147Z gpg: depth: 0  valid:   1  signed:   5  trust: 0-, 0q, 0n, 0m, 0f, 1u
2026-09-02T00:13:03.1464324Z gpg: depth: 1  valid:   5  signed:   6  trust: 0-, 0q, 0n, 5m, 0f, 0u
2026-09-02T00:13:03.1477174Z gpg: depth: 2  valid:   3  signed:   2  trust: 3-, 0q, 0n, 0m, 0f, 0u
2026-09-02T00:13:03.1804413Z pacman-key (pacman) 6.1.0
2026-09-02T00:13:03.1805607Z Copyright (c) 2010-2024 Pacman Development Team <pacman-dev@lists.archlinux.org>.
2026-09-02T00:13:03.1806246Z 
2026-09-02T00:13:03.1930626Z This is free software; see the source for copying conditions.
2026-09-02T00:13:03.1931489Z There is NO WARRANTY, to the extent permitted by law.
2026-09-02T00:13:03.3679633Z [1;32mInitial setup complete. MSYS2 is now ready to use.[1;0m
2026-09-02T00:13:03.3819556Z MINGW64_NT-10.0-20348 runnervm0js1w 3.6.9-01d6c708.x86_64 2026-05-24 10:45 UTC x86_64 Msys
2026-09-02T00:13:03.3859079Z ##[endgroup]
2026-09-02T00:13:03.3859783Z ##[group]Disable CheckSpace...
2026-09-02T00:13:03.4672923Z [command]C:\Windows\system32\cmd.exe /D /S /C D:\a\_temp\setup-msys2\msys2.cmd -c "'sed' '-i' 's/^CheckSpace/#CheckSpace/g' '/etc/pacman.conf'"
2026-09-02T00:13:03.6340499Z ##[endgroup]
2026-09-02T00:13:03.6341137Z ##[group]Updating packages...
2026-09-02T00:13:03.7140016Z [command]C:\Windows\system32\cmd.exe /D /S /C D:\a\_temp\setup-msys2\msys2.cmd -c "'pacman' '--noconfirm' '-Syuu' '--overwrite' '*'"
2026-09-02T00:13:04.3511715Z :: Synchronizing package databases...
2026-09-02T00:13:06.1517034Z  clangarm64 downloading...
2026-09-02T00:13:06.1517444Z  mingw32 downloading...
2026-09-02T00:13:06.1517709Z  mingw64 downloading...
2026-09-02T00:13:06.1517987Z  ucrt64 downloading...
2026-09-02T00:13:06.1518226Z  clang64 downloading...
2026-09-02T00:13:06.1518464Z  msys downloading...
2026-09-02T00:13:06.5917350Z :: Starting core system upgrade...
2026-09-02T00:13:06.7818926Z warning: terminate other MSYS2 programs before proceeding
2026-09-02T00:13:06.7819621Z resolving dependencies...
2026-09-02T00:13:06.7819984Z looking for conflicting packages...
2026-09-02T00:13:06.7922469Z 
2026-09-02T00:13:06.7922891Z Packages (1) msys2-runtime-3.6.10-3
2026-09-02T00:13:06.7923307Z 
2026-09-02T00:13:06.7923511Z Total Download Size:    1.97 MiB
2026-09-02T00:13:06.7924016Z Total Installed Size:   6.33 MiB
2026-09-02T00:13:06.7924369Z Net Upgrade Size:      -0.20 MiB
2026-09-02T00:13:06.7924586Z 
2026-09-02T00:13:06.7924805Z :: Proceed with installation? [Y/n] 
2026-09-02T00:13:06.7925169Z :: Retrieving packages...
2026-09-02T00:13:09.2634443Z  msys2-runtime-3.6.10-3-x86_64 downloading...
2026-09-02T00:13:09.2635040Z checking keyring...
2026-09-02T00:13:09.3165761Z checking package integrity...
2026-09-02T00:13:09.4783405Z loading package files...
2026-09-02T00:13:09.4807642Z checking for file conflicts...
2026-09-02T00:13:09.4830038Z :: Processing package changes...
2026-09-02T00:13:09.4830564Z upgrading msys2-runtime...
2026-09-02T00:13:09.6280455Z :: To complete this update all MSYS2 processes including this terminal will be closed. Confirm to proceed [Y/n] 
2026-09-02T00:13:09.8857801Z ##[endgroup]
2026-09-02T00:13:09.8858305Z ##[group]Killing remaining tasks...
2026-09-02T00:13:09.9676505Z [command]C:\Windows\system32\taskkill.exe /F /FI "MODULES eq msys-2.0.dll"
2026-09-02T00:13:10.0915804Z 
2026-09-02T00:13:10.0916557Z INFO: No tasks running with the specified criteria.
2026-09-02T00:13:10.0946207Z ##[endgroup]
2026-09-02T00:13:10.0946676Z ##[group]Final system upgrade...
2026-09-02T00:13:10.1767971Z [command]C:\Windows\system32\cmd.exe /D /S /C D:\a\_temp\setup-msys2\msys2.cmd -c "'pacman' '--noconfirm' '-Syuu' '--overwrite' '*'"
2026-09-02T00:13:10.7946971Z :: Synchronizing package databases...
2026-09-02T00:13:12.5389600Z  clangarm64 downloading...
2026-09-02T00:13:12.5390093Z  mingw32 downloading...
2026-09-02T00:13:12.5390429Z  mingw64 downloading...
2026-09-02T00:13:12.5390789Z  ucrt64 downloading...
2026-09-02T00:13:12.5391150Z  clang64 downloading...
2026-09-02T00:13:12.5391506Z  msys downloading...
2026-09-02T00:13:12.9607386Z :: Starting core system upgrade...
2026-09-02T00:13:13.1419642Z  there is nothing to do
2026-09-02T00:13:13.1420183Z :: Starting full system upgrade...
2026-09-02T00:13:13.1735976Z resolving dependencies...
2026-09-02T00:13:13.1803917Z looking for conflicting packages...
2026-09-02T00:13:13.1932816Z 
2026-09-02T00:13:13.1936730Z Packages (31) bash-completion-2.18.0-1  bsdtar-3.8.9-1  ca-certificates-20260816-1  curl-8.21.0-1  findutils-4.11.0-2  gawk-5.4.1-1  gcc-libs-15.3.0-1  gnupg-2.4.9-3  libcurl-8.21.0-1  libexpat-2.8.3-1  libffi-3.8.0-1  libgnutls-3.8.13-2  libhogweed-4.0-1  libnettle-4.0-1  libnghttp2-1.70.0-1  libnghttp3-1.18.0-1  libngtcp2-1.25.0-1  libopenssl-3.6.4-1  libp11-kit-0.26.5-1  libpsl-0.23.2-1  libsqlite-3.53.4-1  msys2-keyring-1~20260814-1  nano-9.2-1  nettle-4.0-1  openssl-3.6.4-1  p11-kit-0.26.5-1  pacman-contrib-1.10.6-2  perl-5.42.3-1  pinentry-1.3.3-1  tzcode-2026c-1  wget-1.25.0-2
2026-09-02T00:13:13.1940281Z 
2026-09-02T00:13:13.1940476Z Total Download Size:    27.05 MiB
2026-09-02T00:13:13.1940912Z Total Installed Size:  108.42 MiB
2026-09-02T00:13:13.1941348Z Net Upgrade Size:       -1.02 MiB
2026-09-02T00:13:13.1941639Z 
2026-09-02T00:13:13.1941893Z :: Proceed with installation? [Y/n] 
2026-09-02T00:13:13.1942353Z :: Retrieving packages...
2026-09-02T00:13:15.7694294Z  perl-5.42.3-1-x86_64 downloading...
2026-09-02T00:13:15.7694796Z  pacman-contrib-1.10.6-2-x86_64 downloading...
2026-09-02T00:13:15.7695247Z  gnupg-2.4.9-3-x86_64 downloading...
2026-09-02T00:13:15.7695663Z  libopenssl-3.6.4-1-x86_64 downloading...
2026-09-02T00:13:15.7696077Z  gawk-5.4.1-1-x86_64 downloading...
2026-09-02T00:13:15.7696503Z  libgnutls-3.8.13-2-x86_64 downloading...
2026-09-02T00:13:15.7697006Z  gcc-libs-15.3.0-1-x86_64 downloading...
2026-09-02T00:13:15.7697469Z  curl-8.21.0-1-x86_64 downloading...
2026-09-02T00:13:15.7697828Z  wget-1.25.0-2-x86_64 downloading...
2026-09-02T00:13:15.7698129Z  libsqlite-3.53.4-1-x86_64 downloading...
2026-09-02T00:13:15.7698459Z  nano-9.2-1-x86_64 downloading...
2026-09-02T00:13:15.7698758Z  openssl-3.6.4-1-x86_64 downloading...
2026-09-02T00:13:15.7699066Z  findutils-4.11.0-2-x86_64 downloading...
2026-09-02T00:13:15.7699378Z  p11-kit-0.26.5-1-x86_64 downloading...
2026-09-02T00:13:15.7699709Z  ca-certificates-20260816-1-any downloading...
2026-09-02T00:13:15.7700047Z  libcurl-8.21.0-1-x86_64 downloading...
2026-09-02T00:13:15.7700343Z  bsdtar-3.8.9-1-x86_64 downloading...
2026-09-02T00:13:15.7700634Z  tzcode-2026c-1-x86_64 downloading...
2026-09-02T00:13:15.7700930Z  libp11-kit-0.26.5-1-x86_64 downloading...
2026-09-02T00:13:15.7701268Z  bash-completion-2.18.0-1-any downloading...
2026-09-02T00:13:15.7701602Z  libhogweed-4.0-1-x86_64 downloading...
2026-09-02T00:13:15.7701914Z  libngtcp2-1.25.0-1-x86_64 downloading...
2026-09-02T00:13:15.7702219Z  libnettle-4.0-1-x86_64 downloading...
2026-09-02T00:13:15.7702514Z  nettle-4.0-1-x86_64 downloading...
2026-09-02T00:13:15.7702983Z  libpsl-0.23.2-1-x86_64 downloading...
2026-09-02T00:13:15.7703296Z  libnghttp3-1.18.0-1-x86_64 downloading...
2026-09-02T00:13:15.7703612Z  libnghttp2-1.70.0-1-x86_64 downloading...
2026-09-02T00:13:15.7703922Z  libexpat-2.8.3-1-x86_64 downloading...
2026-09-02T00:13:15.7704217Z  pinentry-1.3.3-1-x86_64 downloading...
2026-09-02T00:13:15.7704531Z  msys2-keyring-1~20260814-1-any downloading...
2026-09-02T00:13:15.7704850Z  libffi-3.8.0-1-x86_64 downloading...
2026-09-02T00:13:15.7705133Z checking keyring...
2026-09-02T00:13:15.8249801Z checking package integrity...
2026-09-02T00:13:20.1220208Z loading package files...
2026-09-02T00:13:20.1919377Z checking for file conflicts...
2026-09-02T00:13:20.2472269Z :: Running pre-transaction hooks...
2026-09-02T00:13:20.2473632Z (1/1) Removing old entries from the info directory file...
2026-09-02T00:13:20.3608106Z :: Processing package changes...
2026-09-02T00:13:20.3609928Z upgrading bash-completion...
2026-09-02T00:13:21.2706120Z upgrading gcc-libs...
2026-09-02T00:13:21.2877096Z upgrading libexpat...
2026-09-02T00:13:21.2921272Z upgrading libopenssl...
2026-09-02T00:13:21.3180580Z upgrading bsdtar...
2026-09-02T00:13:21.3271109Z upgrading openssl...
2026-09-02T00:13:21.4333392Z upgrading findutils...
2026-09-02T00:13:21.5075249Z upgrading libffi...
2026-09-02T00:13:21.5182112Z upgrading libp11-kit...
2026-09-02T00:13:21.5249392Z upgrading p11-kit...
2026-09-02T00:13:21.6774779Z upgrading ca-certificates...
2026-09-02T00:13:22.2367855Z upgrading libnghttp3...
2026-09-02T00:13:22.2430209Z upgrading libngtcp2...
2026-09-02T00:13:22.2507119Z upgrading libnghttp2...
2026-09-02T00:13:22.2566751Z upgrading libpsl...
2026-09-02T00:13:22.2655952Z upgrading libcurl...
2026-09-02T00:13:22.2717017Z upgrading curl...
2026-09-02T00:13:22.6992876Z upgrading gawk...
2026-09-02T00:13:22.7978196Z upgrading libhogweed...
2026-09-02T00:13:22.8023785Z upgrading libnettle...
2026-09-02T00:13:22.8072462Z upgrading libgnutls...
2026-09-02T00:13:22.8578060Z upgrading libsqlite...
2026-09-02T00:13:22.8679081Z upgrading nettle...
2026-09-02T00:13:22.8756591Z upgrading pinentry...
2026-09-02T00:13:22.8817576Z upgrading gnupg...
2026-09-02T00:13:27.4779752Z ==> Appending keys from msys2.gpg...
2026-09-02T00:13:27.9263507Z ==> Updating trust database...
2026-09-02T00:13:27.9428318Z gpg: no need for a trustdb check
2026-09-02T00:13:28.0256058Z upgrading msys2-keyring...
2026-09-02T00:13:28.3529513Z ==> Appending keys from msys2.gpg...
2026-09-02T00:13:28.9431124Z ==> Updating trust database...
2026-09-02T00:13:28.9598803Z gpg: next trustdb check due at 2027-02-10
2026-09-02T00:13:29.0398272Z upgrading nano...
2026-09-02T00:13:29.1475410Z upgrading pacman-contrib...
2026-09-02T00:13:29.2123824Z New optional dependencies for pacman-contrib
2026-09-02T00:13:29.2124454Z     perl: for pacsearch [installed]
2026-09-02T00:13:29.2124818Z     vim: default diff program for pacdiff
2026-09-02T00:13:29.2125149Z upgrading perl...
2026-09-02T00:13:30.9577403Z upgrading tzcode...
2026-09-02T00:13:32.8330895Z upgrading wget...
2026-09-02T00:13:32.9749931Z :: Running post-transaction hooks...
2026-09-02T00:13:32.9750379Z (1/1) Updating the info directory file...
2026-09-02T00:13:34.5866926Z ##[endgroup]
2026-09-02T00:13:34.5867781Z ##[group]Installing additional packages through pacman...
2026-09-02T00:13:34.6681443Z [command]C:\Windows\system32\cmd.exe /D /S /C D:\a\_temp\setup-msys2\msys2.cmd -c "'pacman' '--noconfirm' '-S' '--needed' '--overwrite' '*' 'git' 'make' 'mingw-w64-x86_64-boost' 'mingw-w64-x86_64-cmake' 'mingw-w64-x86_64-gcc'"
2026-09-02T00:13:35.5568061Z resolving dependencies...
2026-09-02T00:13:35.5693923Z looking for conflicting packages...
2026-09-02T00:13:35.5855571Z 
2026-09-02T00:13:35.5871190Z Packages (89) heimdal-7.8.0-5  heimdal-libs-7.8.0-5  libcbor-0.14.0-2  libedit-20240808_3.1-1  libfido2-1.17.0-1  mingw-w64-x86_64-binutils-2.47-3  mingw-w64-x86_64-boost-libs-1.91.0-3  mingw-w64-x86_64-brotli-1.2.0-1  mingw-w64-x86_64-bzip2-1.0.8-4  mingw-w64-x86_64-c-ares-1.34.8-1  mingw-w64-x86_64-ca-certificates-20260816-1  mingw-w64-x86_64-cppdap-1.65.r11.g6464cd7-1  mingw-w64-x86_64-crt-14.0.0.r302.gd7f3c5201-1  mingw-w64-x86_64-curl-8.21.0-2  mingw-w64-x86_64-expat-2.8.3-1  mingw-w64-x86_64-gcc-libs-16.2.0-3  mingw-w64-x86_64-gettext-runtime-1.0-1  mingw-w64-x86_64-gmp-6.3.0-2  mingw-w64-x86_64-gnutls-3.8.13-3  mingw-w64-x86_64-headers-14.0.0.r302.gd7f3c5201-1  mingw-w64-x86_64-icu-78.3-4  mingw-w64-x86_64-isl-0.28-1  mingw-w64-x86_64-jsoncpp-1.9.8-1  mingw-w64-x86_64-libarchive-3.8.9-5  mingw-w64-x86_64-libb2-0.98.1-3  mingw-w64-x86_64-libffi-3.8.0-1  mingw-w64-x86_64-libiconv-1.19-1  mingw-w64-x86_64-libidn2-2.3.8-4  mingw-w64-x86_64-libpsl-0.21.5-3  mingw-w64-x86_64-libssh2-1.11.1-2  mingw-w64-x86_64-libtasn1-4.21.0-1  mingw-w64-x86_64-libunistring-1.4.2-1  mingw-w64-x86_64-libuv-1.52.1-1  mingw-w64-x86_64-libwinpthread-14.0.0.r302.gd7f3c5201-1  mingw-w64-x86_64-lz4-1.10.0-1  mingw-w64-x86_64-mpc-1.4.1-1  mingw-w64-x86_64-mpfr-4.2.2-3  mingw-w64-x86_64-nettle-4.0-1  mingw-w64-x86_64-nghttp2-1.70.0-1  mingw-w64-x86_64-nghttp3-1.18.0-1  mingw-w64-x86_64-ngtcp2-1.25.0-1  mingw-w64-x86_64-ninja-1.13.2-1  mingw-w64-x86_64-openssl-3.6.4-1  mingw-w64-x86_64-p11-kit-0.26.5-1  mingw-w64-x86_64-pcre2-10.47-1  mingw-w64-x86_64-pkgconf-1~3.0.5-1  mingw-w64-x86_64-rhash-1.4.6-1  mingw-w64-x86_64-tzdata-2026c-1  mingw-w64-x86_64-windows-default-manifest-20260815-1  mingw-w64-x86_64-wineditline-2.208-1  mingw-w64-x86_64-winpthreads-14.0.0.r302.gd7f3c5201-1  mingw-w64-x86_64-xz-5.8.3-1  mingw-w64-x86_64-zlib-1.3.2-2  mingw-w64-x86_64-zstd-1.5.7-2  openssh-10.5p1-2  perl-Authen-SASL-2.2000-1  perl-Clone-0.50-2  perl-Convert-BinHex-1.125-2  perl-Encode-Locale-1.05-2  perl-Error-0.17030-1  perl-File-Listing-6.16-1  perl-HTML-Parser-3.85-1  perl-HTML-Tagset-3.24-1  perl-HTTP-Cookies-6.12-1  perl-HTTP-Daemon-6.17-1  perl-HTTP-Date-6.08-1  perl-HTTP-Message-7.04-1  perl-HTTP-Negotiate-6.01-3  perl-IO-HTML-1.004-2  perl-IO-Socket-SSL-2.099-1  perl-IO-Stringy-2.113-3  perl-LWP-MediaTypes-6.04-2  perl-MIME-tools-5.517-1  perl-MailTools-2.22-1  perl-Net-HTTP-6.24-1  perl-Net-SMTP-SSL-1.04-2  perl-Net-SSLeay-1.96-1  perl-TermReadKey-2.38-8  perl-TimeDate-2.35-1  perl-Try-Tiny-0.32-1  perl-URI-5.36-1  perl-WWW-RobotRules-6.03-1  perl-http-cookiejar-0.014-1  perl-libwww-6.83-2  git-2.55.0-1  make-4.4.1-3  mingw-w64-x86_64-boost-1.91.0-3  mingw-w64-x86_64-cmake-4.4.2-2  mingw-w64-x86_64-gcc-16.2.0-3
2026-09-02T00:13:35.5880538Z 
2026-09-02T00:13:35.5880641Z Total Download Size:    154.18 MiB
2026-09-02T00:13:35.5880901Z Total Installed Size:  1023.08 MiB
2026-09-02T00:13:35.5881061Z 
2026-09-02T00:13:35.5881191Z :: Proceed with installation? [Y/n] 
2026-09-02T00:13:35.5881449Z :: Retrieving packages...
2026-09-02T00:13:47.4863440Z  mingw-w64-x86_64-gcc-16.2.0-3-any downloading...
2026-09-02T00:13:47.4864066Z  mingw-w64-x86_64-icu-78.3-4-any downloading...
2026-09-02T00:13:47.4864555Z  mingw-w64-x86_64-boost-1.91.0-3-any downloading...
2026-09-02T00:13:47.4865351Z  mingw-w64-x86_64-cmake-4.4.2-2-any downloading...
2026-09-02T00:13:47.4865960Z  mingw-w64-x86_64-openssl-3.6.4-1-any downloading...
2026-09-02T00:13:47.4866459Z  git-2.55.0-1-x86_64 downloading...
2026-09-02T00:13:47.4866994Z  mingw-w64-x86_64-headers-14.0.0.r302.gd7f3c5201-1-any downloading...
2026-09-02T00:13:47.4867445Z  mingw-w64-x86_64-binutils-2.47-3-any downloading...
2026-09-02T00:13:47.4867855Z  mingw-w64-x86_64-crt-14.0.0.r302.gd7f3c5201-1-any downloading...
2026-09-02T00:13:47.4868360Z  mingw-w64-x86_64-boost-libs-1.91.0-3-any downloading...
2026-09-02T00:13:47.4868754Z  mingw-w64-x86_64-gnutls-3.8.13-3-any downloading...
2026-09-02T00:13:47.4869145Z  mingw-w64-x86_64-libarchive-3.8.9-5-any downloading...
2026-09-02T00:13:47.4869511Z  mingw-w64-x86_64-curl-8.21.0-2-any downloading...
2026-09-02T00:13:47.4869845Z  mingw-w64-x86_64-isl-0.28-1-any downloading...
2026-09-02T00:13:47.4870177Z  mingw-w64-x86_64-pcre2-10.47-1-any downloading...
2026-09-02T00:13:47.4870495Z  openssh-10.5p1-2-x86_64 downloading...
2026-09-02T00:13:47.4870821Z  mingw-w64-x86_64-gcc-libs-16.2.0-3-any downloading...
2026-09-02T00:13:47.4871200Z  mingw-w64-x86_64-libunistring-1.4.2-1-any downloading...
2026-09-02T00:13:47.4871554Z  heimdal-libs-7.8.0-5-x86_64 downloading...
2026-09-02T00:13:47.4872090Z  mingw-w64-x86_64-libiconv-1.19-1-any downloading...
2026-09-02T00:13:47.4872451Z  mingw-w64-x86_64-zstd-1.5.7-2-any downloading...
2026-09-02T00:13:47.4872798Z  mingw-w64-x86_64-p11-kit-0.26.5-1-any downloading...
2026-09-02T00:13:47.4873142Z  mingw-w64-x86_64-gmp-6.3.0-2-any downloading...
2026-09-02T00:13:47.4873478Z  mingw-w64-x86_64-nettle-4.0-1-any downloading...
2026-09-02T00:13:47.4874014Z  heimdal-7.8.0-5-x86_64 downloading...
2026-09-02T00:13:47.4874320Z  mingw-w64-x86_64-mpfr-4.2.2-3-any downloading...
2026-09-02T00:13:47.4874705Z  mingw-w64-x86_64-cppdap-1.65.r11.g6464cd7-1-any downloading...
2026-09-02T00:13:47.4875066Z  make-4.4.1-3-x86_64 downloading...
2026-09-02T00:13:47.4875430Z  mingw-w64-x86_64-xz-5.8.3-1-any downloading...
2026-09-02T00:13:47.4876151Z  mingw-w64-x86_64-brotli-1.2.0-1-any downloading...
2026-09-02T00:13:47.4876746Z  mingw-w64-x86_64-gettext-runtime-1.0-1-any downloading...
2026-09-02T00:13:47.4877408Z  mingw-w64-x86_64-ca-certificates-20260816-1-any downloading...
2026-09-02T00:13:47.4878019Z  mingw-w64-x86_64-c-ares-1.34.8-1-any downloading...
2026-09-02T00:13:47.4878542Z  mingw-w64-x86_64-libssh2-1.11.1-2-any downloading...
2026-09-02T00:13:47.4879035Z  mingw-w64-x86_64-ngtcp2-1.25.0-1-any downloading...
2026-09-02T00:13:47.4879541Z  mingw-w64-x86_64-rhash-1.4.6-1-any downloading...
2026-09-02T00:13:47.4880077Z  perl-Net-SSLeay-1.96-1-x86_64 downloading...
2026-09-02T00:13:47.4880611Z  mingw-w64-x86_64-tzdata-2026c-1-any downloading...
2026-09-02T00:13:47.4881144Z  mingw-w64-x86_64-libuv-1.52.1-1-any downloading...
2026-09-02T00:13:47.4881697Z  mingw-w64-x86_64-jsoncpp-1.9.8-1-any downloading...
2026-09-02T00:13:47.4882242Z  mingw-w64-x86_64-nghttp2-1.70.0-1-any downloading...
2026-09-02T00:13:47.4882785Z  mingw-w64-x86_64-libtasn1-4.21.0-1-any downloading...
2026-09-02T00:13:47.4883326Z  mingw-w64-x86_64-expat-2.8.3-1-any downloading...
2026-09-02T00:13:47.4883795Z  mingw-w64-x86_64-ninja-1.13.2-1-any downloading...
2026-09-02T00:13:47.4884274Z  perl-MIME-tools-5.517-1-any downloading...
2026-09-02T00:13:47.4884762Z  mingw-w64-x86_64-libidn2-2.3.8-4-any downloading...
2026-09-02T00:13:47.4885262Z  mingw-w64-x86_64-lz4-1.10.0-1-any downloading...
2026-09-02T00:13:47.4885755Z  perl-IO-Socket-SSL-2.099-1-any downloading...
2026-09-02T00:13:47.4886301Z  mingw-w64-x86_64-pkgconf-1~3.0.5-1-any downloading...
2026-09-02T00:13:47.4886854Z  mingw-w64-x86_64-nghttp3-1.18.0-1-any downloading...
2026-09-02T00:13:47.4887349Z  mingw-w64-x86_64-mpc-1.4.1-1-any downloading...
2026-09-02T00:13:47.4887631Z  perl-libwww-6.83-2-any downloading...
2026-09-02T00:13:47.4887965Z  mingw-w64-x86_64-zlib-1.3.2-2-any downloading...
2026-09-02T00:13:47.4888442Z  perl-URI-5.36-1-any downloading...
2026-09-02T00:13:47.4888925Z  mingw-w64-x86_64-libpsl-0.21.5-3-any downloading...
2026-09-02T00:13:47.4889424Z  mingw-w64-x86_64-bzip2-1.0.8-4-any downloading...
2026-09-02T00:13:47.4889997Z  libedit-20240808_3.1-1-x86_64 downloading...
2026-09-02T00:13:47.4890345Z  libfido2-1.17.0-1-x86_64 downloading...
2026-09-02T00:13:47.4890624Z  perl-HTML-Parser-3.85-1-x86_64 downloading...
2026-09-02T00:13:47.4890932Z  perl-HTTP-Message-7.04-1-any downloading...
2026-09-02T00:13:47.4891218Z  perl-TimeDate-2.35-1-any downloading...
2026-09-02T00:13:47.4891525Z  mingw-w64-x86_64-wineditline-2.208-1-any downloading...
2026-09-02T00:13:47.4891844Z  perl-MailTools-2.22-1-any downloading...
2026-09-02T00:13:47.4892136Z  mingw-w64-x86_64-libffi-3.8.0-1-any downloading...
2026-09-02T00:13:47.4892432Z  perl-IO-Stringy-2.113-3-any downloading...
2026-09-02T00:13:47.4892828Z  mingw-w64-x86_64-winpthreads-14.0.0.r302.gd7f3c5201-1-any downloading...
2026-09-02T00:13:47.4893285Z  perl-Authen-SASL-2.2000-1-any downloading...
2026-09-02T00:13:47.4893669Z  mingw-w64-x86_64-libwinpthread-14.0.0.r302.gd7f3c5201-1-any downloading...
2026-09-02T00:13:47.4894073Z  perl-Convert-BinHex-1.125-2-any downloading...
2026-09-02T00:13:47.4894377Z  mingw-w64-x86_64-libb2-0.98.1-3-any downloading...
2026-09-02T00:13:47.4894659Z  libcbor-0.14.0-2-x86_64 downloading...
2026-09-02T00:13:47.4894933Z  perl-HTTP-Cookies-6.12-1-any downloading...
2026-09-02T00:13:47.4895208Z  perl-Net-HTTP-6.24-1-any downloading...
2026-09-02T00:13:47.4895465Z  perl-Error-0.17030-1-any downloading...
2026-09-02T00:13:47.4895732Z  perl-TermReadKey-2.38-8-x86_64 downloading...
2026-09-02T00:13:47.4896182Z  perl-HTTP-Daemon-6.17-1-any downloading...
2026-09-02T00:13:47.4896479Z  perl-LWP-MediaTypes-6.04-2-any downloading...
2026-09-02T00:13:47.4896761Z  perl-Try-Tiny-0.32-1-any downloading...
2026-09-02T00:13:47.4897431Z  perl-Clone-0.50-2-x86_64 downloading...
2026-09-02T00:13:47.4897881Z  perl-IO-HTML-1.004-2-any downloading...
2026-09-02T00:13:47.4899457Z  perl-WWW-RobotRules-6.03-1-any downloading...
2026-09-02T00:13:47.4899796Z  perl-http-cookiejar-0.014-1-any downloading...
2026-09-02T00:13:47.4900118Z  perl-HTTP-Negotiate-6.01-3-any downloading...
2026-09-02T00:13:47.4900425Z  perl-Encode-Locale-1.05-2-any downloading...
2026-09-02T00:13:47.4900712Z  perl-HTML-Tagset-3.24-1-any downloading...
2026-09-02T00:13:47.4901003Z  perl-File-Listing-6.16-1-any downloading...
2026-09-02T00:13:47.4901282Z  perl-HTTP-Date-6.08-1-any downloading...
2026-09-02T00:13:47.4901558Z  perl-Net-SMTP-SSL-1.04-2-any downloading...
2026-09-02T00:13:47.4901986Z  mingw-w64-x86_64-windows-default-manifest-20260815-1-any downloading...
2026-09-02T00:13:47.4902356Z checking keyring...
2026-09-02T00:13:47.5538852Z checking package integrity...
2026-09-02T00:14:01.6790316Z loading package files...
2026-09-02T00:14:02.0045790Z checking for file conflicts...
2026-09-02T00:14:04.4110091Z :: Processing package changes...
2026-09-02T00:14:04.4110589Z installing libedit...
2026-09-02T00:14:04.4444163Z installing heimdal-libs...
2026-09-02T00:14:04.4631091Z installing heimdal...
2026-09-02T00:14:05.1323927Z installing libcbor...
2026-09-02T00:14:05.1354182Z installing libfido2...
2026-09-02T00:14:05.1390421Z installing openssh...
2026-09-02T00:14:05.1783915Z installing perl-Error...
2026-09-02T00:14:05.1866876Z installing perl-Authen-SASL...
2026-09-02T00:14:05.2096206Z installing perl-Encode-Locale...
2026-09-02T00:14:05.2166727Z installing perl-HTTP-Date...
2026-09-02T00:14:05.2230039Z installing perl-File-Listing...
2026-09-02T00:14:05.2291072Z installing perl-HTML-Tagset...
2026-09-02T00:14:05.2352142Z installing perl-Clone...
2026-09-02T00:14:05.2404428Z installing perl-IO-HTML...
2026-09-02T00:14:05.2465506Z installing perl-LWP-MediaTypes...
2026-09-02T00:14:05.2534860Z installing perl-URI...
2026-09-02T00:14:05.3201419Z installing perl-HTTP-Message...
2026-09-02T00:14:05.3399049Z installing perl-HTML-Parser...
2026-09-02T00:14:05.3556631Z installing perl-HTTP-Cookies...
2026-09-02T00:14:05.3640090Z installing perl-HTTP-Daemon...
2026-09-02T00:14:05.3687073Z installing perl-http-cookiejar...
2026-09-02T00:14:05.3757502Z installing perl-HTTP-Negotiate...
2026-09-02T00:14:05.3804541Z installing perl-Net-HTTP...
2026-09-02T00:14:05.3917755Z installing perl-WWW-RobotRules...
2026-09-02T00:14:05.4012823Z installing perl-Try-Tiny...
2026-09-02T00:14:05.4090931Z installing perl-libwww...
2026-09-02T00:14:05.4446301Z Optional dependencies for perl-libwww
2026-09-02T00:14:05.4447009Z     perl-LWP-Protocol-https: for https:// url schemes
2026-09-02T00:14:05.4447482Z installing perl-TimeDate...
2026-09-02T00:14:05.5127137Z installing perl-MailTools...
2026-09-02T00:14:05.5412028Z installing perl-IO-Stringy...
2026-09-02T00:14:05.5552808Z installing perl-Convert-BinHex...
2026-09-02T00:14:05.6919828Z module test... pass.
2026-09-02T00:14:05.6928926Z installing perl-MIME-tools...
2026-09-02T00:14:05.7337218Z installing perl-Net-SSLeay...
2026-09-02T00:14:05.8103632Z installing perl-IO-Socket-SSL...
2026-09-02T00:14:05.8232279Z installing perl-Net-SMTP-SSL...
2026-09-02T00:14:05.8278192Z installing perl-TermReadKey...
2026-09-02T00:14:05.8356699Z installing git...
2026-09-02T00:14:06.4175003Z Optional dependencies for git
2026-09-02T00:14:06.4175557Z     python: various helper scripts
2026-09-02T00:14:06.4176003Z     subversion: git svn
2026-09-02T00:14:06.4176397Z     aspell: spell checking in git gui
2026-09-02T00:14:06.4176839Z installing make...
2026-09-02T00:14:06.4507999Z installing mingw-w64-x86_64-libwinpthread...
2026-09-02T00:14:06.4553860Z installing mingw-w64-x86_64-tzdata...
2026-09-02T00:14:08.1577462Z installing mingw-w64-x86_64-gcc-libs...
2026-09-02T00:14:08.1743175Z installing mingw-w64-x86_64-bzip2...
2026-09-02T00:14:08.1931014Z installing mingw-w64-x86_64-icu...
2026-09-02T00:14:08.5528094Z installing mingw-w64-x86_64-libiconv...
2026-09-02T00:14:08.5766153Z installing mingw-w64-x86_64-gettext-runtime...
2026-09-02T00:14:08.7052182Z installing mingw-w64-x86_64-xz...
2026-09-02T00:14:08.8321694Z installing mingw-w64-x86_64-zstd...
2026-09-02T00:14:08.8520932Z installing mingw-w64-x86_64-zlib...
2026-09-02T00:14:08.8604341Z installing mingw-w64-x86_64-boost-libs...
2026-09-02T00:14:08.9091760Z installing mingw-w64-x86_64-boost...
2026-09-02T00:14:23.3872761Z Optional dependencies for mingw-w64-x86_64-boost
2026-09-02T00:14:23.3873382Z     mingw-w64-x86_64-python: For Boost.Python
2026-09-02T00:14:23.3873997Z     mingw-w64-x86_64-python-numpy: For Boost.Python (NumPy)
2026-09-02T00:14:23.3874608Z installing mingw-w64-x86_64-cppdap...
2026-09-02T00:14:23.4120004Z installing mingw-w64-x86_64-c-ares...
2026-09-02T00:14:23.5296712Z installing mingw-w64-x86_64-brotli...
2026-09-02T00:14:23.5516291Z installing mingw-w64-x86_64-libunistring...
2026-09-02T00:14:23.5990363Z installing mingw-w64-x86_64-libidn2...
2026-09-02T00:14:23.6277034Z installing mingw-w64-x86_64-libpsl...
2026-09-02T00:14:23.6369350Z installing mingw-w64-x86_64-libtasn1...
2026-09-02T00:14:23.6765201Z installing mingw-w64-x86_64-libffi...
2026-09-02T00:14:23.6870843Z installing mingw-w64-x86_64-p11-kit...
2026-09-02T00:14:23.9835399Z installing mingw-w64-x86_64-ca-certificates...
2026-09-02T00:14:24.5796909Z installing mingw-w64-x86_64-openssl...
2026-09-02T00:14:30.1451708Z Optional dependencies for mingw-w64-x86_64-openssl
2026-09-02T00:14:30.1452366Z     mingw-w64-x86_64-ca-certificates [installed]
2026-09-02T00:14:30.1452911Z installing mingw-w64-x86_64-libssh2...
2026-09-02T00:14:30.2797065Z installing mingw-w64-x86_64-nghttp2...
2026-09-02T00:14:30.2959166Z installing mingw-w64-x86_64-gmp...
2026-09-02T00:14:30.3112237Z installing mingw-w64-x86_64-nettle...
2026-09-02T00:14:30.3670939Z installing mingw-w64-x86_64-gnutls...
2026-09-02T00:14:31.3279492Z installing mingw-w64-x86_64-ngtcp2...
2026-09-02T00:14:31.3490885Z installing mingw-w64-x86_64-nghttp3...
2026-09-02T00:14:31.3622271Z installing mingw-w64-x86_64-curl...
2026-09-02T00:14:31.7637800Z installing mingw-w64-x86_64-expat...
2026-09-02T00:14:31.7793045Z installing mingw-w64-x86_64-jsoncpp...
2026-09-02T00:14:31.7978312Z installing mingw-w64-x86_64-libb2...
2026-09-02T00:14:31.8044487Z installing mingw-w64-x86_64-lz4...
2026-09-02T00:14:31.8185765Z installing mingw-w64-x86_64-wineditline...
2026-09-02T00:14:31.8269739Z installing mingw-w64-x86_64-pcre2...
2026-09-02T00:14:32.0197734Z installing mingw-w64-x86_64-libarchive...
2026-09-02T00:14:32.1017352Z installing mingw-w64-x86_64-libuv...
2026-09-02T00:14:32.1237385Z installing mingw-w64-x86_64-ninja...
2026-09-02T00:14:32.1288854Z installing mingw-w64-x86_64-pkgconf...
2026-09-02T00:14:32.1500639Z installing mingw-w64-x86_64-rhash...
2026-09-02T00:14:32.1853630Z installing mingw-w64-x86_64-cmake...
2026-09-02T00:14:35.4493070Z Optional dependencies for mingw-w64-x86_64-cmake
2026-09-02T00:14:35.4493662Z     mingw-w64-x86_64-emacs: for cmake emacs mode
2026-09-02T00:14:35.4494031Z installing mingw-w64-x86_64-binutils...
2026-09-02T00:14:35.6754493Z installing mingw-w64-x86_64-headers...
2026-09-02T00:14:37.0119633Z installing mingw-w64-x86_64-crt...
2026-09-02T00:14:37.8756256Z installing mingw-w64-x86_64-isl...
2026-09-02T00:14:37.9419306Z installing mingw-w64-x86_64-mpfr...
2026-09-02T00:14:37.9645481Z installing mingw-w64-x86_64-mpc...
2026-09-02T00:14:37.9713083Z installing mingw-w64-x86_64-windows-default-manifest...
2026-09-02T00:14:37.9742290Z installing mingw-w64-x86_64-winpthreads...
2026-09-02T00:14:37.9843112Z installing mingw-w64-x86_64-gcc...
2026-09-02T00:14:39.2903410Z :: Running post-transaction hooks...
2026-09-02T00:14:39.2905043Z (1/1) Updating the info directory file...
2026-09-02T00:14:39.5725634Z ##[endgroup]
2026-09-02T00:14:39.5925122Z ##[group]Run cmake --version
2026-09-02T00:14:39.5925451Z [36;1mcmake --version[0m
2026-09-02T00:14:39.5925680Z [36;1mg++ --version[0m
2026-09-02T00:14:39.5929510Z shell: D:\a\_temp\setup-msys2\msys2.CMD {0}
2026-09-02T00:14:39.5929777Z env:
2026-09-02T00:14:39.5930176Z   OPENFHE_COMMIT: df495ba2e91739a6dc8f1de254fc5a41155ce504
2026-09-02T00:14:39.5930555Z   OPENFHE_PREFIX: C:\openfhe-2023-1788\openfhe-install
2026-09-02T00:14:39.5930854Z   WINDOWS_ROOT: C:\openfhe-2023-1788
2026-09-02T00:14:39.5931120Z   PROJECT_SOURCE: C:\openfhe-2023-1788\cleanroom
2026-09-02T00:14:39.5931422Z   OPENFHE_SOURCE: C:\openfhe-2023-1788\openfhe-src
2026-09-02T00:14:39.5931783Z   OPENFHE_BUILD: C:\openfhe-2023-1788\openfhe-build-33574363738-1
2026-09-02T00:14:39.5932186Z   PROJECT_BUILD: C:\openfhe-2023-1788\project-build-33574363738-1
2026-09-02T00:14:39.5932499Z   MSYSTEM: MINGW64
2026-09-02T00:14:39.5932673Z ##[endgroup]
2026-09-02T00:14:39.7880005Z cmake version 4.4.2
2026-09-02T00:14:39.7880289Z 
2026-09-02T00:14:39.7880495Z CMake suite maintained and supported by Kitware (kitware.com/cmake).
2026-09-02T00:14:39.8186141Z g++.exe (Rev3, Built by MSYS2 project) 16.2.0
2026-09-02T00:14:39.8187528Z Copyright (C) 2026 Free Software Foundation, Inc.
2026-09-02T00:14:39.8188500Z This is free software; see the source for copying conditions.  There is NO
2026-09-02T00:14:39.8189369Z warranty; not even for MERCHANTABILITY or FITNESS FOR A PARTICULAR PURPOSE.
2026-09-02T00:14:39.8189913Z 
2026-09-02T00:14:39.8344711Z ##[group]Run source="$(cygpath -u "$OPENFHE_SOURCE")"
2026-09-02T00:14:39.8345179Z [36;1msource="$(cygpath -u "$OPENFHE_SOURCE")"[0m
2026-09-02T00:14:39.8345522Z [36;1mactual="$(git -C "$source" rev-parse HEAD)"[0m
2026-09-02T00:14:39.8345844Z [36;1mtest "$actual" = "$OPENFHE_COMMIT"[0m
2026-09-02T00:14:39.8346170Z [36;1mtest -z "$(git -C "$source" status --porcelain)"[0m
2026-09-02T00:14:39.8346517Z [36;1mgit -C "$source" submodule status --recursive[0m
2026-09-02T00:14:39.8348314Z shell: D:\a\_temp\setup-msys2\msys2.CMD {0}
2026-09-02T00:14:39.8348600Z env:
2026-09-02T00:14:39.8348848Z   OPENFHE_COMMIT: df495ba2e91739a6dc8f1de254fc5a41155ce504
2026-09-02T00:14:39.8349217Z   OPENFHE_PREFIX: C:\openfhe-2023-1788\openfhe-install
2026-09-02T00:14:39.8349542Z   WINDOWS_ROOT: C:\openfhe-2023-1788
2026-09-02T00:14:39.8349827Z   PROJECT_SOURCE: C:\openfhe-2023-1788\cleanroom
2026-09-02T00:14:39.8350136Z   OPENFHE_SOURCE: C:\openfhe-2023-1788\openfhe-src
2026-09-02T00:14:39.8350540Z   OPENFHE_BUILD: C:\openfhe-2023-1788\openfhe-build-33574363738-1
2026-09-02T00:14:39.8350942Z   PROJECT_BUILD: C:\openfhe-2023-1788\project-build-33574363738-1
2026-09-02T00:14:39.8351256Z   MSYSTEM: MINGW64
2026-09-02T00:14:39.8351432Z ##[endgroup]
2026-09-02T00:14:41.2661900Z  984e3f194862b17916536b5fade40cba6e47a6fe third-party/cereal (heads/main)
2026-09-02T00:14:41.3622236Z  eddb0241389718a23a42db6af5f0164b6e0139af third-party/google-benchmark (eddb024)
2026-09-02T00:14:41.4725214Z  52eb8108c5bdec04579160ae17225d66034bd723 third-party/google-test (52eb810)
2026-09-02T00:14:41.6011216Z  83edb60836d87cf1b406e8846b9059c03031e8f5 third-party/gperftools (83edb60)
2026-09-02T00:14:41.6326903Z ##[error]The operation was canceled.
2026-09-02T00:14:41.6438436Z Cleaning up orphan processes
