linux-ctest-timeout-protocol	Set up job	﻿2026-09-06T07:30:52.3226337Z Current runner version: '2.337.0'
linux-ctest-timeout-protocol	Set up job	2026-09-06T07:30:52.3254093Z ##[group]Runner Image Provisioner
linux-ctest-timeout-protocol	Set up job	2026-09-06T07:30:52.3254969Z Hosted Compute Agent
linux-ctest-timeout-protocol	Set up job	2026-09-06T07:30:52.3255634Z Version: 20260828.587
linux-ctest-timeout-protocol	Set up job	2026-09-06T07:30:52.3256338Z Commit: abac92662cab4cc7352de4f9f9d2e2419aad9c29
linux-ctest-timeout-protocol	Set up job	2026-09-06T07:30:52.3257489Z Build Date: 2026-08-28T16:44:25Z
linux-ctest-timeout-protocol	Set up job	2026-09-06T07:30:52.3258623Z Worker ID: {f02bc19b-4a9e-45ae-a6c3-bf9cbc3f9916}
linux-ctest-timeout-protocol	Set up job	2026-09-06T07:30:52.3259391Z Azure Region: westus2
linux-ctest-timeout-protocol	Set up job	2026-09-06T07:30:52.3259989Z ##[endgroup]
linux-ctest-timeout-protocol	Set up job	2026-09-06T07:30:52.3261743Z ##[group]Operating System
linux-ctest-timeout-protocol	Set up job	2026-09-06T07:30:52.3262414Z Ubuntu
linux-ctest-timeout-protocol	Set up job	2026-09-06T07:30:52.3263014Z 24.04.4
linux-ctest-timeout-protocol	Set up job	2026-09-06T07:30:52.3263531Z LTS
linux-ctest-timeout-protocol	Set up job	2026-09-06T07:30:52.3264017Z ##[endgroup]
linux-ctest-timeout-protocol	Set up job	2026-09-06T07:30:52.3264649Z ##[group]Runner Image
linux-ctest-timeout-protocol	Set up job	2026-09-06T07:30:52.3265246Z Image: ubuntu-24.04
linux-ctest-timeout-protocol	Set up job	2026-09-06T07:30:52.3265839Z Version: 20260831.293.1
linux-ctest-timeout-protocol	Set up job	2026-09-06T07:30:52.3267346Z Included Software: https://github.com/actions/runner-images/blob/ubuntu24/20260831.293/images/ubuntu/Ubuntu2404-Readme.md
linux-ctest-timeout-protocol	Set up job	2026-09-06T07:30:52.3269216Z Image Release: https://github.com/actions/runner-images/releases/tag/ubuntu24%2F20260831.293
linux-ctest-timeout-protocol	Set up job	2026-09-06T07:30:52.3270189Z ##[endgroup]
linux-ctest-timeout-protocol	Set up job	2026-09-06T07:30:52.3271355Z ##[group]GITHUB_TOKEN Permissions
linux-ctest-timeout-protocol	Set up job	2026-09-06T07:30:52.3273461Z Contents: read
linux-ctest-timeout-protocol	Set up job	2026-09-06T07:30:52.3274257Z Metadata: read
linux-ctest-timeout-protocol	Set up job	2026-09-06T07:30:52.3274821Z ##[endgroup]
linux-ctest-timeout-protocol	Set up job	2026-09-06T07:30:52.3277261Z Secret source: Actions
linux-ctest-timeout-protocol	Set up job	2026-09-06T07:30:52.3278493Z Prepare workflow directory
linux-ctest-timeout-protocol	Set up job	2026-09-06T07:30:52.3744307Z Prepare all required actions
linux-ctest-timeout-protocol	Set up job	2026-09-06T07:30:52.3793062Z Getting action download info
linux-ctest-timeout-protocol	Set up job	2026-09-06T07:30:52.7244459Z Download action repository 'actions/checkout@11d5960a326750d5838078e36cf38b85af677262' (SHA:11d5960a326750d5838078e36cf38b85af677262)
linux-ctest-timeout-protocol	Set up job	2026-09-06T07:30:52.8614757Z Download action repository 'actions/setup-python@a26af69be951a213d495a4c3e4e4022e16d87065' (SHA:a26af69be951a213d495a4c3e4e4022e16d87065)
linux-ctest-timeout-protocol	Set up job	2026-09-06T07:30:52.9402960Z Download action repository 'actions/upload-artifact@ea165f8d65b6e75b540449e92b4886f43607fa02' (SHA:ea165f8d65b6e75b540449e92b4886f43607fa02)
linux-ctest-timeout-protocol	Set up job	2026-09-06T07:30:53.0504216Z Download action repository 'actions/download-artifact@d3f86a106a0bac45b974a628896c90dbdf5c8093' (SHA:d3f86a106a0bac45b974a628896c90dbdf5c8093)
linux-ctest-timeout-protocol	Set up job	2026-09-06T07:30:53.4435429Z Complete job name: linux-ctest-timeout-protocol
linux-ctest-timeout-protocol	Check out exact protocol source	﻿2026-09-06T07:30:53.5283444Z Node 20 is being deprecated. This workflow is running with Node 24 by default. If you need to temporarily use Node 20, you can set the ACTIONS_ALLOW_USE_UNSECURE_NODE_VERSION=true environment variable. For more information see: https://github.blog/changelog/2025-09-19-deprecation-of-node-20-on-github-actions-runners/
linux-ctest-timeout-protocol	Check out exact protocol source	2026-09-06T07:30:53.5292942Z ##[group]Run actions/checkout@11d5960a326750d5838078e36cf38b85af677262
linux-ctest-timeout-protocol	Check out exact protocol source	2026-09-06T07:30:53.5293994Z with:
linux-ctest-timeout-protocol	Check out exact protocol source	2026-09-06T07:30:53.5294534Z   ref: 3897832bdaf95c05062f1bcec161b929e60d1ede
linux-ctest-timeout-protocol	Check out exact protocol source	2026-09-06T07:30:53.5295199Z   persist-credentials: false
linux-ctest-timeout-protocol	Check out exact protocol source	2026-09-06T07:30:53.5295752Z   fetch-depth: 1
linux-ctest-timeout-protocol	Check out exact protocol source	2026-09-06T07:30:53.5296272Z   repository: leemaple/20231788.
linux-ctest-timeout-protocol	Check out exact protocol source	2026-09-06T07:30:53.5300809Z   token: ***
linux-ctest-timeout-protocol	Check out exact protocol source	2026-09-06T07:30:53.5301308Z   ssh-strict: true
linux-ctest-timeout-protocol	Check out exact protocol source	2026-09-06T07:30:53.5301795Z   ssh-user: git
linux-ctest-timeout-protocol	Check out exact protocol source	2026-09-06T07:30:53.5302258Z   clean: true
linux-ctest-timeout-protocol	Check out exact protocol source	2026-09-06T07:30:53.5302754Z   sparse-checkout-cone-mode: true
linux-ctest-timeout-protocol	Check out exact protocol source	2026-09-06T07:30:53.5303321Z   fetch-tags: false
linux-ctest-timeout-protocol	Check out exact protocol source	2026-09-06T07:30:53.5303808Z   show-progress: true
linux-ctest-timeout-protocol	Check out exact protocol source	2026-09-06T07:30:53.5304390Z   lfs: false
linux-ctest-timeout-protocol	Check out exact protocol source	2026-09-06T07:30:53.5304856Z   submodules: false
linux-ctest-timeout-protocol	Check out exact protocol source	2026-09-06T07:30:53.5305353Z   set-safe-directory: true
linux-ctest-timeout-protocol	Check out exact protocol source	2026-09-06T07:30:53.5305911Z   allow-unsafe-pr-checkout: false
linux-ctest-timeout-protocol	Check out exact protocol source	2026-09-06T07:30:53.5306911Z env:
linux-ctest-timeout-protocol	Check out exact protocol source	2026-09-06T07:30:53.5307438Z   RUN_ENDPOINT_CTEST_PROTOCOL_GATE: 1
linux-ctest-timeout-protocol	Check out exact protocol source	2026-09-06T07:30:53.5308047Z   ENDPOINT_TEST_HOST: linux
linux-ctest-timeout-protocol	Check out exact protocol source	2026-09-06T07:30:53.5308576Z ##[endgroup]
linux-ctest-timeout-protocol	Check out exact protocol source	2026-09-06T07:30:53.6348861Z Syncing repository: leemaple/20231788.
linux-ctest-timeout-protocol	Check out exact protocol source	2026-09-06T07:30:53.6352223Z ##[group]Getting Git version info
linux-ctest-timeout-protocol	Check out exact protocol source	2026-09-06T07:30:53.6353744Z Working directory is '/home/runner/work/20231788./20231788.'
linux-ctest-timeout-protocol	Check out exact protocol source	2026-09-06T07:30:53.6355732Z [command]/usr/bin/git version
linux-ctest-timeout-protocol	Check out exact protocol source	2026-09-06T07:30:53.6498542Z git version 2.55.0
linux-ctest-timeout-protocol	Check out exact protocol source	2026-09-06T07:30:53.6502425Z ##[endgroup]
linux-ctest-timeout-protocol	Check out exact protocol source	2026-09-06T07:30:53.6517834Z Temporarily overriding HOME='/home/runner/work/_temp/df7bd2f9-3b99-41c1-86bb-43b36409d8ec' before making global git config changes
linux-ctest-timeout-protocol	Check out exact protocol source	2026-09-06T07:30:53.6520978Z Adding repository directory to the temporary git global config as a safe directory
linux-ctest-timeout-protocol	Check out exact protocol source	2026-09-06T07:30:53.6524688Z [command]/usr/bin/git config --global --add safe.directory /home/runner/work/20231788./20231788.
linux-ctest-timeout-protocol	Check out exact protocol source	2026-09-06T07:30:53.6580184Z Deleting the contents of '/home/runner/work/20231788./20231788.'
linux-ctest-timeout-protocol	Check out exact protocol source	2026-09-06T07:30:53.6585737Z ##[group]Initializing the repository
linux-ctest-timeout-protocol	Check out exact protocol source	2026-09-06T07:30:53.6591619Z [command]/usr/bin/git init /home/runner/work/20231788./20231788.
linux-ctest-timeout-protocol	Check out exact protocol source	2026-09-06T07:30:53.6710119Z hint: Using 'master' as the name for the initial branch. This default branch name
linux-ctest-timeout-protocol	Check out exact protocol source	2026-09-06T07:30:53.6712666Z hint: will change to "main" in Git 3.0. To configure the initial branch name
linux-ctest-timeout-protocol	Check out exact protocol source	2026-09-06T07:30:53.6714999Z hint: to use in all of your new repositories, which will suppress this warning,
linux-ctest-timeout-protocol	Check out exact protocol source	2026-09-06T07:30:53.6717275Z hint: call:
linux-ctest-timeout-protocol	Check out exact protocol source	2026-09-06T07:30:53.6718484Z hint:
linux-ctest-timeout-protocol	Check out exact protocol source	2026-09-06T07:30:53.6720368Z hint: 	git config --global init.defaultBranch <name>
linux-ctest-timeout-protocol	Check out exact protocol source	2026-09-06T07:30:53.6722276Z hint:
linux-ctest-timeout-protocol	Check out exact protocol source	2026-09-06T07:30:53.6723991Z hint: Names commonly chosen instead of 'master' are 'main', 'trunk' and
linux-ctest-timeout-protocol	Check out exact protocol source	2026-09-06T07:30:53.6726398Z hint: 'development'. The just-created branch can be renamed via this command:
linux-ctest-timeout-protocol	Check out exact protocol source	2026-09-06T07:30:53.6728615Z hint:
linux-ctest-timeout-protocol	Check out exact protocol source	2026-09-06T07:30:53.6729953Z hint: 	git branch -m <name>
linux-ctest-timeout-protocol	Check out exact protocol source	2026-09-06T07:30:53.6731416Z hint:
linux-ctest-timeout-protocol	Check out exact protocol source	2026-09-06T07:30:53.6733239Z hint: Disable this message with "git config set advice.defaultBranchName false"
linux-ctest-timeout-protocol	Check out exact protocol source	2026-09-06T07:30:53.6735687Z Initialized empty Git repository in /home/runner/work/20231788./20231788./.git/
linux-ctest-timeout-protocol	Check out exact protocol source	2026-09-06T07:30:53.6740917Z [command]/usr/bin/git remote add origin https://github.com/leemaple/20231788.
linux-ctest-timeout-protocol	Check out exact protocol source	2026-09-06T07:30:53.6830624Z ##[endgroup]
linux-ctest-timeout-protocol	Check out exact protocol source	2026-09-06T07:30:53.6831985Z ##[group]Disabling automatic garbage collection
linux-ctest-timeout-protocol	Check out exact protocol source	2026-09-06T07:30:53.6836004Z [command]/usr/bin/git config --local gc.auto 0
linux-ctest-timeout-protocol	Check out exact protocol source	2026-09-06T07:30:53.6874104Z ##[endgroup]
linux-ctest-timeout-protocol	Check out exact protocol source	2026-09-06T07:30:53.6875694Z ##[group]Setting up auth
linux-ctest-timeout-protocol	Check out exact protocol source	2026-09-06T07:30:53.6881168Z [command]/usr/bin/git config --local --name-only --get-regexp core\.sshCommand
linux-ctest-timeout-protocol	Check out exact protocol source	2026-09-06T07:30:53.6918284Z [command]/usr/bin/git submodule foreach --recursive sh -c "git config --local --name-only --get-regexp 'core\.sshCommand' && git config --local --unset-all 'core.sshCommand' || :"
linux-ctest-timeout-protocol	Check out exact protocol source	2026-09-06T07:30:53.7320609Z [command]/usr/bin/git config --local --name-only --get-regexp http\.https\:\/\/github\.com\/\.extraheader
linux-ctest-timeout-protocol	Check out exact protocol source	2026-09-06T07:30:53.7360437Z [command]/usr/bin/git submodule foreach --recursive sh -c "git config --local --name-only --get-regexp 'http\.https\:\/\/github\.com\/\.extraheader' && git config --local --unset-all 'http.https://github.com/.extraheader' || :"
linux-ctest-timeout-protocol	Check out exact protocol source	2026-09-06T07:30:53.7589803Z [command]/usr/bin/git config --local --name-only --get-regexp ^includeIf\.gitdir:
linux-ctest-timeout-protocol	Check out exact protocol source	2026-09-06T07:30:53.7629152Z [command]/usr/bin/git submodule foreach --recursive git config --local --show-origin --name-only --get-regexp remote.origin.url
linux-ctest-timeout-protocol	Check out exact protocol source	2026-09-06T07:30:53.7860245Z [command]/usr/bin/git config --local http.https://github.com/.extraheader AUTHORIZATION: basic ***
linux-ctest-timeout-protocol	Check out exact protocol source	2026-09-06T07:30:53.7902705Z ##[endgroup]
linux-ctest-timeout-protocol	Check out exact protocol source	2026-09-06T07:30:53.7904350Z ##[group]Fetching the repository
linux-ctest-timeout-protocol	Check out exact protocol source	2026-09-06T07:30:53.7912846Z [command]/usr/bin/git -c protocol.version=2 fetch --no-tags --prune --no-recurse-submodules --depth=1 origin 3897832bdaf95c05062f1bcec161b929e60d1ede
linux-ctest-timeout-protocol	Check out exact protocol source	2026-09-06T07:30:55.3291830Z From https://github.com/leemaple/20231788.
linux-ctest-timeout-protocol	Check out exact protocol source	2026-09-06T07:30:55.3294792Z  * branch            3897832bdaf95c05062f1bcec161b929e60d1ede -> FETCH_HEAD
linux-ctest-timeout-protocol	Check out exact protocol source	2026-09-06T07:30:55.3299438Z ##[endgroup]
linux-ctest-timeout-protocol	Check out exact protocol source	2026-09-06T07:30:55.3300894Z ##[group]Determining the checkout info
linux-ctest-timeout-protocol	Check out exact protocol source	2026-09-06T07:30:55.3302462Z ##[endgroup]
linux-ctest-timeout-protocol	Check out exact protocol source	2026-09-06T07:30:55.3306529Z [command]/usr/bin/git sparse-checkout disable
linux-ctest-timeout-protocol	Check out exact protocol source	2026-09-06T07:30:55.3429101Z [command]/usr/bin/git config --local --unset-all extensions.worktreeConfig
linux-ctest-timeout-protocol	Check out exact protocol source	2026-09-06T07:30:55.3433016Z ##[group]Checking out the ref
linux-ctest-timeout-protocol	Check out exact protocol source	2026-09-06T07:30:55.3434640Z [command]/usr/bin/git checkout --progress --force 3897832bdaf95c05062f1bcec161b929e60d1ede
linux-ctest-timeout-protocol	Check out exact protocol source	2026-09-06T07:30:55.5501888Z Note: switching to '3897832bdaf95c05062f1bcec161b929e60d1ede'.
linux-ctest-timeout-protocol	Check out exact protocol source	2026-09-06T07:30:55.5503284Z 
linux-ctest-timeout-protocol	Check out exact protocol source	2026-09-06T07:30:55.5504133Z You are in 'detached HEAD' state. You can look around, make experimental
linux-ctest-timeout-protocol	Check out exact protocol source	2026-09-06T07:30:55.5506285Z changes and commit them, and you can discard any commits you make in this
linux-ctest-timeout-protocol	Check out exact protocol source	2026-09-06T07:30:55.5508863Z state without impacting any branches by switching back to a branch.
linux-ctest-timeout-protocol	Check out exact protocol source	2026-09-06T07:30:55.5510302Z 
linux-ctest-timeout-protocol	Check out exact protocol source	2026-09-06T07:30:55.5511233Z If you want to create a new branch to retain commits you create, you may
linux-ctest-timeout-protocol	Check out exact protocol source	2026-09-06T07:30:55.5513492Z do so (now or later) by using -c with the switch command. Example:
linux-ctest-timeout-protocol	Check out exact protocol source	2026-09-06T07:30:55.5514797Z 
linux-ctest-timeout-protocol	Check out exact protocol source	2026-09-06T07:30:55.5515356Z   git switch -c <new-branch-name>
linux-ctest-timeout-protocol	Check out exact protocol source	2026-09-06T07:30:55.5516253Z 
linux-ctest-timeout-protocol	Check out exact protocol source	2026-09-06T07:30:55.5516918Z Or undo this operation with:
linux-ctest-timeout-protocol	Check out exact protocol source	2026-09-06T07:30:55.5517839Z 
linux-ctest-timeout-protocol	Check out exact protocol source	2026-09-06T07:30:55.5518348Z   git switch -
linux-ctest-timeout-protocol	Check out exact protocol source	2026-09-06T07:30:55.5519010Z 
linux-ctest-timeout-protocol	Check out exact protocol source	2026-09-06T07:30:55.5520060Z Turn off this advice by setting config variable advice.detachedHead to false
linux-ctest-timeout-protocol	Check out exact protocol source	2026-09-06T07:30:55.5521619Z 
linux-ctest-timeout-protocol	Check out exact protocol source	2026-09-06T07:30:55.5522736Z HEAD is now at 3897832 fix: classify observed CTest timeouts without hiding failures
linux-ctest-timeout-protocol	Check out exact protocol source	2026-09-06T07:30:55.5538166Z ##[endgroup]
linux-ctest-timeout-protocol	Check out exact protocol source	2026-09-06T07:30:55.5588400Z [command]/usr/bin/git log -1 --format=%H
linux-ctest-timeout-protocol	Check out exact protocol source	2026-09-06T07:30:55.5618633Z 3897832bdaf95c05062f1bcec161b929e60d1ede
linux-ctest-timeout-protocol	Check out exact protocol source	2026-09-06T07:30:55.5628931Z ##[group]Removing auth
linux-ctest-timeout-protocol	Check out exact protocol source	2026-09-06T07:30:55.5632537Z [command]/usr/bin/git config --local --name-only --get-regexp core\.sshCommand
linux-ctest-timeout-protocol	Check out exact protocol source	2026-09-06T07:30:55.5671287Z [command]/usr/bin/git submodule foreach --recursive sh -c "git config --local --name-only --get-regexp 'core\.sshCommand' && git config --local --unset-all 'core.sshCommand' || :"
linux-ctest-timeout-protocol	Check out exact protocol source	2026-09-06T07:30:55.5922272Z [command]/usr/bin/git config --local --name-only --get-regexp http\.https\:\/\/github\.com\/\.extraheader
linux-ctest-timeout-protocol	Check out exact protocol source	2026-09-06T07:30:55.5954554Z http.https://github.com/.extraheader
linux-ctest-timeout-protocol	Check out exact protocol source	2026-09-06T07:30:55.5963246Z [command]/usr/bin/git config --local --unset-all http.https://github.com/.extraheader
linux-ctest-timeout-protocol	Check out exact protocol source	2026-09-06T07:30:55.6008648Z [command]/usr/bin/git submodule foreach --recursive sh -c "git config --local --name-only --get-regexp 'http\.https\:\/\/github\.com\/\.extraheader' && git config --local --unset-all 'http.https://github.com/.extraheader' || :"
linux-ctest-timeout-protocol	Check out exact protocol source	2026-09-06T07:30:55.6281090Z [command]/usr/bin/git config --local --name-only --get-regexp ^includeIf\.gitdir:
linux-ctest-timeout-protocol	Check out exact protocol source	2026-09-06T07:30:55.6306226Z [command]/usr/bin/git submodule foreach --recursive git config --local --show-origin --name-only --get-regexp remote.origin.url
linux-ctest-timeout-protocol	Check out exact protocol source	2026-09-06T07:30:55.6559056Z ##[endgroup]
linux-ctest-timeout-protocol	Set up exact endpoint Python	﻿2026-09-06T07:30:55.6929426Z Node 20 is being deprecated. This workflow is running with Node 24 by default. If you need to temporarily use Node 20, you can set the ACTIONS_ALLOW_USE_UNSECURE_NODE_VERSION=true environment variable. For more information see: https://github.blog/changelog/2025-09-19-deprecation-of-node-20-on-github-actions-runners/
linux-ctest-timeout-protocol	Set up exact endpoint Python	2026-09-06T07:30:55.6935785Z ##[group]Run actions/setup-python@a26af69be951a213d495a4c3e4e4022e16d87065
linux-ctest-timeout-protocol	Set up exact endpoint Python	2026-09-06T07:30:55.6937590Z with:
linux-ctest-timeout-protocol	Set up exact endpoint Python	2026-09-06T07:30:55.6938455Z   python-version: 3.12
linux-ctest-timeout-protocol	Set up exact endpoint Python	2026-09-06T07:30:55.6939446Z   check-latest: false
linux-ctest-timeout-protocol	Set up exact endpoint Python	2026-09-06T07:30:55.6950028Z   token: ***
linux-ctest-timeout-protocol	Set up exact endpoint Python	2026-09-06T07:30:55.6950971Z   update-environment: true
linux-ctest-timeout-protocol	Set up exact endpoint Python	2026-09-06T07:30:55.6952042Z   allow-prereleases: false
linux-ctest-timeout-protocol	Set up exact endpoint Python	2026-09-06T07:30:55.6953082Z   freethreaded: false
linux-ctest-timeout-protocol	Set up exact endpoint Python	2026-09-06T07:30:55.6953997Z env:
linux-ctest-timeout-protocol	Set up exact endpoint Python	2026-09-06T07:30:55.6954883Z   RUN_ENDPOINT_CTEST_PROTOCOL_GATE: 1
linux-ctest-timeout-protocol	Set up exact endpoint Python	2026-09-06T07:30:55.6956078Z   ENDPOINT_TEST_HOST: linux
linux-ctest-timeout-protocol	Set up exact endpoint Python	2026-09-06T07:30:55.6957253Z ##[endgroup]
linux-ctest-timeout-protocol	Set up exact endpoint Python	2026-09-06T07:30:55.8335195Z ##[group]Installed versions
linux-ctest-timeout-protocol	Set up exact endpoint Python	2026-09-06T07:30:55.8439281Z (node:2345) [DEP0040] DeprecationWarning: The `punycode` module is deprecated. Please use a userland alternative instead.
linux-ctest-timeout-protocol	Set up exact endpoint Python	2026-09-06T07:30:55.8443400Z (Use `node --trace-deprecation ...` to show where the warning was created)
linux-ctest-timeout-protocol	Set up exact endpoint Python	2026-09-06T07:30:55.8447268Z Successfully set up CPython (3.12.14)
linux-ctest-timeout-protocol	Set up exact endpoint Python	2026-09-06T07:30:55.8449820Z ##[endgroup]
linux-ctest-timeout-protocol	Validate source and create no-crypto CTest fixture	﻿2026-09-06T07:30:55.8634894Z ##[group]Run set -euo pipefail
linux-ctest-timeout-protocol	Validate source and create no-crypto CTest fixture	2026-09-06T07:30:55.8636190Z ^[[36;1mset -euo pipefail^[[0m
linux-ctest-timeout-protocol	Validate source and create no-crypto CTest fixture	2026-09-06T07:30:55.8638200Z ^[[36;1mpython -c 'import sys; sys.exit(0 if sys.version_info[:2] == (3, 12) else 1)'^[[0m
linux-ctest-timeout-protocol	Validate source and create no-crypto CTest fixture	2026-09-06T07:30:55.8640244Z ^[[36;1mactual="$(git -C "$GITHUB_WORKSPACE" rev-parse HEAD)"^[[0m
linux-ctest-timeout-protocol	Validate source and create no-crypto CTest fixture	2026-09-06T07:30:55.8641898Z ^[[36;1mtest "$actual" = "$GITHUB_SHA"^[[0m
linux-ctest-timeout-protocol	Validate source and create no-crypto CTest fixture	2026-09-06T07:30:55.8643393Z ^[[36;1mtest -z "$(git -C "$GITHUB_WORKSPACE" status --porcelain)"^[[0m
linux-ctest-timeout-protocol	Validate source and create no-crypto CTest fixture	2026-09-06T07:30:55.8645966Z ^[[36;1mfixture_source="$RUNNER_TEMP/fs-endpoint-ctest-protocol-source-linux-${GITHUB_RUN_ID}-${GITHUB_RUN_ATTEMPT}"^[[0m
linux-ctest-timeout-protocol	Validate source and create no-crypto CTest fixture	2026-09-06T07:30:55.8649585Z ^[[36;1mfixture_build="$RUNNER_TEMP/fs-endpoint-ctest-protocol-build-linux-${GITHUB_RUN_ID}-${GITHUB_RUN_ATTEMPT}"^[[0m
linux-ctest-timeout-protocol	Validate source and create no-crypto CTest fixture	2026-09-06T07:30:55.8652804Z ^[[36;1mmarker="$RUNNER_TEMP/fs-endpoint-ctest-protocol-marker-linux-${GITHUB_RUN_ID}-${GITHUB_RUN_ATTEMPT}"^[[0m
linux-ctest-timeout-protocol	Validate source and create no-crypto CTest fixture	2026-09-06T07:30:55.8656001Z ^[[36;1mscratch="$RUNNER_TEMP/fs-endpoint-synthetic-ctest-protocol-linux-${GITHUB_RUN_ID}-${GITHUB_RUN_ATTEMPT}"^[[0m
linux-ctest-timeout-protocol	Validate source and create no-crypto CTest fixture	2026-09-06T07:30:55.8658895Z ^[[36;1mpython -B tests/paper_endpoint_ctest_protocol_gate.py prepare \^[[0m
linux-ctest-timeout-protocol	Validate source and create no-crypto CTest fixture	2026-09-06T07:30:55.8660619Z ^[[36;1m  --source-root "$GITHUB_WORKSPACE" \^[[0m
linux-ctest-timeout-protocol	Validate source and create no-crypto CTest fixture	2026-09-06T07:30:55.8662369Z ^[[36;1m  --fixture-source "$fixture_source" --fixture-build "$fixture_build" \^[[0m
linux-ctest-timeout-protocol	Validate source and create no-crypto CTest fixture	2026-09-06T07:30:55.8664590Z ^[[36;1m  --marker "$marker" --scratch "$scratch" --python-native "$(command -v python)" \^[[0m
linux-ctest-timeout-protocol	Validate source and create no-crypto CTest fixture	2026-09-06T07:30:55.8667413Z ^[[36;1m  --gate-script-native "$GITHUB_WORKSPACE/tests/paper_endpoint_ctest_protocol_gate.py"^[[0m
linux-ctest-timeout-protocol	Validate source and create no-crypto CTest fixture	2026-09-06T07:30:55.8670725Z ^[[36;1mcmake -S "$fixture_source" -B "$fixture_build"^[[0m
linux-ctest-timeout-protocol	Validate source and create no-crypto CTest fixture	2026-09-06T07:30:55.8747556Z shell: /usr/bin/bash --noprofile --norc -e -o pipefail {0}
linux-ctest-timeout-protocol	Validate source and create no-crypto CTest fixture	2026-09-06T07:30:55.8750052Z env:
linux-ctest-timeout-protocol	Validate source and create no-crypto CTest fixture	2026-09-06T07:30:55.8751581Z   RUN_ENDPOINT_CTEST_PROTOCOL_GATE: 1
linux-ctest-timeout-protocol	Validate source and create no-crypto CTest fixture	2026-09-06T07:30:55.8753562Z   ENDPOINT_TEST_HOST: linux
linux-ctest-timeout-protocol	Validate source and create no-crypto CTest fixture	2026-09-06T07:30:55.8755852Z   pythonLocation: /opt/hostedtoolcache/Python/3.12.14/x64
linux-ctest-timeout-protocol	Validate source and create no-crypto CTest fixture	2026-09-06T07:30:55.8760280Z   PKG_CONFIG_PATH: /opt/hostedtoolcache/Python/3.12.14/x64/lib/pkgconfig
linux-ctest-timeout-protocol	Validate source and create no-crypto CTest fixture	2026-09-06T07:30:55.8763380Z   Python_ROOT_DIR: /opt/hostedtoolcache/Python/3.12.14/x64
linux-ctest-timeout-protocol	Validate source and create no-crypto CTest fixture	2026-09-06T07:30:55.8766046Z   Python2_ROOT_DIR: /opt/hostedtoolcache/Python/3.12.14/x64
linux-ctest-timeout-protocol	Validate source and create no-crypto CTest fixture	2026-09-06T07:30:55.8769027Z   Python3_ROOT_DIR: /opt/hostedtoolcache/Python/3.12.14/x64
linux-ctest-timeout-protocol	Validate source and create no-crypto CTest fixture	2026-09-06T07:30:55.8771786Z   LD_LIBRARY_PATH: /opt/hostedtoolcache/Python/3.12.14/x64/lib
linux-ctest-timeout-protocol	Validate source and create no-crypto CTest fixture	2026-09-06T07:30:55.8774129Z ##[endgroup]
linux-ctest-timeout-protocol	Validate source and create no-crypto CTest fixture	2026-09-06T07:30:56.1739883Z {"deepest_status_candidate_characters": 303, "host": "linux", "phase": "prepare", "tests_registered": 61, "timeout_seconds": 2}
linux-ctest-timeout-protocol	Validate source and create no-crypto CTest fixture	2026-09-06T07:30:56.3019074Z -- Configuring done (0.1s)
linux-ctest-timeout-protocol	Validate source and create no-crypto CTest fixture	2026-09-06T07:30:56.3263002Z -- Generating done (0.0s)
linux-ctest-timeout-protocol	Validate source and create no-crypto CTest fixture	2026-09-06T07:30:56.3266002Z -- Build files have been written to: /home/runner/work/_temp/fs-endpoint-ctest-protocol-build-linux-34019353118-1
linux-ctest-timeout-protocol	Run the real one-shot wrapper against Test 61	﻿2026-09-06T07:30:56.3326732Z ##[group]Run set -euo pipefail
linux-ctest-timeout-protocol	Run the real one-shot wrapper against Test 61	2026-09-06T07:30:56.3327448Z ^[[36;1mset -euo pipefail^[[0m
linux-ctest-timeout-protocol	Run the real one-shot wrapper against Test 61	2026-09-06T07:30:56.3328064Z ^[[36;1mfixture_build="$RUNNER_TEMP/fs-endpoint-ctest-protocol-build-linux-${GITHUB_RUN_ID}-${GITHUB_RUN_ATTEMPT}"^[[0m
linux-ctest-timeout-protocol	Run the real one-shot wrapper against Test 61	2026-09-06T07:30:56.3328952Z ^[[36;1mscratch="$RUNNER_TEMP/fs-endpoint-synthetic-ctest-protocol-linux-${GITHUB_RUN_ID}-${GITHUB_RUN_ATTEMPT}"^[[0m
linux-ctest-timeout-protocol	Run the real one-shot wrapper against Test 61	2026-09-06T07:30:56.3329879Z ^[[36;1mwrapper_exit="$RUNNER_TEMP/fs-endpoint-ctest-protocol-wrapper-linux-${GITHUB_RUN_ID}-${GITHUB_RUN_ATTEMPT}.exit"^[[0m
linux-ctest-timeout-protocol	Run the real one-shot wrapper against Test 61	2026-09-06T07:30:56.3330551Z ^[[36;1mtest ! -e "$scratch" && test ! -L "$scratch"^[[0m
linux-ctest-timeout-protocol	Run the real one-shot wrapper against Test 61	2026-09-06T07:30:56.3330904Z ^[[36;1mumask 077^[[0m
linux-ctest-timeout-protocol	Run the real one-shot wrapper against Test 61	2026-09-06T07:30:56.3331184Z ^[[36;1mmkdir -- "$scratch"^[[0m
linux-ctest-timeout-protocol	Run the real one-shot wrapper against Test 61	2026-09-06T07:30:56.3331520Z ^[[36;1mscratch="$(cd "$scratch" && pwd -P)"^[[0m
linux-ctest-timeout-protocol	Run the real one-shot wrapper against Test 61	2026-09-06T07:30:56.3331859Z ^[[36;1mset +e^[[0m
linux-ctest-timeout-protocol	Run the real one-shot wrapper against Test 61	2026-09-06T07:30:56.3332156Z ^[[36;1mbash tests/run_paper_endpoint_once.sh \^[[0m
linux-ctest-timeout-protocol	Run the real one-shot wrapper against Test 61	2026-09-06T07:30:56.3332564Z ^[[36;1m  --scope synthetic --host linux \^[[0m
linux-ctest-timeout-protocol	Run the real one-shot wrapper against Test 61	2026-09-06T07:30:56.3333181Z ^[[36;1m  --build-dir-shell "$fixture_build" \^[[0m
linux-ctest-timeout-protocol	Run the real one-shot wrapper against Test 61	2026-09-06T07:30:56.3333644Z ^[[36;1m  --scratch-shell "$scratch" --scratch-native "$scratch" \^[[0m
linux-ctest-timeout-protocol	Run the real one-shot wrapper against Test 61	2026-09-06T07:30:56.3334156Z ^[[36;1m  --python "$(command -v python)" --ctest "$(command -v ctest)"^[[0m
linux-ctest-timeout-protocol	Run the real one-shot wrapper against Test 61	2026-09-06T07:30:56.3334587Z ^[[36;1mwrapper_status=$?^[[0m
linux-ctest-timeout-protocol	Run the real one-shot wrapper against Test 61	2026-09-06T07:30:56.3334872Z ^[[36;1mset -e^[[0m
linux-ctest-timeout-protocol	Run the real one-shot wrapper against Test 61	2026-09-06T07:30:56.3335190Z ^[[36;1mprintf '%s\n' "$wrapper_status" > "$wrapper_exit"^[[0m
linux-ctest-timeout-protocol	Run the real one-shot wrapper against Test 61	2026-09-06T07:30:56.3335582Z ^[[36;1mexit "$wrapper_status"^[[0m
linux-ctest-timeout-protocol	Run the real one-shot wrapper against Test 61	2026-09-06T07:30:56.3374797Z shell: /usr/bin/bash --noprofile --norc -e -o pipefail {0}
linux-ctest-timeout-protocol	Run the real one-shot wrapper against Test 61	2026-09-06T07:30:56.3375220Z env:
linux-ctest-timeout-protocol	Run the real one-shot wrapper against Test 61	2026-09-06T07:30:56.3375492Z   RUN_ENDPOINT_CTEST_PROTOCOL_GATE: 1
linux-ctest-timeout-protocol	Run the real one-shot wrapper against Test 61	2026-09-06T07:30:56.3375844Z   ENDPOINT_TEST_HOST: linux
linux-ctest-timeout-protocol	Run the real one-shot wrapper against Test 61	2026-09-06T07:30:56.3376223Z   pythonLocation: /opt/hostedtoolcache/Python/3.12.14/x64
linux-ctest-timeout-protocol	Run the real one-shot wrapper against Test 61	2026-09-06T07:30:56.3376713Z   PKG_CONFIG_PATH: /opt/hostedtoolcache/Python/3.12.14/x64/lib/pkgconfig
linux-ctest-timeout-protocol	Run the real one-shot wrapper against Test 61	2026-09-06T07:30:56.3377490Z   Python_ROOT_DIR: /opt/hostedtoolcache/Python/3.12.14/x64
linux-ctest-timeout-protocol	Run the real one-shot wrapper against Test 61	2026-09-06T07:30:56.3377970Z   Python2_ROOT_DIR: /opt/hostedtoolcache/Python/3.12.14/x64
linux-ctest-timeout-protocol	Run the real one-shot wrapper against Test 61	2026-09-06T07:30:56.3378490Z   Python3_ROOT_DIR: /opt/hostedtoolcache/Python/3.12.14/x64
linux-ctest-timeout-protocol	Run the real one-shot wrapper against Test 61	2026-09-06T07:30:56.3378969Z   LD_LIBRARY_PATH: /opt/hostedtoolcache/Python/3.12.14/x64/lib
linux-ctest-timeout-protocol	Run the real one-shot wrapper against Test 61	2026-09-06T07:30:56.3379355Z ##[endgroup]
linux-ctest-timeout-protocol	Run the real one-shot wrapper against Test 61	2026-09-06T07:30:56.8324593Z Internal ctest changing into directory: /home/runner/work/_temp/fs-endpoint-ctest-protocol-build-linux-34019353118-1
linux-ctest-timeout-protocol	Run the real one-shot wrapper against Test 61	2026-09-06T07:30:56.8326019Z UpdateCTestConfiguration  from :/home/runner/work/_temp/fs-endpoint-ctest-protocol-build-linux-34019353118-1/DartConfiguration.tcl
linux-ctest-timeout-protocol	Run the real one-shot wrapper against Test 61	2026-09-06T07:30:56.8978089Z UpdateCTestConfiguration  from :/home/runner/work/_temp/fs-endpoint-ctest-protocol-build-linux-34019353118-1/DartConfiguration.tcl
linux-ctest-timeout-protocol	Run the real one-shot wrapper against Test 61	2026-09-06T07:30:56.9020899Z Test project /home/runner/work/_temp/fs-endpoint-ctest-protocol-build-linux-34019353118-1
linux-ctest-timeout-protocol	Run the real one-shot wrapper against Test 61	2026-09-06T07:30:56.9028178Z Constructing a list of tests
linux-ctest-timeout-protocol	Run the real one-shot wrapper against Test 61	2026-09-06T07:30:56.9182750Z Done constructing a list of tests
linux-ctest-timeout-protocol	Run the real one-shot wrapper against Test 61	2026-09-06T07:30:56.9183368Z Updating test list for fixtures
linux-ctest-timeout-protocol	Run the real one-shot wrapper against Test 61	2026-09-06T07:30:56.9183759Z Added 0 tests to meet fixture requirements
linux-ctest-timeout-protocol	Run the real one-shot wrapper against Test 61	2026-09-06T07:30:56.9334357Z Checking test dependency graph...
linux-ctest-timeout-protocol	Run the real one-shot wrapper against Test 61	2026-09-06T07:30:56.9334911Z Checking test dependency graph end
linux-ctest-timeout-protocol	Run the real one-shot wrapper against Test 61	2026-09-06T07:30:56.9456665Z test 61
linux-ctest-timeout-protocol	Run the real one-shot wrapper against Test 61	2026-09-06T07:30:56.9457484Z     Start 61: paper_full_eight_square_contract
linux-ctest-timeout-protocol	Run the real one-shot wrapper against Test 61	2026-09-06T07:30:56.9457832Z 
linux-ctest-timeout-protocol	Run the real one-shot wrapper against Test 61	2026-09-06T07:30:56.9459011Z 61: Test command: /opt/hostedtoolcache/Python/3.12.14/x64/bin/python "-B" "/home/runner/work/20231788./20231788./tests/paper_endpoint_ctest_protocol_gate.py" "emit-timeout" "--marker" "/home/runner/work/_temp/fs-endpoint-ctest-protocol-marker-linux-34019353118-1"
linux-ctest-timeout-protocol	Run the real one-shot wrapper against Test 61	2026-09-06T07:30:56.9460713Z 61: Working Directory: /home/runner/work/_temp/fs-endpoint-ctest-protocol-build-linux-34019353118-1
linux-ctest-timeout-protocol	Run the real one-shot wrapper against Test 61	2026-09-06T07:30:56.9507717Z 61: Test timeout computed to be: 2
linux-ctest-timeout-protocol	Run the real one-shot wrapper against Test 61	2026-09-06T07:30:56.9942802Z 61: CTEST_PROTOCOL_SENTINEL host=linux run=34019353118 attempt=1
linux-ctest-timeout-protocol	Run the real one-shot wrapper against Test 61	2026-09-06T07:30:58.9517338Z 1/1 Test #61: paper_full_eight_square_contract ...***Timeout   2.00 sec
linux-ctest-timeout-protocol	Run the real one-shot wrapper against Test 61	2026-09-06T07:30:58.9518095Z CTEST_PROTOCOL_SENTINEL host=linux run=34019353118 attempt=1
linux-ctest-timeout-protocol	Run the real one-shot wrapper against Test 61	2026-09-06T07:30:58.9518439Z 
linux-ctest-timeout-protocol	Run the real one-shot wrapper against Test 61	2026-09-06T07:30:58.9578919Z 
linux-ctest-timeout-protocol	Run the real one-shot wrapper against Test 61	2026-09-06T07:30:58.9579184Z 0% tests passed, 1 tests failed out of 1
linux-ctest-timeout-protocol	Run the real one-shot wrapper against Test 61	2026-09-06T07:30:58.9579556Z 
linux-ctest-timeout-protocol	Run the real one-shot wrapper against Test 61	2026-09-06T07:30:58.9579715Z Total Test time (real) =   2.06 sec
linux-ctest-timeout-protocol	Run the real one-shot wrapper against Test 61	2026-09-06T07:30:58.9580041Z 
linux-ctest-timeout-protocol	Run the real one-shot wrapper against Test 61	2026-09-06T07:30:58.9580270Z The following tests FAILED:
linux-ctest-timeout-protocol	Run the real one-shot wrapper against Test 61	2026-09-06T07:30:58.9588005Z 	 61 - paper_full_eight_square_contract (Timeout)
linux-ctest-timeout-protocol	Run the real one-shot wrapper against Test 61	2026-09-06T07:30:58.9588674Z Errors while running CTest
linux-ctest-timeout-protocol	Run the real one-shot wrapper against Test 61	2026-09-06T07:30:59.1220139Z ##[error]Process completed with exit code 8.
linux-ctest-timeout-protocol	Render bounded escaped CTest transport	﻿2026-09-06T07:30:59.1271271Z ##[group]Run set -euo pipefail
linux-ctest-timeout-protocol	Render bounded escaped CTest transport	2026-09-06T07:30:59.1271608Z ^[[36;1mset -euo pipefail^[[0m
linux-ctest-timeout-protocol	Render bounded escaped CTest transport	2026-09-06T07:30:59.1272131Z ^[[36;1mscratch="$RUNNER_TEMP/fs-endpoint-synthetic-ctest-protocol-linux-${GITHUB_RUN_ID}-${GITHUB_RUN_ATTEMPT}"^[[0m
linux-ctest-timeout-protocol	Render bounded escaped CTest transport	2026-09-06T07:30:59.1272959Z ^[[36;1mpython -B tests/paper_endpoint_ctest_protocol_gate.py inspect \^[[0m
linux-ctest-timeout-protocol	Render bounded escaped CTest transport	2026-09-06T07:30:59.1273408Z ^[[36;1m  --primary-log "$scratch/primary.ctest.log" \^[[0m
linux-ctest-timeout-protocol	Render bounded escaped CTest transport	2026-09-06T07:30:59.1274016Z ^[[36;1m  --marker "$RUNNER_TEMP/fs-endpoint-ctest-protocol-marker-linux-${GITHUB_RUN_ID}-${GITHUB_RUN_ATTEMPT}" \^[[0m
linux-ctest-timeout-protocol	Render bounded escaped CTest transport	2026-09-06T07:30:59.1274851Z ^[[36;1m  --wrapper-exit "$RUNNER_TEMP/fs-endpoint-ctest-protocol-wrapper-linux-${GITHUB_RUN_ID}-${GITHUB_RUN_ATTEMPT}.exit"^[[0m
linux-ctest-timeout-protocol	Render bounded escaped CTest transport	2026-09-06T07:30:59.1311084Z shell: /usr/bin/bash --noprofile --norc -e -o pipefail {0}
linux-ctest-timeout-protocol	Render bounded escaped CTest transport	2026-09-06T07:30:59.1311429Z env:
linux-ctest-timeout-protocol	Render bounded escaped CTest transport	2026-09-06T07:30:59.1311653Z   RUN_ENDPOINT_CTEST_PROTOCOL_GATE: 1
linux-ctest-timeout-protocol	Render bounded escaped CTest transport	2026-09-06T07:30:59.1311928Z   ENDPOINT_TEST_HOST: linux
linux-ctest-timeout-protocol	Render bounded escaped CTest transport	2026-09-06T07:30:59.1312234Z   pythonLocation: /opt/hostedtoolcache/Python/3.12.14/x64
linux-ctest-timeout-protocol	Render bounded escaped CTest transport	2026-09-06T07:30:59.1312707Z   PKG_CONFIG_PATH: /opt/hostedtoolcache/Python/3.12.14/x64/lib/pkgconfig
linux-ctest-timeout-protocol	Render bounded escaped CTest transport	2026-09-06T07:30:59.1313141Z   Python_ROOT_DIR: /opt/hostedtoolcache/Python/3.12.14/x64
linux-ctest-timeout-protocol	Render bounded escaped CTest transport	2026-09-06T07:30:59.1313547Z   Python2_ROOT_DIR: /opt/hostedtoolcache/Python/3.12.14/x64
linux-ctest-timeout-protocol	Render bounded escaped CTest transport	2026-09-06T07:30:59.1313935Z   Python3_ROOT_DIR: /opt/hostedtoolcache/Python/3.12.14/x64
linux-ctest-timeout-protocol	Render bounded escaped CTest transport	2026-09-06T07:30:59.1314321Z   LD_LIBRARY_PATH: /opt/hostedtoolcache/Python/3.12.14/x64/lib
linux-ctest-timeout-protocol	Render bounded escaped CTest transport	2026-09-06T07:30:59.1314651Z ##[endgroup]
linux-ctest-timeout-protocol	Render bounded escaped CTest transport	2026-09-06T07:30:59.1821553Z {"crlf_count": 0, "escaped_lines": [{"bytes_repr": "b'Internal ctest changing into directory: /home/runner/work/_temp/fs-endpoint-ctest-protocol-build-linux-34019353118-1\\n'", "line": 1, "truncated": false}, {"bytes_repr": "b'UpdateCTestConfiguration  from :/home/runner/work/_temp/fs-endpoint-ctest-protocol-build-linux-34019353118-1/DartConfiguration.tcl\\n'", "line": 2, "truncated": false}, {"bytes_repr": "b'UpdateCTestConfiguration  from :/home/runner/work/_temp/fs-endpoint-ctest-protocol-build-linux-34019353118-1/DartConfiguration.tcl\\n'", "line": 3, "truncated": false}, {"bytes_repr": "b'Test project /home/runner/work/_temp/fs-endpoint-ctest-protocol-build-linux-34019353118-1\\n'", "line": 4, "truncated": false}, {"bytes_repr": "b'Constructing a list of tests\\n'", "line": 5, "truncated": false}, {"bytes_repr": "b'Done constructing a list of tests\\n'", "line": 6, "truncated": false}, {"bytes_repr": "b'Updating test list for fixtures\\n'", "line": 7, "truncated": false}, {"bytes_repr": "b'Added 0 tests to meet fixture requirements\\n'", "line": 8, "truncated": false}, {"bytes_repr": "b'Checking test dependency graph...\\n'", "line": 9, "truncated": false}, {"bytes_repr": "b'Checking test dependency graph end\\n'", "line": 10, "truncated": false}, {"bytes_repr": "b'test 61\\n'", "line": 11, "truncated": false}, {"bytes_repr": "b'    Start 61: paper_full_eight_square_contract\\n'", "line": 12, "truncated": false}, {"bytes_repr": "b'\\n'", "line": 13, "truncated": false}, {"bytes_repr": "b'61: Test command: /opt/hostedtoolcache/Python/3.12.14/x64/bin/python \"-B\" \"/home/runner/work/20231788./20231788./tests/paper_endpoint_ctest_protocol_gate.py\" \"emit-timeout\" \"--marker\" \"/home/runner/work/_temp/fs-endpoint-ctest-protocol-marker-linux-34019353118-1\"\\n'", "line": 14, "truncated": false}, {"bytes_repr": "b'61: Working Directory: /home/runner/work/_temp/fs-endpoint-ctest-protocol-build-linux-34019353118-1\\n'", "line": 15, "truncated": false}, {"bytes_repr": "b'61: Test timeout computed to be: 2\\n'", "line": 16, "truncated": false}, {"bytes_repr": "b'61: CTEST_PROTOCOL_SENTINEL host=linux run=34019353118 attempt=1\\n'", "line": 17, "truncated": false}, {"bytes_repr": "b'1/1 Test #61: paper_full_eight_square_contract ...***Timeout   2.00 sec\\n'", "line": 18, "truncated": false}, {"bytes_repr": "b'CTEST_PROTOCOL_SENTINEL host=linux run=34019353118 attempt=1\\n'", "line": 19, "truncated": false}, {"bytes_repr": "b'\\n'", "line": 20, "truncated": false}, {"bytes_repr": "b'\\n'", "line": 21, "truncated": false}, {"bytes_repr": "b'0% tests passed, 1 tests failed out of 1\\n'", "line": 22, "truncated": false}, {"bytes_repr": "b'\\n'", "line": 23, "truncated": false}, {"bytes_repr": "b'Total Test time (real) =   2.06 sec\\n'", "line": 24, "truncated": false}, {"bytes_repr": "b'\\n'", "line": 25, "truncated": false}, {"bytes_repr": "b'The following tests FAILED:\\n'", "line": 26, "truncated": false}, {"bytes_repr": "b'\\t 61 - paper_full_eight_square_contract (Timeout)\\n'", "line": 27, "truncated": false}, {"bytes_repr": "b'Errors while running CTest\\n'", "line": 28, "truncated": false}], "host": "linux", "lf_count": 28, "line_count": 28, "phase": "inspect", "primary_bytes": 1515, "primary_sha256": "1147f726a1fccd535f8bb048fe1be5b085441efe3a37d65499c4b3665b881ced", "wrapper_exit": 8}
linux-ctest-timeout-protocol	Select exact synthetic status after wrapper failure	﻿2026-09-06T07:30:59.1893839Z ##[group]Run set -euo pipefail
linux-ctest-timeout-protocol	Select exact synthetic status after wrapper failure	2026-09-06T07:30:59.1894183Z ^[[36;1mset -euo pipefail^[[0m
linux-ctest-timeout-protocol	Select exact synthetic status after wrapper failure	2026-09-06T07:30:59.1894709Z ^[[36;1mscratch="$RUNNER_TEMP/fs-endpoint-synthetic-ctest-protocol-linux-${GITHUB_RUN_ID}-${GITHUB_RUN_ATTEMPT}"^[[0m
linux-ctest-timeout-protocol	Select exact synthetic status after wrapper failure	2026-09-06T07:30:59.1895292Z ^[[36;1mmanifest="$scratch/upload-paths.txt"^[[0m
linux-ctest-timeout-protocol	Select exact synthetic status after wrapper failure	2026-09-06T07:30:59.1895664Z ^[[36;1mpython -B tests/paper_endpoint_finalizer.py select \^[[0m
linux-ctest-timeout-protocol	Select exact synthetic status after wrapper failure	2026-09-06T07:30:59.1896095Z ^[[36;1m  --source-commit "$GITHUB_SHA" --host linux \^[[0m
linux-ctest-timeout-protocol	Select exact synthetic status after wrapper failure	2026-09-06T07:30:59.1896575Z ^[[36;1m  --github-run-id "$GITHUB_RUN_ID" --github-run-attempt "$GITHUB_RUN_ATTEMPT" \^[[0m
linux-ctest-timeout-protocol	Select exact synthetic status after wrapper failure	2026-09-06T07:30:59.1897438Z ^[[36;1m  --published-parent "$scratch/published" --manifest "$manifest"^[[0m
linux-ctest-timeout-protocol	Select exact synthetic status after wrapper failure	2026-09-06T07:30:59.1897815Z ^[[36;1m{^[[0m
linux-ctest-timeout-protocol	Select exact synthetic status after wrapper failure	2026-09-06T07:30:59.1898031Z ^[[36;1m  echo 'paths<<FS_ENDPOINT_PATHS'^[[0m
linux-ctest-timeout-protocol	Select exact synthetic status after wrapper failure	2026-09-06T07:30:59.1898325Z ^[[36;1m  cat -- "$manifest"^[[0m
linux-ctest-timeout-protocol	Select exact synthetic status after wrapper failure	2026-09-06T07:30:59.1898582Z ^[[36;1m  echo 'FS_ENDPOINT_PATHS'^[[0m
linux-ctest-timeout-protocol	Select exact synthetic status after wrapper failure	2026-09-06T07:30:59.1898845Z ^[[36;1m} >> "$GITHUB_OUTPUT"^[[0m
linux-ctest-timeout-protocol	Select exact synthetic status after wrapper failure	2026-09-06T07:30:59.1935369Z shell: /usr/bin/bash --noprofile --norc -e -o pipefail {0}
linux-ctest-timeout-protocol	Select exact synthetic status after wrapper failure	2026-09-06T07:30:59.1935718Z env:
linux-ctest-timeout-protocol	Select exact synthetic status after wrapper failure	2026-09-06T07:30:59.1935928Z   RUN_ENDPOINT_CTEST_PROTOCOL_GATE: 1
linux-ctest-timeout-protocol	Select exact synthetic status after wrapper failure	2026-09-06T07:30:59.1936199Z   ENDPOINT_TEST_HOST: linux
linux-ctest-timeout-protocol	Select exact synthetic status after wrapper failure	2026-09-06T07:30:59.1936526Z   pythonLocation: /opt/hostedtoolcache/Python/3.12.14/x64
linux-ctest-timeout-protocol	Select exact synthetic status after wrapper failure	2026-09-06T07:30:59.1937286Z   PKG_CONFIG_PATH: /opt/hostedtoolcache/Python/3.12.14/x64/lib/pkgconfig
linux-ctest-timeout-protocol	Select exact synthetic status after wrapper failure	2026-09-06T07:30:59.1937734Z   Python_ROOT_DIR: /opt/hostedtoolcache/Python/3.12.14/x64
linux-ctest-timeout-protocol	Select exact synthetic status after wrapper failure	2026-09-06T07:30:59.1938112Z   Python2_ROOT_DIR: /opt/hostedtoolcache/Python/3.12.14/x64
linux-ctest-timeout-protocol	Select exact synthetic status after wrapper failure	2026-09-06T07:30:59.1938493Z   Python3_ROOT_DIR: /opt/hostedtoolcache/Python/3.12.14/x64
linux-ctest-timeout-protocol	Select exact synthetic status after wrapper failure	2026-09-06T07:30:59.1938877Z   LD_LIBRARY_PATH: /opt/hostedtoolcache/Python/3.12.14/x64/lib
linux-ctest-timeout-protocol	Select exact synthetic status after wrapper failure	2026-09-06T07:30:59.1939211Z ##[endgroup]
linux-ctest-timeout-protocol	Validate status-only allowlist before upload	﻿2026-09-06T07:30:59.3127937Z ##[group]Run set -euo pipefail
linux-ctest-timeout-protocol	Validate status-only allowlist before upload	2026-09-06T07:30:59.3128357Z ^[[36;1mset -euo pipefail^[[0m
linux-ctest-timeout-protocol	Validate status-only allowlist before upload	2026-09-06T07:30:59.3128901Z ^[[36;1mscratch="$RUNNER_TEMP/fs-endpoint-synthetic-ctest-protocol-linux-${GITHUB_RUN_ID}-${GITHUB_RUN_ATTEMPT}"^[[0m
linux-ctest-timeout-protocol	Validate status-only allowlist before upload	2026-09-06T07:30:59.3129613Z ^[[36;1mpython -B tests/paper_endpoint_ctest_protocol_gate.py validate-selection \^[[0m
linux-ctest-timeout-protocol	Validate status-only allowlist before upload	2026-09-06T07:30:59.3130146Z ^[[36;1m  --scratch "$scratch" --manifest "$scratch/upload-paths.txt" \^[[0m
linux-ctest-timeout-protocol	Validate status-only allowlist before upload	2026-09-06T07:30:59.3130833Z ^[[36;1m  --wrapper-exit "$RUNNER_TEMP/fs-endpoint-ctest-protocol-wrapper-linux-${GITHUB_RUN_ID}-${GITHUB_RUN_ATTEMPT}.exit"^[[0m
linux-ctest-timeout-protocol	Validate status-only allowlist before upload	2026-09-06T07:30:59.3167657Z shell: /usr/bin/bash --noprofile --norc -e -o pipefail {0}
linux-ctest-timeout-protocol	Validate status-only allowlist before upload	2026-09-06T07:30:59.3168029Z env:
linux-ctest-timeout-protocol	Validate status-only allowlist before upload	2026-09-06T07:30:59.3168248Z   RUN_ENDPOINT_CTEST_PROTOCOL_GATE: 1
linux-ctest-timeout-protocol	Validate status-only allowlist before upload	2026-09-06T07:30:59.3168537Z   ENDPOINT_TEST_HOST: linux
linux-ctest-timeout-protocol	Validate status-only allowlist before upload	2026-09-06T07:30:59.3168859Z   pythonLocation: /opt/hostedtoolcache/Python/3.12.14/x64
linux-ctest-timeout-protocol	Validate status-only allowlist before upload	2026-09-06T07:30:59.3169326Z   PKG_CONFIG_PATH: /opt/hostedtoolcache/Python/3.12.14/x64/lib/pkgconfig
linux-ctest-timeout-protocol	Validate status-only allowlist before upload	2026-09-06T07:30:59.3169843Z   Python_ROOT_DIR: /opt/hostedtoolcache/Python/3.12.14/x64
linux-ctest-timeout-protocol	Validate status-only allowlist before upload	2026-09-06T07:30:59.3170245Z   Python2_ROOT_DIR: /opt/hostedtoolcache/Python/3.12.14/x64
linux-ctest-timeout-protocol	Validate status-only allowlist before upload	2026-09-06T07:30:59.3170645Z   Python3_ROOT_DIR: /opt/hostedtoolcache/Python/3.12.14/x64
linux-ctest-timeout-protocol	Validate status-only allowlist before upload	2026-09-06T07:30:59.3171051Z   LD_LIBRARY_PATH: /opt/hostedtoolcache/Python/3.12.14/x64/lib
linux-ctest-timeout-protocol	Validate status-only allowlist before upload	2026-09-06T07:30:59.3171396Z ##[endgroup]
linux-ctest-timeout-protocol	Validate status-only allowlist before upload	2026-09-06T07:30:59.3670748Z {"phase": "validate-selection", "reason_before_strict_gate": "TIMEOUT", "status_sha256": "1c4ccdad16c21e11373750a079ffd8f79869cdc0fdf03080407f29120ed4b454", "stem": "fs-residual-endpoint-01.v1-r1.3897832bdaf95c05062f1bcec161b929e60d1ede.linux.34019353118.1"}
linux-ctest-timeout-protocol	Upload the one validated synthetic status	﻿2026-09-06T07:30:59.3813010Z Node 20 is being deprecated. This workflow is running with Node 24 by default. If you need to temporarily use Node 20, you can set the ACTIONS_ALLOW_USE_UNSECURE_NODE_VERSION=true environment variable. For more information see: https://github.blog/changelog/2025-09-19-deprecation-of-node-20-on-github-actions-runners/
linux-ctest-timeout-protocol	Upload the one validated synthetic status	2026-09-06T07:30:59.3814430Z ##[group]Run actions/upload-artifact@ea165f8d65b6e75b540449e92b4886f43607fa02
linux-ctest-timeout-protocol	Upload the one validated synthetic status	2026-09-06T07:30:59.3814814Z with:
linux-ctest-timeout-protocol	Upload the one validated synthetic status	2026-09-06T07:30:59.3815109Z   name: fs-endpoint-synthetic-ctest-protocol-linux-34019353118-1
linux-ctest-timeout-protocol	Upload the one validated synthetic status	2026-09-06T07:30:59.3816454Z   path: /home/runner/work/_temp/fs-endpoint-synthetic-ctest-protocol-linux-34019353118-1/published/fs-residual-endpoint-01.v1-r1.3897832bdaf95c05062f1bcec161b929e60d1ede.linux.34019353118.1/fs-residual-endpoint-01.v1-r1.3897832bdaf95c05062f1bcec161b929e60d1ede.linux.34019353118.1.status.json
linux-ctest-timeout-protocol	Upload the one validated synthetic status	2026-09-06T07:30:59.3818130Z   if-no-files-found: error
linux-ctest-timeout-protocol	Upload the one validated synthetic status	2026-09-06T07:30:59.3818384Z   compression-level: 0
linux-ctest-timeout-protocol	Upload the one validated synthetic status	2026-09-06T07:30:59.3818604Z   retention-days: 1
linux-ctest-timeout-protocol	Upload the one validated synthetic status	2026-09-06T07:30:59.3818834Z   overwrite: false
linux-ctest-timeout-protocol	Upload the one validated synthetic status	2026-09-06T07:30:59.3819052Z   include-hidden-files: false
linux-ctest-timeout-protocol	Upload the one validated synthetic status	2026-09-06T07:30:59.3819288Z env:
linux-ctest-timeout-protocol	Upload the one validated synthetic status	2026-09-06T07:30:59.3819493Z   RUN_ENDPOINT_CTEST_PROTOCOL_GATE: 1
linux-ctest-timeout-protocol	Upload the one validated synthetic status	2026-09-06T07:30:59.3819762Z   ENDPOINT_TEST_HOST: linux
linux-ctest-timeout-protocol	Upload the one validated synthetic status	2026-09-06T07:30:59.3820065Z   pythonLocation: /opt/hostedtoolcache/Python/3.12.14/x64
linux-ctest-timeout-protocol	Upload the one validated synthetic status	2026-09-06T07:30:59.3820489Z   PKG_CONFIG_PATH: /opt/hostedtoolcache/Python/3.12.14/x64/lib/pkgconfig
linux-ctest-timeout-protocol	Upload the one validated synthetic status	2026-09-06T07:30:59.3820923Z   Python_ROOT_DIR: /opt/hostedtoolcache/Python/3.12.14/x64
linux-ctest-timeout-protocol	Upload the one validated synthetic status	2026-09-06T07:30:59.3821302Z   Python2_ROOT_DIR: /opt/hostedtoolcache/Python/3.12.14/x64
linux-ctest-timeout-protocol	Upload the one validated synthetic status	2026-09-06T07:30:59.3821674Z   Python3_ROOT_DIR: /opt/hostedtoolcache/Python/3.12.14/x64
linux-ctest-timeout-protocol	Upload the one validated synthetic status	2026-09-06T07:30:59.3822061Z   LD_LIBRARY_PATH: /opt/hostedtoolcache/Python/3.12.14/x64/lib
linux-ctest-timeout-protocol	Upload the one validated synthetic status	2026-09-06T07:30:59.3822387Z ##[endgroup]
linux-ctest-timeout-protocol	Upload the one validated synthetic status	2026-09-06T07:30:59.5508924Z (node:2389) [DEP0040] DeprecationWarning: The `punycode` module is deprecated. Please use a userland alternative instead.
linux-ctest-timeout-protocol	Upload the one validated synthetic status	2026-09-06T07:30:59.5509806Z (Use `node --trace-deprecation ...` to show where the warning was created)
linux-ctest-timeout-protocol	Upload the one validated synthetic status	2026-09-06T07:30:59.5559032Z With the provided path, there will be 1 file uploaded
linux-ctest-timeout-protocol	Upload the one validated synthetic status	2026-09-06T07:30:59.5567146Z Artifact name is valid!
linux-ctest-timeout-protocol	Upload the one validated synthetic status	2026-09-06T07:30:59.5568094Z Root directory input is valid!
linux-ctest-timeout-protocol	Upload the one validated synthetic status	2026-09-06T07:30:59.9357693Z Beginning upload of artifact content to blob storage
linux-ctest-timeout-protocol	Upload the one validated synthetic status	2026-09-06T07:30:59.9535662Z (node:2389) [DEP0169] DeprecationWarning: `url.parse()` behavior is not standardized and prone to errors that have security implications. Use the WHATWG URL API instead. CVEs are not issued for `url.parse()` vulnerabilities.
linux-ctest-timeout-protocol	Upload the one validated synthetic status	2026-09-06T07:31:00.2382199Z Uploaded bytes 1351
linux-ctest-timeout-protocol	Upload the one validated synthetic status	2026-09-06T07:31:00.3180149Z Finished uploading artifact content to blob storage!
linux-ctest-timeout-protocol	Upload the one validated synthetic status	2026-09-06T07:31:00.3181649Z SHA256 digest of uploaded artifact zip is 83e83fe8bde27246bbb445ada568de29624a831d88ed86a9267900ff5e287ec6
linux-ctest-timeout-protocol	Upload the one validated synthetic status	2026-09-06T07:31:00.3183124Z Finalizing artifact upload
linux-ctest-timeout-protocol	Upload the one validated synthetic status	2026-09-06T07:31:00.6415174Z Artifact fs-endpoint-synthetic-ctest-protocol-linux-34019353118-1.zip successfully finalized. Artifact ID 9984951229
linux-ctest-timeout-protocol	Upload the one validated synthetic status	2026-09-06T07:31:00.6417472Z Artifact fs-endpoint-synthetic-ctest-protocol-linux-34019353118-1 has been successfully uploaded! Final size is 1351 bytes. Artifact ID is 9984951229
linux-ctest-timeout-protocol	Upload the one validated synthetic status	2026-09-06T07:31:00.6419220Z Artifact download URL: https://github.com/leemaple/20231788./actions/runs/34019353118/artifacts/9984951229
linux-ctest-timeout-protocol	Download the exact synthetic status	﻿2026-09-06T07:31:00.6550166Z Node 20 is being deprecated. This workflow is running with Node 24 by default. If you need to temporarily use Node 20, you can set the ACTIONS_ALLOW_USE_UNSECURE_NODE_VERSION=true environment variable. For more information see: https://github.blog/changelog/2025-09-19-deprecation-of-node-20-on-github-actions-runners/
linux-ctest-timeout-protocol	Download the exact synthetic status	2026-09-06T07:31:00.6551598Z ##[group]Run actions/download-artifact@d3f86a106a0bac45b974a628896c90dbdf5c8093
linux-ctest-timeout-protocol	Download the exact synthetic status	2026-09-06T07:31:00.6552163Z with:
linux-ctest-timeout-protocol	Download the exact synthetic status	2026-09-06T07:31:00.6552480Z   name: fs-endpoint-synthetic-ctest-protocol-linux-34019353118-1
linux-ctest-timeout-protocol	Download the exact synthetic status	2026-09-06T07:31:00.6553040Z   path: /home/runner/work/_temp/fs-endpoint-ctest-protocol-download-linux-34019353118-1
linux-ctest-timeout-protocol	Download the exact synthetic status	2026-09-06T07:31:00.6553489Z   merge-multiple: false
linux-ctest-timeout-protocol	Download the exact synthetic status	2026-09-06T07:31:00.6553736Z   repository: leemaple/20231788.
linux-ctest-timeout-protocol	Download the exact synthetic status	2026-09-06T07:31:00.6553987Z   run-id: 34019353118
linux-ctest-timeout-protocol	Download the exact synthetic status	2026-09-06T07:31:00.6554204Z env:
linux-ctest-timeout-protocol	Download the exact synthetic status	2026-09-06T07:31:00.6554414Z   RUN_ENDPOINT_CTEST_PROTOCOL_GATE: 1
linux-ctest-timeout-protocol	Download the exact synthetic status	2026-09-06T07:31:00.6554696Z   ENDPOINT_TEST_HOST: linux
linux-ctest-timeout-protocol	Download the exact synthetic status	2026-09-06T07:31:00.6555039Z   pythonLocation: /opt/hostedtoolcache/Python/3.12.14/x64
linux-ctest-timeout-protocol	Download the exact synthetic status	2026-09-06T07:31:00.6555491Z   PKG_CONFIG_PATH: /opt/hostedtoolcache/Python/3.12.14/x64/lib/pkgconfig
linux-ctest-timeout-protocol	Download the exact synthetic status	2026-09-06T07:31:00.6555945Z   Python_ROOT_DIR: /opt/hostedtoolcache/Python/3.12.14/x64
linux-ctest-timeout-protocol	Download the exact synthetic status	2026-09-06T07:31:00.6556369Z   Python2_ROOT_DIR: /opt/hostedtoolcache/Python/3.12.14/x64
linux-ctest-timeout-protocol	Download the exact synthetic status	2026-09-06T07:31:00.6557080Z   Python3_ROOT_DIR: /opt/hostedtoolcache/Python/3.12.14/x64
linux-ctest-timeout-protocol	Download the exact synthetic status	2026-09-06T07:31:00.6557513Z   LD_LIBRARY_PATH: /opt/hostedtoolcache/Python/3.12.14/x64/lib
linux-ctest-timeout-protocol	Download the exact synthetic status	2026-09-06T07:31:00.6557860Z ##[endgroup]
linux-ctest-timeout-protocol	Download the exact synthetic status	2026-09-06T07:31:00.8079141Z Downloading single artifact
linux-ctest-timeout-protocol	Download the exact synthetic status	2026-09-06T07:31:00.8232546Z (node:2401) [DEP0040] DeprecationWarning: The `punycode` module is deprecated. Please use a userland alternative instead.
linux-ctest-timeout-protocol	Download the exact synthetic status	2026-09-06T07:31:00.8233886Z (Use `node --trace-deprecation ...` to show where the warning was created)
linux-ctest-timeout-protocol	Download the exact synthetic status	2026-09-06T07:31:01.0812620Z Preparing to download the following artifacts:
linux-ctest-timeout-protocol	Download the exact synthetic status	2026-09-06T07:31:01.0814069Z - fs-endpoint-synthetic-ctest-protocol-linux-34019353118-1 (ID: 9984951229, Size: 1351, Expected Digest: sha256:83e83fe8bde27246bbb445ada568de29624a831d88ed86a9267900ff5e287ec6)
linux-ctest-timeout-protocol	Download the exact synthetic status	2026-09-06T07:31:01.3351640Z Redirecting to blob download url: https://productionresultssa18.blob.core.windows.net/actions-results/0de2b13c-ba33-4103-a2a4-a3ab9d7acacc/workflow-job-run-70af4eeb-4e39-571b-a473-8825931d541a/artifacts/91e386b022271a2247c8e83b59329199f8621955bb6dc5dec0356e828355e73d.zip
linux-ctest-timeout-protocol	Download the exact synthetic status	2026-09-06T07:31:01.3353845Z Starting download of artifact to: /home/runner/work/_temp/fs-endpoint-ctest-protocol-download-linux-34019353118-1
linux-ctest-timeout-protocol	Download the exact synthetic status	2026-09-06T07:31:01.6217911Z (node:2401) [DEP0005] DeprecationWarning: Buffer() is deprecated due to security and usability issues. Please use the Buffer.alloc(), Buffer.allocUnsafe(), or Buffer.from() methods instead.
linux-ctest-timeout-protocol	Download the exact synthetic status	2026-09-06T07:31:01.6274764Z SHA256 digest of downloaded artifact is 83e83fe8bde27246bbb445ada568de29624a831d88ed86a9267900ff5e287ec6
linux-ctest-timeout-protocol	Download the exact synthetic status	2026-09-06T07:31:01.6275793Z Artifact download completed successfully.
linux-ctest-timeout-protocol	Download the exact synthetic status	2026-09-06T07:31:01.6276354Z Total of 1 artifact(s) downloaded
linux-ctest-timeout-protocol	Download the exact synthetic status	2026-09-06T07:31:01.6281546Z Download artifact has finished successfully
linux-ctest-timeout-protocol	Require TIMEOUT after status transport	﻿2026-09-06T07:31:01.6391038Z ##[group]Run set -euo pipefail
linux-ctest-timeout-protocol	Require TIMEOUT after status transport	2026-09-06T07:31:01.6391389Z ^[[36;1mset -euo pipefail^[[0m
linux-ctest-timeout-protocol	Require TIMEOUT after status transport	2026-09-06T07:31:01.6391933Z ^[[36;1mscratch="$RUNNER_TEMP/fs-endpoint-synthetic-ctest-protocol-linux-${GITHUB_RUN_ID}-${GITHUB_RUN_ATTEMPT}"^[[0m
linux-ctest-timeout-protocol	Require TIMEOUT after status transport	2026-09-06T07:31:01.6392659Z ^[[36;1mpython -B tests/paper_endpoint_ctest_protocol_gate.py verify-timeout \^[[0m
linux-ctest-timeout-protocol	Require TIMEOUT after status transport	2026-09-06T07:31:01.6393207Z ^[[36;1m  --scratch "$scratch" --manifest "$scratch/upload-paths.txt" \^[[0m
linux-ctest-timeout-protocol	Require TIMEOUT after status transport	2026-09-06T07:31:01.6393931Z ^[[36;1m  --wrapper-exit "$RUNNER_TEMP/fs-endpoint-ctest-protocol-wrapper-linux-${GITHUB_RUN_ID}-${GITHUB_RUN_ATTEMPT}.exit" \^[[0m
linux-ctest-timeout-protocol	Require TIMEOUT after status transport	2026-09-06T07:31:01.6394827Z ^[[36;1m  --downloaded "$RUNNER_TEMP/fs-endpoint-ctest-protocol-download-linux-${GITHUB_RUN_ID}-${GITHUB_RUN_ATTEMPT}"^[[0m
linux-ctest-timeout-protocol	Require TIMEOUT after status transport	2026-09-06T07:31:01.6431874Z shell: /usr/bin/bash --noprofile --norc -e -o pipefail {0}
linux-ctest-timeout-protocol	Require TIMEOUT after status transport	2026-09-06T07:31:01.6432234Z env:
linux-ctest-timeout-protocol	Require TIMEOUT after status transport	2026-09-06T07:31:01.6432449Z   RUN_ENDPOINT_CTEST_PROTOCOL_GATE: 1
linux-ctest-timeout-protocol	Require TIMEOUT after status transport	2026-09-06T07:31:01.6432735Z   ENDPOINT_TEST_HOST: linux
linux-ctest-timeout-protocol	Require TIMEOUT after status transport	2026-09-06T07:31:01.6433090Z   pythonLocation: /opt/hostedtoolcache/Python/3.12.14/x64
linux-ctest-timeout-protocol	Require TIMEOUT after status transport	2026-09-06T07:31:01.6433545Z   PKG_CONFIG_PATH: /opt/hostedtoolcache/Python/3.12.14/x64/lib/pkgconfig
linux-ctest-timeout-protocol	Require TIMEOUT after status transport	2026-09-06T07:31:01.6434008Z   Python_ROOT_DIR: /opt/hostedtoolcache/Python/3.12.14/x64
linux-ctest-timeout-protocol	Require TIMEOUT after status transport	2026-09-06T07:31:01.6434402Z   Python2_ROOT_DIR: /opt/hostedtoolcache/Python/3.12.14/x64
linux-ctest-timeout-protocol	Require TIMEOUT after status transport	2026-09-06T07:31:01.6434981Z   Python3_ROOT_DIR: /opt/hostedtoolcache/Python/3.12.14/x64
linux-ctest-timeout-protocol	Require TIMEOUT after status transport	2026-09-06T07:31:01.6435374Z   LD_LIBRARY_PATH: /opt/hostedtoolcache/Python/3.12.14/x64/lib
linux-ctest-timeout-protocol	Require TIMEOUT after status transport	2026-09-06T07:31:01.6435706Z ##[endgroup]
linux-ctest-timeout-protocol	Require TIMEOUT after status transport	2026-09-06T07:31:01.6924756Z {"artifact_files": 1, "phase": "verify-timeout", "reason": "TIMEOUT", "stem": "fs-residual-endpoint-01.v1-r1.3897832bdaf95c05062f1bcec161b929e60d1ede.linux.34019353118.1"}
linux-ctest-timeout-protocol	Post Check out exact protocol source	﻿2026-09-06T07:31:01.7081108Z Node 20 is being deprecated. This workflow is running with Node 24 by default. If you need to temporarily use Node 20, you can set the ACTIONS_ALLOW_USE_UNSECURE_NODE_VERSION=true environment variable. For more information see: https://github.blog/changelog/2025-09-19-deprecation-of-node-20-on-github-actions-runners/
linux-ctest-timeout-protocol	Post Check out exact protocol source	2026-09-06T07:31:01.7082379Z Post job cleanup.
linux-ctest-timeout-protocol	Post Check out exact protocol source	2026-09-06T07:31:01.7937537Z [command]/usr/bin/git version
linux-ctest-timeout-protocol	Post Check out exact protocol source	2026-09-06T07:31:01.7972942Z git version 2.55.0
linux-ctest-timeout-protocol	Post Check out exact protocol source	2026-09-06T07:31:01.8017242Z Temporarily overriding HOME='/home/runner/work/_temp/7eab1eb2-e25e-4afe-82b0-96f01079c8cb' before making global git config changes
linux-ctest-timeout-protocol	Post Check out exact protocol source	2026-09-06T07:31:01.8018772Z Adding repository directory to the temporary git global config as a safe directory
linux-ctest-timeout-protocol	Post Check out exact protocol source	2026-09-06T07:31:01.8024642Z [command]/usr/bin/git config --global --add safe.directory /home/runner/work/20231788./20231788.
linux-ctest-timeout-protocol	Post Check out exact protocol source	2026-09-06T07:31:01.8078116Z [command]/usr/bin/git config --local --name-only --get-regexp core\.sshCommand
linux-ctest-timeout-protocol	Post Check out exact protocol source	2026-09-06T07:31:01.8113957Z [command]/usr/bin/git submodule foreach --recursive sh -c "git config --local --name-only --get-regexp 'core\.sshCommand' && git config --local --unset-all 'core.sshCommand' || :"
linux-ctest-timeout-protocol	Post Check out exact protocol source	2026-09-06T07:31:01.8381956Z [command]/usr/bin/git config --local --name-only --get-regexp http\.https\:\/\/github\.com\/\.extraheader
linux-ctest-timeout-protocol	Post Check out exact protocol source	2026-09-06T07:31:01.8429325Z [command]/usr/bin/git submodule foreach --recursive sh -c "git config --local --name-only --get-regexp 'http\.https\:\/\/github\.com\/\.extraheader' && git config --local --unset-all 'http.https://github.com/.extraheader' || :"
linux-ctest-timeout-protocol	Post Check out exact protocol source	2026-09-06T07:31:01.8714909Z [command]/usr/bin/git config --local --name-only --get-regexp ^includeIf\.gitdir:
linux-ctest-timeout-protocol	Post Check out exact protocol source	2026-09-06T07:31:01.8747057Z [command]/usr/bin/git submodule foreach --recursive git config --local --show-origin --name-only --get-regexp remote.origin.url
linux-ctest-timeout-protocol	Complete job	﻿2026-09-06T07:31:01.9174661Z Cleaning up orphan processes
linux-ctest-timeout-protocol	Complete job	2026-09-06T07:31:01.9449746Z ##[warning]Node.js 20 is deprecated. The following actions target Node.js 20 but are being forced to run on Node.js 24: actions/checkout@11d5960a326750d5838078e36cf38b85af677262, actions/download-artifact@d3f86a106a0bac45b974a628896c90dbdf5c8093, actions/setup-python@a26af69be951a213d495a4c3e4e4022e16d87065, actions/upload-artifact@ea165f8d65b6e75b540449e92b4886f43607fa02. For more information see: https://github.blog/changelog/2025-09-19-deprecation-of-node-20-on-github-actions-runners/
