2026-09-01T20:46:52.5414328Z Current runner version: '2.337.0'
2026-09-01T20:46:52.5445086Z ##[group]Runner Image Provisioner
2026-09-01T20:46:52.5445950Z Hosted Compute Agent
2026-09-01T20:46:52.5446486Z Version: 20260819.586
2026-09-01T20:46:52.5447103Z Commit: 3cc4a88dfa507ef76119ad1bb3eccc6378bb2b76
2026-09-01T20:46:52.5447812Z Build Date: 2026-08-18T23:20:18Z
2026-09-01T20:46:52.5448426Z Worker ID: {6100a22d-9c47-4ad6-80a6-a6fe35ab5eaf}
2026-09-01T20:46:52.5449105Z Azure Region: eastus
2026-09-01T20:46:52.5449636Z ##[endgroup]
2026-09-01T20:46:52.5451153Z ##[group]Operating System
2026-09-01T20:46:52.5451772Z Microsoft Windows Server 2022
2026-09-01T20:46:52.5452302Z 10.0.20348
2026-09-01T20:46:52.5452779Z Datacenter
2026-09-01T20:46:52.5453268Z ##[endgroup]
2026-09-01T20:46:52.5453766Z ##[group]Runner Image
2026-09-01T20:46:52.5454321Z Image: windows-2022
2026-09-01T20:46:52.5454840Z Version: 20260824.284.2
2026-09-01T20:46:52.5456202Z Included Software: https://github.com/actions/runner-images/blob/win22/20260824.284/images/windows/Windows2022-Readme.md
2026-09-01T20:46:52.5457676Z Image Release: https://github.com/actions/runner-images/releases/tag/win22%2F20260824.284
2026-09-01T20:46:52.5458574Z ##[endgroup]
2026-09-01T20:46:52.5459638Z ##[group]GITHUB_TOKEN Permissions
2026-09-01T20:46:52.5461644Z Contents: read
2026-09-01T20:46:52.5462206Z Metadata: read
2026-09-01T20:46:52.5462781Z ##[endgroup]
2026-09-01T20:46:52.5464948Z Secret source: Actions
2026-09-01T20:46:52.5466027Z Prepare workflow directory
2026-09-01T20:46:52.6043680Z Prepare all required actions
2026-09-01T20:46:52.6097037Z Getting action download info
2026-09-01T20:46:52.7767469Z Download action repository 'msys2/setup-msys2@v2' (SHA:66cd2cce69caa17b53920067426061ca1de3a884)
2026-09-01T20:46:52.9786526Z Complete job name: windows-mingw64
2026-09-01T20:46:53.1231422Z ##[group]Run git config --global core.autocrlf false
2026-09-01T20:46:53.1232360Z [36;1mgit config --global core.autocrlf false[0m
2026-09-01T20:46:53.1232986Z [36;1mgit config --global core.eol lf[0m
2026-09-01T20:46:53.1233904Z [36;1mNew-Item -ItemType Directory -Path $env:WINDOWS_ROOT | Out-Null[0m
2026-09-01T20:46:53.1234791Z [36;1m[0m
2026-09-01T20:46:53.1235311Z [36;1mgit init $env:PROJECT_SOURCE[0m
2026-09-01T20:46:53.1236332Z [36;1mgit -C $env:PROJECT_SOURCE remote add origin https://github.com/leemaple/20231788..git[0m
2026-09-01T20:46:53.1237568Z [36;1mgit -C $env:PROJECT_SOURCE fetch --depth 1 origin $env:GITHUB_SHA[0m
2026-09-01T20:46:53.1238583Z [36;1mgit -C $env:PROJECT_SOURCE checkout --detach FETCH_HEAD[0m
2026-09-01T20:46:53.1239568Z [36;1m$projectActual = git -C $env:PROJECT_SOURCE rev-parse HEAD[0m
2026-09-01T20:46:53.1240502Z [36;1mif ($projectActual -ne $env:GITHUB_SHA) {[0m
2026-09-01T20:46:53.1241396Z [36;1m  throw "Project checkout mismatch: $projectActual"[0m
2026-09-01T20:46:53.1242137Z [36;1m}[0m
2026-09-01T20:46:53.1242600Z [36;1m[0m
2026-09-01T20:46:53.1243087Z [36;1mgit init $env:OPENFHE_SOURCE[0m
2026-09-01T20:46:53.1244111Z [36;1mgit -C $env:OPENFHE_SOURCE remote add origin https://github.com/openfheorg/openfhe-development.git[0m
2026-09-01T20:46:53.1245194Z [36;1mgit -C $env:OPENFHE_SOURCE fetch --depth 1 origin $env:OPENFHE_COMMIT[0m
2026-09-01T20:46:53.1246015Z [36;1mgit -C $env:OPENFHE_SOURCE checkout --detach FETCH_HEAD[0m
2026-09-01T20:46:53.1246852Z [36;1mgit -C $env:OPENFHE_SOURCE submodule update --init --recursive --depth 1[0m
2026-09-01T20:46:53.1247569Z [36;1m[0m
2026-09-01T20:46:53.1248127Z [36;1m$projectStatus = @(git -C $env:PROJECT_SOURCE status --porcelain)[0m
2026-09-01T20:46:53.1248856Z [36;1mif ($projectStatus.Count -ne 0) {[0m
2026-09-01T20:46:53.1249564Z [36;1m  throw "Project checkout is dirty: $($projectStatus -join '; ')"[0m
2026-09-01T20:46:53.1250249Z [36;1m}[0m
2026-09-01T20:46:53.1250805Z [36;1m$openfheStatus = @(git -C $env:OPENFHE_SOURCE status --porcelain)[0m
2026-09-01T20:46:53.1251521Z [36;1mif ($openfheStatus.Count -ne 0) {[0m
2026-09-01T20:46:53.1254054Z [36;1m  throw "OpenFHE checkout is dirty: $($openfheStatus -join '; ')"[0m
2026-09-01T20:46:53.1254742Z [36;1m}[0m
2026-09-01T20:46:53.2977730Z shell: C:\Program Files\PowerShell\7\pwsh.EXE -command ". '{0}'"
2026-09-01T20:46:53.2978950Z env:
2026-09-01T20:46:53.2979519Z   OPENFHE_COMMIT: df495ba2e91739a6dc8f1de254fc5a41155ce504
2026-09-01T20:46:53.2980332Z   OPENFHE_PREFIX: C:\openfhe-2023-1788\openfhe-install
2026-09-01T20:46:53.2981032Z   WINDOWS_ROOT: C:\openfhe-2023-1788
2026-09-01T20:46:53.2981664Z   PROJECT_SOURCE: C:\openfhe-2023-1788\cleanroom
2026-09-01T20:46:53.2982373Z   OPENFHE_SOURCE: C:\openfhe-2023-1788\openfhe-src
2026-09-01T20:46:53.2983192Z   OPENFHE_BUILD: C:\openfhe-2023-1788\openfhe-build-33557301667-1
2026-09-01T20:46:53.2984127Z   PROJECT_BUILD: C:\openfhe-2023-1788\project-build-33557301667-1
2026-09-01T20:46:53.2984865Z ##[endgroup]
2026-09-01T20:46:54.2946610Z Initialized empty Git repository in C:/openfhe-2023-1788/cleanroom/.git/
2026-09-01T20:46:55.8236182Z From https://github.com/leemaple/20231788.
2026-09-01T20:46:55.8237297Z  * branch            b0196dd5349e94a0df0cd0f0750fa7f6819a3498 -> FETCH_HEAD
2026-09-01T20:46:56.0392637Z HEAD is now at b0196dd test: retain Relin2 missing-key red
2026-09-01T20:46:56.1321797Z Initialized empty Git repository in C:/openfhe-2023-1788/openfhe-src/.git/
2026-09-01T20:46:56.9621335Z From https://github.com/openfheorg/openfhe-development
2026-09-01T20:46:56.9622270Z  * branch            df495ba2e91739a6dc8f1de254fc5a41155ce504 -> FETCH_HEAD
2026-09-01T20:46:57.8889232Z HEAD is now at df495ba Merge pull request #1130 from openfheorg/dev
2026-09-01T20:46:59.3838482Z Submodule 'third-party/cereal' (https://github.com/openfheorg/cereal.git) registered for path 'third-party/cereal'
2026-09-01T20:46:59.3865781Z Submodule 'third-party/google-benchmark' (https://github.com/google/benchmark.git) registered for path 'third-party/google-benchmark'
2026-09-01T20:46:59.3884962Z Submodule 'third-party/google-test' (https://github.com/google/googletest.git) registered for path 'third-party/google-test'
2026-09-01T20:46:59.3919906Z Submodule 'third-party/gperftools' (https://github.com/gperftools/gperftools.git) registered for path 'third-party/gperftools'
2026-09-01T20:46:59.4464290Z Cloning into 'C:/openfhe-2023-1788/openfhe-src/third-party/cereal'...
2026-09-01T20:46:59.8840167Z Cloning into 'C:/openfhe-2023-1788/openfhe-src/third-party/google-benchmark'...
2026-09-01T20:47:00.2590653Z Cloning into 'C:/openfhe-2023-1788/openfhe-src/third-party/google-test'...
2026-09-01T20:47:00.6498112Z Cloning into 'C:/openfhe-2023-1788/openfhe-src/third-party/gperftools'...
2026-09-01T20:47:01.6457700Z Submodule path 'third-party/cereal': checked out '984e3f194862b17916536b5fade40cba6e47a6fe'
2026-09-01T20:47:02.4394321Z From https://github.com/google/benchmark
2026-09-01T20:47:02.4395691Z  * branch            eddb0241389718a23a42db6af5f0164b6e0139af -> FETCH_HEAD
2026-09-01T20:47:02.7867300Z Submodule path 'third-party/google-benchmark': checked out 'eddb0241389718a23a42db6af5f0164b6e0139af'
2026-09-01T20:47:03.5570743Z From https://github.com/google/googletest
2026-09-01T20:47:03.5571649Z  * branch            52eb8108c5bdec04579160ae17225d66034bd723 -> FETCH_HEAD
2026-09-01T20:47:04.1096984Z Submodule path 'third-party/google-test': checked out '52eb8108c5bdec04579160ae17225d66034bd723'
2026-09-01T20:47:05.1196139Z From https://github.com/gperftools/gperftools
2026-09-01T20:47:05.1196677Z  * branch            83edb60836d87cf1b406e8846b9059c03031e8f5 -> FETCH_HEAD
2026-09-01T20:47:06.3135972Z Submodule path 'third-party/gperftools': checked out '83edb60836d87cf1b406e8846b9059c03031e8f5'
2026-09-01T20:47:06.7241571Z ##[group]Run msys2/setup-msys2@v2
2026-09-01T20:47:06.7242141Z with:
2026-09-01T20:47:06.7242368Z   msystem: MINGW64
2026-09-01T20:47:06.7242615Z   update: true
2026-09-01T20:47:06.7242848Z   cache: false
2026-09-01T20:47:06.7243202Z   install: git make mingw-w64-x86_64-boost mingw-w64-x86_64-cmake mingw-w64-x86_64-gcc
2026-09-01T20:47:06.7244598Z   path-type: minimal
2026-09-01T20:47:06.7244805Z   release: true
2026-09-01T20:47:06.7245012Z   platform-check-severity: fatal
2026-09-01T20:47:06.7245254Z env:
2026-09-01T20:47:06.7245484Z   OPENFHE_COMMIT: df495ba2e91739a6dc8f1de254fc5a41155ce504
2026-09-01T20:47:06.7245847Z   OPENFHE_PREFIX: C:\openfhe-2023-1788\openfhe-install
2026-09-01T20:47:06.7246159Z   WINDOWS_ROOT: C:\openfhe-2023-1788
2026-09-01T20:47:06.7246444Z   PROJECT_SOURCE: C:\openfhe-2023-1788\cleanroom
2026-09-01T20:47:06.7246748Z   OPENFHE_SOURCE: C:\openfhe-2023-1788\openfhe-src
2026-09-01T20:47:06.7247146Z   OPENFHE_BUILD: C:\openfhe-2023-1788\openfhe-build-33557301667-1
2026-09-01T20:47:06.7247555Z   PROJECT_BUILD: C:\openfhe-2023-1788\project-build-33557301667-1
2026-09-01T20:47:06.7247871Z ##[endgroup]
2026-09-01T20:47:07.0212621Z ##[group]Downloading MSYS2...
2026-09-01T20:47:07.6634984Z ##[endgroup]
2026-09-01T20:47:07.6653587Z ##[group]Extracting MSYS2...
2026-09-01T20:47:07.6654139Z [command]C:\hostedtoolcache\windows\msys2-installer\0.0.20260611\x64\base.exe -y
2026-09-01T20:47:08.2515620Z 
2026-09-01T20:47:08.2516933Z 7-Zip SFX 25.01 ZS v1.5.7 R4 (x64) : Copyright (c) 1999-2025 Igor Pavlov, 2016-2026 Tino Reichardt, 2022-2026 Sergey G. Brester : 2026-01-10
2026-09-01T20:47:08.2518174Z 
2026-09-01T20:47:08.2518639Z Extracting archive: C:\hostedtoolcache\windows\msys2-installer\0.0.20260611\x64\base.exe
2026-09-01T20:47:08.2519823Z --
2026-09-01T20:47:08.2520740Z Path = C:\hostedtoolcache\windows\msys2-installer\0.0.20260611\x64\base.exe
2026-09-01T20:47:08.2521581Z Type = 7z
2026-09-01T20:47:08.2521912Z 
2026-09-01T20:47:08.4403444Z   0%
2026-09-01T20:47:08.4403803Z     
2026-09-01T20:47:08.6433689Z   0% 1117 - msys64\msys2.ico
2026-09-01T20:47:08.6434245Z                             
2026-09-01T20:47:08.8463783Z   3% 1904 - msys64\usr\lib\terminfo\63\c100-4p
2026-09-01T20:47:08.8464346Z                                               
2026-09-01T20:47:09.0497889Z   4% 2923 - msys64\usr\lib\terminfo\6e\ndr9500-25-nl
2026-09-01T20:47:09.0498388Z                                                     
2026-09-01T20:47:09.2532915Z   4% 3942 - msys64\usr\lib\terminfo\77\wy30-mc
2026-09-01T20:47:09.2533616Z                                               
2026-09-01T20:47:09.4565057Z   5% 4760 - msys64\usr\share\bash-completion\completions\links2
2026-09-01T20:47:09.4565863Z                                                                
2026-09-01T20:47:09.6597413Z   7% 5716 - msys64\usr\share\doc\xz\api\files_dup.js
2026-09-01T20:47:09.6597993Z                                                     
2026-09-01T20:47:09.8627515Z  18% 6379 - msys64\usr\share\locale\id\LC_MESSAGES\sed.mo
2026-09-01T20:47:09.8628010Z                                                          
2026-09-01T20:47:10.0658481Z  32% 6933 - msys64\usr\share\makepkg\lint_pkgbuild\pkgbase.sh
2026-09-01T20:47:10.0659188Z                                                              
2026-09-01T20:47:10.2694908Z  33% 7864 - msys64\usr\share\man\man3\CURLOPT_DNS_INTERFACE.3.gz
2026-09-01T20:47:10.2695821Z                                                                 
2026-09-01T20:47:10.4727179Z  34% 8907 - msys64\usr\share\man\man3\mvwaddch.3x.gz
2026-09-01T20:47:10.4727791Z                                                     
2026-09-01T20:47:10.6755433Z  40% 9798 - msys64\usr\share\perl5\core_perl\ExtUtils\MM_Unix.pm
2026-09-01T20:47:10.6755963Z                                                                 
2026-09-01T20:47:10.8786145Z  44% 10499 - msys64\usr\share\perl5\core_perl\unicore\lib\Gc\Ps.pl
2026-09-01T20:47:10.8789086Z                                                                   
2026-09-01T20:47:11.0821623Z  46% 11402 - msys64\usr\share\terminfo\61\att730-41
2026-09-01T20:47:11.0822138Z                                                    
2026-09-01T20:47:11.2854968Z  47% 12394 - msys64\usr\share\terminfo\6d\mm340
2026-09-01T20:47:11.2855564Z                                                
2026-09-01T20:47:11.4889152Z  47% 13429 - msys64\usr\share\terminfo\76\vt320-k3
2026-09-01T20:47:11.6924959Z                                                   
2026-09-01T20:47:11.6925518Z  48% 14431 - msys64\usr\share\zoneinfo\Indian\Cocos
2026-09-01T20:47:11.6925931Z                                                    
2026-09-01T20:47:11.8958729Z  48% 15445 - msys64\usr\share\zoneinfo\right\Atlantic\Jan_Mayen
2026-09-01T20:47:11.8959604Z                                                                
2026-09-01T20:47:12.1034243Z  50% 16090 - msys64\usr\bin\blkid.exe
2026-09-01T20:47:12.1035777Z                                      
2026-09-01T20:47:12.2981811Z  62% 16297 - msys64\usr\bin\msys-gnutlsxx-30.dll
2026-09-01T20:47:12.2982422Z                                                 
2026-09-01T20:47:12.4812733Z  85% 16360 - msys64\usr\bin\pactree.exe
2026-09-01T20:47:12.4813282Z                                        
2026-09-01T20:47:12.4814188Z Everything is Ok
2026-09-01T20:47:12.4836491Z ##[endgroup]
2026-09-01T20:47:12.4838519Z ##[group]Disable Key Refresh...
2026-09-01T20:47:12.4856505Z ##[endgroup]
2026-09-01T20:47:12.4879126Z ##[group]Starting MSYS2 for the first time...
2026-09-01T20:47:12.6035074Z [command]C:\Windows\system32\cmd.exe /D /S /C D:\a\_temp\setup-msys2\msys2.cmd -c "'uname' '-a'"
2026-09-01T20:47:12.7247154Z [1;32mMSYS2 is starting for the first time. Executing the initial setup.[1;0m
2026-09-01T20:47:12.7659567Z Copying skeleton files.
2026-09-01T20:47:12.7660378Z These files are for the users to personalise their msys2 experience.
2026-09-01T20:47:12.7661095Z 
2026-09-01T20:47:12.7662345Z They will never be overwritten nor automatically updated.
2026-09-01T20:47:12.7662813Z 
2026-09-01T20:47:12.8153618Z './.bashrc' -> '/home/runneradmin/.bashrc'
2026-09-01T20:47:12.8329954Z './.bash_profile' -> '/home/runneradmin/.bash_profile'
2026-09-01T20:47:12.8603248Z './.profile' -> '/home/runneradmin/.profile'
2026-09-01T20:47:12.9235371Z 'C:\Windows\system32\drivers\etc\hosts' -> '/etc/hosts'
2026-09-01T20:47:12.9817251Z 'C:\Windows\system32\drivers\etc\protocol' -> '/etc/protocols'
2026-09-01T20:47:13.0381442Z 'C:\Windows\system32\drivers\etc\services' -> '/etc/services'
2026-09-01T20:47:13.0941384Z 'C:\Windows\system32\drivers\etc\networks' -> '/etc/networks'
2026-09-01T20:47:13.4008485Z gpg: /etc/pacman.d/gnupg/trustdb.gpg: trustdb created
2026-09-01T20:47:13.4118124Z gpg: no ultimately trusted keys found
2026-09-01T20:47:13.6956287Z gpg: starting migration from earlier GnuPG versions
2026-09-01T20:47:13.7559785Z gpg: porting secret keys from '/etc/pacman.d/gnupg/secring.gpg' to gpg-agent
2026-09-01T20:47:13.7562887Z gpg: migration succeeded
2026-09-01T20:47:13.7779658Z ==> Generating pacman master key. This may take some time.
2026-09-01T20:47:13.7974210Z gpg: Generating pacman keyring master key...
2026-09-01T20:47:14.1803587Z gpg: directory '/etc/pacman.d/gnupg/openpgp-revocs.d' created
2026-09-01T20:47:14.2055898Z gpg: revocation certificate stored as '/etc/pacman.d/gnupg/openpgp-revocs.d/BC2377CA5EECB14CAC884065443DB0BE4DECE199.rev'
2026-09-01T20:47:14.2056958Z gpg: Done
2026-09-01T20:47:14.2225177Z ==> Updating trust database...
2026-09-01T20:47:14.2613245Z gpg: marginals needed: 3  completes needed: 1  trust model: pgp
2026-09-01T20:47:14.2613796Z gpg: depth: 0  valid:   1  signed:   0  trust: 0-, 0q, 0n, 0m, 0f, 1u
2026-09-01T20:47:14.3836194Z ==> Appending keys from msys2.gpg...
2026-09-01T20:47:14.9298782Z ==> Locally signing trusted keys in keyring...
2026-09-01T20:47:15.4132976Z   -> Locally signed 5 keys.
2026-09-01T20:47:15.4271415Z ==> Importing owner trust values...
2026-09-01T20:47:15.4455665Z gpg: setting ownertrust to 4
2026-09-01T20:47:15.4456169Z gpg: setting ownertrust to 4
2026-09-01T20:47:15.4456533Z gpg: setting ownertrust to 4
2026-09-01T20:47:15.4457094Z gpg: setting ownertrust to 4
2026-09-01T20:47:15.4457437Z gpg: setting ownertrust to 4
2026-09-01T20:47:15.4710320Z ==> Disabling revoked keys in keyring...
2026-09-01T20:47:15.6931720Z   -> Disabled 4 keys.
2026-09-01T20:47:15.7099545Z ==> Updating trust database...
2026-09-01T20:47:15.7496406Z gpg: marginals needed: 3  completes needed: 1  trust model: pgp
2026-09-01T20:47:15.7524787Z gpg: depth: 0  valid:   1  signed:   5  trust: 0-, 0q, 0n, 0m, 0f, 1u
2026-09-01T20:47:15.7557361Z gpg: depth: 1  valid:   5  signed:   6  trust: 0-, 0q, 0n, 5m, 0f, 0u
2026-09-01T20:47:15.7571024Z gpg: depth: 2  valid:   3  signed:   2  trust: 3-, 0q, 0n, 0m, 0f, 0u
2026-09-01T20:47:15.7923645Z pacman-key (pacman) 6.1.0
2026-09-01T20:47:15.7924197Z Copyright (c) 2010-2024 Pacman Development Team <pacman-dev@lists.archlinux.org>.
2026-09-01T20:47:15.7924713Z 
2026-09-01T20:47:15.8070945Z This is free software; see the source for copying conditions.
2026-09-01T20:47:15.8071669Z There is NO WARRANTY, to the extent permitted by law.
2026-09-01T20:47:16.0109641Z [1;32mInitial setup complete. MSYS2 is now ready to use.[1;0m
2026-09-01T20:47:16.0271783Z MINGW64_NT-10.0-20348 runnervm0js1w 3.6.9-01d6c708.x86_64 2026-05-24 10:45 UTC x86_64 Msys
2026-09-01T20:47:16.0321339Z ##[endgroup]
2026-09-01T20:47:16.0322045Z ##[group]Disable CheckSpace...
2026-09-01T20:47:16.1280436Z [command]C:\Windows\system32\cmd.exe /D /S /C D:\a\_temp\setup-msys2\msys2.cmd -c "'sed' '-i' 's/^CheckSpace/#CheckSpace/g' '/etc/pacman.conf'"
2026-09-01T20:47:16.3198131Z ##[endgroup]
2026-09-01T20:47:16.3198705Z ##[group]Updating packages...
2026-09-01T20:47:16.4088450Z [command]C:\Windows\system32\cmd.exe /D /S /C D:\a\_temp\setup-msys2\msys2.cmd -c "'pacman' '--noconfirm' '-Syuu' '--overwrite' '*'"
2026-09-01T20:47:17.1145725Z :: Synchronizing package databases...
2026-09-01T20:47:18.6302990Z  clangarm64 downloading...
2026-09-01T20:47:18.6303504Z  mingw32 downloading...
2026-09-01T20:47:18.6303826Z  mingw64 downloading...
2026-09-01T20:47:18.6304168Z  ucrt64 downloading...
2026-09-01T20:47:18.6304415Z  clang64 downloading...
2026-09-01T20:47:18.6304630Z  msys downloading...
2026-09-01T20:47:19.2555912Z :: Starting core system upgrade...
2026-09-01T20:47:19.6605046Z warning: terminate other MSYS2 programs before proceeding
2026-09-01T20:47:19.6605755Z resolving dependencies...
2026-09-01T20:47:19.6606185Z looking for conflicting packages...
2026-09-01T20:47:19.6770725Z 
2026-09-01T20:47:19.6771449Z Packages (1) msys2-runtime-3.6.10-3
2026-09-01T20:47:19.6771908Z 
2026-09-01T20:47:19.6772081Z Total Download Size:    1.97 MiB
2026-09-01T20:47:19.6772501Z Total Installed Size:   6.33 MiB
2026-09-01T20:47:19.6772921Z Net Upgrade Size:      -0.20 MiB
2026-09-01T20:47:19.6773194Z 
2026-09-01T20:47:19.6773752Z :: Proceed with installation? [Y/n] 
2026-09-01T20:47:19.6774212Z :: Retrieving packages...
2026-09-01T20:47:22.2255947Z  msys2-runtime-3.6.10-3-x86_64 downloading...
2026-09-01T20:47:22.2256905Z checking keyring...
2026-09-01T20:47:22.2842247Z checking package integrity...
2026-09-01T20:47:22.4581445Z loading package files...
2026-09-01T20:47:22.4604030Z checking for file conflicts...
2026-09-01T20:47:22.4626695Z :: Processing package changes...
2026-09-01T20:47:22.4627405Z upgrading msys2-runtime...
2026-09-01T20:47:22.6307437Z :: To complete this update all MSYS2 processes including this terminal will be closed. Confirm to proceed [Y/n] 
2026-09-01T20:47:22.9509998Z ##[endgroup]
2026-09-01T20:47:22.9510621Z ##[group]Killing remaining tasks...
2026-09-01T20:47:23.0301759Z [command]C:\Windows\system32\taskkill.exe /F /FI "MODULES eq msys-2.0.dll"
2026-09-01T20:47:23.1434970Z 
2026-09-01T20:47:23.1435557Z INFO: No tasks running with the specified criteria.
2026-09-01T20:47:23.1464076Z ##[endgroup]
2026-09-01T20:47:23.1465260Z ##[group]Final system upgrade...
2026-09-01T20:47:23.2248878Z [command]C:\Windows\system32\cmd.exe /D /S /C D:\a\_temp\setup-msys2\msys2.cmd -c "'pacman' '--noconfirm' '-Syuu' '--overwrite' '*'"
2026-09-01T20:47:23.8675247Z :: Synchronizing package databases...
2026-09-01T20:47:24.5799237Z  clangarm64 downloading...
2026-09-01T20:47:24.5801742Z  mingw32 downloading...
2026-09-01T20:47:24.5802149Z  mingw64 downloading...
2026-09-01T20:47:24.5802525Z  ucrt64 downloading...
2026-09-01T20:47:24.5802885Z  clang64 downloading...
2026-09-01T20:47:24.5803243Z  msys downloading...
2026-09-01T20:47:25.0217541Z :: Starting core system upgrade...
2026-09-01T20:47:25.2084551Z  there is nothing to do
2026-09-01T20:47:25.2084942Z :: Starting full system upgrade...
2026-09-01T20:47:25.2401348Z resolving dependencies...
2026-09-01T20:47:25.2464642Z looking for conflicting packages...
2026-09-01T20:47:25.2593560Z 
2026-09-01T20:47:25.2596805Z Packages (31) bash-completion-2.18.0-1  bsdtar-3.8.9-1  ca-certificates-20260816-1  curl-8.21.0-1  findutils-4.11.0-2  gawk-5.4.1-1  gcc-libs-15.3.0-1  gnupg-2.4.9-3  libcurl-8.21.0-1  libexpat-2.8.3-1  libffi-3.8.0-1  libgnutls-3.8.13-2  libhogweed-4.0-1  libnettle-4.0-1  libnghttp2-1.70.0-1  libnghttp3-1.18.0-1  libngtcp2-1.25.0-1  libopenssl-3.6.4-1  libp11-kit-0.26.5-1  libpsl-0.23.2-1  libsqlite-3.53.4-1  msys2-keyring-1~20260814-1  nano-9.2-1  nettle-4.0-1  openssl-3.6.4-1  p11-kit-0.26.5-1  pacman-contrib-1.10.6-2  perl-5.42.3-1  pinentry-1.3.3-1  tzcode-2026c-1  wget-1.25.0-2
2026-09-01T20:47:25.2599532Z 
2026-09-01T20:47:25.2599638Z Total Download Size:    27.05 MiB
2026-09-01T20:47:25.2599938Z Total Installed Size:  108.42 MiB
2026-09-01T20:47:25.2600237Z Net Upgrade Size:       -1.02 MiB
2026-09-01T20:47:25.2600431Z 
2026-09-01T20:47:25.2600633Z :: Proceed with installation? [Y/n] 
2026-09-01T20:47:25.2600938Z :: Retrieving packages...
2026-09-01T20:47:28.2935438Z  perl-5.42.3-1-x86_64 downloading...
2026-09-01T20:47:28.2935967Z  pacman-contrib-1.10.6-2-x86_64 downloading...
2026-09-01T20:47:28.2936445Z  gnupg-2.4.9-3-x86_64 downloading...
2026-09-01T20:47:28.2936834Z  libopenssl-3.6.4-1-x86_64 downloading...
2026-09-01T20:47:28.2937234Z  gawk-5.4.1-1-x86_64 downloading...
2026-09-01T20:47:28.2937619Z  libgnutls-3.8.13-2-x86_64 downloading...
2026-09-01T20:47:28.2938012Z  gcc-libs-15.3.0-1-x86_64 downloading...
2026-09-01T20:47:28.2938447Z  curl-8.21.0-1-x86_64 downloading...
2026-09-01T20:47:28.2938705Z  wget-1.25.0-2-x86_64 downloading...
2026-09-01T20:47:28.2938959Z  libsqlite-3.53.4-1-x86_64 downloading...
2026-09-01T20:47:28.2939215Z  nano-9.2-1-x86_64 downloading...
2026-09-01T20:47:28.2939451Z  openssl-3.6.4-1-x86_64 downloading...
2026-09-01T20:47:28.2939706Z  findutils-4.11.0-2-x86_64 downloading...
2026-09-01T20:47:28.2939969Z  p11-kit-0.26.5-1-x86_64 downloading...
2026-09-01T20:47:28.2940251Z  ca-certificates-20260816-1-any downloading...
2026-09-01T20:47:28.2940543Z  libcurl-8.21.0-1-x86_64 downloading...
2026-09-01T20:47:28.2940815Z  bsdtar-3.8.9-1-x86_64 downloading...
2026-09-01T20:47:28.2941062Z  tzcode-2026c-1-x86_64 downloading...
2026-09-01T20:47:28.2941313Z  libp11-kit-0.26.5-1-x86_64 downloading...
2026-09-01T20:47:28.2941600Z  bash-completion-2.18.0-1-any downloading...
2026-09-01T20:47:28.2941882Z  libhogweed-4.0-1-x86_64 downloading...
2026-09-01T20:47:28.2942151Z  libngtcp2-1.25.0-1-x86_64 downloading...
2026-09-01T20:47:28.2942410Z  libnettle-4.0-1-x86_64 downloading...
2026-09-01T20:47:28.2942726Z  nettle-4.0-1-x86_64 downloading...
2026-09-01T20:47:28.2943106Z  libpsl-0.23.2-1-x86_64 downloading...
2026-09-01T20:47:28.2943378Z  libnghttp3-1.18.0-1-x86_64 downloading...
2026-09-01T20:47:28.2943650Z  libnghttp2-1.70.0-1-x86_64 downloading...
2026-09-01T20:47:28.2943910Z  libexpat-2.8.3-1-x86_64 downloading...
2026-09-01T20:47:28.2944164Z  pinentry-1.3.3-1-x86_64 downloading...
2026-09-01T20:47:28.2944434Z  msys2-keyring-1~20260814-1-any downloading...
2026-09-01T20:47:28.2944973Z  libffi-3.8.0-1-x86_64 downloading...
2026-09-01T20:47:28.2945221Z checking keyring...
2026-09-01T20:47:28.3537251Z checking package integrity...
2026-09-01T20:47:33.0586809Z loading package files...
2026-09-01T20:47:33.1320806Z checking for file conflicts...
2026-09-01T20:47:33.1883308Z :: Running pre-transaction hooks...
2026-09-01T20:47:33.1883835Z (1/1) Removing old entries from the info directory file...
2026-09-01T20:47:33.3108725Z :: Processing package changes...
2026-09-01T20:47:33.3109244Z upgrading bash-completion...
2026-09-01T20:47:34.2241112Z upgrading gcc-libs...
2026-09-01T20:47:34.2419610Z upgrading libexpat...
2026-09-01T20:47:34.2464449Z upgrading libopenssl...
2026-09-01T20:47:34.2755222Z upgrading bsdtar...
2026-09-01T20:47:34.2848033Z upgrading openssl...
2026-09-01T20:47:34.3930619Z upgrading findutils...
2026-09-01T20:47:34.4696411Z upgrading libffi...
2026-09-01T20:47:34.4802995Z upgrading libp11-kit...
2026-09-01T20:47:34.4876281Z upgrading p11-kit...
2026-09-01T20:47:34.6428028Z upgrading ca-certificates...
2026-09-01T20:47:35.2074498Z upgrading libnghttp3...
2026-09-01T20:47:35.2136231Z upgrading libngtcp2...
2026-09-01T20:47:35.2218608Z upgrading libnghttp2...
2026-09-01T20:47:35.2279192Z upgrading libpsl...
2026-09-01T20:47:35.2376104Z upgrading libcurl...
2026-09-01T20:47:35.2444081Z upgrading curl...
2026-09-01T20:47:35.6851834Z upgrading gawk...
2026-09-01T20:47:35.7844679Z upgrading libhogweed...
2026-09-01T20:47:35.7890365Z upgrading libnettle...
2026-09-01T20:47:35.7939673Z upgrading libgnutls...
2026-09-01T20:47:35.8456592Z upgrading libsqlite...
2026-09-01T20:47:35.8556967Z upgrading nettle...
2026-09-01T20:47:35.8638854Z upgrading pinentry...
2026-09-01T20:47:35.8699742Z upgrading gnupg...
2026-09-01T20:47:40.4229329Z ==> Appending keys from msys2.gpg...
2026-09-01T20:47:40.9283510Z ==> Updating trust database...
2026-09-01T20:47:40.9464220Z gpg: no need for a trustdb check
2026-09-01T20:47:41.0354565Z upgrading msys2-keyring...
2026-09-01T20:47:41.3841903Z ==> Appending keys from msys2.gpg...
2026-09-01T20:47:41.8957844Z ==> Updating trust database...
2026-09-01T20:47:41.9132870Z gpg: next trustdb check due at 2027-02-10
2026-09-01T20:47:42.0006172Z upgrading nano...
2026-09-01T20:47:42.1064478Z upgrading pacman-contrib...
2026-09-01T20:47:42.1706446Z New optional dependencies for pacman-contrib
2026-09-01T20:47:42.1707114Z     perl: for pacsearch [installed]
2026-09-01T20:47:42.1707531Z     vim: default diff program for pacdiff
2026-09-01T20:47:42.1707920Z upgrading perl...
2026-09-01T20:47:43.9429461Z upgrading tzcode...
2026-09-01T20:47:45.8536847Z upgrading wget...
2026-09-01T20:47:45.9689233Z :: Running post-transaction hooks...
2026-09-01T20:47:45.9689744Z (1/1) Updating the info directory file...
2026-09-01T20:47:47.7294109Z ##[endgroup]
2026-09-01T20:47:47.7294991Z ##[group]Installing additional packages through pacman...
2026-09-01T20:47:47.8127280Z [command]C:\Windows\system32\cmd.exe /D /S /C D:\a\_temp\setup-msys2\msys2.cmd -c "'pacman' '--noconfirm' '-S' '--needed' '--overwrite' '*' 'git' 'make' 'mingw-w64-x86_64-boost' 'mingw-w64-x86_64-cmake' 'mingw-w64-x86_64-gcc'"
2026-09-01T20:47:48.6907055Z resolving dependencies...
2026-09-01T20:47:48.7042576Z looking for conflicting packages...
2026-09-01T20:47:48.7201200Z 
2026-09-01T20:47:48.7215571Z Packages (89) heimdal-7.8.0-5  heimdal-libs-7.8.0-5  libcbor-0.14.0-2  libedit-20240808_3.1-1  libfido2-1.17.0-1  mingw-w64-x86_64-binutils-2.47-3  mingw-w64-x86_64-boost-libs-1.91.0-3  mingw-w64-x86_64-brotli-1.2.0-1  mingw-w64-x86_64-bzip2-1.0.8-4  mingw-w64-x86_64-c-ares-1.34.8-1  mingw-w64-x86_64-ca-certificates-20260816-1  mingw-w64-x86_64-cppdap-1.65.r11.g6464cd7-1  mingw-w64-x86_64-crt-14.0.0.r302.gd7f3c5201-1  mingw-w64-x86_64-curl-8.21.0-2  mingw-w64-x86_64-expat-2.8.3-1  mingw-w64-x86_64-gcc-libs-16.2.0-3  mingw-w64-x86_64-gettext-runtime-1.0-1  mingw-w64-x86_64-gmp-6.3.0-2  mingw-w64-x86_64-gnutls-3.8.13-3  mingw-w64-x86_64-headers-14.0.0.r302.gd7f3c5201-1  mingw-w64-x86_64-icu-78.3-4  mingw-w64-x86_64-isl-0.28-1  mingw-w64-x86_64-jsoncpp-1.9.8-1  mingw-w64-x86_64-libarchive-3.8.9-5  mingw-w64-x86_64-libb2-0.98.1-3  mingw-w64-x86_64-libffi-3.8.0-1  mingw-w64-x86_64-libiconv-1.19-1  mingw-w64-x86_64-libidn2-2.3.8-4  mingw-w64-x86_64-libpsl-0.21.5-3  mingw-w64-x86_64-libssh2-1.11.1-2  mingw-w64-x86_64-libtasn1-4.21.0-1  mingw-w64-x86_64-libunistring-1.4.2-1  mingw-w64-x86_64-libuv-1.52.1-1  mingw-w64-x86_64-libwinpthread-14.0.0.r302.gd7f3c5201-1  mingw-w64-x86_64-lz4-1.10.0-1  mingw-w64-x86_64-mpc-1.4.1-1  mingw-w64-x86_64-mpfr-4.2.2-3  mingw-w64-x86_64-nettle-4.0-1  mingw-w64-x86_64-nghttp2-1.70.0-1  mingw-w64-x86_64-nghttp3-1.18.0-1  mingw-w64-x86_64-ngtcp2-1.25.0-1  mingw-w64-x86_64-ninja-1.13.2-1  mingw-w64-x86_64-openssl-3.6.4-1  mingw-w64-x86_64-p11-kit-0.26.5-1  mingw-w64-x86_64-pcre2-10.47-1  mingw-w64-x86_64-pkgconf-1~3.0.5-1  mingw-w64-x86_64-rhash-1.4.6-1  mingw-w64-x86_64-tzdata-2026c-1  mingw-w64-x86_64-windows-default-manifest-20260815-1  mingw-w64-x86_64-wineditline-2.208-1  mingw-w64-x86_64-winpthreads-14.0.0.r302.gd7f3c5201-1  mingw-w64-x86_64-xz-5.8.3-1  mingw-w64-x86_64-zlib-1.3.2-2  mingw-w64-x86_64-zstd-1.5.7-2  openssh-10.5p1-2  perl-Authen-SASL-2.2000-1  perl-Clone-0.50-2  perl-Convert-BinHex-1.125-2  perl-Encode-Locale-1.05-2  perl-Error-0.17030-1  perl-File-Listing-6.16-1  perl-HTML-Parser-3.85-1  perl-HTML-Tagset-3.24-1  perl-HTTP-Cookies-6.12-1  perl-HTTP-Daemon-6.17-1  perl-HTTP-Date-6.08-1  perl-HTTP-Message-7.04-1  perl-HTTP-Negotiate-6.01-3  perl-IO-HTML-1.004-2  perl-IO-Socket-SSL-2.099-1  perl-IO-Stringy-2.113-3  perl-LWP-MediaTypes-6.04-2  perl-MIME-tools-5.517-1  perl-MailTools-2.22-1  perl-Net-HTTP-6.24-1  perl-Net-SMTP-SSL-1.04-2  perl-Net-SSLeay-1.96-1  perl-TermReadKey-2.38-8  perl-TimeDate-2.35-1  perl-Try-Tiny-0.32-1  perl-URI-5.36-1  perl-WWW-RobotRules-6.03-1  perl-http-cookiejar-0.014-1  perl-libwww-6.83-2  git-2.55.0-1  make-4.4.1-3  mingw-w64-x86_64-boost-1.91.0-3  mingw-w64-x86_64-cmake-4.4.2-2  mingw-w64-x86_64-gcc-16.2.0-3
2026-09-01T20:47:48.7227154Z 
2026-09-01T20:47:48.7227328Z Total Download Size:    154.18 MiB
2026-09-01T20:47:48.7227753Z Total Installed Size:  1023.08 MiB
2026-09-01T20:47:48.7228021Z 
2026-09-01T20:47:48.7228260Z :: Proceed with installation? [Y/n] 
2026-09-01T20:47:48.7228567Z :: Retrieving packages...
2026-09-01T20:47:57.7523390Z  mingw-w64-x86_64-gcc-16.2.0-3-any downloading...
2026-09-01T20:47:57.7524334Z  mingw-w64-x86_64-icu-78.3-4-any downloading...
2026-09-01T20:47:57.7524912Z  mingw-w64-x86_64-boost-1.91.0-3-any downloading...
2026-09-01T20:47:57.7525451Z  mingw-w64-x86_64-cmake-4.4.2-2-any downloading...
2026-09-01T20:47:57.7525966Z  mingw-w64-x86_64-openssl-3.6.4-1-any downloading...
2026-09-01T20:47:57.7526436Z  git-2.55.0-1-x86_64 downloading...
2026-09-01T20:47:57.7526981Z  mingw-w64-x86_64-headers-14.0.0.r302.gd7f3c5201-1-any downloading...
2026-09-01T20:47:57.7527607Z  mingw-w64-x86_64-binutils-2.47-3-any downloading...
2026-09-01T20:47:57.7528203Z  mingw-w64-x86_64-crt-14.0.0.r302.gd7f3c5201-1-any downloading...
2026-09-01T20:47:57.7528805Z  mingw-w64-x86_64-boost-libs-1.91.0-3-any downloading...
2026-09-01T20:47:57.7529248Z  mingw-w64-x86_64-gnutls-3.8.13-3-any downloading...
2026-09-01T20:47:57.7529639Z  mingw-w64-x86_64-libarchive-3.8.9-5-any downloading...
2026-09-01T20:47:57.7529983Z  mingw-w64-x86_64-curl-8.21.0-2-any downloading...
2026-09-01T20:47:57.7530309Z  mingw-w64-x86_64-isl-0.28-1-any downloading...
2026-09-01T20:47:57.7530640Z  mingw-w64-x86_64-pcre2-10.47-1-any downloading...
2026-09-01T20:47:57.7530973Z  openssh-10.5p1-2-x86_64 downloading...
2026-09-01T20:47:57.7531283Z  mingw-w64-x86_64-gcc-libs-16.2.0-3-any downloading...
2026-09-01T20:47:57.7531662Z  mingw-w64-x86_64-libunistring-1.4.2-1-any downloading...
2026-09-01T20:47:57.7532239Z  heimdal-libs-7.8.0-5-x86_64 downloading...
2026-09-01T20:47:57.7532591Z  mingw-w64-x86_64-libiconv-1.19-1-any downloading...
2026-09-01T20:47:57.7533042Z  mingw-w64-x86_64-zstd-1.5.7-2-any downloading...
2026-09-01T20:47:57.7533634Z  mingw-w64-x86_64-p11-kit-0.26.5-1-any downloading...
2026-09-01T20:47:57.7533973Z  mingw-w64-x86_64-gmp-6.3.0-2-any downloading...
2026-09-01T20:47:57.7534297Z  mingw-w64-x86_64-nettle-4.0-1-any downloading...
2026-09-01T20:47:57.7534609Z  heimdal-7.8.0-5-x86_64 downloading...
2026-09-01T20:47:57.7534900Z  mingw-w64-x86_64-mpfr-4.2.2-3-any downloading...
2026-09-01T20:47:57.7535422Z  mingw-w64-x86_64-cppdap-1.65.r11.g6464cd7-1-any downloading...
2026-09-01T20:47:57.7535790Z  make-4.4.1-3-x86_64 downloading...
2026-09-01T20:47:57.7536070Z  mingw-w64-x86_64-xz-5.8.3-1-any downloading...
2026-09-01T20:47:57.7536583Z  mingw-w64-x86_64-brotli-1.2.0-1-any downloading...
2026-09-01T20:47:57.7537177Z  mingw-w64-x86_64-gettext-runtime-1.0-1-any downloading...
2026-09-01T20:47:57.7537861Z  mingw-w64-x86_64-ca-certificates-20260816-1-any downloading...
2026-09-01T20:47:57.7538503Z  mingw-w64-x86_64-c-ares-1.34.8-1-any downloading...
2026-09-01T20:47:57.7539051Z  mingw-w64-x86_64-libssh2-1.11.1-2-any downloading...
2026-09-01T20:47:57.7539592Z  mingw-w64-x86_64-ngtcp2-1.25.0-1-any downloading...
2026-09-01T20:47:57.7540042Z  mingw-w64-x86_64-rhash-1.4.6-1-any downloading...
2026-09-01T20:47:57.7540557Z  perl-Net-SSLeay-1.96-1-x86_64 downloading...
2026-09-01T20:47:57.7541100Z  mingw-w64-x86_64-tzdata-2026c-1-any downloading...
2026-09-01T20:47:57.7541668Z  mingw-w64-x86_64-libuv-1.52.1-1-any downloading...
2026-09-01T20:47:57.7542223Z  mingw-w64-x86_64-jsoncpp-1.9.8-1-any downloading...
2026-09-01T20:47:57.7542799Z  mingw-w64-x86_64-nghttp2-1.70.0-1-any downloading...
2026-09-01T20:47:57.7543375Z  mingw-w64-x86_64-libtasn1-4.21.0-1-any downloading...
2026-09-01T20:47:57.7543903Z  mingw-w64-x86_64-expat-2.8.3-1-any downloading...
2026-09-01T20:47:57.7544435Z  mingw-w64-x86_64-ninja-1.13.2-1-any downloading...
2026-09-01T20:47:57.7544910Z  perl-MIME-tools-5.517-1-any downloading...
2026-09-01T20:47:57.7545395Z  mingw-w64-x86_64-libidn2-2.3.8-4-any downloading...
2026-09-01T20:47:57.7545919Z  mingw-w64-x86_64-lz4-1.10.0-1-any downloading...
2026-09-01T20:47:57.7546425Z  perl-IO-Socket-SSL-2.099-1-any downloading...
2026-09-01T20:47:57.7546955Z  mingw-w64-x86_64-pkgconf-1~3.0.5-1-any downloading...
2026-09-01T20:47:57.7547495Z  mingw-w64-x86_64-nghttp3-1.18.0-1-any downloading...
2026-09-01T20:47:57.7548054Z  mingw-w64-x86_64-mpc-1.4.1-1-any downloading...
2026-09-01T20:47:57.7548408Z  perl-libwww-6.83-2-any downloading...
2026-09-01T20:47:57.7548689Z  mingw-w64-x86_64-zlib-1.3.2-2-any downloading...
2026-09-01T20:47:57.7548992Z  perl-URI-5.36-1-any downloading...
2026-09-01T20:47:57.7549275Z  mingw-w64-x86_64-libpsl-0.21.5-3-any downloading...
2026-09-01T20:47:57.7549583Z  mingw-w64-x86_64-bzip2-1.0.8-4-any downloading...
2026-09-01T20:47:57.7549884Z  libedit-20240808_3.1-1-x86_64 downloading...
2026-09-01T20:47:57.7550159Z  libfido2-1.17.0-1-x86_64 downloading...
2026-09-01T20:47:57.7550442Z  perl-HTML-Parser-3.85-1-x86_64 downloading...
2026-09-01T20:47:57.7550750Z  perl-HTTP-Message-7.04-1-any downloading...
2026-09-01T20:47:57.7551229Z  perl-TimeDate-2.35-1-any downloading...
2026-09-01T20:47:57.7551747Z  mingw-w64-x86_64-wineditline-2.208-1-any downloading...
2026-09-01T20:47:57.7552286Z  perl-MailTools-2.22-1-any downloading...
2026-09-01T20:47:57.7552784Z  mingw-w64-x86_64-libffi-3.8.0-1-any downloading...
2026-09-01T20:47:57.7553318Z  perl-IO-Stringy-2.113-3-any downloading...
2026-09-01T20:47:57.7553993Z  mingw-w64-x86_64-winpthreads-14.0.0.r302.gd7f3c5201-1-any downloading...
2026-09-01T20:47:57.7554783Z  perl-Authen-SASL-2.2000-1-any downloading...
2026-09-01T20:47:57.7555487Z  mingw-w64-x86_64-libwinpthread-14.0.0.r302.gd7f3c5201-1-any downloading...
2026-09-01T20:47:57.7556222Z  perl-Convert-BinHex-1.125-2-any downloading...
2026-09-01T20:47:57.7556779Z  mingw-w64-x86_64-libb2-0.98.1-3-any downloading...
2026-09-01T20:47:57.7557318Z  libcbor-0.14.0-2-x86_64 downloading...
2026-09-01T20:47:57.7557812Z  perl-HTTP-Cookies-6.12-1-any downloading...
2026-09-01T20:47:57.7558541Z  perl-Net-HTTP-6.24-1-any downloading...
2026-09-01T20:47:57.7559060Z  perl-Error-0.17030-1-any downloading...
2026-09-01T20:47:57.7559564Z  perl-TermReadKey-2.38-8-x86_64 downloading...
2026-09-01T20:47:57.7560071Z  perl-HTTP-Daemon-6.17-1-any downloading...
2026-09-01T20:47:57.7560439Z  perl-LWP-MediaTypes-6.04-2-any downloading...
2026-09-01T20:47:57.7562188Z  perl-Try-Tiny-0.32-1-any downloading...
2026-09-01T20:47:57.7562656Z  perl-Clone-0.50-2-x86_64 downloading...
2026-09-01T20:47:57.7563109Z  perl-IO-HTML-1.004-2-any downloading...
2026-09-01T20:47:57.7564460Z  perl-WWW-RobotRules-6.03-1-any downloading...
2026-09-01T20:47:57.7565032Z  perl-http-cookiejar-0.014-1-any downloading...
2026-09-01T20:47:57.7565595Z  perl-HTTP-Negotiate-6.01-3-any downloading...
2026-09-01T20:47:57.7566139Z  perl-Encode-Locale-1.05-2-any downloading...
2026-09-01T20:47:57.7566661Z  perl-HTML-Tagset-3.24-1-any downloading...
2026-09-01T20:47:57.7567170Z  perl-File-Listing-6.16-1-any downloading...
2026-09-01T20:47:57.7567703Z  perl-HTTP-Date-6.08-1-any downloading...
2026-09-01T20:47:57.7568214Z  perl-Net-SMTP-SSL-1.04-2-any downloading...
2026-09-01T20:47:57.7568919Z  mingw-w64-x86_64-windows-default-manifest-20260815-1-any downloading...
2026-09-01T20:47:57.7569575Z checking keyring...
2026-09-01T20:47:57.8251894Z checking package integrity...
2026-09-01T20:48:13.1144362Z loading package files...
2026-09-01T20:48:13.4534171Z checking for file conflicts...
2026-09-01T20:48:15.8912958Z :: Processing package changes...
2026-09-01T20:48:15.8913500Z installing libedit...
2026-09-01T20:48:15.9250541Z installing heimdal-libs...
2026-09-01T20:48:15.9436256Z installing heimdal...
2026-09-01T20:48:16.5934411Z installing libcbor...
2026-09-01T20:48:16.5964243Z installing libfido2...
2026-09-01T20:48:16.5999299Z installing openssh...
2026-09-01T20:48:16.6397895Z installing perl-Error...
2026-09-01T20:48:16.6480060Z installing perl-Authen-SASL...
2026-09-01T20:48:16.6717635Z installing perl-Encode-Locale...
2026-09-01T20:48:16.6785971Z installing perl-HTTP-Date...
2026-09-01T20:48:16.6853074Z installing perl-File-Listing...
2026-09-01T20:48:16.6913988Z installing perl-HTML-Tagset...
2026-09-01T20:48:16.6979489Z installing perl-Clone...
2026-09-01T20:48:16.7032697Z installing perl-IO-HTML...
2026-09-01T20:48:16.7092273Z installing perl-LWP-MediaTypes...
2026-09-01T20:48:16.7165663Z installing perl-URI...
2026-09-01T20:48:16.7832749Z installing perl-HTTP-Message...
2026-09-01T20:48:16.8031645Z installing perl-HTML-Parser...
2026-09-01T20:48:16.8186646Z installing perl-HTTP-Cookies...
2026-09-01T20:48:16.8277105Z installing perl-HTTP-Daemon...
2026-09-01T20:48:16.8325595Z installing perl-http-cookiejar...
2026-09-01T20:48:16.8409455Z installing perl-HTTP-Negotiate...
2026-09-01T20:48:16.8470018Z installing perl-Net-HTTP...
2026-09-01T20:48:16.8583007Z installing perl-WWW-RobotRules...
2026-09-01T20:48:16.8680395Z installing perl-Try-Tiny...
2026-09-01T20:48:16.8756842Z installing perl-libwww...
2026-09-01T20:48:16.9114892Z Optional dependencies for perl-libwww
2026-09-01T20:48:16.9116528Z     perl-LWP-Protocol-https: for https:// url schemes
2026-09-01T20:48:16.9117157Z installing perl-TimeDate...
2026-09-01T20:48:16.9796069Z installing perl-MailTools...
2026-09-01T20:48:17.0080867Z installing perl-IO-Stringy...
2026-09-01T20:48:17.0223467Z installing perl-Convert-BinHex...
2026-09-01T20:48:17.1649884Z module test... pass.
2026-09-01T20:48:17.1660732Z installing perl-MIME-tools...
2026-09-01T20:48:17.2097690Z installing perl-Net-SSLeay...
2026-09-01T20:48:17.2861588Z installing perl-IO-Socket-SSL...
2026-09-01T20:48:17.2993820Z installing perl-Net-SMTP-SSL...
2026-09-01T20:48:17.3039952Z installing perl-TermReadKey...
2026-09-01T20:48:17.3120010Z installing git...
2026-09-01T20:48:17.8722538Z Optional dependencies for git
2026-09-01T20:48:17.8723117Z     python: various helper scripts
2026-09-01T20:48:17.8723546Z     subversion: git svn
2026-09-01T20:48:17.8724453Z     aspell: spell checking in git gui
2026-09-01T20:48:17.8724892Z installing make...
2026-09-01T20:48:17.9057326Z installing mingw-w64-x86_64-libwinpthread...
2026-09-01T20:48:17.9103790Z installing mingw-w64-x86_64-tzdata...
2026-09-01T20:48:19.6165019Z installing mingw-w64-x86_64-gcc-libs...
2026-09-01T20:48:19.6332672Z installing mingw-w64-x86_64-bzip2...
2026-09-01T20:48:19.6674796Z installing mingw-w64-x86_64-icu...
2026-09-01T20:48:20.0398271Z installing mingw-w64-x86_64-libiconv...
2026-09-01T20:48:20.0639779Z installing mingw-w64-x86_64-gettext-runtime...
2026-09-01T20:48:20.2020429Z installing mingw-w64-x86_64-xz...
2026-09-01T20:48:20.3248794Z installing mingw-w64-x86_64-zstd...
2026-09-01T20:48:20.3456422Z installing mingw-w64-x86_64-zlib...
2026-09-01T20:48:20.3542230Z installing mingw-w64-x86_64-boost-libs...
2026-09-01T20:48:20.4184190Z installing mingw-w64-x86_64-boost...
2026-09-01T20:48:32.1582435Z ##[error]The operation was canceled.
2026-09-01T20:48:32.1719175Z Cleaning up orphan processes
2026-09-01T20:48:32.2398096Z Terminate orphan process: pid (2196) (bash)
